HEAP DUMP BEGIN (5005 objects, 1032256 bytes) Tue Apr 19 17:55:59 2016
ROOT 0 (kind=<thread>, id=200000, trace=300000)
ROOT 5000138e (kind=<thread>, id=200003, trace=300000)
ROOT 5000138e (kind=<thread block>, thread=200003)
ROOT 5000138e (kind=<JNI local ref>, thread=200000, frame=0)
ROOT 5000138f (kind=<thread>, id=200004, trace=300000)
ROOT 5000138f (kind=<thread block>, thread=200004)
ROOT 50001390 (kind=<thread>, id=200005, trace=300000)
ROOT 50001390 (kind=<thread block>, thread=200005)
ROOT 50001391 (kind=<Java stack>, thread=200000, frame=1)
ROOT 50001392 (kind=<Java stack>, thread=200000, frame=1)
ROOT 50001391 (kind=<Java stack>, thread=200000, frame=2)
ROOT 50001390 (kind=<Java stack>, thread=200000, frame=3)
ROOT 50001393 (kind=<Java stack>, thread=200000, frame=3)
ROOT 50001394 (kind=<thread>, id=200006, trace=300000)
ROOT 50001394 (kind=<thread block>, thread=200006)
ROOT 50001395 (kind=<Java stack>, thread=200000, frame=1)
ROOT 50001394 (kind=<Java stack>, thread=200000, frame=2)
ROOT 50001395 (kind=<Java stack>, thread=200000, frame=2)
ROOT 50001396 (kind=<thread>, id=200007, trace=300000)
ROOT 50001396 (kind=<thread block>, thread=200007)
ROOT 50001389 (kind=<Java stack>, thread=200000, frame=1)
ROOT 50001385 (kind=<Java stack>, thread=200000, frame=2)
ROOT 50001397 (kind=<Java stack>, thread=200000, frame=3)
ROOT 50000b90 (kind=<Java stack>, thread=200000, frame=5)
ROOT 50001398 (kind=<Java stack>, thread=200000, frame=5)
ROOT 50000fe7 (kind=<Java stack>, thread=200000, frame=5)
ROOT 5000021a (kind=<Java stack>, thread=200000, frame=6)
ROOT 5000021a (kind=<Java stack>, thread=200000, frame=6)
ROOT 50000b90 (kind=<Java stack>, thread=200000, frame=6)
ROOT 50000fe6 (kind=<Java stack>, thread=200000, frame=6)
ROOT 50001399 (kind=<JNI global ref>, id=1, trace=300000)
ROOT 5000016f (kind=<JNI global ref>, id=2, trace=300000)
ROOT 50000001 (kind=<JNI global ref>, id=3, trace=300000)
ROOT 50000173 (kind=<JNI global ref>, id=4, trace=300000)
ROOT 50000002 (kind=<JNI global ref>, id=5, trace=300000)
ROOT 50000003 (kind=<JNI global ref>, id=6, trace=300000)
ROOT 5000000f (kind=<JNI global ref>, id=7, trace=300000)
ROOT 50000004 (kind=<JNI global ref>, id=8, trace=300000)
ROOT 50000005 (kind=<JNI global ref>, id=9, trace=300000)
ROOT 500000c2 (kind=<JNI global ref>, id=a, trace=300000)
ROOT 50000006 (kind=<JNI global ref>, id=b, trace=300000)
ROOT 50000007 (kind=<JNI global ref>, id=c, trace=300000)
ROOT 50000008 (kind=<JNI global ref>, id=d, trace=300000)
ROOT 50000009 (kind=<JNI global ref>, id=e, trace=300000)
ROOT 5000000a (kind=<JNI global ref>, id=f, trace=300000)
ROOT 5000000b (kind=<JNI global ref>, id=10, trace=300000)
ROOT 5000000c (kind=<JNI global ref>, id=11, trace=300000)
ROOT 5000000d (kind=<JNI global ref>, id=12, trace=300000)
ROOT 5000000e (kind=<JNI global ref>, id=13, trace=300000)
ROOT 50000010 (kind=<JNI global ref>, id=14, trace=300000)
ROOT 50000011 (kind=<JNI global ref>, id=15, trace=300000)
ROOT 50000012 (kind=<JNI global ref>, id=16, trace=300000)
ROOT 50000013 (kind=<JNI global ref>, id=17, trace=300000)
ROOT 50000014 (kind=<JNI global ref>, id=18, trace=300000)
ROOT 50000015 (kind=<JNI global ref>, id=19, trace=300000)
ROOT 50000153 (kind=<JNI global ref>, id=1a, trace=300000)
ROOT 50000016 (kind=<JNI global ref>, id=1b, trace=300000)
ROOT 50000017 (kind=<JNI global ref>, id=1c, trace=300000)
ROOT 5000002a (kind=<JNI global ref>, id=1d, trace=300000)
ROOT 50000018 (kind=<JNI global ref>, id=1e, trace=300000)
ROOT 50000019 (kind=<JNI global ref>, id=1f, trace=300000)
ROOT 5000001c (kind=<JNI global ref>, id=20, trace=300000)
ROOT 5000001a (kind=<JNI global ref>, id=21, trace=300000)
ROOT 5000001b (kind=<JNI global ref>, id=22, trace=300000)
ROOT 5000001d (kind=<JNI global ref>, id=23, trace=300000)
ROOT 5000001e (kind=<JNI global ref>, id=24, trace=300000)
ROOT 5000001f (kind=<JNI global ref>, id=25, trace=300000)
ROOT 50000020 (kind=<JNI global ref>, id=26, trace=300000)
ROOT 50000021 (kind=<JNI global ref>, id=27, trace=300000)
ROOT 50000022 (kind=<JNI global ref>, id=28, trace=300000)
ROOT 50000023 (kind=<JNI global ref>, id=29, trace=300000)
ROOT 50000024 (kind=<JNI global ref>, id=2a, trace=300000)
ROOT 50000025 (kind=<JNI global ref>, id=2b, trace=300000)
ROOT 50000026 (kind=<JNI global ref>, id=2c, trace=300000)
ROOT 50000027 (kind=<JNI global ref>, id=2d, trace=300000)
ROOT 500000ce (kind=<JNI global ref>, id=2e, trace=300000)
ROOT 50000028 (kind=<JNI global ref>, id=2f, trace=300000)
ROOT 50000029 (kind=<JNI global ref>, id=30, trace=300000)
ROOT 5000002b (kind=<JNI global ref>, id=31, trace=300000)
ROOT 5000002c (kind=<JNI global ref>, id=32, trace=300000)
ROOT 5000002d (kind=<JNI global ref>, id=33, trace=300000)
ROOT 5000002e (kind=<JNI global ref>, id=34, trace=300000)
ROOT 5000002f (kind=<JNI global ref>, id=35, trace=300000)
ROOT 5000005a (kind=<JNI global ref>, id=36, trace=300000)
ROOT 50000030 (kind=<JNI global ref>, id=37, trace=300000)
ROOT 50000031 (kind=<JNI global ref>, id=38, trace=300000)
ROOT 50000033 (kind=<JNI global ref>, id=39, trace=300000)
ROOT 50000032 (kind=<JNI global ref>, id=3a, trace=300000)
ROOT 50000034 (kind=<JNI global ref>, id=3b, trace=300000)
ROOT 50000035 (kind=<JNI global ref>, id=3c, trace=300000)
ROOT 50000036 (kind=<JNI global ref>, id=3d, trace=300000)
ROOT 50000114 (kind=<JNI global ref>, id=3e, trace=300000)
ROOT 50000037 (kind=<JNI global ref>, id=3f, trace=300000)
ROOT 5000003b (kind=<JNI global ref>, id=40, trace=300000)
ROOT 50000038 (kind=<JNI global ref>, id=41, trace=300000)
ROOT 50000039 (kind=<JNI global ref>, id=42, trace=300000)
ROOT 5000003a (kind=<JNI global ref>, id=43, trace=300000)
ROOT 5000003c (kind=<JNI global ref>, id=44, trace=300000)
ROOT 5000003d (kind=<JNI global ref>, id=45, trace=300000)
ROOT 5000003e (kind=<JNI global ref>, id=46, trace=300000)
ROOT 5000003f (kind=<JNI global ref>, id=47, trace=300000)
ROOT 50000040 (kind=<JNI global ref>, id=48, trace=300000)
ROOT 50000041 (kind=<JNI global ref>, id=49, trace=300000)
ROOT 50000042 (kind=<JNI global ref>, id=4a, trace=300000)
ROOT 50000043 (kind=<JNI global ref>, id=4b, trace=300000)
ROOT 50000044 (kind=<JNI global ref>, id=4c, trace=300000)
ROOT 50000045 (kind=<JNI global ref>, id=4d, trace=300000)
ROOT 50000046 (kind=<JNI global ref>, id=4e, trace=300000)
ROOT 50000152 (kind=<JNI global ref>, id=4f, trace=300000)
ROOT 50000047 (kind=<JNI global ref>, id=50, trace=300000)
ROOT 50000048 (kind=<JNI global ref>, id=51, trace=300000)
ROOT 50000049 (kind=<JNI global ref>, id=52, trace=300000)
ROOT 5000004a (kind=<JNI global ref>, id=53, trace=300000)
ROOT 5000004b (kind=<JNI global ref>, id=54, trace=300000)
ROOT 5000004c (kind=<JNI global ref>, id=55, trace=300000)
ROOT 5000004d (kind=<JNI global ref>, id=56, trace=300000)
ROOT 50000163 (kind=<JNI global ref>, id=57, trace=300000)
ROOT 5000004e (kind=<JNI global ref>, id=58, trace=300000)
ROOT 5000004f (kind=<JNI global ref>, id=59, trace=300000)
ROOT 50000050 (kind=<JNI global ref>, id=5a, trace=300000)
ROOT 50000051 (kind=<JNI global ref>, id=5b, trace=300000)
ROOT 50000052 (kind=<JNI global ref>, id=5c, trace=300000)
ROOT 50000053 (kind=<JNI global ref>, id=5d, trace=300000)
ROOT 50000054 (kind=<JNI global ref>, id=5e, trace=300000)
ROOT 50000055 (kind=<JNI global ref>, id=5f, trace=300000)
ROOT 50000056 (kind=<JNI global ref>, id=60, trace=300000)
ROOT 50000057 (kind=<JNI global ref>, id=61, trace=300000)
ROOT 50000058 (kind=<JNI global ref>, id=62, trace=300000)
ROOT 50000059 (kind=<JNI global ref>, id=63, trace=300000)
ROOT 500000b9 (kind=<JNI global ref>, id=64, trace=300000)
ROOT 5000005b (kind=<JNI global ref>, id=65, trace=300000)
ROOT 5000005c (kind=<JNI global ref>, id=66, trace=300000)
ROOT 5000005d (kind=<JNI global ref>, id=67, trace=300000)
ROOT 5000005e (kind=<JNI global ref>, id=68, trace=300000)
ROOT 5000005f (kind=<JNI global ref>, id=69, trace=300000)
ROOT 50000060 (kind=<JNI global ref>, id=6a, trace=300000)
ROOT 50000061 (kind=<JNI global ref>, id=6b, trace=300000)
ROOT 50000062 (kind=<JNI global ref>, id=6c, trace=300000)
ROOT 50000063 (kind=<JNI global ref>, id=6d, trace=300000)
ROOT 50000064 (kind=<JNI global ref>, id=6e, trace=300000)
ROOT 50000065 (kind=<JNI global ref>, id=6f, trace=300000)
ROOT 500000ba (kind=<JNI global ref>, id=70, trace=300000)
ROOT 50000066 (kind=<JNI global ref>, id=71, trace=300000)
ROOT 50000067 (kind=<JNI global ref>, id=72, trace=300000)
ROOT 50000068 (kind=<JNI global ref>, id=73, trace=300000)
ROOT 50000069 (kind=<JNI global ref>, id=74, trace=300000)
ROOT 5000006a (kind=<JNI global ref>, id=75, trace=300000)
ROOT 50000077 (kind=<JNI global ref>, id=76, trace=300000)
ROOT 5000006b (kind=<JNI global ref>, id=77, trace=300000)
ROOT 5000006c (kind=<JNI global ref>, id=78, trace=300000)
ROOT 5000006d (kind=<JNI global ref>, id=79, trace=300000)
ROOT 5000006e (kind=<JNI global ref>, id=7a, trace=300000)
ROOT 5000006f (kind=<JNI global ref>, id=7b, trace=300000)
ROOT 50000070 (kind=<JNI global ref>, id=7c, trace=300000)
ROOT 50000071 (kind=<JNI global ref>, id=7d, trace=300000)
ROOT 50000072 (kind=<JNI global ref>, id=7e, trace=300000)
ROOT 50000073 (kind=<JNI global ref>, id=7f, trace=300000)
ROOT 50000074 (kind=<JNI global ref>, id=80, trace=300000)
ROOT 50000075 (kind=<JNI global ref>, id=81, trace=300000)
ROOT 50000076 (kind=<JNI global ref>, id=82, trace=300000)
ROOT 50000078 (kind=<JNI global ref>, id=83, trace=300000)
ROOT 5000007a (kind=<JNI global ref>, id=84, trace=300000)
ROOT 50000079 (kind=<JNI global ref>, id=85, trace=300000)
ROOT 50000083 (kind=<JNI global ref>, id=86, trace=300000)
ROOT 5000007b (kind=<JNI global ref>, id=87, trace=300000)
ROOT 5000007c (kind=<JNI global ref>, id=88, trace=300000)
ROOT 5000007d (kind=<JNI global ref>, id=89, trace=300000)
ROOT 5000007e (kind=<JNI global ref>, id=8a, trace=300000)
ROOT 5000007f (kind=<JNI global ref>, id=8b, trace=300000)
ROOT 50000080 (kind=<JNI global ref>, id=8c, trace=300000)
ROOT 50000081 (kind=<JNI global ref>, id=8d, trace=300000)
ROOT 5000011f (kind=<JNI global ref>, id=8e, trace=300000)
ROOT 50000082 (kind=<JNI global ref>, id=8f, trace=300000)
ROOT 50000084 (kind=<JNI global ref>, id=90, trace=300000)
ROOT 50000085 (kind=<JNI global ref>, id=91, trace=300000)
ROOT 50000086 (kind=<JNI global ref>, id=92, trace=300000)
ROOT 50000087 (kind=<JNI global ref>, id=93, trace=300000)
ROOT 50000088 (kind=<JNI global ref>, id=94, trace=300000)
ROOT 50000089 (kind=<JNI global ref>, id=95, trace=300000)
ROOT 5000008a (kind=<JNI global ref>, id=96, trace=300000)
ROOT 5000008b (kind=<JNI global ref>, id=97, trace=300000)
ROOT 5000008c (kind=<JNI global ref>, id=98, trace=300000)
ROOT 5000008d (kind=<JNI global ref>, id=99, trace=300000)
ROOT 5000008e (kind=<JNI global ref>, id=9a, trace=300000)
ROOT 5000008f (kind=<JNI global ref>, id=9b, trace=300000)
ROOT 50000090 (kind=<JNI global ref>, id=9c, trace=300000)
ROOT 50000091 (kind=<JNI global ref>, id=9d, trace=300000)
ROOT 50000092 (kind=<JNI global ref>, id=9e, trace=300000)
ROOT 50000093 (kind=<JNI global ref>, id=9f, trace=300000)
ROOT 50000094 (kind=<JNI global ref>, id=a0, trace=300000)
ROOT 50000095 (kind=<JNI global ref>, id=a1, trace=300000)
ROOT 50000096 (kind=<JNI global ref>, id=a2, trace=300000)
ROOT 50000097 (kind=<JNI global ref>, id=a3, trace=300000)
ROOT 50000098 (kind=<JNI global ref>, id=a4, trace=300000)
ROOT 50000099 (kind=<JNI global ref>, id=a5, trace=300000)
ROOT 5000009a (kind=<JNI global ref>, id=a6, trace=300000)
ROOT 5000009b (kind=<JNI global ref>, id=a7, trace=300000)
ROOT 5000009c (kind=<JNI global ref>, id=a8, trace=300000)
ROOT 5000009d (kind=<JNI global ref>, id=a9, trace=300000)
ROOT 5000009e (kind=<JNI global ref>, id=aa, trace=300000)
ROOT 5000013a (kind=<JNI global ref>, id=ab, trace=300000)
ROOT 5000009f (kind=<JNI global ref>, id=ac, trace=300000)
ROOT 500000a0 (kind=<JNI global ref>, id=ad, trace=300000)
ROOT 500000a1 (kind=<JNI global ref>, id=ae, trace=300000)
ROOT 500000a2 (kind=<JNI global ref>, id=af, trace=300000)
ROOT 500000a3 (kind=<JNI global ref>, id=b0, trace=300000)
ROOT 500000a4 (kind=<JNI global ref>, id=b1, trace=300000)
ROOT 500000a5 (kind=<JNI global ref>, id=b2, trace=300000)
ROOT 500000d4 (kind=<JNI global ref>, id=b3, trace=300000)
ROOT 500000a6 (kind=<JNI global ref>, id=b4, trace=300000)
ROOT 500000a7 (kind=<JNI global ref>, id=b5, trace=300000)
ROOT 500000a8 (kind=<JNI global ref>, id=b6, trace=300000)
ROOT 500000a9 (kind=<JNI global ref>, id=b7, trace=300000)
ROOT 500000aa (kind=<JNI global ref>, id=b8, trace=300000)
ROOT 500000ab (kind=<JNI global ref>, id=b9, trace=300000)
ROOT 500000ac (kind=<JNI global ref>, id=ba, trace=300000)
ROOT 500000ad (kind=<JNI global ref>, id=bb, trace=300000)
ROOT 500000ae (kind=<JNI global ref>, id=bc, trace=300000)
ROOT 500000af (kind=<JNI global ref>, id=bd, trace=300000)
ROOT 500000b0 (kind=<JNI global ref>, id=be, trace=300000)
ROOT 500000b1 (kind=<JNI global ref>, id=bf, trace=300000)
ROOT 500000b2 (kind=<JNI global ref>, id=c0, trace=300000)
ROOT 500000b3 (kind=<JNI global ref>, id=c1, trace=300000)
ROOT 500000b4 (kind=<JNI global ref>, id=c2, trace=300000)
ROOT 500000b5 (kind=<JNI global ref>, id=c3, trace=300000)
ROOT 500000b6 (kind=<JNI global ref>, id=c4, trace=300000)
ROOT 500000b7 (kind=<JNI global ref>, id=c5, trace=300000)
ROOT 500000b8 (kind=<JNI global ref>, id=c6, trace=300000)
ROOT 500000bb (kind=<JNI global ref>, id=c7, trace=300000)
ROOT 500000bc (kind=<JNI global ref>, id=c8, trace=300000)
ROOT 500000bd (kind=<JNI global ref>, id=c9, trace=300000)
ROOT 500000be (kind=<JNI global ref>, id=ca, trace=300000)
ROOT 500000bf (kind=<JNI global ref>, id=cb, trace=300000)
ROOT 500000c0 (kind=<JNI global ref>, id=cc, trace=300000)
ROOT 500000e6 (kind=<JNI global ref>, id=cd, trace=300000)
ROOT 500000c1 (kind=<JNI global ref>, id=ce, trace=300000)
ROOT 500000e7 (kind=<JNI global ref>, id=cf, trace=300000)
ROOT 500000c3 (kind=<JNI global ref>, id=d0, trace=300000)
ROOT 500000c4 (kind=<JNI global ref>, id=d1, trace=300000)
ROOT 500000c5 (kind=<JNI global ref>, id=d2, trace=300000)
ROOT 500000c6 (kind=<JNI global ref>, id=d3, trace=300000)
ROOT 500000c7 (kind=<JNI global ref>, id=d4, trace=300000)
ROOT 5000015c (kind=<JNI global ref>, id=d5, trace=300000)
ROOT 500000c8 (kind=<JNI global ref>, id=d6, trace=300000)
ROOT 50000111 (kind=<JNI global ref>, id=d7, trace=300000)
ROOT 500000c9 (kind=<JNI global ref>, id=d8, trace=300000)
ROOT 500000ca (kind=<JNI global ref>, id=d9, trace=300000)
ROOT 500000cd (kind=<JNI global ref>, id=da, trace=300000)
ROOT 500000cb (kind=<JNI global ref>, id=db, trace=300000)
ROOT 500000cc (kind=<JNI global ref>, id=dc, trace=300000)
ROOT 500000cf (kind=<JNI global ref>, id=dd, trace=300000)
ROOT 500000d0 (kind=<JNI global ref>, id=de, trace=300000)
ROOT 500000d1 (kind=<JNI global ref>, id=df, trace=300000)
ROOT 500000d2 (kind=<JNI global ref>, id=e0, trace=300000)
ROOT 500000d3 (kind=<JNI global ref>, id=e1, trace=300000)
ROOT 500000d5 (kind=<JNI global ref>, id=e2, trace=300000)
ROOT 500000d6 (kind=<JNI global ref>, id=e3, trace=300000)
ROOT 500000d7 (kind=<JNI global ref>, id=e4, trace=300000)
ROOT 500000d8 (kind=<JNI global ref>, id=e5, trace=300000)
ROOT 500000d9 (kind=<JNI global ref>, id=e6, trace=300000)
ROOT 500000da (kind=<JNI global ref>, id=e7, trace=300000)
ROOT 500000db (kind=<JNI global ref>, id=e8, trace=300000)
ROOT 5000014c (kind=<JNI global ref>, id=e9, trace=300000)
ROOT 500000dc (kind=<JNI global ref>, id=ea, trace=300000)
ROOT 500000dd (kind=<JNI global ref>, id=eb, trace=300000)
ROOT 500000de (kind=<JNI global ref>, id=ec, trace=300000)
ROOT 500000df (kind=<JNI global ref>, id=ed, trace=300000)
ROOT 500000e0 (kind=<JNI global ref>, id=ee, trace=300000)
ROOT 500000e1 (kind=<JNI global ref>, id=ef, trace=300000)
ROOT 500000e2 (kind=<JNI global ref>, id=f0, trace=300000)
ROOT 500000e3 (kind=<JNI global ref>, id=f1, trace=300000)
ROOT 500000e4 (kind=<JNI global ref>, id=f2, trace=300000)
ROOT 500000e5 (kind=<JNI global ref>, id=f3, trace=300000)
ROOT 500000e8 (kind=<JNI global ref>, id=f4, trace=300000)
ROOT 500000e9 (kind=<JNI global ref>, id=f5, trace=300000)
ROOT 500000ea (kind=<JNI global ref>, id=f6, trace=300000)
ROOT 500000eb (kind=<JNI global ref>, id=f7, trace=300000)
ROOT 500000ec (kind=<JNI global ref>, id=f8, trace=300000)
ROOT 500000ed (kind=<JNI global ref>, id=f9, trace=300000)
ROOT 500000ee (kind=<JNI global ref>, id=fa, trace=300000)
ROOT 500000ef (kind=<JNI global ref>, id=fb, trace=300000)
ROOT 500000f0 (kind=<JNI global ref>, id=fc, trace=300000)
ROOT 500000f3 (kind=<JNI global ref>, id=fd, trace=300000)
ROOT 500000f1 (kind=<JNI global ref>, id=fe, trace=300000)
ROOT 500000f2 (kind=<JNI global ref>, id=ff, trace=300000)
ROOT 500000f4 (kind=<JNI global ref>, id=100, trace=300000)
ROOT 500000f5 (kind=<JNI global ref>, id=101, trace=300000)
ROOT 500000f6 (kind=<JNI global ref>, id=102, trace=300000)
ROOT 500000f7 (kind=<JNI global ref>, id=103, trace=300000)
ROOT 500000f8 (kind=<JNI global ref>, id=104, trace=300000)
ROOT 500000f9 (kind=<JNI global ref>, id=105, trace=300000)
ROOT 500000fa (kind=<JNI global ref>, id=106, trace=300000)
ROOT 500000fb (kind=<JNI global ref>, id=107, trace=300000)
ROOT 500000fc (kind=<JNI global ref>, id=108, trace=300000)
ROOT 500000fd (kind=<JNI global ref>, id=109, trace=300000)
ROOT 500000fe (kind=<JNI global ref>, id=10a, trace=300000)
ROOT 500000ff (kind=<JNI global ref>, id=10b, trace=300000)
ROOT 50000100 (kind=<JNI global ref>, id=10c, trace=300000)
ROOT 50000101 (kind=<JNI global ref>, id=10d, trace=300000)
ROOT 50000102 (kind=<JNI global ref>, id=10e, trace=300000)
ROOT 50000103 (kind=<JNI global ref>, id=10f, trace=300000)
ROOT 50000104 (kind=<JNI global ref>, id=110, trace=300000)
ROOT 50000105 (kind=<JNI global ref>, id=111, trace=300000)
ROOT 50000106 (kind=<JNI global ref>, id=112, trace=300000)
ROOT 50000107 (kind=<JNI global ref>, id=113, trace=300000)
ROOT 50000108 (kind=<JNI global ref>, id=114, trace=300000)
ROOT 50000109 (kind=<JNI global ref>, id=115, trace=300000)
ROOT 5000010a (kind=<JNI global ref>, id=116, trace=300000)
ROOT 5000010b (kind=<JNI global ref>, id=117, trace=300000)
ROOT 5000010c (kind=<JNI global ref>, id=118, trace=300000)
ROOT 5000010d (kind=<JNI global ref>, id=119, trace=300000)
ROOT 5000010e (kind=<JNI global ref>, id=11a, trace=300000)
ROOT 5000010f (kind=<JNI global ref>, id=11b, trace=300000)
ROOT 50000110 (kind=<JNI global ref>, id=11c, trace=300000)
ROOT 50000112 (kind=<JNI global ref>, id=11d, trace=300000)
ROOT 50000113 (kind=<JNI global ref>, id=11e, trace=300000)
ROOT 50000115 (kind=<JNI global ref>, id=11f, trace=300000)
ROOT 50000116 (kind=<JNI global ref>, id=120, trace=300000)
ROOT 50000117 (kind=<JNI global ref>, id=121, trace=300000)
ROOT 5000011c (kind=<JNI global ref>, id=122, trace=300000)
ROOT 50000118 (kind=<JNI global ref>, id=123, trace=300000)
ROOT 50000119 (kind=<JNI global ref>, id=124, trace=300000)
ROOT 5000011a (kind=<JNI global ref>, id=125, trace=300000)
ROOT 5000011b (kind=<JNI global ref>, id=126, trace=300000)
ROOT 5000015f (kind=<JNI global ref>, id=127, trace=300000)
ROOT 5000011d (kind=<JNI global ref>, id=128, trace=300000)
ROOT 5000011e (kind=<JNI global ref>, id=129, trace=300000)
ROOT 50000120 (kind=<JNI global ref>, id=12a, trace=300000)
ROOT 50000121 (kind=<JNI global ref>, id=12b, trace=300000)
ROOT 50000122 (kind=<JNI global ref>, id=12c, trace=300000)
ROOT 50000123 (kind=<JNI global ref>, id=12d, trace=300000)
ROOT 50000125 (kind=<JNI global ref>, id=12e, trace=300000)
ROOT 50000124 (kind=<JNI global ref>, id=12f, trace=300000)
ROOT 50000126 (kind=<JNI global ref>, id=130, trace=300000)
ROOT 50000127 (kind=<JNI global ref>, id=131, trace=300000)
ROOT 5000012a (kind=<JNI global ref>, id=132, trace=300000)
ROOT 50000128 (kind=<JNI global ref>, id=133, trace=300000)
ROOT 50000129 (kind=<JNI global ref>, id=134, trace=300000)
ROOT 5000012b (kind=<JNI global ref>, id=135, trace=300000)
ROOT 5000012c (kind=<JNI global ref>, id=136, trace=300000)
ROOT 5000012d (kind=<JNI global ref>, id=137, trace=300000)
ROOT 5000012e (kind=<JNI global ref>, id=138, trace=300000)
ROOT 5000012f (kind=<JNI global ref>, id=139, trace=300000)
ROOT 50000130 (kind=<JNI global ref>, id=13a, trace=300000)
ROOT 50000131 (kind=<JNI global ref>, id=13b, trace=300000)
ROOT 50000132 (kind=<JNI global ref>, id=13c, trace=300000)
ROOT 50000133 (kind=<JNI global ref>, id=13d, trace=300000)
ROOT 50000134 (kind=<JNI global ref>, id=13e, trace=300000)
ROOT 50000135 (kind=<JNI global ref>, id=13f, trace=300000)
ROOT 50000136 (kind=<JNI global ref>, id=140, trace=300000)
ROOT 5000013e (kind=<JNI global ref>, id=141, trace=300000)
ROOT 50000137 (kind=<JNI global ref>, id=142, trace=300000)
ROOT 50000138 (kind=<JNI global ref>, id=143, trace=300000)
ROOT 50000139 (kind=<JNI global ref>, id=144, trace=300000)
ROOT 50000169 (kind=<JNI global ref>, id=145, trace=300000)
ROOT 5000013b (kind=<JNI global ref>, id=146, trace=300000)
ROOT 5000013c (kind=<JNI global ref>, id=147, trace=300000)
ROOT 5000013d (kind=<JNI global ref>, id=148, trace=300000)
ROOT 5000013f (kind=<JNI global ref>, id=149, trace=300000)
ROOT 50000141 (kind=<JNI global ref>, id=14a, trace=300000)
ROOT 50000140 (kind=<JNI global ref>, id=14b, trace=300000)
ROOT 50000145 (kind=<JNI global ref>, id=14c, trace=300000)
ROOT 50000142 (kind=<JNI global ref>, id=14d, trace=300000)
ROOT 50000143 (kind=<JNI global ref>, id=14e, trace=300000)
ROOT 50000144 (kind=<JNI global ref>, id=14f, trace=300000)
ROOT 50000146 (kind=<JNI global ref>, id=150, trace=300000)
ROOT 50000147 (kind=<JNI global ref>, id=151, trace=300000)
ROOT 50000148 (kind=<JNI global ref>, id=152, trace=300000)
ROOT 50000149 (kind=<JNI global ref>, id=153, trace=300000)
ROOT 5000014a (kind=<JNI global ref>, id=154, trace=300000)
ROOT 5000014b (kind=<JNI global ref>, id=155, trace=300000)
ROOT 5000014d (kind=<JNI global ref>, id=156, trace=300000)
ROOT 5000014e (kind=<JNI global ref>, id=157, trace=300000)
ROOT 50000151 (kind=<JNI global ref>, id=158, trace=300000)
ROOT 5000014f (kind=<JNI global ref>, id=159, trace=300000)
ROOT 50000150 (kind=<JNI global ref>, id=15a, trace=300000)
ROOT 50000154 (kind=<JNI global ref>, id=15b, trace=300000)
ROOT 50000155 (kind=<JNI global ref>, id=15c, trace=300000)
ROOT 50000156 (kind=<JNI global ref>, id=15d, trace=300000)
ROOT 50000158 (kind=<JNI global ref>, id=15e, trace=300000)
ROOT 50000157 (kind=<JNI global ref>, id=15f, trace=300000)
ROOT 50000166 (kind=<JNI global ref>, id=160, trace=300000)
ROOT 50000159 (kind=<JNI global ref>, id=161, trace=300000)
ROOT 5000015a (kind=<JNI global ref>, id=162, trace=300000)
ROOT 5000015b (kind=<JNI global ref>, id=163, trace=300000)
ROOT 5000015d (kind=<JNI global ref>, id=164, trace=300000)
ROOT 5000015e (kind=<JNI global ref>, id=165, trace=300000)
ROOT 50000164 (kind=<JNI global ref>, id=166, trace=300000)
ROOT 50000160 (kind=<JNI global ref>, id=167, trace=300000)
ROOT 50000161 (kind=<JNI global ref>, id=168, trace=300000)
ROOT 50000162 (kind=<JNI global ref>, id=169, trace=300000)
ROOT 50000167 (kind=<JNI global ref>, id=16a, trace=300000)
ROOT 50000165 (kind=<JNI global ref>, id=16b, trace=300000)
ROOT 50000168 (kind=<JNI global ref>, id=16c, trace=300000)
ROOT 5000016a (kind=<JNI global ref>, id=16d, trace=300000)
ROOT 5000016b (kind=<JNI global ref>, id=16e, trace=300000)
ROOT 5000016c (kind=<JNI global ref>, id=16f, trace=300000)
ROOT 5000016d (kind=<JNI global ref>, id=170, trace=300000)
ROOT 5000016e (kind=<JNI global ref>, id=171, trace=300000)
ROOT 5000016f (kind=<JNI global ref>, id=172, trace=300000)
ROOT 50000170 (kind=<JNI global ref>, id=173, trace=300000)
ROOT 50000171 (kind=<JNI global ref>, id=174, trace=300000)
ROOT 50000172 (kind=<JNI global ref>, id=175, trace=300000)
ROOT 50000174 (kind=<JNI global ref>, id=176, trace=300000)
ROOT 50000175 (kind=<JNI global ref>, id=177, trace=300000)
ROOT 50000176 (kind=<JNI global ref>, id=178, trace=300000)
ROOT 50000177 (kind=<JNI global ref>, id=179, trace=300000)
ROOT 50000178 (kind=<JNI global ref>, id=17a, trace=300000)
ROOT 50000179 (kind=<JNI global ref>, id=17b, trace=300000)
ROOT 5000017a (kind=<JNI global ref>, id=17c, trace=300000)
ROOT 5000017b (kind=<JNI global ref>, id=17d, trace=300000)
ROOT 50000186 (kind=<JNI global ref>, id=17e, trace=300004)
ROOT 50000189 (kind=<JNI global ref>, id=17f, trace=300007)
ROOT 50000192 (kind=<JNI global ref>, id=180, trace=300015)
ROOT 50000193 (kind=<JNI global ref>, id=181, trace=300015)
ROOT 50000195 (kind=<JNI global ref>, id=182, trace=300017)
ROOT 50000197 (kind=<JNI global ref>, id=183, trace=300019)
ROOT 5000019b (kind=<JNI global ref>, id=184, trace=300022)
ROOT 5000019c (kind=<JNI global ref>, id=185, trace=300022)
ROOT 5000019d (kind=<JNI global ref>, id=186, trace=300023)
ROOT 5000019e (kind=<JNI global ref>, id=187, trace=300024)
ROOT 500001a3 (kind=<JNI global ref>, id=188, trace=300028)
ROOT 500001a5 (kind=<JNI global ref>, id=189, trace=300030)
ROOT 500001a9 (kind=<JNI global ref>, id=18a, trace=300034)
ROOT 500001ab (kind=<JNI global ref>, id=18b, trace=300036)
ROOT 500001ad (kind=<JNI global ref>, id=18c, trace=300038)
ROOT 500001b5 (kind=<JNI global ref>, id=18d, trace=300000)
ROOT 500001b6 (kind=<JNI global ref>, id=18e, trace=300043)
ROOT 500001b8 (kind=<JNI global ref>, id=18f, trace=300045)
ROOT 500001bd (kind=<JNI global ref>, id=190, trace=300047)
ROOT 500001c6 (kind=<JNI global ref>, id=191, trace=300054)
ROOT 500001d7 (kind=<JNI global ref>, id=192, trace=300068)
ROOT 50000211 (kind=<JNI global ref>, id=193, trace=300107)
ROOT 50000214 (kind=<JNI global ref>, id=194, trace=300000)
ROOT 50000216 (kind=<JNI global ref>, id=195, trace=300110)
ROOT 50000222 (kind=<JNI global ref>, id=196, trace=300119)
ROOT 50000228 (kind=<JNI global ref>, id=197, trace=300125)
ROOT 5000022e (kind=<JNI global ref>, id=198, trace=300130)
ROOT 50000230 (kind=<JNI global ref>, id=199, trace=300132)
ROOT 50000231 (kind=<JNI global ref>, id=19a, trace=300132)
ROOT 50000232 (kind=<JNI global ref>, id=19b, trace=300133)
ROOT 50000233 (kind=<JNI global ref>, id=19c, trace=300133)
ROOT 50000234 (kind=<JNI global ref>, id=19d, trace=300134)
ROOT 50000235 (kind=<JNI global ref>, id=19e, trace=300134)
ROOT 50000351 (kind=<JNI global ref>, id=19f, trace=300160)
ROOT 50000353 (kind=<JNI global ref>, id=1a0, trace=300162)
ROOT 5000035a (kind=<JNI global ref>, id=1a1, trace=300165)
ROOT 5000035b (kind=<JNI global ref>, id=1a2, trace=300166)
ROOT 5000035c (kind=<JNI global ref>, id=1a3, trace=300166)
ROOT 50000362 (kind=<JNI global ref>, id=1a4, trace=300172)
ROOT 50000366 (kind=<JNI global ref>, id=1a5, trace=300176)
ROOT 50000371 (kind=<JNI global ref>, id=1a6, trace=300183)
ROOT 50000387 (kind=<JNI global ref>, id=1a7, trace=300183)
ROOT 50000399 (kind=<JNI global ref>, id=1a8, trace=300183)
ROOT 500003ab (kind=<JNI global ref>, id=1a9, trace=300183)
ROOT 500003bb (kind=<JNI global ref>, id=1aa, trace=300199)
ROOT 500003bc (kind=<JNI global ref>, id=1ab, trace=300199)
ROOT 500003bd (kind=<JNI global ref>, id=1ac, trace=300199)
ROOT 500003c0 (kind=<JNI global ref>, id=1ad, trace=300202)
ROOT 500003c6 (kind=<JNI global ref>, id=1ae, trace=300206)
ROOT 500003c7 (kind=<JNI global ref>, id=1af, trace=300207)
ROOT 500003c9 (kind=<JNI global ref>, id=1b0, trace=300209)
ROOT 500003cb (kind=<JNI global ref>, id=1b1, trace=300211)
ROOT 500003cd (kind=<JNI global ref>, id=1b2, trace=300213)
ROOT 500003ce (kind=<JNI global ref>, id=1b3, trace=300213)
ROOT 500003cf (kind=<JNI global ref>, id=1b4, trace=300213)
ROOT 50000114 (kind=<JNI global ref>, id=1b5, trace=300000)
ROOT 500003cd (kind=<JNI global ref>, id=1b6, trace=300213)
ROOT 500003cf (kind=<JNI global ref>, id=1b7, trace=300213)
ROOT 500003d2 (kind=<JNI global ref>, id=1b8, trace=300216)
ROOT 500003d3 (kind=<JNI global ref>, id=1b9, trace=300216)
ROOT 500003e4 (kind=<JNI global ref>, id=1ba, trace=300223)
ROOT 500003eb (kind=<JNI global ref>, id=1bb, trace=300230)
ROOT 500003ed (kind=<JNI global ref>, id=1bc, trace=300232)
ROOT 500003ee (kind=<JNI global ref>, id=1bd, trace=300232)
ROOT 500003f9 (kind=<JNI global ref>, id=1be, trace=300240)
ROOT 500003fc (kind=<JNI global ref>, id=1bf, trace=300242)
ROOT 50000400 (kind=<JNI global ref>, id=1c0, trace=300245)
ROOT 50000402 (kind=<JNI global ref>, id=1c1, trace=300247)
ROOT 50000403 (kind=<JNI global ref>, id=1c2, trace=300247)
ROOT 50000422 (kind=<JNI global ref>, id=1c3, trace=300270)
ROOT 50000423 (kind=<JNI global ref>, id=1c4, trace=300270)
ROOT 50000425 (kind=<JNI global ref>, id=1c5, trace=300272)
ROOT 5000047c (kind=<JNI global ref>, id=1c6, trace=300291)
ROOT 500004bd (kind=<JNI global ref>, id=1c7, trace=300342)
ROOT 50000909 (kind=<JNI global ref>, id=1c8, trace=300348)
ROOT 5000090a (kind=<JNI global ref>, id=1c9, trace=300348)
ROOT 5000090c (kind=<JNI global ref>, id=1ca, trace=300350)
ROOT 50000b43 (kind=<JNI global ref>, id=1cb, trace=300354)
ROOT 50000b4b (kind=<JNI global ref>, id=1cc, trace=300361)
ROOT 50000b4c (kind=<JNI global ref>, id=1cd, trace=300362)
ROOT 50000b4d (kind=<JNI global ref>, id=1ce, trace=300362)
ROOT 50000b50 (kind=<JNI global ref>, id=1cf, trace=300365)
ROOT 50000b91 (kind=<JNI global ref>, id=1d0, trace=300397)
ROOT 50000b96 (kind=<JNI global ref>, id=1d1, trace=300402)
ROOT 50000b98 (kind=<JNI global ref>, id=1d2, trace=300403)
ROOT 50000b99 (kind=<JNI global ref>, id=1d3, trace=300404)
ROOT 50000b9a (kind=<JNI global ref>, id=1d4, trace=300405)
ROOT 50000b9c (kind=<JNI global ref>, id=1d5, trace=300407)
ROOT 50000b9e (kind=<JNI global ref>, id=1d6, trace=300409)
ROOT 50000ba0 (kind=<JNI global ref>, id=1d7, trace=300411)
ROOT 50000ba2 (kind=<JNI global ref>, id=1d8, trace=300413)
ROOT 50000ba4 (kind=<JNI global ref>, id=1d9, trace=300415)
ROOT 50000ba8 (kind=<JNI global ref>, id=1da, trace=300419)
ROOT 50000bab (kind=<JNI global ref>, id=1db, trace=300422)
ROOT 50000bad (kind=<JNI global ref>, id=1dc, trace=300424)
ROOT 50000bb0 (kind=<JNI global ref>, id=1dd, trace=300427)
ROOT 50000bb1 (kind=<JNI global ref>, id=1de, trace=300428)
ROOT 50000e95 (kind=<JNI global ref>, id=1df, trace=300517)
ROOT 50000e96 (kind=<JNI global ref>, id=1e0, trace=300517)
ROOT 50000e98 (kind=<JNI global ref>, id=1e1, trace=300519)
ROOT 50000e99 (kind=<JNI global ref>, id=1e2, trace=300519)
ROOT 50000e9a (kind=<JNI global ref>, id=1e3, trace=300519)
ROOT 50000e9d (kind=<JNI global ref>, id=1e4, trace=300522)
ROOT 50000e9e (kind=<JNI global ref>, id=1e5, trace=300522)
ROOT 50000ead (kind=<JNI global ref>, id=1e6, trace=300537)
ROOT 50000eae (kind=<JNI global ref>, id=1e7, trace=300537)
ROOT 50000eb1 (kind=<JNI global ref>, id=1e8, trace=300540)
ROOT 50000eba (kind=<JNI global ref>, id=1e9, trace=300547)
ROOT 50000ee4 (kind=<JNI global ref>, id=1ea, trace=300555)
ROOT 50000ee6 (kind=<JNI global ref>, id=1eb, trace=300557)
ROOT 50000f23 (kind=<JNI global ref>, id=1ec, trace=300563)
ROOT 50000f24 (kind=<JNI global ref>, id=1ed, trace=300563)
ROOT 50000f28 (kind=<JNI global ref>, id=1ee, trace=300567)
ROOT 50000f29 (kind=<JNI global ref>, id=1ef, trace=300568)
ROOT 50000f2a (kind=<JNI global ref>, id=1f0, trace=300568)
ROOT 50000f3c (kind=<JNI global ref>, id=1f1, trace=300586)
ROOT 50000f3d (kind=<JNI global ref>, id=1f2, trace=300586)
ROOT 50000f3f (kind=<JNI global ref>, id=1f3, trace=300588)
ROOT 50000f41 (kind=<JNI global ref>, id=1f4, trace=300590)
ROOT 50000f43 (kind=<JNI global ref>, id=1f5, trace=300592)
ROOT 50000f44 (kind=<JNI global ref>, id=1f6, trace=300592)
ROOT 50000f55 (kind=<JNI global ref>, id=1f7, trace=300609)
ROOT 50000f61 (kind=<JNI global ref>, id=1f8, trace=300620)
ROOT 50000f6f (kind=<JNI global ref>, id=1f9, trace=300629)
ROOT 50000f70 (kind=<JNI global ref>, id=1fa, trace=300629)
ROOT 50000f71 (kind=<JNI global ref>, id=1fb, trace=300630)
ROOT 50000f73 (kind=<JNI global ref>, id=1fc, trace=300631)
ROOT 50000f7a (kind=<JNI global ref>, id=1fd, trace=300637)
ROOT 50000fe8 (kind=<JNI global ref>, id=1fe, trace=300640)
ROOT 50000fe9 (kind=<JNI global ref>, id=1ff, trace=300641)
ROOT 50000fea (kind=<JNI global ref>, id=200, trace=300642)
ROOT 50000fef (kind=<JNI global ref>, id=201, trace=300647)
ROOT 50000ff0 (kind=<JNI global ref>, id=202, trace=300648)
ROOT 50000ff3 (kind=<JNI global ref>, id=203, trace=300651)
ROOT 50000ff5 (kind=<JNI global ref>, id=204, trace=300653)
ROOT 50000ff7 (kind=<JNI global ref>, id=205, trace=300655)
ROOT 50000ff9 (kind=<JNI global ref>, id=206, trace=300657)
ROOT 50000ffa (kind=<JNI global ref>, id=207, trace=300657)
ROOT 50001002 (kind=<JNI global ref>, id=208, trace=300663)
ROOT 50001004 (kind=<JNI global ref>, id=209, trace=300664)
ROOT 50001006 (kind=<JNI global ref>, id=20a, trace=300666)
ROOT 50001008 (kind=<JNI global ref>, id=20b, trace=300668)
ROOT 5000100a (kind=<JNI global ref>, id=20c, trace=300670)
ROOT 5000100c (kind=<JNI global ref>, id=20d, trace=300672)
ROOT 50001042 (kind=<JNI global ref>, id=20e, trace=300674)
ROOT 500010c8 (kind=<JNI global ref>, id=20f, trace=300676)
ROOT 50001108 (kind=<JNI global ref>, id=210, trace=300678)
ROOT 50001109 (kind=<JNI global ref>, id=211, trace=300679)
ROOT 50001119 (kind=<JNI global ref>, id=212, trace=300693)
ROOT 5000111b (kind=<JNI global ref>, id=213, trace=300695)
ROOT 50001125 (kind=<JNI global ref>, id=214, trace=300701)
ROOT 5000112a (kind=<JNI global ref>, id=215, trace=300706)
ROOT 5000112c (kind=<JNI global ref>, id=216, trace=300708)
ROOT 5000112d (kind=<JNI global ref>, id=217, trace=300708)
ROOT 50001149 (kind=<JNI global ref>, id=218, trace=300725)
ROOT 5000114a (kind=<JNI global ref>, id=219, trace=300725)
ROOT 50001154 (kind=<JNI global ref>, id=21a, trace=300729)
ROOT 500011d4 (kind=<JNI global ref>, id=21b, trace=300743)
ROOT 500011d6 (kind=<JNI global ref>, id=21c, trace=300745)
ROOT 50001318 (kind=<JNI global ref>, id=21d, trace=300755)
ROOT 50001342 (kind=<JNI global ref>, id=21e, trace=300777)
ROOT 50001343 (kind=<JNI global ref>, id=21f, trace=300777)
ROOT 50001349 (kind=<JNI global ref>, id=220, trace=300783)
ROOT 5000134d (kind=<JNI global ref>, id=221, trace=300786)
ROOT 50001350 (kind=<JNI global ref>, id=222, trace=300789)
ROOT 50001352 (kind=<JNI global ref>, id=223, trace=300790)
ROOT 5000135e (kind=<JNI global ref>, id=224, trace=300796)
ROOT 5000136f (kind=<JNI global ref>, id=225, trace=300808)
ROOT 50001372 (kind=<JNI global ref>, id=226, trace=300810)
ROOT 50001374 (kind=<JNI global ref>, id=227, trace=300811)
ROOT 50001375 (kind=<JNI global ref>, id=228, trace=300811)
ROOT 50001376 (kind=<JNI global ref>, id=229, trace=300811)
ROOT 50001385 (kind=<JNI global ref>, id=22a, trace=300821)
ROOT 50001387 (kind=<JNI global ref>, id=22b, trace=300823)
ROOT 5000138a (kind=<JNI global ref>, id=22c, trace=300000)
ROOT 5000138b (kind=<JNI global ref>, id=22d, trace=300000)
ROOT 5000138c (kind=<JNI global ref>, id=22e, trace=300000)
ROOT 5000138d (kind=<JNI global ref>, id=22f, trace=300000)
ROOT 5000139a (kind=<unknown>)
ROOT 5000139b (kind=<unknown>)
ROOT 5000139c (kind=<unknown>)
ROOT 5000139d (kind=<unknown>)
ROOT 5000139e (kind=<unknown>)
ROOT 5000139f (kind=<unknown>)
ROOT 500013a0 (kind=<unknown>)
ROOT 500013a1 (kind=<unknown>)
ROOT 500013a2 (kind=<unknown>)
ROOT 500013a3 (kind=<unknown>)
ROOT 500013a4 (kind=<unknown>)
ROOT 500013a5 (kind=<unknown>)
ROOT 500013a6 (kind=<unknown>)
ROOT 500013a7 (kind=<unknown>)
ROOT 500013a8 (kind=<unknown>)
ROOT 500013a9 (kind=<unknown>)
ROOT 500013aa (kind=<unknown>)
ROOT 500013ab (kind=<unknown>)
ROOT 500013ac (kind=<unknown>)
ROOT 500013ad (kind=<unknown>)
ROOT 500013ae (kind=<unknown>)
ROOT 500013af (kind=<unknown>)
ROOT 500013b0 (kind=<unknown>)
ROOT 500013b1 (kind=<unknown>)
ROOT 500013b2 (kind=<unknown>)
ROOT 500013b3 (kind=<unknown>)
ROOT 500013b4 (kind=<unknown>)
ROOT 500013b5 (kind=<unknown>)
ROOT 500013b6 (kind=<unknown>)
ROOT 500013b7 (kind=<unknown>)
ROOT 500013b8 (kind=<unknown>)
ROOT 500013b9 (kind=<unknown>)
ROOT 500013ba (kind=<unknown>)
ROOT 500013bb (kind=<unknown>)
ROOT 500013bc (kind=<unknown>)
ROOT 500013bd (kind=<unknown>)
ROOT 500013be (kind=<unknown>)
ROOT 500013bf (kind=<unknown>)
ROOT 500013c0 (kind=<unknown>)
ROOT 500013c1 (kind=<unknown>)
ROOT 500013c2 (kind=<unknown>)
ROOT 500013c3 (kind=<unknown>)
ROOT 500013c4 (kind=<unknown>)
ROOT 500013c5 (kind=<unknown>)
ROOT 500013c6 (kind=<unknown>)
ROOT 500013c7 (kind=<unknown>)
ROOT 500013c8 (kind=<unknown>)
ROOT 500013c9 (kind=<unknown>)
ROOT 500013ca (kind=<unknown>)
ROOT 500013cb (kind=<unknown>)
ROOT 500013cc (kind=<unknown>)
ROOT 500013cd (kind=<unknown>)
ROOT 500013ce (kind=<unknown>)
ROOT 500013cf (kind=<unknown>)
ROOT 500013d0 (kind=<unknown>)
ROOT 500013d1 (kind=<unknown>)
ROOT 500013d2 (kind=<unknown>)
ROOT 500013d3 (kind=<unknown>)
ROOT 500013d4 (kind=<unknown>)
ROOT 500013d5 (kind=<unknown>)
ROOT 500013d6 (kind=<unknown>)
ROOT 500013d7 (kind=<unknown>)
ROOT 500013d8 (kind=<unknown>)
ROOT 500013d9 (kind=<unknown>)
ROOT 500013da (kind=<unknown>)
ROOT 500013db (kind=<unknown>)
ROOT 500013dc (kind=<unknown>)
ROOT 500013dd (kind=<unknown>)
ROOT 500013de (kind=<unknown>)
ROOT 500013df (kind=<unknown>)
ROOT 500013e0 (kind=<unknown>)
ROOT 500013e1 (kind=<unknown>)
ROOT 500013e2 (kind=<unknown>)
ROOT 500013e3 (kind=<unknown>)
ROOT 500013e4 (kind=<unknown>)
ROOT 500013e5 (kind=<unknown>)
ROOT 500013e6 (kind=<unknown>)
ROOT 500013e7 (kind=<unknown>)
ROOT 500013e8 (kind=<unknown>)
ROOT 500013e9 (kind=<unknown>)
ROOT 500013ea (kind=<unknown>)
ROOT 500013eb (kind=<unknown>)
ROOT 500013ec (kind=<unknown>)
ROOT 500013ed (kind=<unknown>)
ROOT 500013ee (kind=<unknown>)
ROOT 500013ef (kind=<unknown>)
ROOT 500013f0 (kind=<unknown>)
ROOT 500013f1 (kind=<unknown>)
ROOT 500013f2 (kind=<unknown>)
ROOT 500013f3 (kind=<unknown>)
ROOT 500013f4 (kind=<unknown>)
ROOT 500013f5 (kind=<unknown>)
ROOT 500013f6 (kind=<unknown>)
ROOT 500013f7 (kind=<unknown>)
ROOT 500013f8 (kind=<unknown>)
ROOT 500013f9 (kind=<unknown>)
ROOT 500013fa (kind=<unknown>)
ROOT 500013fb (kind=<unknown>)
ROOT 500013fc (kind=<unknown>)
ROOT 500013fd (kind=<unknown>)
ROOT 500013fe (kind=<unknown>)
ROOT 500013ff (kind=<unknown>)
ROOT 50001400 (kind=<unknown>)
ROOT 50001401 (kind=<unknown>)
ROOT 50001402 (kind=<unknown>)
ROOT 50001403 (kind=<unknown>)
ROOT 50001404 (kind=<unknown>)
ROOT 50001405 (kind=<unknown>)
ROOT 50001406 (kind=<unknown>)
ROOT 50001407 (kind=<unknown>)
ROOT 50001408 (kind=<unknown>)
ROOT 50001409 (kind=<unknown>)
ROOT 5000140a (kind=<unknown>)
ROOT 5000140b (kind=<unknown>)
ROOT 5000140c (kind=<unknown>)
ROOT 5000140d (kind=<unknown>)
ROOT 5000140e (kind=<unknown>)
ROOT 5000140f (kind=<unknown>)
ROOT 50001410 (kind=<unknown>)
ROOT 50001411 (kind=<unknown>)
ROOT 50001412 (kind=<unknown>)
ROOT 50001413 (kind=<unknown>)
ROOT 50001414 (kind=<unknown>)
ROOT 50001415 (kind=<unknown>)
ROOT 50001416 (kind=<unknown>)
ROOT 50001417 (kind=<unknown>)
ROOT 50001418 (kind=<unknown>)
ROOT 50001419 (kind=<unknown>)
ROOT 5000141a (kind=<unknown>)
ROOT 5000141b (kind=<unknown>)
ROOT 5000141c (kind=<unknown>)
ROOT 5000141d (kind=<unknown>)
ROOT 5000141e (kind=<unknown>)
ROOT 5000141f (kind=<unknown>)
ROOT 50001420 (kind=<unknown>)
ROOT 50001421 (kind=<unknown>)
ROOT 50001422 (kind=<unknown>)
ROOT 50001423 (kind=<unknown>)
ROOT 50001424 (kind=<unknown>)
ROOT 50001425 (kind=<unknown>)
ROOT 50001426 (kind=<unknown>)
ROOT 50001427 (kind=<unknown>)
ROOT 50001428 (kind=<unknown>)
ROOT 50001429 (kind=<unknown>)
ROOT 5000142a (kind=<unknown>)
ROOT 5000142b (kind=<unknown>)
ROOT 5000142c (kind=<unknown>)
ROOT 5000142d (kind=<unknown>)
ROOT 5000142e (kind=<unknown>)
ROOT 5000142f (kind=<unknown>)
ROOT 50001430 (kind=<unknown>)
ROOT 50001431 (kind=<unknown>)
ROOT 50001432 (kind=<unknown>)
ROOT 50001433 (kind=<unknown>)
ROOT 50001434 (kind=<unknown>)
ROOT 50001435 (kind=<unknown>)
ROOT 50001436 (kind=<unknown>)
ROOT 50001437 (kind=<unknown>)
ROOT 50001438 (kind=<unknown>)
ROOT 50001439 (kind=<unknown>)
ROOT 5000143a (kind=<unknown>)
ROOT 5000143b (kind=<unknown>)
ROOT 5000143c (kind=<unknown>)
ROOT 5000143d (kind=<unknown>)
ROOT 5000143e (kind=<unknown>)
ROOT 5000143f (kind=<unknown>)
ROOT 50001440 (kind=<unknown>)
ROOT 50001441 (kind=<unknown>)
ROOT 50001442 (kind=<unknown>)
ROOT 50001443 (kind=<unknown>)
ROOT 50001444 (kind=<unknown>)
ROOT 50001445 (kind=<unknown>)
ROOT 50001446 (kind=<unknown>)
ROOT 50001447 (kind=<unknown>)
ROOT 50001448 (kind=<unknown>)
ROOT 50001449 (kind=<unknown>)
ROOT 5000144a (kind=<unknown>)
ROOT 5000144b (kind=<unknown>)
ROOT 5000144c (kind=<unknown>)
ROOT 5000144d (kind=<unknown>)
ROOT 5000144e (kind=<unknown>)
ROOT 5000144f (kind=<unknown>)
ROOT 50001450 (kind=<unknown>)
ROOT 50001451 (kind=<unknown>)
ROOT 50001452 (kind=<unknown>)
ROOT 50001453 (kind=<unknown>)
ROOT 50001454 (kind=<unknown>)
ROOT 50001455 (kind=<unknown>)
ROOT 50001456 (kind=<unknown>)
ROOT 50001457 (kind=<unknown>)
ROOT 50001458 (kind=<unknown>)
ROOT 50001459 (kind=<unknown>)
ROOT 5000145a (kind=<unknown>)
ROOT 5000145b (kind=<unknown>)
ROOT 5000145c (kind=<unknown>)
ROOT 5000145d (kind=<unknown>)
ROOT 5000145e (kind=<unknown>)
ROOT 5000145f (kind=<unknown>)
ROOT 50001460 (kind=<unknown>)
ROOT 50001461 (kind=<unknown>)
ROOT 50001462 (kind=<unknown>)
ROOT 50001463 (kind=<unknown>)
ROOT 50001464 (kind=<unknown>)
ROOT 50001465 (kind=<unknown>)
ROOT 50001466 (kind=<unknown>)
ROOT 50001467 (kind=<unknown>)
ROOT 50001468 (kind=<unknown>)
ROOT 50001469 (kind=<unknown>)
ROOT 5000146a (kind=<unknown>)
ROOT 5000146b (kind=<unknown>)
ROOT 5000146c (kind=<unknown>)
ROOT 5000146d (kind=<unknown>)
ROOT 5000146e (kind=<unknown>)
ROOT 5000146f (kind=<unknown>)
ROOT 50001470 (kind=<unknown>)
ROOT 50001471 (kind=<unknown>)
ROOT 50001472 (kind=<unknown>)
ROOT 50001473 (kind=<unknown>)
ROOT 50001474 (kind=<unknown>)
ROOT 50001475 (kind=<unknown>)
ROOT 50001476 (kind=<unknown>)
ROOT 50001477 (kind=<unknown>)
ROOT 50001478 (kind=<unknown>)
ROOT 50001479 (kind=<unknown>)
ROOT 5000147a (kind=<unknown>)
ROOT 5000147b (kind=<unknown>)
ROOT 5000147c (kind=<unknown>)
ROOT 5000147d (kind=<unknown>)
ROOT 5000147e (kind=<unknown>)
ROOT 50001387 (kind=<system class>, name=java.lang.Shutdown$Lock)
ROOT 50001385 (kind=<system class>, name=java.lang.Shutdown)
ROOT 50001376 (kind=<system class>, name=java.text.MessageFormat$Field)
ROOT 50001375 (kind=<system class>, name=java.text.Format$Field)
ROOT 50001374 (kind=<system class>, name=java.text.AttributedCharacterIterator$Attribute)
ROOT 50001372 (kind=<system class>, name=java.util.Date)
ROOT 5000136f (kind=<system class>, name=java.text.FieldPosition)
ROOT 5000135e (kind=<system class>, name=java.lang.StringBuilder[])
ROOT 50000123 (kind=<system class>, name=java.lang.StringBuilder)
ROOT 5000138a (kind=<system class>, name=java.lang.AbstractStringBuilder[])
ROOT 50000125 (kind=<system class>, name=java.lang.AbstractStringBuilder)
ROOT 5000138b (kind=<system class>, name=java.lang.Appendable[])
ROOT 50000126 (kind=<system class>, name=java.lang.Appendable)
ROOT 50001352 (kind=<system class>, name=java.util.Locale$1)
ROOT 50001350 (kind=<system class>, name=java.util.Locale$Category[])
ROOT 5000134d (kind=<system class>, name=java.util.Locale$Category)
ROOT 5000134d (kind=<system class>, name=java.util.Locale$Category)
ROOT 50001349 (kind=<system class>, name=java.text.Format[])
ROOT 50001342 (kind=<system class>, name=java.text.Format)
ROOT 50001343 (kind=<system class>, name=java.text.MessageFormat)
ROOT 50001342 (kind=<system class>, name=java.text.Format)
ROOT 50001318 (kind=<system class>, name=java.lang.Object[][])
ROOT 5000010a (kind=<system class>, name=java.lang.Object[])
ROOT 500011d6 (kind=<system class>, name=java.net.URLClassLoader$2)
ROOT 500011d4 (kind=<system class>, name=java.util.ResourceBundle$Control$1)
ROOT 50001154 (kind=<system class>, name=java.util.ResourceBundle$BundleReference)
ROOT 5000114a (kind=<system class>, name=sun.launcher.resources.launcher)
ROOT 50001149 (kind=<system class>, name=java.util.ListResourceBundle)
ROOT 5000112d (kind=<system class>, name=java.util.ResourceBundle$LoaderReference)
ROOT 5000112c (kind=<system class>, name=java.util.ResourceBundle$CacheKeyReference)
ROOT 5000112a (kind=<system class>, name=java.util.ResourceBundle$CacheKey)
ROOT 50001125 (kind=<system class>, name=java.util.ResourceBundle$Control$CandidateListCache)
ROOT 5000111b (kind=<system class>, name=java.util.Arrays$ArrayList)
ROOT 50001119 (kind=<system class>, name=java.util.ResourceBundle$Control)
ROOT 50001109 (kind=<system class>, name=java.util.ResourceBundle$RBClassLoader$1)
ROOT 50001108 (kind=<system class>, name=java.util.ResourceBundle$RBClassLoader)
ROOT 500010c8 (kind=<system class>, name=java.net.URLClassLoader$3$1)
ROOT 50001042 (kind=<system class>, name=java.io.FileNotFoundException)
ROOT 5000100c (kind=<system class>, name=sun.misc.CompoundEnumeration)
ROOT 5000100a (kind=<system class>, name=java.net.URLClassLoader$3)
ROOT 50001008 (kind=<system class>, name=sun.misc.URLClassPath$1)
ROOT 50001006 (kind=<system class>, name=java.lang.ClassLoader$2)
ROOT 50001004 (kind=<system class>, name=sun.misc.URLClassPath$2)
ROOT 50001002 (kind=<system class>, name=java.util.Enumeration[])
ROOT 5000008e (kind=<system class>, name=java.util.Enumeration)
ROOT 50000ffa (kind=<system class>, name=java.util.LinkedHashMap$LinkedEntryIterator)
ROOT 50000ff9 (kind=<system class>, name=java.util.LinkedHashMap$LinkedHashIterator)
ROOT 50000ff7 (kind=<system class>, name=java.util.LinkedHashMap$LinkedEntrySet)
ROOT 50000ff5 (kind=<system class>, name=java.util.ServiceLoader$1)
ROOT 50000ff3 (kind=<system class>, name=java.util.ServiceLoader$LazyIterator)
ROOT 50000ff0 (kind=<system class>, name=java.util.ServiceLoader)
ROOT 50000fef (kind=<system class>, name=java.util.spi.ResourceBundleControlProvider)
ROOT 50000fea (kind=<system class>, name=java.util.ResourceBundle$1)
ROOT 50000fe9 (kind=<system class>, name=java.util.ResourceBundle)
ROOT 50000fe8 (kind=<system class>, name=sun.launcher.LauncherHelper$ResourceBundleHolder)
ROOT 50000f7a (kind=<system class>, name=sun.text.normalizer.NormalizerImpl$ComposePartArgs)
ROOT 50000f73 (kind=<system class>, name=char[][])
ROOT 5000017a (kind=<system class>, name=char[])
ROOT 5000138c (kind=<system class>, name=java.lang.Cloneable[])
ROOT 5000016a (kind=<system class>, name=java.lang.Cloneable)
ROOT 50000f71 (kind=<system class>, name=sun.text.normalizer.UnicodeSet[])
ROOT 50000f70 (kind=<system class>, name=sun.text.normalizer.UnicodeSet)
ROOT 5000138d (kind=<system class>, name=sun.text.normalizer.UnicodeMatcher[])
ROOT 50000f6f (kind=<system class>, name=sun.text.normalizer.UnicodeMatcher)
ROOT 50000f70 (kind=<system class>, name=sun.text.normalizer.UnicodeSet)
ROOT 50000f6f (kind=<system class>, name=sun.text.normalizer.UnicodeMatcher)
ROOT 50000f61 (kind=<system class>, name=sun.text.normalizer.CharTrie$FriendAgent)
ROOT 50000f55 (kind=<system class>, name=sun.text.normalizer.CharTrie)
ROOT 50000f44 (kind=<system class>, name=sun.text.normalizer.IntTrie)
ROOT 50000f43 (kind=<system class>, name=sun.text.normalizer.Trie)
ROOT 50000f41 (kind=<system class>, name=sun.text.normalizer.NormalizerImpl$AuxTrieImpl)
ROOT 50000f3f (kind=<system class>, name=sun.text.normalizer.NormalizerImpl$NormTrieImpl)
ROOT 50000f3d (kind=<system class>, name=sun.text.normalizer.NormalizerImpl$FCDTrieImpl)
ROOT 50000f3c (kind=<system class>, name=sun.text.normalizer.Trie$DataManipulate)
ROOT 50000f2a (kind=<system class>, name=java.io.DataInputStream)
ROOT 50000f29 (kind=<system class>, name=java.io.DataInput)
ROOT 50000f28 (kind=<system class>, name=sun.text.normalizer.ICUBinary)
ROOT 50000f24 (kind=<system class>, name=sun.text.normalizer.NormalizerDataReader)
ROOT 50000f23 (kind=<system class>, name=sun.text.normalizer.ICUBinary$Authenticate)
ROOT 50000ee6 (kind=<system class>, name=sun.net.www.protocol.jar.JarURLConnection$JarURLInputStream)
ROOT 50000ee4 (kind=<system class>, name=sun.net.www.protocol.jar.URLJarFile$URLJarFileEntry)
ROOT 50000eba (kind=<system class>, name=sun.net.www.protocol.jar.URLJarFile)
ROOT 50000eb1 (kind=<system class>, name=sun.net.www.MessageHeader)
ROOT 50000eae (kind=<system class>, name=sun.net.www.protocol.file.FileURLConnection)
ROOT 50000ead (kind=<system class>, name=sun.net.www.URLConnection)
ROOT 50000e9e (kind=<system class>, name=sun.net.www.protocol.jar.JarFileFactory)
ROOT 50000e9d (kind=<system class>, name=sun.net.www.protocol.jar.URLJarFile$URLJarFileCloseController)
ROOT 50000e9a (kind=<system class>, name=sun.net.www.protocol.jar.JarURLConnection)
ROOT 50000e99 (kind=<system class>, name=java.net.JarURLConnection)
ROOT 50000e98 (kind=<system class>, name=java.net.URLConnection)
ROOT 50000e96 (kind=<system class>, name=sun.misc.URLClassPath$JarLoader$2)
ROOT 50000e95 (kind=<system class>, name=sun.misc.Resource)
ROOT 50000bb1 (kind=<system class>, name=sun.misc.Launcher$BootClassPathHolder$1)
ROOT 50000bb0 (kind=<system class>, name=sun.misc.Launcher$BootClassPathHolder)
ROOT 50000bad (kind=<system class>, name=sun.text.normalizer.ICUData)
ROOT 50000bab (kind=<system class>, name=sun.text.normalizer.NormalizerImpl)
ROOT 50000ba8 (kind=<system class>, name=sun.text.normalizer.NormalizerBase$1)
ROOT 50000ba4 (kind=<system class>, name=sun.text.normalizer.NormalizerBase$QuickCheckResult)
ROOT 50000ba2 (kind=<system class>, name=sun.text.normalizer.NormalizerBase$NFKCMode)
ROOT 50000ba0 (kind=<system class>, name=sun.text.normalizer.NormalizerBase$NFCMode)
ROOT 50000b9e (kind=<system class>, name=sun.text.normalizer.NormalizerBase$NFKDMode)
ROOT 50000b9c (kind=<system class>, name=sun.text.normalizer.NormalizerBase$NFDMode)
ROOT 50000b9a (kind=<system class>, name=sun.text.normalizer.NormalizerBase$Mode)
ROOT 50000b99 (kind=<system class>, name=sun.text.normalizer.NormalizerBase)
ROOT 50000b98 (kind=<system class>, name=java.text.Normalizer)
ROOT 50000b96 (kind=<system class>, name=java.text.Normalizer$Form[])
ROOT 50000b91 (kind=<system class>, name=java.text.Normalizer$Form)
ROOT 50000b91 (kind=<system class>, name=java.text.Normalizer$Form)
ROOT 50000b50 (kind=<system class>, name=sun.nio.cs.ThreadLocalCoders$2)
ROOT 50000b4d (kind=<system class>, name=sun.nio.cs.ThreadLocalCoders$1)
ROOT 50000b4c (kind=<system class>, name=sun.nio.cs.ThreadLocalCoders$Cache)
ROOT 50000b4b (kind=<system class>, name=sun.nio.cs.ThreadLocalCoders)
ROOT 50000b43 (kind=<system class>, name=sun.misc.URLClassPath$FileLoader)
ROOT 5000090c (kind=<system class>, name=java.security.PrivilegedActionException)
ROOT 5000090a (kind=<system class>, name=java.util.zip.ZipException)
ROOT 50000909 (kind=<system class>, name=java.io.IOException)
ROOT 500004bd (kind=<system class>, name=sun.misc.IOUtils)
ROOT 5000047c (kind=<system class>, name=sun.misc.ExtensionDependency)
ROOT 50000425 (kind=<system class>, name=java.util.LinkedList$Node)
ROOT 50000423 (kind=<system class>, name=java.util.LinkedList)
ROOT 50000422 (kind=<system class>, name=java.util.AbstractSequentialList)
ROOT 50000403 (kind=<system class>, name=java.util.zip.ZipFile$ZipFileInflaterInputStream)
ROOT 50000402 (kind=<system class>, name=java.util.zip.InflaterInputStream)
ROOT 50000400 (kind=<system class>, name=java.util.zip.ZStreamRef)
ROOT 500003fc (kind=<system class>, name=java.util.zip.Inflater)
ROOT 500003f9 (kind=<system class>, name=java.util.zip.ZipFile$ZipFileInputStream)
ROOT 500003ee (kind=<system class>, name=java.util.jar.JarFile$JarFileEntry)
ROOT 500003ed (kind=<system class>, name=java.util.jar.JarEntry)
ROOT 500003eb (kind=<system class>, name=java.util.zip.ZipEntry)
ROOT 500003e4 (kind=<system class>, name=sun.misc.JarIndex)
ROOT 500003d3 (kind=<system class>, name=java.nio.DirectLongBufferU)
ROOT 500003d2 (kind=<system class>, name=java.nio.LongBuffer)
ROOT 500003cf (kind=<system class>, name=java.nio.DirectByteBuffer)
ROOT 500003ce (kind=<system class>, name=java.nio.MappedByteBuffer)
ROOT 500003cd (kind=<system class>, name=sun.nio.ch.DirectBuffer)
ROOT 500003cb (kind=<system class>, name=sun.misc.PerfCounter$CoreCounters)
ROOT 500003c9 (kind=<system class>, name=sun.misc.Perf)
ROOT 500003c7 (kind=<system class>, name=sun.misc.Perf$GetPerfAction)
ROOT 500003c6 (kind=<system class>, name=sun.misc.PerfCounter)
ROOT 500003c0 (kind=<system class>, name=java.util.zip.ZipCoder)
ROOT 500003bd (kind=<system class>, name=java.util.ArrayDeque)
ROOT 500003bc (kind=<system class>, name=java.util.Deque)
ROOT 500003bb (kind=<system class>, name=java.util.Queue)
ROOT 500003ab (kind=<system class>, name=sun.nio.cs.UTF_16)
ROOT 50000399 (kind=<system class>, name=sun.nio.cs.UTF_16LE)
ROOT 50000387 (kind=<system class>, name=sun.nio.cs.UTF_16BE)
ROOT 50000371 (kind=<system class>, name=sun.nio.cs.ISO_8859_1)
ROOT 50000366 (kind=<system class>, name=sun.nio.cs.US_ASCII)
ROOT 50000362 (kind=<system class>, name=java.nio.charset.StandardCharsets)
ROOT 5000035c (kind=<system class>, name=java.util.jar.JavaUtilJarAccessImpl)
ROOT 5000035b (kind=<system class>, name=sun.misc.JavaUtilJarAccess)
ROOT 5000035a (kind=<system class>, name=java.util.jar.JarFile)
ROOT 50000353 (kind=<system class>, name=sun.misc.FileURLMapper)
ROOT 50000351 (kind=<system class>, name=sun.misc.URLClassPath$JarLoader$1)
ROOT 50000235 (kind=<system class>, name=java.util.zip.ZipFile$1)
ROOT 50000234 (kind=<system class>, name=sun.misc.JavaUtilZipFileAccess)
ROOT 50000233 (kind=<system class>, name=java.util.zip.ZipFile)
ROOT 50000232 (kind=<system class>, name=java.util.zip.ZipConstants)
ROOT 50000231 (kind=<system class>, name=sun.misc.URLClassPath$JarLoader)
ROOT 50000230 (kind=<system class>, name=sun.misc.URLClassPath$Loader)
ROOT 5000022e (kind=<system class>, name=sun.misc.URLClassPath$3)
ROOT 50000228 (kind=<system class>, name=sun.net.util.URLUtil)
ROOT 50000222 (kind=<system class>, name=java.net.URLClassLoader$1)
ROOT 50000216 (kind=<system class>, name=sun.launcher.LauncherHelper[])
ROOT 50000214 (kind=<system class>, name=sun.launcher.LauncherHelper)
ROOT 50000214 (kind=<system class>, name=sun.launcher.LauncherHelper)
ROOT 50000211 (kind=<system class>, name=java.io.FileOutputStream$1)
ROOT 500001d7 (kind=<system class>, name=sun.usagetracker.UsageTrackerClient$3)
ROOT 500001c6 (kind=<system class>, name=sun.usagetracker.UsageTrackerClient$4)
ROOT 500001bd (kind=<system class>, name=sun.usagetracker.UsageTrackerClient$1)
ROOT 500001b8 (kind=<system class>, name=java.util.concurrent.atomic.AtomicBoolean)
ROOT 500001b6 (kind=<system class>, name=sun.usagetracker.UsageTrackerClient)
ROOT 500001b5 (kind=<system class>, name=sun.misc.PostVMInitHook)
ROOT 500001ad (kind=<system class>, name=java.lang.invoke.MethodHandleStatics$1)
ROOT 500001ab (kind=<system class>, name=java.lang.invoke.MethodHandleStatics)
ROOT 500001a9 (kind=<system class>, name=java.lang.invoke.MemberName$Factory)
ROOT 500001a5 (kind=<system class>, name=java.lang.ClassValue$Version)
ROOT 500001a3 (kind=<system class>, name=java.lang.ClassValue$Identity)
ROOT 5000019e (kind=<system class>, name=java.lang.ClassValue$Entry[])
ROOT 5000019d (kind=<system class>, name=java.lang.ClassValue$Entry)
ROOT 5000019d (kind=<system class>, name=java.lang.ClassValue$Entry)
ROOT 5000019c (kind=<system class>, name=java.lang.invoke.MethodHandleImpl$4)
ROOT 5000019b (kind=<system class>, name=java.lang.ClassValue)
ROOT 50000197 (kind=<system class>, name=java.lang.invoke.MethodHandle[])
ROOT 50000131 (kind=<system class>, name=java.lang.invoke.MethodHandle)
ROOT 50000195 (kind=<system class>, name=java.lang.invoke.MethodHandleImpl$3)
ROOT 50000193 (kind=<system class>, name=java.lang.invoke.MethodHandleImpl$2)
ROOT 50000192 (kind=<system class>, name=java.util.function.Function)
ROOT 50000189 (kind=<system class>, name=java.lang.invoke.MethodHandleImpl$1)
ROOT 50000186 (kind=<system class>, name=java.lang.invoke.MethodHandleImpl)
ROOT 50000001 (kind=<system class>, name=java.lang.SystemClassLoaderAction)
ROOT 50000002 (kind=<system class>, name=sun.misc.Launcher$AppClassLoader$1)
ROOT 50000003 (kind=<system class>, name=sun.net.www.protocol.jar.Handler)
ROOT 50000004 (kind=<system class>, name=sun.misc.URLClassPath)
ROOT 50000005 (kind=<system class>, name=java.util.HashSet)
ROOT 50000006 (kind=<system class>, name=java.security.Principal[])
ROOT 50000007 (kind=<system class>, name=java.security.Principal)
ROOT 50000007 (kind=<system class>, name=java.security.Principal)
ROOT 50000008 (kind=<system class>, name=java.security.ProtectionDomain$Key)
ROOT 50000009 (kind=<system class>, name=java.security.ProtectionDomain$2)
ROOT 5000000a (kind=<system class>, name=sun.misc.JavaSecurityProtectionDomainAccess)
ROOT 5000000b (kind=<system class>, name=java.security.ProtectionDomain$JavaSecurityAccessImpl)
ROOT 5000000c (kind=<system class>, name=sun.misc.JavaSecurityAccess)
ROOT 5000000d (kind=<system class>, name=java.net.URL[])
ROOT 5000011b (kind=<system class>, name=java.net.URL)
ROOT 5000000e (kind=<system class>, name=sun.net.www.protocol.file.Handler)
ROOT 5000000f (kind=<system class>, name=java.net.URLStreamHandler)
ROOT 50000010 (kind=<system class>, name=java.net.Parts)
ROOT 50000011 (kind=<system class>, name=java.lang.CharacterDataLatin1)
ROOT 50000012 (kind=<system class>, name=java.lang.CharacterData)
ROOT 50000013 (kind=<system class>, name=sun.util.locale.LocaleUtils)
ROOT 50000014 (kind=<system class>, name=java.util.Locale$LocaleKey)
ROOT 50000015 (kind=<system class>, name=sun.util.locale.LocaleObjectCache$CacheEntry)
ROOT 50000016 (kind=<system class>, name=sun.util.locale.BaseLocale$Key)
ROOT 50000017 (kind=<system class>, name=sun.util.locale.BaseLocale$Cache)
ROOT 50000018 (kind=<system class>, name=sun.util.locale.BaseLocale)
ROOT 50000019 (kind=<system class>, name=java.util.concurrent.ConcurrentHashMap$EntrySetView)
ROOT 5000001a (kind=<system class>, name=java.util.concurrent.ConcurrentHashMap$ValuesView)
ROOT 5000001b (kind=<system class>, name=java.util.concurrent.ConcurrentHashMap$KeySetView)
ROOT 5000001c (kind=<system class>, name=java.util.concurrent.ConcurrentHashMap$CollectionView)
ROOT 5000001d (kind=<system class>, name=java.util.concurrent.ConcurrentHashMap$CounterCell[])
ROOT 5000001e (kind=<system class>, name=java.util.concurrent.ConcurrentHashMap$CounterCell)
ROOT 5000001e (kind=<system class>, name=java.util.concurrent.ConcurrentHashMap$CounterCell)
ROOT 5000001f (kind=<system class>, name=java.util.concurrent.ConcurrentHashMap$Node[])
ROOT 50000020 (kind=<system class>, name=java.util.concurrent.ConcurrentHashMap$Node)
ROOT 50000020 (kind=<system class>, name=java.util.concurrent.ConcurrentHashMap$Node)
ROOT 50000021 (kind=<system class>, name=java.util.concurrent.ConcurrentHashMap$Segment[])
ROOT 50000024 (kind=<system class>, name=java.util.concurrent.ConcurrentHashMap$Segment)
ROOT 50000022 (kind=<system class>, name=java.util.concurrent.locks.ReentrantLock[])
ROOT 50000025 (kind=<system class>, name=java.util.concurrent.locks.ReentrantLock)
ROOT 50000023 (kind=<system class>, name=java.util.concurrent.locks.Lock[])
ROOT 50000026 (kind=<system class>, name=java.util.concurrent.locks.Lock)
ROOT 50000024 (kind=<system class>, name=java.util.concurrent.ConcurrentHashMap$Segment)
ROOT 50000025 (kind=<system class>, name=java.util.concurrent.locks.ReentrantLock)
ROOT 50000026 (kind=<system class>, name=java.util.concurrent.locks.Lock)
ROOT 50000027 (kind=<system class>, name=java.util.concurrent.ConcurrentHashMap)
ROOT 50000028 (kind=<system class>, name=java.util.concurrent.ConcurrentMap)
ROOT 50000029 (kind=<system class>, name=java.util.Locale$Cache)
ROOT 5000002a (kind=<system class>, name=sun.util.locale.LocaleObjectCache)
ROOT 5000002b (kind=<system class>, name=java.util.Locale)
ROOT 5000002c (kind=<system class>, name=java.util.BitSet)
ROOT 5000002d (kind=<system class>, name=sun.net.www.ParseUtil)
ROOT 5000002e (kind=<system class>, name=java.io.FileInputStream$1)
ROOT 5000002f (kind=<system class>, name=java.util.HashMap$TreeNode)
ROOT 50000030 (kind=<system class>, name=java.lang.reflect.Array)
ROOT 50000031 (kind=<system class>, name=java.nio.charset.CoderResult$2)
ROOT 50000032 (kind=<system class>, name=java.nio.charset.CoderResult$1)
ROOT 50000033 (kind=<system class>, name=java.nio.charset.CoderResult$Cache)
ROOT 50000034 (kind=<system class>, name=java.nio.charset.CoderResult)
ROOT 50000035 (kind=<system class>, name=java.nio.HeapCharBuffer)
ROOT 50000036 (kind=<system class>, name=java.nio.CharBuffer)
ROOT 50000037 (kind=<system class>, name=sun.nio.cs.StreamDecoder)
ROOT 50000038 (kind=<system class>, name=java.io.FileReader)
ROOT 50000039 (kind=<system class>, name=java.io.InputStreamReader)
ROOT 5000003a (kind=<system class>, name=java.io.BufferedReader)
ROOT 5000003b (kind=<system class>, name=java.io.Reader)
ROOT 5000003c (kind=<system class>, name=java.lang.Readable)
ROOT 5000003d (kind=<system class>, name=sun.misc.MetaIndex)
ROOT 5000003e (kind=<system class>, name=sun.misc.Launcher$ExtClassLoader$1)
ROOT 5000003f (kind=<system class>, name=java.io.File[])
ROOT 5000011d (kind=<system class>, name=java.io.File)
ROOT 50000040 (kind=<system class>, name=java.util.StringTokenizer)
ROOT 50000041 (kind=<system class>, name=java.net.URLClassLoader$7)
ROOT 50000042 (kind=<system class>, name=sun.misc.JavaNetAccess)
ROOT 50000043 (kind=<system class>, name=java.util.WeakHashMap$KeySet)
ROOT 50000044 (kind=<system class>, name=java.util.Collections$SetFromMap)
ROOT 50000045 (kind=<system class>, name=java.util.WeakHashMap$Entry[])
ROOT 50000046 (kind=<system class>, name=java.util.WeakHashMap$Entry)
ROOT 50000046 (kind=<system class>, name=java.util.WeakHashMap$Entry)
ROOT 50000047 (kind=<system class>, name=java.lang.ClassLoader$ParallelLoaders)
ROOT 50000048 (kind=<system class>, name=sun.security.util.Debug)
ROOT 50000049 (kind=<system class>, name=sun.misc.Launcher$Factory)
ROOT 5000004a (kind=<system class>, name=java.net.URLStreamHandlerFactory)
ROOT 5000004b (kind=<system class>, name=java.lang.Compiler$1)
ROOT 5000004c (kind=<system class>, name=java.lang.Compiler)
ROOT 5000004d (kind=<system class>, name=java.lang.IllegalArgumentException)
ROOT 5000004e (kind=<system class>, name=java.lang.System$2)
ROOT 5000004f (kind=<system class>, name=sun.misc.JavaLangAccess)
ROOT 50000050 (kind=<system class>, name=sun.misc.OSEnvironment)
ROOT 50000051 (kind=<system class>, name=java.lang.Integer[])
ROOT 5000010c (kind=<system class>, name=java.lang.Integer)
ROOT 50000052 (kind=<system class>, name=java.lang.Number[])
ROOT 50000111 (kind=<system class>, name=java.lang.Number)
ROOT 50000053 (kind=<system class>, name=java.lang.Integer$IntegerCache)
ROOT 50000054 (kind=<system class>, name=sun.misc.NativeSignalHandler)
ROOT 50000055 (kind=<system class>, name=sun.misc.Signal)
ROOT 50000056 (kind=<system class>, name=java.lang.Terminator$1)
ROOT 50000057 (kind=<system class>, name=sun.misc.SignalHandler)
ROOT 50000058 (kind=<system class>, name=java.lang.Terminator)
ROOT 50000059 (kind=<system class>, name=java.lang.ClassLoader$NativeLibrary)
ROOT 5000005a (kind=<system class>, name=java.util.LinkedHashMap$Entry)
ROOT 5000005b (kind=<system class>, name=java.io.ExpiringCache$Entry)
ROOT 5000005c (kind=<system class>, name=java.io.File$PathStatus[])
ROOT 50000062 (kind=<system class>, name=java.io.File$PathStatus)
ROOT 5000005d (kind=<system class>, name=java.lang.Enum[])
ROOT 50000063 (kind=<system class>, name=java.lang.Enum)
ROOT 5000005e (kind=<system class>, name=java.lang.ClassLoader$3)
ROOT 5000005f (kind=<system class>, name=java.lang.StringCoding$StringEncoder)
ROOT 50000060 (kind=<system class>, name=java.nio.file.Path)
ROOT 50000061 (kind=<system class>, name=java.nio.file.Watchable)
ROOT 50000062 (kind=<system class>, name=java.io.File$PathStatus)
ROOT 50000063 (kind=<system class>, name=java.lang.Enum)
ROOT 50000064 (kind=<system class>, name=java.io.ExpiringCache$1)
ROOT 50000065 (kind=<system class>, name=java.util.LinkedHashMap)
ROOT 50000066 (kind=<system class>, name=java.io.ExpiringCache)
ROOT 50000067 (kind=<system class>, name=java.io.UnixFileSystem)
ROOT 50000068 (kind=<system class>, name=java.io.FileSystem)
ROOT 50000069 (kind=<system class>, name=java.io.DefaultFileSystem)
ROOT 5000006a (kind=<system class>, name=java.io.BufferedWriter)
ROOT 5000006b (kind=<system class>, name=java.nio.Bits$1)
ROOT 5000006c (kind=<system class>, name=sun.misc.JavaNioAccess)
ROOT 5000006d (kind=<system class>, name=java.nio.ByteOrder)
ROOT 5000006e (kind=<system class>, name=java.nio.Bits)
ROOT 5000006f (kind=<system class>, name=java.nio.HeapByteBuffer)
ROOT 50000070 (kind=<system class>, name=java.nio.ByteBuffer)
ROOT 50000071 (kind=<system class>, name=sun.nio.cs.UTF_8$Encoder)
ROOT 50000072 (kind=<system class>, name=java.nio.charset.CharsetEncoder)
ROOT 50000073 (kind=<system class>, name=sun.nio.cs.ArrayEncoder)
ROOT 50000074 (kind=<system class>, name=sun.security.action.GetPropertyAction)
ROOT 50000075 (kind=<system class>, name=sun.nio.cs.StreamEncoder)
ROOT 50000076 (kind=<system class>, name=java.io.OutputStreamWriter)
ROOT 50000077 (kind=<system class>, name=java.io.Writer)
ROOT 50000078 (kind=<system class>, name=java.io.BufferedOutputStream)
ROOT 50000079 (kind=<system class>, name=java.io.PrintStream)
ROOT 5000007a (kind=<system class>, name=java.io.FilterOutputStream)
ROOT 5000007b (kind=<system class>, name=sun.reflect.misc.ReflectUtil)
ROOT 5000007c (kind=<system class>, name=java.util.concurrent.atomic.AtomicReferenceFieldUpdater$AtomicReferenceFieldUpdaterImpl$1)
ROOT 5000007d (kind=<system class>, name=java.security.PrivilegedExceptionAction)
ROOT 5000007e (kind=<system class>, name=java.util.concurrent.atomic.AtomicReferenceFieldUpdater$AtomicReferenceFieldUpdaterImpl)
ROOT 5000007f (kind=<system class>, name=java.util.concurrent.atomic.AtomicReferenceFieldUpdater)
ROOT 50000080 (kind=<system class>, name=java.io.BufferedInputStream)
ROOT 50000081 (kind=<system class>, name=java.io.FilterInputStream)
ROOT 50000082 (kind=<system class>, name=java.io.FileOutputStream)
ROOT 50000083 (kind=<system class>, name=java.io.OutputStream)
ROOT 50000084 (kind=<system class>, name=java.io.Flushable)
ROOT 50000085 (kind=<system class>, name=sun.misc.SharedSecrets)
ROOT 50000086 (kind=<system class>, name=java.io.FileDescriptor$1)
ROOT 50000087 (kind=<system class>, name=sun.misc.JavaIOFileDescriptorAccess)
ROOT 50000088 (kind=<system class>, name=java.io.FileDescriptor)
ROOT 50000089 (kind=<system class>, name=java.io.FileInputStream)
ROOT 5000008a (kind=<system class>, name=sun.misc.Version)
ROOT 5000008b (kind=<system class>, name=java.lang.Runtime)
ROOT 5000008c (kind=<system class>, name=java.util.Hashtable$Enumerator)
ROOT 5000008d (kind=<system class>, name=java.util.Iterator)
ROOT 5000008e (kind=<system class>, name=java.util.Enumeration)
ROOT 5000008f (kind=<system class>, name=java.util.Objects)
ROOT 50000090 (kind=<system class>, name=java.util.Collections$SynchronizedSet)
ROOT 50000091 (kind=<system class>, name=java.util.Collections$SynchronizedCollection)
ROOT 50000092 (kind=<system class>, name=java.util.Hashtable$EntrySet)
ROOT 50000093 (kind=<system class>, name=java.nio.charset.CodingErrorAction)
ROOT 50000094 (kind=<system class>, name=sun.nio.cs.UTF_8$Decoder)
ROOT 50000095 (kind=<system class>, name=java.nio.charset.CharsetDecoder)
ROOT 50000096 (kind=<system class>, name=sun.nio.cs.ArrayDecoder)
ROOT 50000097 (kind=<system class>, name=java.lang.StringCoding$StringDecoder)
ROOT 50000098 (kind=<system class>, name=java.lang.ThreadLocal$ThreadLocalMap$Entry[])
ROOT 5000009b (kind=<system class>, name=java.lang.ThreadLocal$ThreadLocalMap$Entry)
ROOT 50000099 (kind=<system class>, name=java.lang.ref.WeakReference[])
ROOT 50000152 (kind=<system class>, name=java.lang.ref.WeakReference)
ROOT 5000009a (kind=<system class>, name=java.lang.ref.Reference[])
ROOT 50000154 (kind=<system class>, name=java.lang.ref.Reference)
ROOT 5000009b (kind=<system class>, name=java.lang.ThreadLocal$ThreadLocalMap$Entry)
ROOT 5000009c (kind=<system class>, name=java.lang.ThreadLocal$ThreadLocalMap)
ROOT 5000009d (kind=<system class>, name=java.lang.StringCoding)
ROOT 5000009e (kind=<system class>, name=sun.reflect.DelegatingConstructorAccessorImpl)
ROOT 5000009f (kind=<system class>, name=sun.reflect.NativeConstructorAccessorImpl)
ROOT 500000a0 (kind=<system class>, name=sun.reflect.ReflectionFactory$1)
ROOT 500000a1 (kind=<system class>, name=java.lang.Class$1)
ROOT 500000a2 (kind=<system class>, name=java.lang.reflect.Constructor[])
ROOT 5000013f (kind=<system class>, name=java.lang.reflect.Constructor)
ROOT 500000a3 (kind=<system class>, name=java.lang.reflect.Executable[])
ROOT 50000141 (kind=<system class>, name=java.lang.reflect.Executable)
ROOT 500000a4 (kind=<system class>, name=sun.nio.cs.UTF_8)
ROOT 500000a5 (kind=<system class>, name=sun.nio.cs.Unicode)
ROOT 500000a6 (kind=<system class>, name=sun.nio.cs.HistoricallyNamedCharset)
ROOT 500000a7 (kind=<system class>, name=java.util.Arrays)
ROOT 500000a8 (kind=<system class>, name=java.lang.reflect.ReflectAccess)
ROOT 500000a9 (kind=<system class>, name=sun.reflect.LangReflectAccess)
ROOT 500000aa (kind=<system class>, name=java.lang.reflect.Modifier)
ROOT 500000ab (kind=<system class>, name=java.lang.ClassValue$ClassValueMap)
ROOT 500000ac (kind=<system class>, name=java.util.WeakHashMap)
ROOT 500000ad (kind=<system class>, name=sun.reflect.annotation.AnnotationType)
ROOT 500000ae (kind=<system class>, name=java.lang.Class$AnnotationData)
ROOT 500000af (kind=<system class>, name=sun.reflect.generics.repository.ClassRepository)
ROOT 500000b0 (kind=<system class>, name=sun.reflect.generics.repository.GenericDeclRepository)
ROOT 500000b1 (kind=<system class>, name=sun.reflect.generics.repository.AbstractRepository)
ROOT 500000b2 (kind=<system class>, name=java.lang.reflect.Field[])
ROOT 50000143 (kind=<system class>, name=java.lang.reflect.Field)
ROOT 500000b3 (kind=<system class>, name=java.lang.reflect.Member[])
ROOT 50000144 (kind=<system class>, name=java.lang.reflect.Member)
ROOT 500000b4 (kind=<system class>, name=java.lang.reflect.AccessibleObject[])
ROOT 50000145 (kind=<system class>, name=java.lang.reflect.AccessibleObject)
ROOT 500000b5 (kind=<system class>, name=java.lang.Class$Atomic)
ROOT 500000b6 (kind=<system class>, name=java.lang.Class$ReflectionData)
ROOT 500000b7 (kind=<system class>, name=java.lang.Class$3)
ROOT 500000b8 (kind=<system class>, name=java.util.HashMap$Node[])
ROOT 500000b9 (kind=<system class>, name=java.util.HashMap$Node)
ROOT 500000b9 (kind=<system class>, name=java.util.HashMap$Node)
ROOT 500000ba (kind=<system class>, name=java.util.HashMap)
ROOT 500000bb (kind=<system class>, name=sun.reflect.Reflection)
ROOT 500000bc (kind=<system class>, name=java.util.Collections$UnmodifiableRandomAccessList)
ROOT 500000bd (kind=<system class>, name=java.util.Collections$UnmodifiableList)
ROOT 500000be (kind=<system class>, name=java.util.Collections$UnmodifiableCollection)
ROOT 500000bf (kind=<system class>, name=java.util.Collections$EmptyMap)
ROOT 500000c0 (kind=<system class>, name=java.util.Collections$EmptyList)
ROOT 500000c1 (kind=<system class>, name=java.util.Collections$EmptySet)
ROOT 500000c2 (kind=<system class>, name=java.util.AbstractSet)
ROOT 500000c3 (kind=<system class>, name=java.util.Set)
ROOT 500000c4 (kind=<system class>, name=java.util.Collections)
ROOT 500000c5 (kind=<system class>, name=java.util.ArrayList)
ROOT 500000c6 (kind=<system class>, name=java.lang.NoSuchMethodError)
ROOT 500000c7 (kind=<system class>, name=java.lang.IncompatibleClassChangeError)
ROOT 500000c8 (kind=<system class>, name=java.util.concurrent.atomic.AtomicInteger)
ROOT 500000c9 (kind=<system class>, name=java.lang.ThreadLocal)
ROOT 500000ca (kind=<system class>, name=sun.nio.cs.StandardCharsets$Cache)
ROOT 500000cb (kind=<system class>, name=sun.nio.cs.StandardCharsets$Classes)
ROOT 500000cc (kind=<system class>, name=sun.nio.cs.StandardCharsets$Aliases)
ROOT 500000cd (kind=<system class>, name=sun.util.PreHashedMap)
ROOT 500000ce (kind=<system class>, name=java.util.AbstractMap)
ROOT 500000cf (kind=<system class>, name=java.lang.String[])
ROOT 5000016f (kind=<system class>, name=java.lang.String)
ROOT 500000d0 (kind=<system class>, name=java.lang.CharSequence[])
ROOT 50000170 (kind=<system class>, name=java.lang.CharSequence)
ROOT 500000d1 (kind=<system class>, name=sun.nio.cs.StandardCharsets)
ROOT 500000d2 (kind=<system class>, name=sun.nio.cs.FastCharsetProvider)
ROOT 500000d3 (kind=<system class>, name=java.nio.charset.spi.CharsetProvider)
ROOT 500000d4 (kind=<system class>, name=java.nio.charset.Charset)
ROOT 500000d5 (kind=<system class>, name=java.lang.Math)
ROOT 500000d6 (kind=<system class>, name=java.util.Hashtable$Entry[])
ROOT 500000d8 (kind=<system class>, name=java.util.Hashtable$Entry)
ROOT 500000d7 (kind=<system class>, name=java.util.Map$Entry[])
ROOT 500000d9 (kind=<system class>, name=java.util.Map$Entry)
ROOT 500000d8 (kind=<system class>, name=java.util.Hashtable$Entry)
ROOT 500000d9 (kind=<system class>, name=java.util.Map$Entry)
ROOT 500000da (kind=<system class>, name=sun.misc.VM)
ROOT 500000db (kind=<system class>, name=java.lang.ref.Finalizer$FinalizerThread)
ROOT 500000dc (kind=<system class>, name=java.lang.ref.ReferenceQueue$Lock)
ROOT 500000dd (kind=<system class>, name=java.lang.ref.ReferenceQueue$Null)
ROOT 500000de (kind=<system class>, name=java.lang.ref.ReferenceQueue)
ROOT 500000df (kind=<system class>, name=java.lang.Thread[])
ROOT 5000014c (kind=<system class>, name=java.lang.Thread)
ROOT 500000e0 (kind=<system class>, name=java.lang.Runnable[])
ROOT 5000014d (kind=<system class>, name=java.lang.Runnable)
ROOT 500000e1 (kind=<system class>, name=java.lang.ref.Reference$ReferenceHandler)
ROOT 500000e2 (kind=<system class>, name=java.lang.ref.Reference$Lock)
ROOT 500000e3 (kind=<system class>, name=sun.reflect.ReflectionFactory)
ROOT 500000e4 (kind=<system class>, name=java.util.Stack)
ROOT 500000e5 (kind=<system class>, name=java.util.Vector)
ROOT 500000e6 (kind=<system class>, name=java.util.AbstractList)
ROOT 500000e7 (kind=<system class>, name=java.util.AbstractCollection)
ROOT 500000e8 (kind=<system class>, name=java.util.RandomAccess)
ROOT 500000e9 (kind=<system class>, name=java.util.List)
ROOT 500000ea (kind=<system class>, name=java.util.Collection)
ROOT 500000eb (kind=<system class>, name=java.lang.Iterable)
ROOT 500000ec (kind=<system class>, name=java.security.cert.Certificate[])
ROOT 500000ed (kind=<system class>, name=java.security.cert.Certificate)
ROOT 500000ed (kind=<system class>, name=java.security.cert.Certificate)
ROOT 500000ee (kind=<system class>, name=sun.reflect.ReflectionFactory$GetReflectionFactoryAction)
ROOT 500000ef (kind=<system class>, name=java.security.PrivilegedAction)
ROOT 500000f0 (kind=<system class>, name=java.lang.reflect.ReflectPermission)
ROOT 500000f1 (kind=<system class>, name=java.security.AccessController)
ROOT 500000f2 (kind=<system class>, name=java.lang.RuntimePermission)
ROOT 500000f3 (kind=<system class>, name=java.security.BasicPermission)
ROOT 500000f4 (kind=<system class>, name=java.security.Permission)
ROOT 500000f5 (kind=<system class>, name=java.security.Guard)
ROOT 500000f6 (kind=<system class>, name=java.lang.StackTraceElement[])
ROOT 50000115 (kind=<system class>, name=java.lang.StackTraceElement)
ROOT 500000f7 (kind=<system class>, name=java.lang.ThreadGroup[])
ROOT 5000014a (kind=<system class>, name=java.lang.ThreadGroup)
ROOT 500000f8 (kind=<system class>, name=java.lang.Thread$UncaughtExceptionHandler[])
ROOT 5000014b (kind=<system class>, name=java.lang.Thread$UncaughtExceptionHandler)
ROOT 500000f9 (kind=<system class>, name=com.sun.demo.jvmti.hprof.Tracker)
ROOT 500000fa (kind=<system class>, name=java.lang.String$CaseInsensitiveComparator)
ROOT 500000fb (kind=<system class>, name=java.util.Comparator)
ROOT 500000fc (kind=<system class>, name=java.io.ObjectStreamField[])
ROOT 500000fe (kind=<system class>, name=java.io.ObjectStreamField)
ROOT 500000fd (kind=<system class>, name=java.lang.Comparable[])
ROOT 50000171 (kind=<system class>, name=java.lang.Comparable)
ROOT 500000fe (kind=<system class>, name=java.io.ObjectStreamField)
ROOT 500000ff (kind=<system class>, name=java.lang.OutOfMemoryError[])
ROOT 50000157 (kind=<system class>, name=java.lang.OutOfMemoryError)
ROOT 50000100 (kind=<system class>, name=java.lang.VirtualMachineError[])
ROOT 50000158 (kind=<system class>, name=java.lang.VirtualMachineError)
ROOT 50000101 (kind=<system class>, name=java.lang.Error[])
ROOT 50000166 (kind=<system class>, name=java.lang.Error)
ROOT 50000102 (kind=<system class>, name=java.lang.Throwable[])
ROOT 50000167 (kind=<system class>, name=java.lang.Throwable)
ROOT 50000103 (kind=<system class>, name=java.lang.ArithmeticException)
ROOT 50000104 (kind=<system class>, name=java.lang.NullPointerException)
ROOT 50000105 (kind=<system class>, name=java.lang.Class[])
ROOT 5000016b (kind=<system class>, name=java.lang.Class)
ROOT 50000106 (kind=<system class>, name=java.io.Serializable[])
ROOT 50000172 (kind=<system class>, name=java.io.Serializable)
ROOT 50000107 (kind=<system class>, name=java.lang.reflect.GenericDeclaration[])
ROOT 5000016d (kind=<system class>, name=java.lang.reflect.GenericDeclaration)
ROOT 50000108 (kind=<system class>, name=java.lang.reflect.AnnotatedElement[])
ROOT 5000016e (kind=<system class>, name=java.lang.reflect.AnnotatedElement)
ROOT 50000109 (kind=<system class>, name=java.lang.reflect.Type[])
ROOT 5000016c (kind=<system class>, name=java.lang.reflect.Type)
ROOT 5000010a (kind=<system class>, name=java.lang.Object[])
ROOT 50000173 (kind=<system class>, name=java.lang.Object)
ROOT 5000010b (kind=<system class>, name=java.lang.Long)
ROOT 5000010c (kind=<system class>, name=java.lang.Integer)
ROOT 5000010d (kind=<system class>, name=java.lang.Short)
ROOT 5000010e (kind=<system class>, name=java.lang.Byte)
ROOT 5000010f (kind=<system class>, name=java.lang.Double)
ROOT 50000110 (kind=<system class>, name=java.lang.Float)
ROOT 50000111 (kind=<system class>, name=java.lang.Number)
ROOT 50000112 (kind=<system class>, name=java.lang.Character)
ROOT 50000113 (kind=<system class>, name=java.lang.Boolean)
ROOT 50000114 (kind=<system class>, name=java.nio.Buffer)
ROOT 50000115 (kind=<system class>, name=java.lang.StackTraceElement)
ROOT 50000116 (kind=<system class>, name=java.security.CodeSource)
ROOT 50000117 (kind=<system class>, name=sun.misc.Launcher$ExtClassLoader)
ROOT 50000118 (kind=<system class>, name=sun.misc.Launcher$AppClassLoader)
ROOT 50000119 (kind=<system class>, name=sun.misc.Launcher)
ROOT 5000011a (kind=<system class>, name=java.util.jar.Manifest)
ROOT 5000011b (kind=<system class>, name=java.net.URL)
ROOT 5000011c (kind=<system class>, name=java.net.URLClassLoader)
ROOT 5000011d (kind=<system class>, name=java.io.File)
ROOT 5000011e (kind=<system class>, name=java.io.ByteArrayInputStream)
ROOT 5000011f (kind=<system class>, name=java.io.InputStream)
ROOT 50000120 (kind=<system class>, name=java.io.Closeable)
ROOT 50000121 (kind=<system class>, name=java.lang.AutoCloseable)
ROOT 50000122 (kind=<system class>, name=sun.misc.Unsafe)
ROOT 50000123 (kind=<system class>, name=java.lang.StringBuilder)
ROOT 50000124 (kind=<system class>, name=java.lang.StringBuffer)
ROOT 50000125 (kind=<system class>, name=java.lang.AbstractStringBuilder)
ROOT 50000126 (kind=<system class>, name=java.lang.Appendable)
ROOT 50000127 (kind=<system class>, name=java.lang.invoke.VolatileCallSite)
ROOT 50000128 (kind=<system class>, name=java.lang.invoke.MutableCallSite)
ROOT 50000129 (kind=<system class>, name=java.lang.invoke.ConstantCallSite)
ROOT 5000012a (kind=<system class>, name=java.lang.invoke.CallSite)
ROOT 5000012b (kind=<system class>, name=java.lang.BootstrapMethodError)
ROOT 5000012c (kind=<system class>, name=java.lang.invoke.MethodType)
ROOT 5000012d (kind=<system class>, name=java.lang.invoke.LambdaForm)
ROOT 5000012e (kind=<system class>, name=java.lang.invoke.MethodHandleNatives)
ROOT 5000012f (kind=<system class>, name=java.lang.invoke.MemberName)
ROOT 50000130 (kind=<system class>, name=java.lang.invoke.DirectMethodHandle)
ROOT 50000131 (kind=<system class>, name=java.lang.invoke.MethodHandle)
ROOT 50000132 (kind=<system class>, name=sun.reflect.CallerSensitive)
ROOT 50000133 (kind=<system class>, name=java.lang.annotation.Annotation)
ROOT 50000134 (kind=<system class>, name=sun.reflect.UnsafeStaticFieldAccessorImpl)
ROOT 50000135 (kind=<system class>, name=sun.reflect.UnsafeFieldAccessorImpl)
ROOT 50000136 (kind=<system class>, name=sun.reflect.FieldAccessorImpl)
ROOT 50000137 (kind=<system class>, name=sun.reflect.FieldAccessor)
ROOT 50000138 (kind=<system class>, name=sun.reflect.ConstantPool)
ROOT 50000139 (kind=<system class>, name=sun.reflect.DelegatingClassLoader)
ROOT 5000013a (kind=<system class>, name=sun.reflect.ConstructorAccessorImpl)
ROOT 5000013b (kind=<system class>, name=sun.reflect.ConstructorAccessor)
ROOT 5000013c (kind=<system class>, name=sun.reflect.MethodAccessorImpl)
ROOT 5000013d (kind=<system class>, name=sun.reflect.MethodAccessor)
ROOT 5000013e (kind=<system class>, name=sun.reflect.MagicAccessorImpl)
ROOT 5000013f (kind=<system class>, name=java.lang.reflect.Constructor)
ROOT 50000140 (kind=<system class>, name=java.lang.reflect.Method)
ROOT 50000141 (kind=<system class>, name=java.lang.reflect.Executable)
ROOT 50000142 (kind=<system class>, name=java.lang.reflect.Parameter)
ROOT 50000143 (kind=<system class>, name=java.lang.reflect.Field)
ROOT 50000144 (kind=<system class>, name=java.lang.reflect.Member)
ROOT 50000145 (kind=<system class>, name=java.lang.reflect.AccessibleObject)
ROOT 50000146 (kind=<system class>, name=java.util.Properties)
ROOT 50000147 (kind=<system class>, name=java.util.Hashtable)
ROOT 50000148 (kind=<system class>, name=java.util.Dictionary)
ROOT 50000149 (kind=<system class>, name=java.util.Map)
ROOT 5000014a (kind=<system class>, name=java.lang.ThreadGroup)
ROOT 5000014b (kind=<system class>, name=java.lang.Thread$UncaughtExceptionHandler)
ROOT 5000014c (kind=<system class>, name=java.lang.Thread)
ROOT 5000014d (kind=<system class>, name=java.lang.Runnable)
ROOT 5000014e (kind=<system class>, name=java.lang.ref.Finalizer)
ROOT 5000014f (kind=<system class>, name=sun.misc.Cleaner)
ROOT 50000150 (kind=<system class>, name=java.lang.ref.PhantomReference)
ROOT 50000151 (kind=<system class>, name=java.lang.ref.FinalReference)
ROOT 50000152 (kind=<system class>, name=java.lang.ref.WeakReference)
ROOT 50000153 (kind=<system class>, name=java.lang.ref.SoftReference)
ROOT 50000154 (kind=<system class>, name=java.lang.ref.Reference)
ROOT 50000155 (kind=<system class>, name=java.lang.IllegalMonitorStateException)
ROOT 50000156 (kind=<system class>, name=java.lang.StackOverflowError)
ROOT 50000157 (kind=<system class>, name=java.lang.OutOfMemoryError)
ROOT 50000158 (kind=<system class>, name=java.lang.VirtualMachineError)
ROOT 50000159 (kind=<system class>, name=java.lang.ArrayStoreException)
ROOT 5000015a (kind=<system class>, name=java.lang.ClassCastException)
ROOT 5000015b (kind=<system class>, name=java.lang.NoClassDefFoundError)
ROOT 5000015c (kind=<system class>, name=java.lang.LinkageError)
ROOT 5000015d (kind=<system class>, name=java.lang.ClassNotFoundException)
ROOT 5000015e (kind=<system class>, name=java.lang.ReflectiveOperationException)
ROOT 5000015f (kind=<system class>, name=java.security.SecureClassLoader)
ROOT 50000160 (kind=<system class>, name=java.security.AccessControlContext)
ROOT 50000161 (kind=<system class>, name=java.security.ProtectionDomain)
ROOT 50000162 (kind=<system class>, name=java.lang.SecurityManager)
ROOT 50000163 (kind=<system class>, name=java.lang.RuntimeException)
ROOT 50000164 (kind=<system class>, name=java.lang.Exception)
ROOT 50000165 (kind=<system class>, name=java.lang.ThreadDeath)
ROOT 50000166 (kind=<system class>, name=java.lang.Error)
ROOT 50000167 (kind=<system class>, name=java.lang.Throwable)
ROOT 50000168 (kind=<system class>, name=java.lang.System)
ROOT 50000169 (kind=<system class>, name=java.lang.ClassLoader)
ROOT 5000016a (kind=<system class>, name=java.lang.Cloneable)
ROOT 5000016b (kind=<system class>, name=java.lang.Class)
ROOT 5000016c (kind=<system class>, name=java.lang.reflect.Type)
ROOT 5000016d (kind=<system class>, name=java.lang.reflect.GenericDeclaration)
ROOT 5000016e (kind=<system class>, name=java.lang.reflect.AnnotatedElement)
ROOT 5000016f (kind=<system class>, name=java.lang.String)
ROOT 50000170 (kind=<system class>, name=java.lang.CharSequence)
ROOT 50000171 (kind=<system class>, name=java.lang.Comparable)
ROOT 50000172 (kind=<system class>, name=java.io.Serializable)
ROOT 50000173 (kind=<system class>, name=java.lang.Object)
ROOT 50000174 (kind=<system class>, name=long[])
ROOT 5000147f (kind=<system class>, name=java.lang.Class)
ROOT 50000175 (kind=<system class>, name=int[])
ROOT 50001480 (kind=<system class>, name=java.lang.Class)
ROOT 50000176 (kind=<system class>, name=short[])
ROOT 50001481 (kind=<system class>, name=java.lang.Class)
ROOT 50000177 (kind=<system class>, name=byte[])
ROOT 50001482 (kind=<system class>, name=java.lang.Class)
ROOT 50000178 (kind=<system class>, name=double[])
ROOT 50001483 (kind=<system class>, name=java.lang.Class)
ROOT 50000179 (kind=<system class>, name=float[])
ROOT 50001484 (kind=<system class>, name=java.lang.Class)
ROOT 5000017a (kind=<system class>, name=char[])
ROOT 50001485 (kind=<system class>, name=java.lang.Class)
ROOT 5000017b (kind=<system class>, name=boolean[])
ROOT 50001486 (kind=<system class>, name=java.lang.Class)
ROOT 50001395 (kind=<busy monitor>)
ROOT 50001392 (kind=<busy monitor>)
ROOT 50001480 (kind=<unknown>)
ROOT 50001484 (kind=<unknown>)
ROOT 50001483 (kind=<unknown>)
ROOT 50001482 (kind=<unknown>)
ROOT 50001486 (kind=<unknown>)
ROOT 50001485 (kind=<unknown>)
ROOT 5000147f (kind=<unknown>)
ROOT 50001481 (kind=<unknown>)
ROOT 50001487 (kind=<unknown>)
ROOT 50001486 (kind=<unknown>)
ROOT 50001485 (kind=<unknown>)
ROOT 50001484 (kind=<unknown>)
ROOT 50001483 (kind=<unknown>)
ROOT 50001482 (kind=<unknown>)
ROOT 50001481 (kind=<unknown>)
ROOT 50001480 (kind=<unknown>)
ROOT 5000147f (kind=<unknown>)
ROOT 50001487 (kind=<unknown>)
ROOT 50001488 (kind=<unknown>)
ROOT 50001489 (kind=<unknown>)
ROOT 5000148a (kind=<unknown>)
ROOT 5000148b (kind=<unknown>)
ROOT 5000148c (kind=<unknown>)
ROOT 5000148d (kind=<unknown>)
ROOT 5000148e (kind=<unknown>)
ROOT 5000148f (kind=<unknown>)
ROOT 50001490 (kind=<unknown>)
ROOT 50001491 (kind=<unknown>)
ROOT 50001492 (kind=<unknown>)
ROOT 50001493 (kind=<unknown>)
ROOT 50001494 (kind=<unknown>)
ROOT 50001495 (kind=<unknown>)
ROOT 50001496 (kind=<unknown>)
ROOT 50001497 (kind=<unknown>)
ROOT 500000f9 (kind=<unknown>)
ROOT 500000f9 (kind=<unknown>)
ROOT 50001498 (kind=<unknown>)
ROOT 500000f9 (kind=<unknown>)
ROOT 50000153 (kind=<unknown>)
ROOT 50001499 (kind=<unknown>)
ROOT 50001499 (kind=<unknown>)
ROOT 500000f9 (kind=<unknown>)
ROOT 500000f9 (kind=<unknown>)
ROOT 500000f9 (kind=<unknown>)
ROOT 5000149a (kind=<unknown>)
ROOT 50001498 (kind=<unknown>)
ROOT 5000149b (kind=<unknown>)
ROOT 5000149c (kind=<unknown>)
ROOT 5000003a (kind=<unknown>)
ROOT 50001499 (kind=<unknown>)
ROOT 5000149c (kind=<unknown>)
ROOT 5000014c (kind=<unknown>)
ROOT 50000168 (kind=<unknown>)
ROOT 500000f9 (kind=<unknown>)
ROOT 5000149d (kind=<unknown>)
ROOT 5000149d (kind=<unknown>)
ROOT 5000149c (kind=<unknown>)
ROOT 5000149e (kind=<unknown>)
ROOT 500000f9 (kind=<unknown>)
ROOT 500000f9 (kind=<unknown>)
ROOT 500000f9 (kind=<unknown>)
ROOT 50001498 (kind=<unknown>)
ROOT 500000f9 (kind=<unknown>)
ROOT 50001498 (kind=<unknown>)
ROOT 500000f9 (kind=<unknown>)
ROOT 50001498 (kind=<unknown>)
ROOT 50000168 (kind=<unknown>)
OBJ 5000017c (sz=376, trace=300000, class=java.lang.Thread@5000014c)
OBJ 5000017d (sz=376, trace=300001, class=java.lang.Thread@5000014c)
OBJ 5000017e (sz=16, trace=300002, class=java.lang.Object@50000173)
ARR 5000017f (sz=56, trace=300003, nelems=0, elem type=char[])
OBJ 50000180 (sz=376, trace=300001, class=java.lang.Thread@5000014c)
OBJ 50000181 (sz=16, trace=300002, class=java.lang.Object@50000173)
ARR 50000182 (sz=56, trace=300003, nelems=0, elem type=char[])
OBJ 50000183 (sz=376, trace=300001, class=java.lang.Thread@5000014c)
OBJ 50000184 (sz=16, trace=300002, class=java.lang.Object@50000173)
ARR 50000185 (sz=56, trace=300003, nelems=0, elem type=char[])
ARR 50000187 (sz=24, trace=300005, nelems=0, elem type=java.lang.Object[]@5000010a)
OBJ 50000188 (sz=16, trace=300006, class=java.lang.Integer@5000010c)
OBJ 5000018a (sz=16, trace=300008, class=java.lang.invoke.MethodHandleImpl$1@50000189)
OBJ 5000018b (sz=24, trace=300009, class=java.lang.StringBuilder@50000123)
ARR 5000018c (sz=48, trace=300010, nelems=0, elem type=char[])
ARR 5000018d (sz=88, trace=300011, nelems=0, elem type=char[])
ARR 5000018e (sz=160, trace=300011, nelems=0, elem type=char[])
OBJ 5000018f (sz=24, trace=300012, class=java.lang.String@5000016f)
ARR 50000190 (sz=104, trace=300013, nelems=0, elem type=char[])
OBJ 50000191 (sz=16, trace=300014, class=java.lang.Integer@5000010c)
OBJ 50000194 (sz=16, trace=300016, class=java.lang.invoke.MethodHandleImpl$2@50000193)
OBJ 50000196 (sz=16, trace=300018, class=java.lang.invoke.MethodHandleImpl$3@50000195)
ARR 50000198 (sz=24, trace=300019, nelems=0, elem type=java.lang.invoke.MethodHandle[]@50000197)
ARR 50000199 (sz=16, trace=300020, nelems=0, elem type=java.lang.Object[]@5000010a)
ARR 5000019a (sz=1040, trace=300021, nelems=0, elem type=java.lang.invoke.MethodHandle[]@50000197)
ARR 5000019f (sz=24, trace=300024, nelems=0, elem type=java.lang.ClassValue$Entry[]@5000019e)
OBJ 500001a0 (sz=16, trace=300025, class=java.util.concurrent.atomic.AtomicInteger@500000c8)
OBJ 500001a1 (sz=16, trace=300026, class=java.lang.Object@50000173)
OBJ 500001a2 (sz=24, trace=300027, class=java.lang.invoke.MethodHandleImpl$4@5000019c)
	identity	500001a4
	version		500001a6
OBJ 500001a4 (sz=16, trace=300029, class=java.lang.ClassValue$Identity@500001a3)
OBJ 500001a6 (sz=24, trace=300031, class=java.lang.ClassValue$Version@500001a5)
	classValue	500001a2
	promise		500001a8
OBJ 500001a7 (sz=32, trace=300032, class=java.lang.ClassValue$Entry@5000019d)
	queue		50001524
OBJ 500001a8 (sz=32, trace=300033, class=java.lang.ClassValue$Entry@5000019d)
	referent	500001a6
	queue		50001524
	value		500001a8
OBJ 500001aa (sz=16, trace=300035, class=java.lang.invoke.MemberName$Factory@500001a9)
ARR 500001ac (sz=56, trace=300037, nelems=0, elem type=java.lang.Object[]@5000010a)
OBJ 500001ae (sz=16, trace=300039, class=java.lang.invoke.MethodHandleStatics$1@500001ad)
OBJ 500001af (sz=56, trace=300040, class=java.lang.Class$ReflectionData@500000b6)
OBJ 500001b0 (sz=40, trace=300041, class=java.lang.ref.SoftReference@50000153)
OBJ 500001b1 (sz=72, trace=300042, class=java.lang.reflect.Field@50000143)
OBJ 500001b2 (sz=376, trace=300001, class=java.lang.Thread@5000014c)
OBJ 500001b3 (sz=16, trace=300002, class=java.lang.Object@50000173)
ARR 500001b4 (sz=48, trace=300003, nelems=0, elem type=char[])
OBJ 500001b7 (sz=16, trace=300044, class=java.lang.Object@50000173)
OBJ 500001b9 (sz=56, trace=300040, class=java.lang.Class$ReflectionData@500000b6)
OBJ 500001ba (sz=40, trace=300041, class=java.lang.ref.SoftReference@50000153)
OBJ 500001bb (sz=72, trace=300042, class=java.lang.reflect.Field@50000143)
OBJ 500001bc (sz=16, trace=300046, class=java.util.concurrent.atomic.AtomicBoolean@500001b8)
OBJ 500001be (sz=24, trace=300048, class=sun.usagetracker.UsageTrackerClient$1@500001bd)
OBJ 500001bf (sz=16, trace=300049, class=sun.usagetracker.UsageTrackerClient@500001b6)
OBJ 500001c0 (sz=24, trace=300050, class=java.lang.StringBuilder@50000123)
ARR 500001c1 (sz=48, trace=300051, nelems=0, elem type=char[])
ARR 500001c2 (sz=88, trace=300011, nelems=0, elem type=char[])
ARR 500001c3 (sz=160, trace=300011, nelems=0, elem type=char[])
OBJ 500001c4 (sz=24, trace=300052, class=java.lang.String@5000016f)
ARR 500001c5 (sz=128, trace=300053, nelems=0, elem type=char[])
OBJ 500001c7 (sz=24, trace=300055, class=sun.usagetracker.UsageTrackerClient$4@500001c6)
ARR 500001c8 (sz=32, trace=300056, nelems=0, elem type=java.lang.String[]@500000cf)
OBJ 500001c9 (sz=24, trace=300057, class=sun.usagetracker.UsageTrackerClient$1@500001bd)
OBJ 500001ca (sz=24, trace=300058, class=sun.usagetracker.UsageTrackerClient$1@500001bd)
ARR 500001cb (sz=32, trace=300059, nelems=0, elem type=char[])
OBJ 500001cc (sz=24, trace=300060, class=java.lang.String@5000016f)
ARR 500001cd (sz=32, trace=300061, nelems=0, elem type=char[])
ARR 500001ce (sz=32, trace=300062, nelems=0, elem type=char[])
OBJ 500001cf (sz=24, trace=300063, class=java.lang.String@5000016f)
ARR 500001d0 (sz=32, trace=300061, nelems=0, elem type=char[])
OBJ 500001d1 (sz=24, trace=300064, class=java.lang.StringBuilder@50000123)
ARR 500001d2 (sz=48, trace=300065, nelems=0, elem type=char[])
ARR 500001d3 (sz=152, trace=300011, nelems=0, elem type=char[])
ARR 500001d4 (sz=288, trace=300011, nelems=0, elem type=char[])
OBJ 500001d5 (sz=24, trace=300066, class=java.lang.String@5000016f)
ARR 500001d6 (sz=232, trace=300067, nelems=0, elem type=char[])
OBJ 500001d8 (sz=16, trace=300069, class=sun.usagetracker.UsageTrackerClient$3@500001d7)
OBJ 500001d9 (sz=32, trace=300070, class=java.io.File@5000011d)
ARR 500001da (sz=208, trace=300071, nelems=0, elem type=byte[])
ARR 500001db (sz=80, trace=300072, nelems=0, elem type=byte[])
OBJ 500001dc (sz=24, trace=300073, class=java.lang.String@5000016f)
ARR 500001dd (sz=64, trace=300074, nelems=0, elem type=char[])
OBJ 500001de (sz=16, trace=300069, class=sun.usagetracker.UsageTrackerClient$3@500001d7)
OBJ 500001df (sz=32, trace=300070, class=java.io.File@5000011d)
ARR 500001e0 (sz=336, trace=300071, nelems=0, elem type=byte[])
ARR 500001e1 (sz=128, trace=300072, nelems=0, elem type=byte[])
OBJ 500001e2 (sz=24, trace=300073, class=java.lang.String@5000016f)
ARR 500001e3 (sz=64, trace=300074, nelems=0, elem type=char[])
OBJ 500001e4 (sz=32, trace=300075, class=java.io.File@5000011d)
OBJ 500001e5 (sz=24, trace=300076, class=java.lang.String@5000016f)
ARR 500001e6 (sz=144, trace=300077, nelems=0, elem type=char[])
ARR 500001e7 (sz=224, trace=300078, nelems=0, elem type=byte[])
ARR 500001e8 (sz=88, trace=300072, nelems=0, elem type=byte[])
OBJ 500001e9 (sz=24, trace=300079, class=java.io.ExpiringCache$Entry@5000005b)
	val		50001c98
OBJ 500001ea (sz=40, trace=300080, class=java.util.LinkedHashMap$Entry@5000005a)
	key		5000161a
	value		500001e9
	before		50001c68
	after		50000b6c
OBJ 500001eb (sz=24, trace=300081, class=java.lang.StringBuilder@50000123)
ARR 500001ec (sz=48, trace=300082, nelems=0, elem type=char[])
ARR 500001ed (sz=88, trace=300011, nelems=0, elem type=char[])
ARR 500001ee (sz=160, trace=300011, nelems=0, elem type=char[])
OBJ 500001ef (sz=24, trace=300083, class=java.lang.String@5000016f)
ARR 500001f0 (sz=88, trace=300084, nelems=0, elem type=char[])
OBJ 500001f1 (sz=24, trace=300085, class=java.lang.StringBuilder@50000123)
ARR 500001f2 (sz=48, trace=300086, nelems=0, elem type=char[])
ARR 500001f3 (sz=48, trace=300087, nelems=0, elem type=char[])
OBJ 500001f4 (sz=24, trace=300088, class=java.lang.String@5000016f)
ARR 500001f5 (sz=88, trace=300011, nelems=0, elem type=char[])
OBJ 500001f6 (sz=24, trace=300089, class=java.lang.String@5000016f)
ARR 500001f7 (sz=72, trace=300090, nelems=0, elem type=char[])
OBJ 500001f8 (sz=32, trace=300091, class=java.io.File@5000011d)
OBJ 500001f9 (sz=24, trace=300092, class=java.lang.StringBuilder@50000123)
ARR 500001fa (sz=48, trace=300093, nelems=0, elem type=char[])
ARR 500001fb (sz=88, trace=300011, nelems=0, elem type=char[])
ARR 500001fc (sz=168, trace=300094, nelems=0, elem type=char[])
OBJ 500001fd (sz=24, trace=300095, class=java.lang.String@5000016f)
	value		500001fe
ARR 500001fe (sz=126, trace=300096, nelems=63, elem type=char[])
ARR 500001ff (sz=208, trace=300071, nelems=0, elem type=byte[])
ARR 50000200 (sz=80, trace=300072, nelems=0, elem type=byte[])
OBJ 50000201 (sz=24, trace=300073, class=java.lang.String@5000016f)
ARR 50000202 (sz=72, trace=300074, nelems=0, elem type=char[])
OBJ 50000203 (sz=32, trace=300097, class=java.io.FileOutputStream@50000082)
	fd		50000206
	path		500001fd
	closeLock	50000205
OBJ 50000204 (sz=40, trace=300098, class=java.lang.ref.Finalizer@5000014e)
	referent	50000203
	queue		50001391
	next		5000209c
	prev		500003b6
OBJ 50000205 (sz=16, trace=300099, class=java.lang.Object@50000173)
OBJ 50000206 (sz=32, trace=300100, class=java.io.FileDescriptor@50000088)
	parent		50000203
ARR 50000207 (sz=208, trace=300101, nelems=0, elem type=byte[])
ARR 50000208 (sz=80, trace=300072, nelems=0, elem type=byte[])
OBJ 50000209 (sz=24, trace=300102, class=java.lang.StringBuilder@50000123)
ARR 5000020a (sz=48, trace=300103, nelems=0, elem type=char[])
ARR 5000020b (sz=152, trace=300011, nelems=0, elem type=char[])
ARR 5000020c (sz=288, trace=300011, nelems=0, elem type=char[])
OBJ 5000020d (sz=24, trace=300104, class=java.lang.String@5000016f)
ARR 5000020e (sz=184, trace=300105, nelems=0, elem type=char[])
ARR 5000020f (sz=264, trace=300106, nelems=0, elem type=byte[])
ARR 50000210 (sz=104, trace=300072, nelems=0, elem type=byte[])
OBJ 50000212 (sz=16, trace=300108, class=java.io.FileOutputStream$1@50000211)
OBJ 50000213 (sz=376, trace=300000, class=java.lang.Thread@5000014c)
OBJ 50000215 (sz=24, trace=300109, class=sun.launcher.LauncherHelper@50000214)
	name		5000212e
ARR 50000217 (sz=24, trace=300110, nelems=1, elem type=sun.launcher.LauncherHelper[]@50000216)
	[0]		50000215
OBJ 50000218 (sz=24, trace=300111, class=java.lang.StringBuilder@50000123)
	value		50000219
ARR 50000219 (sz=32, trace=300112, nelems=16, elem type=char[])
OBJ 5000021a (sz=24, trace=300113, class=java.lang.String@5000016f)
	value		5000021b
ARR 5000021b (sz=30, trace=300114, nelems=15, elem type=char[])
OBJ 5000021c (sz=16, trace=300115, class=java.lang.Object@50000173)
ARR 5000021d (sz=80, trace=300116, nelems=6, elem type=java.util.concurrent.ConcurrentHashMap$Node[]@5000001f)
	[0]		50001146
	[2]		5000021e
	[5]		5000115e
OBJ 5000021e (sz=32, trace=300117, class=java.util.concurrent.ConcurrentHashMap$Node@50000020)
	key		5000021a
	val		5000021c
OBJ 5000021f (sz=16, trace=300118, class=java.lang.Object@50000173)
ARR 50000220 (sz=80, trace=300116, nelems=6, elem type=java.util.concurrent.ConcurrentHashMap$Node[]@5000001f)
	[0]		50001148
	[2]		50000221
	[5]		50001160
OBJ 50000221 (sz=32, trace=300117, class=java.util.concurrent.ConcurrentHashMap$Node@50000020)
	key		5000021a
	val		5000021f
OBJ 50000223 (sz=24, trace=300120, class=java.net.URLClassLoader$1@50000222)
ARR 50000224 (sz=48, trace=300121, nelems=0, elem type=char[])
OBJ 50000225 (sz=24, trace=300122, class=java.lang.String@5000016f)
ARR 50000226 (sz=64, trace=300123, nelems=0, elem type=char[])
OBJ 50000227 (sz=24, trace=300124, class=java.lang.String@5000016f)
OBJ 50000229 (sz=24, trace=300126, class=java.lang.StringBuilder@50000123)
ARR 5000022a (sz=48, trace=300127, nelems=0, elem type=char[])
ARR 5000022b (sz=208, trace=300011, nelems=0, elem type=char[])
OBJ 5000022c (sz=24, trace=300128, class=java.lang.String@5000016f)
	value		5000022d
ARR 5000022d (sz=190, trace=300129, nelems=95, elem type=char[])
OBJ 5000022f (sz=24, trace=300131, class=sun.misc.URLClassPath$3@5000022e)
OBJ 50000236 (sz=16, trace=300135, class=java.util.zip.ZipFile$1@50000235)
OBJ 50000237 (sz=24, trace=300136, class=java.lang.StringBuilder@50000123)
ARR 50000238 (sz=48, trace=300137, nelems=0, elem type=char[])
ARR 50000239 (sz=32, trace=300138, nelems=3, elem type=java.io.ObjectStreamField[]@500000fc)
	[0]		5000023a
	[1]		5000023f
	[2]		50000244
OBJ 5000023a (sz=40, trace=300139, class=java.io.ObjectStreamField@500000fe)
	name		5000169d
	signature	5000023d
	type		5000017a
OBJ 5000023b (sz=24, trace=300140, class=java.lang.StringBuilder@50000123)
ARR 5000023c (sz=48, trace=300141, nelems=0, elem type=char[])
OBJ 5000023d (sz=24, trace=300142, class=java.lang.String@5000016f)
	value		5000023e
ARR 5000023e (sz=4, trace=300143, nelems=2, elem type=char[])
OBJ 5000023f (sz=40, trace=300144, class=java.io.ObjectStreamField@500000fe)
	name		50001d30
	signature	500016a2
	type		50001480
OBJ 50000240 (sz=24, trace=300140, class=java.lang.StringBuilder@50000123)
ARR 50000241 (sz=48, trace=300141, nelems=0, elem type=char[])
OBJ 50000242 (sz=24, trace=300142, class=java.lang.String@5000016f)
ARR 50000243 (sz=24, trace=300143, nelems=0, elem type=char[])
OBJ 50000244 (sz=40, trace=300145, class=java.io.ObjectStreamField@500000fe)
	name		50001d31
	signature	50000247
	type		50001486
OBJ 50000245 (sz=24, trace=300140, class=java.lang.StringBuilder@50000123)
ARR 50000246 (sz=48, trace=300141, nelems=0, elem type=char[])
OBJ 50000247 (sz=24, trace=300142, class=java.lang.String@5000016f)
	value		50000248
ARR 50000248 (sz=2, trace=300143, nelems=1, elem type=char[])
OBJ 50000249 (sz=24, trace=300146, class=java.lang.StringBuffer@50000124)
ARR 5000024a (sz=208, trace=300147, nelems=0, elem type=char[])
ARR 5000024b (sz=208, trace=300148, nelems=0, elem type=char[])
OBJ 5000024c (sz=24, trace=300149, class=java.lang.String@5000016f)
ARR 5000024d (sz=208, trace=300011, nelems=0, elem type=char[])
ARR 5000024e (sz=392, trace=300011, nelems=0, elem type=char[])
OBJ 5000024f (sz=24, trace=300150, class=java.lang.String@5000016f)
	value		50000250
ARR 50000250 (sz=190, trace=300151, nelems=95, elem type=char[])
OBJ 50000251 (sz=64, trace=300152, class=java.net.URL@5000011b)
	protocol	50001d44
	host		5000149a
	file		5000024f
	authority	5000149a
	path		5000024f
	handler		50001e76
OBJ 50000252 (sz=24, trace=300153, class=java.net.Parts@50000010)
OBJ 50000253 (sz=48, trace=300154, class=sun.misc.URLClassPath$JarLoader@50000231)
	base		50000251
	csu		50001e7c
	metaIndex	50001e1b
	handler		50001e76
	lmap		50001e77
OBJ 50000254 (sz=32, trace=300155, class=java.io.File@5000011d)
ARR 50000255 (sz=280, trace=300071, nelems=0, elem type=byte[])
ARR 50000256 (sz=104, trace=300072, nelems=0, elem type=byte[])
OBJ 50000257 (sz=24, trace=300073, class=java.lang.String@5000016f)
ARR 50000258 (sz=40, trace=300074, nelems=0, elem type=char[])
ARR 50000259 (sz=56, trace=300156, nelems=0, elem type=java.lang.Object[]@5000010a)
ARR 5000025a (sz=80, trace=300157, nelems=0, elem type=java.util.HashMap$Node[]@500000b8)
OBJ 5000025b (sz=32, trace=300158, class=java.util.HashMap$Node@500000b9)
	key		5000022c
	value		50000253
	next		50000741
OBJ 5000025c (sz=24, trace=300126, class=java.lang.StringBuilder@50000123)
ARR 5000025d (sz=48, trace=300127, nelems=0, elem type=char[])
ARR 5000025e (sz=200, trace=300011, nelems=0, elem type=char[])
OBJ 5000025f (sz=24, trace=300128, class=java.lang.String@5000016f)
	value		50000260
ARR 50000260 (sz=184, trace=300129, nelems=92, elem type=char[])
OBJ 50000261 (sz=24, trace=300131, class=sun.misc.URLClassPath$3@5000022e)
OBJ 50000262 (sz=24, trace=300136, class=java.lang.StringBuilder@50000123)
ARR 50000263 (sz=48, trace=300137, nelems=0, elem type=char[])
OBJ 50000264 (sz=24, trace=300146, class=java.lang.StringBuffer@50000124)
ARR 50000265 (sz=200, trace=300147, nelems=0, elem type=char[])
ARR 50000266 (sz=200, trace=300148, nelems=0, elem type=char[])
OBJ 50000267 (sz=24, trace=300149, class=java.lang.String@5000016f)
ARR 50000268 (sz=200, trace=300011, nelems=0, elem type=char[])
ARR 50000269 (sz=384, trace=300011, nelems=0, elem type=char[])
OBJ 5000026a (sz=24, trace=300150, class=java.lang.String@5000016f)
	value		5000026b
ARR 5000026b (sz=184, trace=300151, nelems=92, elem type=char[])
OBJ 5000026c (sz=64, trace=300152, class=java.net.URL@5000011b)
	protocol	50001d44
	host		5000149a
	file		5000026a
	authority	5000149a
	path		5000026a
	handler		50001e76
OBJ 5000026d (sz=24, trace=300153, class=java.net.Parts@50000010)
OBJ 5000026e (sz=48, trace=300154, class=sun.misc.URLClassPath$JarLoader@50000231)
	base		5000026c
	csu		50001e7d
	metaIndex	50001dcb
	handler		50001e76
	lmap		50001e77
OBJ 5000026f (sz=32, trace=300155, class=java.io.File@5000011d)
ARR 50000270 (sz=272, trace=300071, nelems=0, elem type=byte[])
ARR 50000271 (sz=104, trace=300072, nelems=0, elem type=byte[])
OBJ 50000272 (sz=24, trace=300073, class=java.lang.String@5000016f)
ARR 50000273 (sz=40, trace=300074, nelems=0, elem type=char[])
OBJ 50000274 (sz=32, trace=300158, class=java.util.HashMap$Node@500000b9)
	key		5000025f
	value		5000026e
	next		500002d8
OBJ 50000275 (sz=24, trace=300126, class=java.lang.StringBuilder@50000123)
ARR 50000276 (sz=48, trace=300127, nelems=0, elem type=char[])
ARR 50000277 (sz=208, trace=300011, nelems=0, elem type=char[])
OBJ 50000278 (sz=24, trace=300128, class=java.lang.String@5000016f)
	value		50000279
ARR 50000279 (sz=188, trace=300129, nelems=94, elem type=char[])
OBJ 5000027a (sz=24, trace=300131, class=sun.misc.URLClassPath$3@5000022e)
OBJ 5000027b (sz=24, trace=300136, class=java.lang.StringBuilder@50000123)
ARR 5000027c (sz=48, trace=300137, nelems=0, elem type=char[])
OBJ 5000027d (sz=24, trace=300146, class=java.lang.StringBuffer@50000124)
ARR 5000027e (sz=200, trace=300147, nelems=0, elem type=char[])
ARR 5000027f (sz=200, trace=300148, nelems=0, elem type=char[])
OBJ 50000280 (sz=24, trace=300149, class=java.lang.String@5000016f)
ARR 50000281 (sz=200, trace=300011, nelems=0, elem type=char[])
ARR 50000282 (sz=392, trace=300011, nelems=0, elem type=char[])
OBJ 50000283 (sz=24, trace=300150, class=java.lang.String@5000016f)
	value		50000284
ARR 50000284 (sz=188, trace=300151, nelems=94, elem type=char[])
OBJ 50000285 (sz=64, trace=300152, class=java.net.URL@5000011b)
	protocol	50001d44
	host		5000149a
	file		50000283
	authority	5000149a
	path		50000283
	handler		50001e76
OBJ 50000286 (sz=24, trace=300153, class=java.net.Parts@50000010)
OBJ 50000287 (sz=48, trace=300154, class=sun.misc.URLClassPath$JarLoader@50000231)
	base		50000285
	csu		50001e7e
	metaIndex	50001e26
	handler		50001e76
	lmap		50001e77
OBJ 50000288 (sz=32, trace=300155, class=java.io.File@5000011d)
ARR 50000289 (sz=280, trace=300071, nelems=0, elem type=byte[])
ARR 5000028a (sz=104, trace=300072, nelems=0, elem type=byte[])
OBJ 5000028b (sz=24, trace=300073, class=java.lang.String@5000016f)
ARR 5000028c (sz=40, trace=300074, nelems=0, elem type=char[])
OBJ 5000028d (sz=32, trace=300158, class=java.util.HashMap$Node@500000b9)
	key		50000278
	value		50000287
OBJ 5000028e (sz=24, trace=300126, class=java.lang.StringBuilder@50000123)
ARR 5000028f (sz=48, trace=300127, nelems=0, elem type=char[])
ARR 50000290 (sz=200, trace=300011, nelems=0, elem type=char[])
OBJ 50000291 (sz=24, trace=300128, class=java.lang.String@5000016f)
	value		50000292
ARR 50000292 (sz=184, trace=300129, nelems=92, elem type=char[])
OBJ 50000293 (sz=24, trace=300131, class=sun.misc.URLClassPath$3@5000022e)
OBJ 50000294 (sz=24, trace=300136, class=java.lang.StringBuilder@50000123)
ARR 50000295 (sz=48, trace=300137, nelems=0, elem type=char[])
OBJ 50000296 (sz=24, trace=300146, class=java.lang.StringBuffer@50000124)
ARR 50000297 (sz=200, trace=300147, nelems=0, elem type=char[])
ARR 50000298 (sz=200, trace=300148, nelems=0, elem type=char[])
OBJ 50000299 (sz=24, trace=300149, class=java.lang.String@5000016f)
ARR 5000029a (sz=200, trace=300011, nelems=0, elem type=char[])
ARR 5000029b (sz=384, trace=300011, nelems=0, elem type=char[])
OBJ 5000029c (sz=24, trace=300150, class=java.lang.String@5000016f)
	value		5000029d
ARR 5000029d (sz=184, trace=300151, nelems=92, elem type=char[])
OBJ 5000029e (sz=64, trace=300152, class=java.net.URL@5000011b)
	protocol	50001d44
	host		5000149a
	file		5000029c
	authority	5000149a
	path		5000029c
	handler		50001e76
OBJ 5000029f (sz=24, trace=300153, class=java.net.Parts@50000010)
OBJ 500002a0 (sz=48, trace=300154, class=sun.misc.URLClassPath$JarLoader@50000231)
	base		5000029e
	csu		50001e7f
	metaIndex	50001dde
	handler		50001e76
	lmap		50001e77
OBJ 500002a1 (sz=32, trace=300155, class=java.io.File@5000011d)
ARR 500002a2 (sz=272, trace=300071, nelems=0, elem type=byte[])
ARR 500002a3 (sz=104, trace=300072, nelems=0, elem type=byte[])
OBJ 500002a4 (sz=24, trace=300073, class=java.lang.String@5000016f)
ARR 500002a5 (sz=40, trace=300074, nelems=0, elem type=char[])
OBJ 500002a6 (sz=32, trace=300158, class=java.util.HashMap$Node@500000b9)
	key		50000291
	value		500002a0
OBJ 500002a7 (sz=24, trace=300126, class=java.lang.StringBuilder@50000123)
ARR 500002a8 (sz=48, trace=300127, nelems=0, elem type=char[])
ARR 500002a9 (sz=216, trace=300011, nelems=0, elem type=char[])
OBJ 500002aa (sz=24, trace=300128, class=java.lang.String@5000016f)
	value		500002ab
ARR 500002ab (sz=194, trace=300129, nelems=97, elem type=char[])
OBJ 500002ac (sz=24, trace=300131, class=sun.misc.URLClassPath$3@5000022e)
OBJ 500002ad (sz=24, trace=300136, class=java.lang.StringBuilder@50000123)
ARR 500002ae (sz=48, trace=300137, nelems=0, elem type=char[])
OBJ 500002af (sz=24, trace=300146, class=java.lang.StringBuffer@50000124)
ARR 500002b0 (sz=208, trace=300147, nelems=0, elem type=char[])
ARR 500002b1 (sz=208, trace=300148, nelems=0, elem type=char[])
OBJ 500002b2 (sz=24, trace=300149, class=java.lang.String@5000016f)
ARR 500002b3 (sz=208, trace=300011, nelems=0, elem type=char[])
ARR 500002b4 (sz=400, trace=300011, nelems=0, elem type=char[])
OBJ 500002b5 (sz=24, trace=300150, class=java.lang.String@5000016f)
	value		500002b6
ARR 500002b6 (sz=194, trace=300151, nelems=97, elem type=char[])
OBJ 500002b7 (sz=64, trace=300152, class=java.net.URL@5000011b)
	protocol	50001d44
	host		5000149a
	file		500002b5
	authority	5000149a
	path		500002b5
	handler		50001e76
OBJ 500002b8 (sz=24, trace=300153, class=java.net.Parts@50000010)
OBJ 500002b9 (sz=48, trace=300154, class=sun.misc.URLClassPath$JarLoader@50000231)
	base		500002b7
	csu		50001e80
	metaIndex	50001e47
	handler		50001e76
	lmap		50001e77
OBJ 500002ba (sz=32, trace=300155, class=java.io.File@5000011d)
ARR 500002bb (sz=288, trace=300071, nelems=0, elem type=byte[])
ARR 500002bc (sz=112, trace=300072, nelems=0, elem type=byte[])
OBJ 500002bd (sz=24, trace=300073, class=java.lang.String@5000016f)
ARR 500002be (sz=48, trace=300074, nelems=0, elem type=char[])
OBJ 500002bf (sz=32, trace=300158, class=java.util.HashMap$Node@500000b9)
	key		500002aa
	value		500002b9
OBJ 500002c0 (sz=24, trace=300126, class=java.lang.StringBuilder@50000123)
ARR 500002c1 (sz=48, trace=300127, nelems=0, elem type=char[])
ARR 500002c2 (sz=208, trace=300011, nelems=0, elem type=char[])
OBJ 500002c3 (sz=24, trace=300128, class=java.lang.String@5000016f)
	value		500002c4
ARR 500002c4 (sz=188, trace=300129, nelems=94, elem type=char[])
OBJ 500002c5 (sz=24, trace=300131, class=sun.misc.URLClassPath$3@5000022e)
OBJ 500002c6 (sz=24, trace=300136, class=java.lang.StringBuilder@50000123)
ARR 500002c7 (sz=48, trace=300137, nelems=0, elem type=char[])
OBJ 500002c8 (sz=24, trace=300146, class=java.lang.StringBuffer@50000124)
ARR 500002c9 (sz=200, trace=300147, nelems=0, elem type=char[])
ARR 500002ca (sz=200, trace=300148, nelems=0, elem type=char[])
OBJ 500002cb (sz=24, trace=300149, class=java.lang.String@5000016f)
ARR 500002cc (sz=200, trace=300011, nelems=0, elem type=char[])
ARR 500002cd (sz=392, trace=300011, nelems=0, elem type=char[])
OBJ 500002ce (sz=24, trace=300150, class=java.lang.String@5000016f)
	value		500002cf
ARR 500002cf (sz=188, trace=300151, nelems=94, elem type=char[])
OBJ 500002d0 (sz=64, trace=300152, class=java.net.URL@5000011b)
	protocol	50001d44
	host		5000149a
	file		500002ce
	authority	5000149a
	path		500002ce
	handler		50001e76
OBJ 500002d1 (sz=24, trace=300153, class=java.net.Parts@50000010)
OBJ 500002d2 (sz=48, trace=300154, class=sun.misc.URLClassPath$JarLoader@50000231)
	base		500002d0
	csu		50001e81
	metaIndex	50001e50
	handler		50001e76
	lmap		50001e77
OBJ 500002d3 (sz=32, trace=300155, class=java.io.File@5000011d)
ARR 500002d4 (sz=280, trace=300071, nelems=0, elem type=byte[])
ARR 500002d5 (sz=104, trace=300072, nelems=0, elem type=byte[])
OBJ 500002d6 (sz=24, trace=300073, class=java.lang.String@5000016f)
ARR 500002d7 (sz=40, trace=300074, nelems=0, elem type=char[])
OBJ 500002d8 (sz=32, trace=300159, class=java.util.HashMap$Node@500000b9)
	key		500002c3
	value		500002d2
	next		5000030a
OBJ 500002d9 (sz=24, trace=300126, class=java.lang.StringBuilder@50000123)
ARR 500002da (sz=48, trace=300127, nelems=0, elem type=char[])
ARR 500002db (sz=200, trace=300011, nelems=0, elem type=char[])
OBJ 500002dc (sz=24, trace=300128, class=java.lang.String@5000016f)
	value		500002dd
ARR 500002dd (sz=184, trace=300129, nelems=92, elem type=char[])
OBJ 500002de (sz=24, trace=300131, class=sun.misc.URLClassPath$3@5000022e)
OBJ 500002df (sz=24, trace=300136, class=java.lang.StringBuilder@50000123)
ARR 500002e0 (sz=48, trace=300137, nelems=0, elem type=char[])
OBJ 500002e1 (sz=24, trace=300146, class=java.lang.StringBuffer@50000124)
ARR 500002e2 (sz=200, trace=300147, nelems=0, elem type=char[])
ARR 500002e3 (sz=200, trace=300148, nelems=0, elem type=char[])
OBJ 500002e4 (sz=24, trace=300149, class=java.lang.String@5000016f)
ARR 500002e5 (sz=200, trace=300011, nelems=0, elem type=char[])
ARR 500002e6 (sz=384, trace=300011, nelems=0, elem type=char[])
OBJ 500002e7 (sz=24, trace=300150, class=java.lang.String@5000016f)
	value		500002e8
ARR 500002e8 (sz=184, trace=300151, nelems=92, elem type=char[])
OBJ 500002e9 (sz=64, trace=300152, class=java.net.URL@5000011b)
	protocol	50001d44
	host		5000149a
	file		500002e7
	authority	5000149a
	path		500002e7
	handler		50001e76
OBJ 500002ea (sz=24, trace=300153, class=java.net.Parts@50000010)
OBJ 500002eb (sz=48, trace=300154, class=sun.misc.URLClassPath$JarLoader@50000231)
	base		500002e9
	csu		50001e82
	metaIndex	50001e3a
	handler		50001e76
	lmap		50001e77
OBJ 500002ec (sz=32, trace=300155, class=java.io.File@5000011d)
ARR 500002ed (sz=272, trace=300071, nelems=0, elem type=byte[])
ARR 500002ee (sz=104, trace=300072, nelems=0, elem type=byte[])
OBJ 500002ef (sz=24, trace=300073, class=java.lang.String@5000016f)
ARR 500002f0 (sz=40, trace=300074, nelems=0, elem type=char[])
OBJ 500002f1 (sz=32, trace=300158, class=java.util.HashMap$Node@500000b9)
	key		500002dc
	value		500002eb
OBJ 500002f2 (sz=24, trace=300126, class=java.lang.StringBuilder@50000123)
ARR 500002f3 (sz=48, trace=300127, nelems=0, elem type=char[])
ARR 500002f4 (sz=224, trace=300011, nelems=0, elem type=char[])
OBJ 500002f5 (sz=24, trace=300128, class=java.lang.String@5000016f)
	value		500002f6
ARR 500002f6 (sz=204, trace=300129, nelems=102, elem type=char[])
OBJ 500002f7 (sz=24, trace=300131, class=sun.misc.URLClassPath$3@5000022e)
OBJ 500002f8 (sz=24, trace=300136, class=java.lang.StringBuilder@50000123)
ARR 500002f9 (sz=48, trace=300137, nelems=0, elem type=char[])
OBJ 500002fa (sz=24, trace=300146, class=java.lang.StringBuffer@50000124)
ARR 500002fb (sz=216, trace=300147, nelems=0, elem type=char[])
ARR 500002fc (sz=216, trace=300148, nelems=0, elem type=char[])
OBJ 500002fd (sz=24, trace=300149, class=java.lang.String@5000016f)
ARR 500002fe (sz=216, trace=300011, nelems=0, elem type=char[])
ARR 500002ff (sz=424, trace=300011, nelems=0, elem type=char[])
OBJ 50000300 (sz=24, trace=300150, class=java.lang.String@5000016f)
	value		50000301
ARR 50000301 (sz=204, trace=300151, nelems=102, elem type=char[])
OBJ 50000302 (sz=64, trace=300152, class=java.net.URL@5000011b)
	protocol	50001d44
	host		5000149a
	file		50000300
	authority	5000149a
	path		50000300
	handler		50001e76
OBJ 50000303 (sz=24, trace=300153, class=java.net.Parts@50000010)
OBJ 50000304 (sz=48, trace=300154, class=sun.misc.URLClassPath$JarLoader@50000231)
	base		50000302
	csu		50001e83
	metaIndex	50001e2e
	handler		50001e76
	lmap		50001e77
OBJ 50000305 (sz=32, trace=300155, class=java.io.File@5000011d)
ARR 50000306 (sz=304, trace=300071, nelems=0, elem type=byte[])
ARR 50000307 (sz=112, trace=300072, nelems=0, elem type=byte[])
OBJ 50000308 (sz=24, trace=300073, class=java.lang.String@5000016f)
ARR 50000309 (sz=56, trace=300074, nelems=0, elem type=char[])
OBJ 5000030a (sz=32, trace=300159, class=java.util.HashMap$Node@500000b9)
	key		500002f5
	value		50000304
OBJ 5000030b (sz=24, trace=300126, class=java.lang.StringBuilder@50000123)
ARR 5000030c (sz=48, trace=300127, nelems=0, elem type=char[])
ARR 5000030d (sz=208, trace=300011, nelems=0, elem type=char[])
OBJ 5000030e (sz=24, trace=300128, class=java.lang.String@5000016f)
	value		5000030f
ARR 5000030f (sz=192, trace=300129, nelems=96, elem type=char[])
OBJ 50000310 (sz=24, trace=300131, class=sun.misc.URLClassPath$3@5000022e)
OBJ 50000311 (sz=24, trace=300136, class=java.lang.StringBuilder@50000123)
ARR 50000312 (sz=48, trace=300137, nelems=0, elem type=char[])
OBJ 50000313 (sz=24, trace=300146, class=java.lang.StringBuffer@50000124)
ARR 50000314 (sz=208, trace=300147, nelems=0, elem type=char[])
ARR 50000315 (sz=208, trace=300148, nelems=0, elem type=char[])
OBJ 50000316 (sz=24, trace=300149, class=java.lang.String@5000016f)
ARR 50000317 (sz=208, trace=300011, nelems=0, elem type=char[])
ARR 50000318 (sz=400, trace=300011, nelems=0, elem type=char[])
OBJ 50000319 (sz=24, trace=300150, class=java.lang.String@5000016f)
	value		5000031a
ARR 5000031a (sz=192, trace=300151, nelems=96, elem type=char[])
OBJ 5000031b (sz=64, trace=300152, class=java.net.URL@5000011b)
	protocol	50001d44
	host		5000149a
	file		50000319
	authority	5000149a
	path		50000319
	handler		50001e76
OBJ 5000031c (sz=24, trace=300153, class=java.net.Parts@50000010)
OBJ 5000031d (sz=48, trace=300154, class=sun.misc.URLClassPath$JarLoader@50000231)
	base		5000031b
	csu		50001e84
	metaIndex	50001e5b
	handler		50001e76
	lmap		50001e77
OBJ 5000031e (sz=32, trace=300155, class=java.io.File@5000011d)
ARR 5000031f (sz=288, trace=300071, nelems=0, elem type=byte[])
ARR 50000320 (sz=112, trace=300072, nelems=0, elem type=byte[])
OBJ 50000321 (sz=24, trace=300073, class=java.lang.String@5000016f)
ARR 50000322 (sz=48, trace=300074, nelems=0, elem type=char[])
OBJ 50000323 (sz=32, trace=300159, class=java.util.HashMap$Node@500000b9)
	key		5000030e
	value		5000031d
OBJ 50000324 (sz=24, trace=300126, class=java.lang.StringBuilder@50000123)
ARR 50000325 (sz=48, trace=300127, nelems=0, elem type=char[])
ARR 50000326 (sz=200, trace=300011, nelems=0, elem type=char[])
OBJ 50000327 (sz=24, trace=300128, class=java.lang.String@5000016f)
	value		50000328
ARR 50000328 (sz=184, trace=300129, nelems=92, elem type=char[])
OBJ 50000329 (sz=24, trace=300131, class=sun.misc.URLClassPath$3@5000022e)
OBJ 5000032a (sz=24, trace=300136, class=java.lang.StringBuilder@50000123)
ARR 5000032b (sz=48, trace=300137, nelems=0, elem type=char[])
OBJ 5000032c (sz=24, trace=300146, class=java.lang.StringBuffer@50000124)
ARR 5000032d (sz=200, trace=300147, nelems=0, elem type=char[])
ARR 5000032e (sz=200, trace=300148, nelems=0, elem type=char[])
OBJ 5000032f (sz=24, trace=300149, class=java.lang.String@5000016f)
ARR 50000330 (sz=200, trace=300011, nelems=0, elem type=char[])
ARR 50000331 (sz=384, trace=300011, nelems=0, elem type=char[])
OBJ 50000332 (sz=24, trace=300150, class=java.lang.String@5000016f)
	value		50000333
ARR 50000333 (sz=184, trace=300151, nelems=92, elem type=char[])
OBJ 50000334 (sz=64, trace=300152, class=java.net.URL@5000011b)
	protocol	50001d44
	host		5000149a
	file		50000332
	authority	5000149a
	path		50000332
	handler		50001e76
OBJ 50000335 (sz=24, trace=300153, class=java.net.Parts@50000010)
OBJ 50000336 (sz=48, trace=300154, class=sun.misc.URLClassPath$JarLoader@50000231)
	base		50000334
	csu		50001e85
	metaIndex	50001dd5
	handler		50001e76
	lmap		50001e77
OBJ 50000337 (sz=32, trace=300155, class=java.io.File@5000011d)
ARR 50000338 (sz=272, trace=300071, nelems=0, elem type=byte[])
ARR 50000339 (sz=104, trace=300072, nelems=0, elem type=byte[])
OBJ 5000033a (sz=24, trace=300073, class=java.lang.String@5000016f)
ARR 5000033b (sz=40, trace=300074, nelems=0, elem type=char[])
OBJ 5000033c (sz=32, trace=300158, class=java.util.HashMap$Node@500000b9)
	key		50000327
	value		50000336
OBJ 5000033d (sz=24, trace=300126, class=java.lang.StringBuilder@50000123)
ARR 5000033e (sz=48, trace=300127, nelems=0, elem type=char[])
ARR 5000033f (sz=136, trace=300011, nelems=0, elem type=char[])
OBJ 50000340 (sz=24, trace=300128, class=java.lang.String@5000016f)
ARR 50000341 (sz=136, trace=300129, nelems=0, elem type=char[])
OBJ 50000342 (sz=24, trace=300131, class=sun.misc.URLClassPath$3@5000022e)
OBJ 50000343 (sz=24, trace=300136, class=java.lang.StringBuilder@50000123)
ARR 50000344 (sz=48, trace=300137, nelems=0, elem type=char[])
OBJ 50000345 (sz=24, trace=300146, class=java.lang.StringBuffer@50000124)
ARR 50000346 (sz=136, trace=300147, nelems=0, elem type=char[])
ARR 50000347 (sz=136, trace=300148, nelems=0, elem type=char[])
OBJ 50000348 (sz=24, trace=300149, class=java.lang.String@5000016f)
ARR 50000349 (sz=136, trace=300011, nelems=0, elem type=char[])
ARR 5000034a (sz=256, trace=300011, nelems=0, elem type=char[])
OBJ 5000034b (sz=24, trace=300150, class=java.lang.String@5000016f)
	value		5000034c
ARR 5000034c (sz=120, trace=300151, nelems=60, elem type=char[])
OBJ 5000034d (sz=64, trace=300152, class=java.net.URL@5000011b)
	protocol	50001d44
	host		5000149a
	file		5000034b
	authority	5000149a
	path		5000034b
	handler		50001e76
OBJ 5000034e (sz=24, trace=300153, class=java.net.Parts@50000010)
OBJ 5000034f (sz=48, trace=300154, class=sun.misc.URLClassPath$JarLoader@50000231)
	base		5000034d
	jar		500003b5
	csu		50001e86
	index		5000040a
	handler		50001e76
	lmap		50001e77
OBJ 50000350 (sz=32, trace=300155, class=java.io.File@5000011d)
OBJ 50000352 (sz=16, trace=300161, class=sun.misc.URLClassPath$JarLoader$1@50000351)
OBJ 50000354 (sz=24, trace=300163, class=sun.misc.FileURLMapper@50000353)
OBJ 50000355 (sz=32, trace=300164, class=java.io.File@5000011d)
ARR 50000356 (sz=176, trace=300071, nelems=0, elem type=byte[])
ARR 50000357 (sz=72, trace=300072, nelems=0, elem type=byte[])
OBJ 50000358 (sz=24, trace=300073, class=java.lang.String@5000016f)
ARR 50000359 (sz=64, trace=300074, nelems=0, elem type=char[])
OBJ 5000035d (sz=16, trace=300167, class=java.util.jar.JavaUtilJarAccessImpl@5000035c)
ARR 5000035e (sz=20, trace=300168, nelems=10, elem type=char[])
ARR 5000035f (sz=512, trace=300169, nelems=128, elem type=int[])
ARR 50000360 (sz=40, trace=300170, nelems=10, elem type=int[])
OBJ 50000361 (sz=32, trace=300171, class=java.io.File@5000011d)
ARR 50000363 (sz=32, trace=300173, nelems=0, elem type=char[])
OBJ 50000364 (sz=24, trace=300174, class=java.lang.String@5000016f)
ARR 50000365 (sz=32, trace=300175, nelems=0, elem type=char[])
OBJ 50000367 (sz=24, trace=300177, class=sun.nio.cs.US_ASCII@50000366)
	name		50001b73
	aliases		50001b72
ARR 50000368 (sz=24, trace=300178, nelems=0, elem type=java.lang.Object[]@5000010a)
ARR 50000369 (sz=40, trace=300173, nelems=0, elem type=char[])
OBJ 5000036a (sz=24, trace=300174, class=java.lang.String@5000016f)
ARR 5000036b (sz=40, trace=300175, nelems=0, elem type=char[])
OBJ 5000036c (sz=24, trace=300179, class=java.lang.StringBuilder@50000123)
ARR 5000036d (sz=48, trace=300180, nelems=0, elem type=char[])
ARR 5000036e (sz=88, trace=300011, nelems=0, elem type=char[])
OBJ 5000036f (sz=24, trace=300181, class=java.lang.String@5000016f)
ARR 50000370 (sz=64, trace=300182, nelems=0, elem type=char[])
ARR 50000372 (sz=16, trace=300184, nelems=0, elem type=java.lang.Class[]@50000105)
OBJ 50000373 (sz=56, trace=300185, class=java.lang.Class$ReflectionData@500000b6)
OBJ 50000374 (sz=40, trace=300041, class=java.lang.ref.SoftReference@50000153)
OBJ 50000375 (sz=80, trace=300186, class=java.lang.reflect.Constructor@5000013f)
OBJ 50000376 (sz=24, trace=300187, class=java.lang.Class$1@500000a1)
OBJ 50000377 (sz=24, trace=300188, class=sun.reflect.NativeConstructorAccessorImpl@5000009f)
OBJ 50000378 (sz=16, trace=300189, class=sun.reflect.DelegatingConstructorAccessorImpl@5000009e)
OBJ 50000379 (sz=24, trace=300190, class=sun.nio.cs.ISO_8859_1@50000371)
	name		50001c44
	aliases		50001bd9
ARR 5000037a (sz=24, trace=300178, nelems=0, elem type=java.lang.Object[]@5000010a)
ARR 5000037b (sz=32, trace=300173, nelems=0, elem type=char[])
OBJ 5000037c (sz=24, trace=300174, class=java.lang.String@5000016f)
ARR 5000037d (sz=32, trace=300175, nelems=0, elem type=char[])
ARR 5000037e (sz=24, trace=300178, nelems=0, elem type=java.lang.Object[]@5000010a)
ARR 5000037f (sz=32, trace=300173, nelems=0, elem type=char[])
OBJ 50000380 (sz=24, trace=300174, class=java.lang.String@5000016f)
ARR 50000381 (sz=32, trace=300175, nelems=0, elem type=char[])
OBJ 50000382 (sz=24, trace=300179, class=java.lang.StringBuilder@50000123)
ARR 50000383 (sz=48, trace=300180, nelems=0, elem type=char[])
ARR 50000384 (sz=88, trace=300011, nelems=0, elem type=char[])
OBJ 50000385 (sz=24, trace=300181, class=java.lang.String@5000016f)
ARR 50000386 (sz=56, trace=300182, nelems=0, elem type=char[])
ARR 50000388 (sz=16, trace=300184, nelems=0, elem type=java.lang.Class[]@50000105)
OBJ 50000389 (sz=56, trace=300185, class=java.lang.Class$ReflectionData@500000b6)
OBJ 5000038a (sz=40, trace=300041, class=java.lang.ref.SoftReference@50000153)
OBJ 5000038b (sz=80, trace=300186, class=java.lang.reflect.Constructor@5000013f)
OBJ 5000038c (sz=24, trace=300187, class=java.lang.Class$1@500000a1)
OBJ 5000038d (sz=24, trace=300188, class=sun.reflect.NativeConstructorAccessorImpl@5000009f)
OBJ 5000038e (sz=16, trace=300189, class=sun.reflect.DelegatingConstructorAccessorImpl@5000009e)
OBJ 5000038f (sz=24, trace=300191, class=sun.nio.cs.UTF_16BE@50000387)
	name		50001c46
	aliases		50001be1
ARR 50000390 (sz=24, trace=300178, nelems=0, elem type=java.lang.Object[]@5000010a)
ARR 50000391 (sz=32, trace=300173, nelems=0, elem type=char[])
OBJ 50000392 (sz=24, trace=300174, class=java.lang.String@5000016f)
ARR 50000393 (sz=32, trace=300175, nelems=0, elem type=char[])
OBJ 50000394 (sz=24, trace=300179, class=java.lang.StringBuilder@50000123)
ARR 50000395 (sz=48, trace=300180, nelems=0, elem type=char[])
ARR 50000396 (sz=88, trace=300011, nelems=0, elem type=char[])
OBJ 50000397 (sz=24, trace=300181, class=java.lang.String@5000016f)
ARR 50000398 (sz=56, trace=300182, nelems=0, elem type=char[])
ARR 5000039a (sz=16, trace=300184, nelems=0, elem type=java.lang.Class[]@50000105)
OBJ 5000039b (sz=56, trace=300185, class=java.lang.Class$ReflectionData@500000b6)
OBJ 5000039c (sz=40, trace=300041, class=java.lang.ref.SoftReference@50000153)
OBJ 5000039d (sz=80, trace=300186, class=java.lang.reflect.Constructor@5000013f)
OBJ 5000039e (sz=24, trace=300187, class=java.lang.Class$1@500000a1)
OBJ 5000039f (sz=24, trace=300188, class=sun.reflect.NativeConstructorAccessorImpl@5000009f)
OBJ 500003a0 (sz=16, trace=300189, class=sun.reflect.DelegatingConstructorAccessorImpl@5000009e)
OBJ 500003a1 (sz=24, trace=300192, class=sun.nio.cs.UTF_16LE@50000399)
	name		50001c50
	aliases		50001be0
ARR 500003a2 (sz=24, trace=300178, nelems=0, elem type=java.lang.Object[]@5000010a)
ARR 500003a3 (sz=32, trace=300173, nelems=0, elem type=char[])
OBJ 500003a4 (sz=24, trace=300174, class=java.lang.String@5000016f)
ARR 500003a5 (sz=32, trace=300175, nelems=0, elem type=char[])
OBJ 500003a6 (sz=24, trace=300179, class=java.lang.StringBuilder@50000123)
ARR 500003a7 (sz=48, trace=300180, nelems=0, elem type=char[])
ARR 500003a8 (sz=88, trace=300011, nelems=0, elem type=char[])
OBJ 500003a9 (sz=24, trace=300181, class=java.lang.String@5000016f)
ARR 500003aa (sz=56, trace=300182, nelems=0, elem type=char[])
ARR 500003ac (sz=16, trace=300184, nelems=0, elem type=java.lang.Class[]@50000105)
OBJ 500003ad (sz=56, trace=300185, class=java.lang.Class$ReflectionData@500000b6)
OBJ 500003ae (sz=40, trace=300041, class=java.lang.ref.SoftReference@50000153)
OBJ 500003af (sz=80, trace=300186, class=java.lang.reflect.Constructor@5000013f)
OBJ 500003b0 (sz=24, trace=300187, class=java.lang.Class$1@500000a1)
OBJ 500003b1 (sz=24, trace=300188, class=sun.reflect.NativeConstructorAccessorImpl@5000009f)
OBJ 500003b2 (sz=16, trace=300189, class=sun.reflect.DelegatingConstructorAccessorImpl@5000009e)
OBJ 500003b3 (sz=24, trace=300193, class=sun.nio.cs.UTF_16@500003ab)
	name		50001c49
	aliases		50001be2
ARR 500003b4 (sz=24, trace=300178, nelems=0, elem type=java.lang.Object[]@5000010a)
OBJ 500003b5 (sz=64, trace=300194, class=java.util.jar.JarFile@5000035a)
	name		50001eb4
	zc		500003c1
	streams		500003b7
	inflaterCache	500003be
OBJ 500003b6 (sz=40, trace=300098, class=java.lang.ref.Finalizer@5000014e)
	referent	500003b5
	queue		50001391
	next		50000204
	prev		500003fb
OBJ 500003b7 (sz=48, trace=300195, class=java.util.WeakHashMap@500000ac)
	table		500003ba
	queue		500003b8
OBJ 500003b8 (sz=32, trace=300196, class=java.lang.ref.ReferenceQueue@500000de)
	lock		500003b9
OBJ 500003b9 (sz=16, trace=300197, class=java.lang.ref.ReferenceQueue$Lock@500000dc)
ARR 500003ba (sz=80, trace=300198, nelems=1, elem type=java.util.WeakHashMap$Entry[]@50000045)
	[0]		50000409
OBJ 500003be (sz=24, trace=300200, class=java.util.ArrayDeque@500003bd)
	elements	500003bf
ARR 500003bf (sz=80, trace=300201, nelems=0, elem type=java.lang.Object[]@5000010a)
OBJ 500003c1 (sz=32, trace=300203, class=java.util.zip.ZipCoder@500003c0)
	cs		50001821
	enc		500003e6
ARR 500003c2 (sz=176, trace=300204, nelems=0, elem type=byte[])
ARR 500003c3 (sz=72, trace=300072, nelems=0, elem type=byte[])
ARR 500003c4 (sz=176, trace=300205, nelems=0, elem type=byte[])
ARR 500003c5 (sz=72, trace=300072, nelems=0, elem type=byte[])
OBJ 500003c8 (sz=16, trace=300208, class=sun.misc.Perf$GetPerfAction@500003c7)
OBJ 500003ca (sz=16, trace=300210, class=sun.misc.Perf@500003c9)
OBJ 500003cc (sz=24, trace=300212, class=sun.misc.PerfCounter@500003c6)
	name		5000180a
	lb		500003d4
OBJ 500003d0 (sz=24, trace=300214, class=sun.security.action.GetPropertyAction@50000074)
OBJ 500003d1 (sz=64, trace=300215, class=java.nio.DirectByteBuffer@500003cf)
OBJ 500003d4 (sz=56, trace=300217, class=java.nio.DirectLongBufferU@500003d3)
	att		500003d1
OBJ 500003d5 (sz=24, trace=300218, class=sun.misc.PerfCounter@500003c6)
	name		5000180b
	lb		500003d7
OBJ 500003d6 (sz=64, trace=300215, class=java.nio.DirectByteBuffer@500003cf)
OBJ 500003d7 (sz=56, trace=300217, class=java.nio.DirectLongBufferU@500003d3)
	att		500003d6
OBJ 500003d8 (sz=24, trace=300219, class=sun.misc.PerfCounter@500003c6)
	name		5000180c
	lb		500003da
OBJ 500003d9 (sz=64, trace=300215, class=java.nio.DirectByteBuffer@500003cf)
OBJ 500003da (sz=56, trace=300217, class=java.nio.DirectLongBufferU@500003d3)
	att		500003d9
OBJ 500003db (sz=24, trace=300220, class=sun.misc.PerfCounter@500003c6)
	name		5000180d
	lb		500003dd
OBJ 500003dc (sz=64, trace=300215, class=java.nio.DirectByteBuffer@500003cf)
OBJ 500003dd (sz=56, trace=300217, class=java.nio.DirectLongBufferU@500003d3)
	att		500003dc
OBJ 500003de (sz=24, trace=300221, class=sun.misc.PerfCounter@500003c6)
	name		5000180e
	lb		500003e0
OBJ 500003df (sz=64, trace=300215, class=java.nio.DirectByteBuffer@500003cf)
OBJ 500003e0 (sz=56, trace=300217, class=java.nio.DirectLongBufferU@500003d3)
	att		500003df
OBJ 500003e1 (sz=24, trace=300222, class=sun.misc.PerfCounter@500003c6)
	name		5000180f
	lb		500003e3
OBJ 500003e2 (sz=64, trace=300215, class=java.nio.DirectByteBuffer@500003cf)
OBJ 500003e3 (sz=56, trace=300217, class=java.nio.DirectLongBufferU@500003d3)
	att		500003e2
ARR 500003e5 (sz=24, trace=300224, nelems=0, elem type=byte[])
OBJ 500003e6 (sz=56, trace=300225, class=sun.nio.cs.UTF_8$Encoder@50000071)
	charset		50001821
	replacement	500003e7
	malformedInputAction	50001819
	unmappableCharacterAction	50001819
ARR 500003e7 (sz=1, trace=300226, nelems=1, elem type=byte[])
ARR 500003e8 (sz=56, trace=300227, nelems=0, elem type=char[])
ARR 500003e9 (sz=80, trace=300228, nelems=0, elem type=byte[])
ARR 500003ea (sz=40, trace=300229, nelems=0, elem type=byte[])
OBJ 500003ec (sz=80, trace=300231, class=java.util.zip.ZipEntry@500003eb)
OBJ 500003ef (sz=96, trace=300233, class=java.util.jar.JarFile$JarFileEntry@500003ee)
ARR 500003f0 (sz=56, trace=300234, nelems=0, elem type=char[])
OBJ 500003f1 (sz=24, trace=300235, class=java.lang.String@5000016f)
ARR 500003f2 (sz=56, trace=300236, nelems=0, elem type=char[])
ARR 500003f3 (sz=120, trace=300234, nelems=0, elem type=char[])
OBJ 500003f4 (sz=24, trace=300235, class=java.lang.String@5000016f)
ARR 500003f5 (sz=120, trace=300236, nelems=0, elem type=char[])
ARR 500003f6 (sz=56, trace=300237, nelems=0, elem type=char[])
ARR 500003f7 (sz=80, trace=300238, nelems=0, elem type=byte[])
ARR 500003f8 (sz=40, trace=300239, nelems=0, elem type=byte[])
OBJ 500003fa (sz=56, trace=300241, class=java.util.zip.ZipFile$ZipFileInputStream@500003f9)
	this$0		500003b5
OBJ 500003fb (sz=40, trace=300098, class=java.lang.ref.Finalizer@5000014e)
	referent	500003fa
	queue		50001391
	next		500003b6
	prev		500003ff
ARR 500003fd (sz=0, trace=300243, nelems=0, elem type=byte[])
OBJ 500003fe (sz=48, trace=300244, class=java.util.zip.Inflater@500003fc)
	zsRef		50000401
	buf		50000408
OBJ 500003ff (sz=40, trace=300098, class=java.lang.ref.Finalizer@5000014e)
	referent	500003fe
	queue		50001391
	next		500003fb
	prev		50000405
OBJ 50000401 (sz=24, trace=300246, class=java.util.zip.ZStreamRef@50000400)
OBJ 50000404 (sz=56, trace=300248, class=java.util.zip.ZipFile$ZipFileInflaterInputStream@50000403)
	in		500003fa
	inf		500003fe
	buf		50000408
	singleByteBuf	50000406
	b		50000407
	zfin		500003fa
	this$0		500003b5
OBJ 50000405 (sz=40, trace=300098, class=java.lang.ref.Finalizer@5000014e)
	referent	50000404
	queue		50001391
	next		500003ff
	prev		5000046a
ARR 50000406 (sz=1, trace=300249, nelems=1, elem type=byte[])
ARR 50000407 (sz=512, trace=300250, nelems=512, elem type=byte[])
ARR 50000408 (sz=72, trace=300251, nelems=72, elem type=byte[])
OBJ 50000409 (sz=40, trace=300252, class=java.util.WeakHashMap$Entry@50000046)
	referent	50000404
	queue		500003b8
	value		500003fe
OBJ 5000040a (sz=24, trace=300253, class=sun.misc.JarIndex@500003e4)
	indexMap	5000040b
	jarMap		5000040c
	jarFiles	50000435
OBJ 5000040b (sz=48, trace=300254, class=java.util.HashMap@500000ba)
	table		50000427
OBJ 5000040c (sz=48, trace=300255, class=java.util.HashMap@500000ba)
	table		5000042b
OBJ 5000040d (sz=24, trace=300256, class=java.io.InputStreamReader@50000039)
ARR 5000040e (sz=24, trace=300173, nelems=0, elem type=char[])
OBJ 5000040f (sz=24, trace=300174, class=java.lang.String@5000016f)
ARR 50000410 (sz=24, trace=300175, nelems=0, elem type=char[])
ARR 50000411 (sz=24, trace=300257, nelems=2, elem type=java.lang.Object[]@5000010a)
	[0]		50001b83
	[1]		50001821
OBJ 50000412 (sz=40, trace=300258, class=sun.nio.cs.UTF_8$Decoder@50000094)
OBJ 50000413 (sz=48, trace=300259, class=sun.nio.cs.StreamDecoder@50000037)
ARR 50000414 (sz=8208, trace=300260, nelems=0, elem type=byte[])
OBJ 50000415 (sz=48, trace=300261, class=java.nio.HeapByteBuffer@5000006f)
OBJ 50000416 (sz=48, trace=300262, class=java.io.BufferedReader@5000003a)
ARR 50000417 (sz=16400, trace=300263, nelems=0, elem type=char[])
OBJ 50000418 (sz=32, trace=300264, class=java.util.Vector@500000e5)
ARR 50000419 (sz=56, trace=300265, nelems=0, elem type=java.lang.Object[]@5000010a)
OBJ 5000041a (sz=48, trace=300266, class=java.nio.HeapCharBuffer@50000035)
OBJ 5000041b (sz=24, trace=300267, class=java.lang.String@5000016f)
ARR 5000041c (sz=64, trace=300268, nelems=0, elem type=char[])
OBJ 5000041d (sz=24, trace=300267, class=java.lang.String@5000016f)
OBJ 5000041e (sz=24, trace=300267, class=java.lang.String@5000016f)
	value		5000041f
ARR 5000041f (sz=42, trace=300268, nelems=21, elem type=char[])
OBJ 50000420 (sz=24, trace=300269, class=java.lang.String@5000016f)
	value		50000421
ARR 50000421 (sz=10, trace=300268, nelems=5, elem type=char[])
OBJ 50000424 (sz=32, trace=300271, class=java.util.LinkedList@50000423)
	first		50000426
	last		50000426
OBJ 50000426 (sz=24, trace=300273, class=java.util.LinkedList$Node@50000425)
	item		5000041e
ARR 50000427 (sz=80, trace=300274, nelems=2, elem type=java.util.HashMap$Node[]@500000b8)
	[0]		50000431
	[1]		50000428
OBJ 50000428 (sz=32, trace=300158, class=java.util.HashMap$Node@500000b9)
	key		50000420
	value		50000424
OBJ 50000429 (sz=32, trace=300271, class=java.util.LinkedList@50000423)
	first		5000042a
	last		50000432
OBJ 5000042a (sz=24, trace=300273, class=java.util.LinkedList$Node@50000425)
	item		50000420
	next		50000432
ARR 5000042b (sz=80, trace=300274, nelems=1, elem type=java.util.HashMap$Node[]@500000b8)
	[0]		5000042c
OBJ 5000042c (sz=32, trace=300158, class=java.util.HashMap$Node@500000b9)
	key		5000041e
	value		50000429
OBJ 5000042d (sz=24, trace=300269, class=java.lang.String@5000016f)
	value		5000042e
ARR 5000042e (sz=34, trace=300268, nelems=17, elem type=char[])
OBJ 5000042f (sz=32, trace=300271, class=java.util.LinkedList@50000423)
	first		50000430
	last		50000430
OBJ 50000430 (sz=24, trace=300273, class=java.util.LinkedList$Node@50000425)
	item		5000041e
OBJ 50000431 (sz=32, trace=300158, class=java.util.HashMap$Node@500000b9)
	key		5000042d
	value		5000042f
OBJ 50000432 (sz=24, trace=300275, class=java.util.LinkedList$Node@50000425)
	item		5000042d
	prev		5000042a
OBJ 50000433 (sz=24, trace=300269, class=java.lang.String@5000016f)
OBJ 50000434 (sz=48, trace=300266, class=java.nio.HeapCharBuffer@50000035)
ARR 50000435 (sz=24, trace=300276, nelems=1, elem type=java.lang.String[]@500000cf)
	[0]		5000041e
OBJ 50000436 (sz=64, trace=300277, class=java.net.URL@5000011b)
OBJ 50000437 (sz=24, trace=300278, class=java.lang.StringBuilder@50000123)
ARR 50000438 (sz=48, trace=300279, nelems=0, elem type=char[])
OBJ 50000439 (sz=24, trace=300280, class=java.lang.String@5000016f)
ARR 5000043a (sz=80, trace=300281, nelems=0, elem type=char[])
ARR 5000043b (sz=88, trace=300011, nelems=0, elem type=char[])
ARR 5000043c (sz=160, trace=300011, nelems=0, elem type=char[])
OBJ 5000043d (sz=24, trace=300282, class=java.lang.String@5000016f)
ARR 5000043e (sz=128, trace=300283, nelems=0, elem type=char[])
OBJ 5000043f (sz=24, trace=300284, class=java.lang.StringBuilder@50000123)
ARR 50000440 (sz=48, trace=300285, nelems=0, elem type=char[])
ARR 50000441 (sz=136, trace=300011, nelems=0, elem type=char[])
OBJ 50000442 (sz=24, trace=300286, class=java.lang.String@5000016f)
	value		50000443
ARR 50000443 (sz=120, trace=300129, nelems=60, elem type=char[])
OBJ 50000444 (sz=32, trace=300158, class=java.util.HashMap$Node@500000b9)
	key		50000442
	value		5000034f
	next		500007df
ARR 50000445 (sz=80, trace=300156, nelems=0, elem type=java.lang.Object[]@5000010a)
ARR 50000446 (sz=64, trace=300227, nelems=0, elem type=char[])
ARR 50000447 (sz=80, trace=300228, nelems=0, elem type=byte[])
ARR 50000448 (sz=40, trace=300229, nelems=0, elem type=byte[])
OBJ 50000449 (sz=16, trace=300287, class=java.util.HashSet@50000005)
OBJ 5000044a (sz=48, trace=300288, class=java.util.HashMap@500000ba)
OBJ 5000044b (sz=24, trace=300289, class=java.lang.String@5000016f)
ARR 5000044c (sz=40, trace=300290, nelems=0, elem type=char[])
OBJ 5000044d (sz=24, trace=300126, class=java.lang.StringBuilder@50000123)
ARR 5000044e (sz=48, trace=300127, nelems=0, elem type=char[])
ARR 5000044f (sz=120, trace=300011, nelems=0, elem type=char[])
OBJ 50000450 (sz=24, trace=300128, class=java.lang.String@5000016f)
	value		50000451
ARR 50000451 (sz=98, trace=300129, nelems=49, elem type=char[])
OBJ 50000452 (sz=24, trace=300131, class=sun.misc.URLClassPath$3@5000022e)
OBJ 50000453 (sz=24, trace=300136, class=java.lang.StringBuilder@50000123)
ARR 50000454 (sz=48, trace=300137, nelems=0, elem type=char[])
OBJ 50000455 (sz=24, trace=300146, class=java.lang.StringBuffer@50000124)
ARR 50000456 (sz=112, trace=300147, nelems=0, elem type=char[])
ARR 50000457 (sz=112, trace=300148, nelems=0, elem type=char[])
OBJ 50000458 (sz=24, trace=300149, class=java.lang.String@5000016f)
ARR 50000459 (sz=112, trace=300011, nelems=0, elem type=char[])
ARR 5000045a (sz=208, trace=300011, nelems=0, elem type=char[])
OBJ 5000045b (sz=24, trace=300150, class=java.lang.String@5000016f)
	value		5000045c
ARR 5000045c (sz=98, trace=300151, nelems=49, elem type=char[])
OBJ 5000045d (sz=64, trace=300152, class=java.net.URL@5000011b)
	protocol	50001d44
	host		5000149a
	file		5000045b
	authority	5000149a
	path		5000045b
	handler		50001e76
OBJ 5000045e (sz=24, trace=300153, class=java.net.Parts@50000010)
OBJ 5000045f (sz=48, trace=300154, class=sun.misc.URLClassPath$JarLoader@50000231)
	base		5000045d
	jar		50000469
	csu		50001e87
	handler		50001e76
	lmap		50001e77
OBJ 50000460 (sz=32, trace=300155, class=java.io.File@5000011d)
OBJ 50000461 (sz=16, trace=300161, class=sun.misc.URLClassPath$JarLoader$1@50000351)
OBJ 50000462 (sz=24, trace=300163, class=sun.misc.FileURLMapper@50000353)
OBJ 50000463 (sz=32, trace=300164, class=java.io.File@5000011d)
ARR 50000464 (sz=144, trace=300071, nelems=0, elem type=byte[])
ARR 50000465 (sz=64, trace=300072, nelems=0, elem type=byte[])
OBJ 50000466 (sz=24, trace=300073, class=java.lang.String@5000016f)
ARR 50000467 (sz=40, trace=300074, nelems=0, elem type=char[])
OBJ 50000468 (sz=32, trace=300171, class=java.io.File@5000011d)
OBJ 50000469 (sz=64, trace=300194, class=java.util.jar.JarFile@5000035a)
	name		50001eb2
	zc		50000471
	streams		5000046b
	inflaterCache	5000046f
	manEntry	500004ae
OBJ 5000046a (sz=40, trace=300098, class=java.lang.ref.Finalizer@5000014e)
	referent	50000469
	queue		50001391
	next		50000405
	prev		500004b3
OBJ 5000046b (sz=48, trace=300195, class=java.util.WeakHashMap@500000ac)
	table		5000046e
	queue		5000046c
OBJ 5000046c (sz=32, trace=300196, class=java.lang.ref.ReferenceQueue@500000de)
	lock		5000046d
OBJ 5000046d (sz=16, trace=300197, class=java.lang.ref.ReferenceQueue$Lock@500000dc)
ARR 5000046e (sz=80, trace=300198, nelems=0, elem type=java.util.WeakHashMap$Entry[]@50000045)
OBJ 5000046f (sz=24, trace=300200, class=java.util.ArrayDeque@500003bd)
	elements	50000470
ARR 50000470 (sz=80, trace=300201, nelems=1, elem type=java.lang.Object[]@5000010a)
	[0]		500004b4
OBJ 50000471 (sz=32, trace=300203, class=java.util.zip.ZipCoder@500003c0)
	cs		50001821
	enc		50000477
ARR 50000472 (sz=144, trace=300204, nelems=0, elem type=byte[])
ARR 50000473 (sz=64, trace=300072, nelems=0, elem type=byte[])
ARR 50000474 (sz=144, trace=300205, nelems=0, elem type=byte[])
ARR 50000475 (sz=64, trace=300072, nelems=0, elem type=byte[])
ARR 50000476 (sz=24, trace=300224, nelems=0, elem type=byte[])
OBJ 50000477 (sz=56, trace=300225, class=sun.nio.cs.UTF_8$Encoder@50000071)
	charset		50001821
	replacement	50000478
	malformedInputAction	50001819
	unmappableCharacterAction	50001819
ARR 50000478 (sz=1, trace=300226, nelems=1, elem type=byte[])
ARR 50000479 (sz=56, trace=300227, nelems=0, elem type=char[])
ARR 5000047a (sz=80, trace=300228, nelems=0, elem type=byte[])
ARR 5000047b (sz=40, trace=300229, nelems=0, elem type=byte[])
OBJ 5000047d (sz=24, trace=300292, class=sun.security.action.GetPropertyAction@50000074)
ARR 5000047e (sz=64, trace=300293, nelems=11, elem type=java.lang.String[]@500000cf)
	[0]		50000481
	[1]		50000485
	[2]		50000489
	[3]		5000048d
	[4]		50000491
	[5]		50000495
	[6]		50000499
	[7]		500017e3
	[8]		5000049e
	[9]		500004a3
	[10]		500004a8
OBJ 5000047f (sz=24, trace=300294, class=java.lang.StringBuilder@50000123)
ARR 50000480 (sz=48, trace=300295, nelems=0, elem type=char[])
OBJ 50000481 (sz=24, trace=300296, class=java.lang.String@5000016f)
	value		50000482
ARR 50000482 (sz=14, trace=300297, nelems=7, elem type=char[])
OBJ 50000483 (sz=24, trace=300298, class=java.lang.StringBuilder@50000123)
ARR 50000484 (sz=48, trace=300299, nelems=0, elem type=char[])
OBJ 50000485 (sz=24, trace=300300, class=java.lang.String@5000016f)
	value		50000486
ARR 50000486 (sz=18, trace=300301, nelems=9, elem type=char[])
OBJ 50000487 (sz=24, trace=300302, class=java.lang.StringBuilder@50000123)
ARR 50000488 (sz=48, trace=300303, nelems=0, elem type=char[])
OBJ 50000489 (sz=24, trace=300304, class=java.lang.String@5000016f)
	value		5000048a
ARR 5000048a (sz=16, trace=300305, nelems=8, elem type=char[])
OBJ 5000048b (sz=24, trace=300306, class=java.lang.StringBuilder@50000123)
ARR 5000048c (sz=48, trace=300307, nelems=0, elem type=char[])
OBJ 5000048d (sz=24, trace=300308, class=java.lang.String@5000016f)
	value		5000048e
ARR 5000048e (sz=26, trace=300309, nelems=13, elem type=char[])
OBJ 5000048f (sz=24, trace=300310, class=java.lang.StringBuilder@50000123)
ARR 50000490 (sz=48, trace=300311, nelems=0, elem type=char[])
OBJ 50000491 (sz=24, trace=300312, class=java.lang.String@5000016f)
	value		50000492
ARR 50000492 (sz=20, trace=300313, nelems=10, elem type=char[])
OBJ 50000493 (sz=24, trace=300314, class=java.lang.StringBuilder@50000123)
ARR 50000494 (sz=48, trace=300315, nelems=0, elem type=char[])
OBJ 50000495 (sz=24, trace=300316, class=java.lang.String@5000016f)
	value		50000496
ARR 50000496 (sz=20, trace=300317, nelems=10, elem type=char[])
OBJ 50000497 (sz=24, trace=300318, class=java.lang.StringBuilder@50000123)
ARR 50000498 (sz=48, trace=300319, nelems=0, elem type=char[])
OBJ 50000499 (sz=24, trace=300320, class=java.lang.String@5000016f)
	value		5000049a
ARR 5000049a (sz=30, trace=300321, nelems=15, elem type=char[])
OBJ 5000049b (sz=24, trace=300322, class=java.lang.StringBuilder@50000123)
ARR 5000049c (sz=48, trace=300323, nelems=0, elem type=char[])
ARR 5000049d (sz=88, trace=300011, nelems=0, elem type=char[])
OBJ 5000049e (sz=24, trace=300324, class=java.lang.String@5000016f)
	value		5000049f
ARR 5000049f (sz=62, trace=300325, nelems=31, elem type=char[])
OBJ 500004a0 (sz=24, trace=300326, class=java.lang.StringBuilder@50000123)
ARR 500004a1 (sz=48, trace=300327, nelems=0, elem type=char[])
ARR 500004a2 (sz=88, trace=300011, nelems=0, elem type=char[])
OBJ 500004a3 (sz=24, trace=300328, class=java.lang.String@5000016f)
	value		500004a4
ARR 500004a4 (sz=50, trace=300329, nelems=25, elem type=char[])
OBJ 500004a5 (sz=24, trace=300330, class=java.lang.StringBuilder@50000123)
ARR 500004a6 (sz=48, trace=300331, nelems=0, elem type=char[])
ARR 500004a7 (sz=88, trace=300011, nelems=0, elem type=char[])
OBJ 500004a8 (sz=24, trace=300332, class=java.lang.String@5000016f)
	value		500004a9
ARR 500004a9 (sz=42, trace=300333, nelems=21, elem type=char[])
ARR 500004aa (sz=56, trace=300227, nelems=0, elem type=char[])
ARR 500004ab (sz=80, trace=300228, nelems=0, elem type=byte[])
ARR 500004ac (sz=40, trace=300229, nelems=0, elem type=byte[])
OBJ 500004ad (sz=80, trace=300231, class=java.util.zip.ZipEntry@500003eb)
OBJ 500004ae (sz=96, trace=300233, class=java.util.jar.JarFile$JarFileEntry@500003ee)
	name		500017da
	this$0		50000469
ARR 500004af (sz=56, trace=300334, nelems=0, elem type=char[])
ARR 500004b0 (sz=80, trace=300335, nelems=0, elem type=byte[])
ARR 500004b1 (sz=40, trace=300336, nelems=0, elem type=byte[])
OBJ 500004b2 (sz=56, trace=300337, class=java.util.zip.ZipFile$ZipFileInputStream@500003f9)
	this$0		50000469
OBJ 500004b3 (sz=40, trace=300098, class=java.lang.ref.Finalizer@5000014e)
	referent	500004b2
	queue		50001391
	next		5000046a
	prev		500004b5
OBJ 500004b4 (sz=48, trace=300338, class=java.util.zip.Inflater@500003fc)
	zsRef		500004b6
	buf		500003fd
OBJ 500004b5 (sz=40, trace=300098, class=java.lang.ref.Finalizer@5000014e)
	referent	500004b4
	queue		50001391
	next		500004b3
	prev		500004b8
OBJ 500004b6 (sz=24, trace=300246, class=java.util.zip.ZStreamRef@50000400)
OBJ 500004b7 (sz=56, trace=300248, class=java.util.zip.ZipFile$ZipFileInflaterInputStream@50000403)
	in		500004b2
	inf		500004b4
	buf		500004bb
	singleByteBuf	500004b9
	b		500004ba
	zfin		500004b2
	this$0		50000469
OBJ 500004b8 (sz=40, trace=300098, class=java.lang.ref.Finalizer@5000014e)
	referent	500004b7
	queue		50001391
	next		500004b5
	prev		500004e1
ARR 500004b9 (sz=1, trace=300339, nelems=1, elem type=byte[])
ARR 500004ba (sz=512, trace=300340, nelems=512, elem type=byte[])
ARR 500004bb (sz=62, trace=300341, nelems=62, elem type=byte[])
OBJ 500004bc (sz=40, trace=300252, class=java.util.WeakHashMap$Entry@50000046)
ARR 500004be (sz=16, trace=300343, nelems=0, elem type=byte[])
ARR 500004bf (sz=80, trace=300344, nelems=0, elem type=byte[])
OBJ 500004c0 (sz=32, trace=300159, class=java.util.HashMap$Node@500000b9)
	key		50000450
	value		5000045f
ARR 500004c1 (sz=64, trace=300227, nelems=0, elem type=char[])
ARR 500004c2 (sz=80, trace=300228, nelems=0, elem type=byte[])
ARR 500004c3 (sz=40, trace=300229, nelems=0, elem type=byte[])
OBJ 500004c4 (sz=24, trace=300126, class=java.lang.StringBuilder@50000123)
ARR 500004c5 (sz=48, trace=300127, nelems=0, elem type=char[])
ARR 500004c6 (sz=120, trace=300011, nelems=0, elem type=char[])
OBJ 500004c7 (sz=24, trace=300128, class=java.lang.String@5000016f)
ARR 500004c8 (sz=120, trace=300129, nelems=0, elem type=char[])
OBJ 500004c9 (sz=24, trace=300131, class=sun.misc.URLClassPath$3@5000022e)
OBJ 500004ca (sz=24, trace=300136, class=java.lang.StringBuilder@50000123)
ARR 500004cb (sz=48, trace=300137, nelems=0, elem type=char[])
OBJ 500004cc (sz=24, trace=300146, class=java.lang.StringBuffer@50000124)
ARR 500004cd (sz=120, trace=300147, nelems=0, elem type=char[])
ARR 500004ce (sz=120, trace=300148, nelems=0, elem type=char[])
OBJ 500004cf (sz=24, trace=300149, class=java.lang.String@5000016f)
ARR 500004d0 (sz=120, trace=300011, nelems=0, elem type=char[])
ARR 500004d1 (sz=216, trace=300011, nelems=0, elem type=char[])
OBJ 500004d2 (sz=24, trace=300150, class=java.lang.String@5000016f)
	value		500004d3
ARR 500004d3 (sz=102, trace=300151, nelems=51, elem type=char[])
OBJ 500004d4 (sz=64, trace=300152, class=java.net.URL@5000011b)
	protocol	50001d44
	host		5000149a
	file		500004d2
	authority	5000149a
	path		500004d2
	handler		50001e76
OBJ 500004d5 (sz=24, trace=300153, class=java.net.Parts@50000010)
OBJ 500004d6 (sz=48, trace=300154, class=sun.misc.URLClassPath$JarLoader@50000231)
	base		500004d4
	jar		500004e0
	csu		50001e88
	index		50000503
	handler		50001e76
	lmap		50001e77
OBJ 500004d7 (sz=32, trace=300155, class=java.io.File@5000011d)
OBJ 500004d8 (sz=16, trace=300161, class=sun.misc.URLClassPath$JarLoader$1@50000351)
OBJ 500004d9 (sz=24, trace=300163, class=sun.misc.FileURLMapper@50000353)
OBJ 500004da (sz=32, trace=300164, class=java.io.File@5000011d)
ARR 500004db (sz=152, trace=300071, nelems=0, elem type=byte[])
ARR 500004dc (sz=64, trace=300072, nelems=0, elem type=byte[])
OBJ 500004dd (sz=24, trace=300073, class=java.lang.String@5000016f)
ARR 500004de (sz=40, trace=300074, nelems=0, elem type=char[])
OBJ 500004df (sz=32, trace=300171, class=java.io.File@5000011d)
OBJ 500004e0 (sz=64, trace=300194, class=java.util.jar.JarFile@5000035a)
	name		50001eb0
	zc		500004e8
	streams		500004e2
	inflaterCache	500004e6
OBJ 500004e1 (sz=40, trace=300098, class=java.lang.ref.Finalizer@5000014e)
	referent	500004e0
	queue		50001391
	next		500004b8
	prev		500004f9
OBJ 500004e2 (sz=48, trace=300195, class=java.util.WeakHashMap@500000ac)
	table		500004e5
	queue		500004e3
OBJ 500004e3 (sz=32, trace=300196, class=java.lang.ref.ReferenceQueue@500000de)
	lock		500004e4
OBJ 500004e4 (sz=16, trace=300197, class=java.lang.ref.ReferenceQueue$Lock@500000dc)
ARR 500004e5 (sz=80, trace=300198, nelems=9, elem type=java.util.WeakHashMap$Entry[]@50000045)
	[8]		50000502
OBJ 500004e6 (sz=24, trace=300200, class=java.util.ArrayDeque@500003bd)
	elements	500004e7
ARR 500004e7 (sz=80, trace=300201, nelems=0, elem type=java.lang.Object[]@5000010a)
OBJ 500004e8 (sz=32, trace=300203, class=java.util.zip.ZipCoder@500003c0)
	cs		50001821
	enc		500004ee
ARR 500004e9 (sz=152, trace=300204, nelems=0, elem type=byte[])
ARR 500004ea (sz=64, trace=300072, nelems=0, elem type=byte[])
ARR 500004eb (sz=152, trace=300205, nelems=0, elem type=byte[])
ARR 500004ec (sz=64, trace=300072, nelems=0, elem type=byte[])
ARR 500004ed (sz=24, trace=300224, nelems=0, elem type=byte[])
OBJ 500004ee (sz=56, trace=300225, class=sun.nio.cs.UTF_8$Encoder@50000071)
	charset		50001821
	replacement	500004ef
	malformedInputAction	50001819
	unmappableCharacterAction	50001819
ARR 500004ef (sz=1, trace=300226, nelems=1, elem type=byte[])
ARR 500004f0 (sz=56, trace=300227, nelems=0, elem type=char[])
ARR 500004f1 (sz=80, trace=300228, nelems=0, elem type=byte[])
ARR 500004f2 (sz=40, trace=300229, nelems=0, elem type=byte[])
OBJ 500004f3 (sz=80, trace=300231, class=java.util.zip.ZipEntry@500003eb)
OBJ 500004f4 (sz=96, trace=300233, class=java.util.jar.JarFile$JarFileEntry@500003ee)
ARR 500004f5 (sz=56, trace=300237, nelems=0, elem type=char[])
ARR 500004f6 (sz=80, trace=300238, nelems=0, elem type=byte[])
ARR 500004f7 (sz=40, trace=300239, nelems=0, elem type=byte[])
OBJ 500004f8 (sz=56, trace=300241, class=java.util.zip.ZipFile$ZipFileInputStream@500003f9)
	this$0		500004e0
OBJ 500004f9 (sz=40, trace=300098, class=java.lang.ref.Finalizer@5000014e)
	referent	500004f8
	queue		50001391
	next		500004e1
	prev		500004fb
OBJ 500004fa (sz=48, trace=300244, class=java.util.zip.Inflater@500003fc)
	zsRef		500004fc
	buf		50000501
OBJ 500004fb (sz=40, trace=300098, class=java.lang.ref.Finalizer@5000014e)
	referent	500004fa
	queue		50001391
	next		500004f9
	prev		500004fe
OBJ 500004fc (sz=24, trace=300246, class=java.util.zip.ZStreamRef@50000400)
OBJ 500004fd (sz=56, trace=300248, class=java.util.zip.ZipFile$ZipFileInflaterInputStream@50000403)
	in		500004f8
	inf		500004fa
	buf		50000501
	singleByteBuf	500004ff
	b		50000500
	zfin		500004f8
	this$0		500004e0
OBJ 500004fe (sz=40, trace=300098, class=java.lang.ref.Finalizer@5000014e)
	referent	500004fd
	queue		50001391
	next		500004fb
	prev		50000580
ARR 500004ff (sz=1, trace=300249, nelems=1, elem type=byte[])
ARR 50000500 (sz=512, trace=300250, nelems=512, elem type=byte[])
ARR 50000501 (sz=201, trace=300251, nelems=201, elem type=byte[])
OBJ 50000502 (sz=40, trace=300252, class=java.util.WeakHashMap$Entry@50000046)
	referent	500004fd
	queue		500004e3
	value		500004fa
OBJ 50000503 (sz=24, trace=300253, class=sun.misc.JarIndex@500003e4)
	indexMap	50000504
	jarMap		50000505
	jarFiles	5000054b
OBJ 50000504 (sz=48, trace=300254, class=java.util.HashMap@500000ba)
	table		50000519
OBJ 50000505 (sz=48, trace=300255, class=java.util.HashMap@500000ba)
	table		5000051d
OBJ 50000506 (sz=24, trace=300256, class=java.io.InputStreamReader@50000039)
OBJ 50000507 (sz=40, trace=300258, class=sun.nio.cs.UTF_8$Decoder@50000094)
OBJ 50000508 (sz=48, trace=300259, class=sun.nio.cs.StreamDecoder@50000037)
ARR 50000509 (sz=8208, trace=300260, nelems=0, elem type=byte[])
OBJ 5000050a (sz=48, trace=300261, class=java.nio.HeapByteBuffer@5000006f)
OBJ 5000050b (sz=48, trace=300262, class=java.io.BufferedReader@5000003a)
ARR 5000050c (sz=16400, trace=300263, nelems=0, elem type=char[])
OBJ 5000050d (sz=32, trace=300264, class=java.util.Vector@500000e5)
ARR 5000050e (sz=56, trace=300265, nelems=0, elem type=java.lang.Object[]@5000010a)
OBJ 5000050f (sz=48, trace=300266, class=java.nio.HeapCharBuffer@50000035)
OBJ 50000510 (sz=24, trace=300267, class=java.lang.String@5000016f)
ARR 50000511 (sz=64, trace=300268, nelems=0, elem type=char[])
OBJ 50000512 (sz=24, trace=300267, class=java.lang.String@5000016f)
OBJ 50000513 (sz=24, trace=300267, class=java.lang.String@5000016f)
	value		50000514
ARR 50000514 (sz=24, trace=300268, nelems=12, elem type=char[])
OBJ 50000515 (sz=24, trace=300269, class=java.lang.String@5000016f)
	value		50000516
ARR 50000516 (sz=6, trace=300268, nelems=3, elem type=char[])
OBJ 50000517 (sz=32, trace=300271, class=java.util.LinkedList@50000423)
	first		50000518
	last		50000518
OBJ 50000518 (sz=24, trace=300273, class=java.util.LinkedList$Node@50000425)
	item		50000513
ARR 50000519 (sz=80, trace=300274, nelems=16, elem type=java.util.HashMap$Node[]@500000b8)
	[0]		5000051a
	[1]		50000541
	[2]		50000547
	[6]		50000529
	[7]		50000523
	[9]		50000535
	[15]		5000052f
OBJ 5000051a (sz=32, trace=300158, class=java.util.HashMap$Node@500000b9)
	key		50000515
	value		50000517
OBJ 5000051b (sz=32, trace=300271, class=java.util.LinkedList@50000423)
	first		5000051c
	last		50000548
OBJ 5000051c (sz=24, trace=300273, class=java.util.LinkedList$Node@50000425)
	item		50000515
	next		50000524
ARR 5000051d (sz=80, trace=300274, nelems=13, elem type=java.util.HashMap$Node[]@500000b8)
	[12]		5000051e
OBJ 5000051e (sz=32, trace=300158, class=java.util.HashMap$Node@500000b9)
	key		50000513
	value		5000051b
OBJ 5000051f (sz=24, trace=300269, class=java.lang.String@5000016f)
	value		50000520
ARR 50000520 (sz=14, trace=300268, nelems=7, elem type=char[])
OBJ 50000521 (sz=32, trace=300271, class=java.util.LinkedList@50000423)
	first		50000522
	last		50000522
OBJ 50000522 (sz=24, trace=300273, class=java.util.LinkedList$Node@50000425)
	item		50000513
OBJ 50000523 (sz=32, trace=300158, class=java.util.HashMap$Node@500000b9)
	key		5000051f
	value		50000521
OBJ 50000524 (sz=24, trace=300275, class=java.util.LinkedList$Node@50000425)
	item		5000051f
	next		5000052a
	prev		5000051c
OBJ 50000525 (sz=24, trace=300269, class=java.lang.String@5000016f)
	value		50000526
ARR 50000526 (sz=22, trace=300268, nelems=11, elem type=char[])
OBJ 50000527 (sz=32, trace=300271, class=java.util.LinkedList@50000423)
	first		50000528
	last		50000528
OBJ 50000528 (sz=24, trace=300273, class=java.util.LinkedList$Node@50000425)
	item		50000513
OBJ 50000529 (sz=32, trace=300158, class=java.util.HashMap$Node@500000b9)
	key		50000525
	value		50000527
OBJ 5000052a (sz=24, trace=300275, class=java.util.LinkedList$Node@50000425)
	item		50000525
	next		50000530
	prev		50000524
OBJ 5000052b (sz=24, trace=300269, class=java.lang.String@5000016f)
	value		5000052c
ARR 5000052c (sz=48, trace=300268, nelems=24, elem type=char[])
OBJ 5000052d (sz=32, trace=300271, class=java.util.LinkedList@50000423)
	first		5000052e
	last		5000052e
OBJ 5000052e (sz=24, trace=300273, class=java.util.LinkedList$Node@50000425)
	item		50000513
OBJ 5000052f (sz=32, trace=300158, class=java.util.HashMap$Node@500000b9)
	key		5000052b
	value		5000052d
OBJ 50000530 (sz=24, trace=300275, class=java.util.LinkedList$Node@50000425)
	item		5000052b
	next		50000536
	prev		5000052a
OBJ 50000531 (sz=24, trace=300269, class=java.lang.String@5000016f)
	value		50000532
ARR 50000532 (sz=68, trace=300268, nelems=34, elem type=char[])
OBJ 50000533 (sz=32, trace=300271, class=java.util.LinkedList@50000423)
	first		50000534
	last		50000534
OBJ 50000534 (sz=24, trace=300273, class=java.util.LinkedList$Node@50000425)
	item		50000513
OBJ 50000535 (sz=32, trace=300158, class=java.util.HashMap$Node@500000b9)
	key		50000531
	value		50000533
	next		5000053b
OBJ 50000536 (sz=24, trace=300275, class=java.util.LinkedList$Node@50000425)
	item		50000531
	next		5000053c
	prev		50000530
OBJ 50000537 (sz=24, trace=300269, class=java.lang.String@5000016f)
	value		50000538
ARR 50000538 (sz=68, trace=300268, nelems=34, elem type=char[])
OBJ 50000539 (sz=32, trace=300271, class=java.util.LinkedList@50000423)
	first		5000053a
	last		5000053a
OBJ 5000053a (sz=24, trace=300273, class=java.util.LinkedList$Node@50000425)
	item		50000513
OBJ 5000053b (sz=32, trace=300159, class=java.util.HashMap$Node@500000b9)
	key		50000537
	value		50000539
OBJ 5000053c (sz=24, trace=300275, class=java.util.LinkedList$Node@50000425)
	item		50000537
	next		50000542
	prev		50000536
OBJ 5000053d (sz=24, trace=300269, class=java.lang.String@5000016f)
	value		5000053e
ARR 5000053e (sz=34, trace=300268, nelems=17, elem type=char[])
OBJ 5000053f (sz=32, trace=300271, class=java.util.LinkedList@50000423)
	first		50000540
	last		50000540
OBJ 50000540 (sz=24, trace=300273, class=java.util.LinkedList$Node@50000425)
	item		50000513
OBJ 50000541 (sz=32, trace=300158, class=java.util.HashMap$Node@500000b9)
	key		5000053d
	value		5000053f
OBJ 50000542 (sz=24, trace=300275, class=java.util.LinkedList$Node@50000425)
	item		5000053d
	next		50000548
	prev		5000053c
OBJ 50000543 (sz=24, trace=300269, class=java.lang.String@5000016f)
	value		50000544
ARR 50000544 (sz=48, trace=300268, nelems=24, elem type=char[])
OBJ 50000545 (sz=32, trace=300271, class=java.util.LinkedList@50000423)
	first		50000546
	last		50000546
OBJ 50000546 (sz=24, trace=300273, class=java.util.LinkedList$Node@50000425)
	item		50000513
OBJ 50000547 (sz=32, trace=300158, class=java.util.HashMap$Node@500000b9)
	key		50000543
	value		50000545
OBJ 50000548 (sz=24, trace=300275, class=java.util.LinkedList$Node@50000425)
	item		50000543
	prev		50000542
OBJ 50000549 (sz=24, trace=300269, class=java.lang.String@5000016f)
OBJ 5000054a (sz=48, trace=300266, class=java.nio.HeapCharBuffer@50000035)
ARR 5000054b (sz=24, trace=300276, nelems=1, elem type=java.lang.String[]@500000cf)
	[0]		50000513
OBJ 5000054c (sz=64, trace=300277, class=java.net.URL@5000011b)
OBJ 5000054d (sz=24, trace=300278, class=java.lang.StringBuilder@50000123)
ARR 5000054e (sz=48, trace=300279, nelems=0, elem type=char[])
OBJ 5000054f (sz=24, trace=300280, class=java.lang.String@5000016f)
ARR 50000550 (sz=80, trace=300281, nelems=0, elem type=char[])
ARR 50000551 (sz=88, trace=300011, nelems=0, elem type=char[])
ARR 50000552 (sz=160, trace=300011, nelems=0, elem type=char[])
OBJ 50000553 (sz=24, trace=300282, class=java.lang.String@5000016f)
ARR 50000554 (sz=104, trace=300283, nelems=0, elem type=char[])
OBJ 50000555 (sz=24, trace=300284, class=java.lang.StringBuilder@50000123)
ARR 50000556 (sz=48, trace=300285, nelems=0, elem type=char[])
ARR 50000557 (sz=120, trace=300011, nelems=0, elem type=char[])
OBJ 50000558 (sz=24, trace=300286, class=java.lang.String@5000016f)
	value		50000559
ARR 50000559 (sz=102, trace=300129, nelems=51, elem type=char[])
OBJ 5000055a (sz=32, trace=300159, class=java.util.HashMap$Node@500000b9)
	key		50000558
	value		500004d6
	next		500005db
ARR 5000055b (sz=144, trace=300345, nelems=31, elem type=java.util.HashMap$Node[]@500000b8)
	[0]		500008d6
	[5]		5000033c
	[6]		500002a6
	[7]		50000274
	[10]		500002bf
	[11]		50000a0b
	[12]		50000444
	[13]		500002f1
	[14]		50000b01
	[15]		5000025b
	[18]		50000a87
	[23]		5000055a
	[26]		50000323
	[28]		500004c0
	[30]		5000028d
ARR 5000055c (sz=64, trace=300227, nelems=0, elem type=char[])
ARR 5000055d (sz=80, trace=300228, nelems=0, elem type=byte[])
ARR 5000055e (sz=40, trace=300229, nelems=0, elem type=byte[])
OBJ 5000055f (sz=16, trace=300287, class=java.util.HashSet@50000005)
OBJ 50000560 (sz=48, trace=300288, class=java.util.HashMap@500000ba)
OBJ 50000561 (sz=24, trace=300289, class=java.lang.String@5000016f)
ARR 50000562 (sz=40, trace=300290, nelems=0, elem type=char[])
OBJ 50000563 (sz=24, trace=300126, class=java.lang.StringBuilder@50000123)
ARR 50000564 (sz=48, trace=300127, nelems=0, elem type=char[])
ARR 50000565 (sz=120, trace=300011, nelems=0, elem type=char[])
OBJ 50000566 (sz=24, trace=300128, class=java.lang.String@5000016f)
ARR 50000567 (sz=120, trace=300129, nelems=0, elem type=char[])
OBJ 50000568 (sz=24, trace=300131, class=sun.misc.URLClassPath$3@5000022e)
OBJ 50000569 (sz=24, trace=300136, class=java.lang.StringBuilder@50000123)
ARR 5000056a (sz=48, trace=300137, nelems=0, elem type=char[])
OBJ 5000056b (sz=24, trace=300146, class=java.lang.StringBuffer@50000124)
ARR 5000056c (sz=112, trace=300147, nelems=0, elem type=char[])
ARR 5000056d (sz=112, trace=300148, nelems=0, elem type=char[])
OBJ 5000056e (sz=24, trace=300149, class=java.lang.String@5000016f)
ARR 5000056f (sz=112, trace=300011, nelems=0, elem type=char[])
ARR 50000570 (sz=216, trace=300011, nelems=0, elem type=char[])
OBJ 50000571 (sz=24, trace=300150, class=java.lang.String@5000016f)
	value		50000572
ARR 50000572 (sz=100, trace=300151, nelems=50, elem type=char[])
OBJ 50000573 (sz=64, trace=300152, class=java.net.URL@5000011b)
	protocol	50001d44
	host		5000149a
	file		50000571
	authority	5000149a
	path		50000571
	handler		50001e76
OBJ 50000574 (sz=24, trace=300153, class=java.net.Parts@50000010)
OBJ 50000575 (sz=48, trace=300154, class=sun.misc.URLClassPath$JarLoader@50000231)
	base		50000573
	jar		5000057f
	csu		50001e89
	index		500005a2
	handler		50001e76
	lmap		50001e77
OBJ 50000576 (sz=32, trace=300155, class=java.io.File@5000011d)
OBJ 50000577 (sz=16, trace=300161, class=sun.misc.URLClassPath$JarLoader$1@50000351)
OBJ 50000578 (sz=24, trace=300163, class=sun.misc.FileURLMapper@50000353)
OBJ 50000579 (sz=32, trace=300164, class=java.io.File@5000011d)
ARR 5000057a (sz=152, trace=300071, nelems=0, elem type=byte[])
ARR 5000057b (sz=64, trace=300072, nelems=0, elem type=byte[])
OBJ 5000057c (sz=24, trace=300073, class=java.lang.String@5000016f)
ARR 5000057d (sz=40, trace=300074, nelems=0, elem type=char[])
OBJ 5000057e (sz=32, trace=300171, class=java.io.File@5000011d)
OBJ 5000057f (sz=64, trace=300194, class=java.util.jar.JarFile@5000035a)
	name		50001eae
	zc		50000587
	streams		50000581
	inflaterCache	50000585
OBJ 50000580 (sz=40, trace=300098, class=java.lang.ref.Finalizer@5000014e)
	referent	5000057f
	queue		50001391
	next		500004fe
	prev		50000598
OBJ 50000581 (sz=48, trace=300195, class=java.util.WeakHashMap@500000ac)
	table		50000584
	queue		50000582
OBJ 50000582 (sz=32, trace=300196, class=java.lang.ref.ReferenceQueue@500000de)
	lock		50000583
OBJ 50000583 (sz=16, trace=300197, class=java.lang.ref.ReferenceQueue$Lock@500000dc)
ARR 50000584 (sz=80, trace=300198, nelems=12, elem type=java.util.WeakHashMap$Entry[]@50000045)
	[11]		500005a1
OBJ 50000585 (sz=24, trace=300200, class=java.util.ArrayDeque@500003bd)
	elements	50000586
ARR 50000586 (sz=80, trace=300201, nelems=0, elem type=java.lang.Object[]@5000010a)
OBJ 50000587 (sz=32, trace=300203, class=java.util.zip.ZipCoder@500003c0)
	cs		50001821
	enc		5000058d
ARR 50000588 (sz=152, trace=300204, nelems=0, elem type=byte[])
ARR 50000589 (sz=64, trace=300072, nelems=0, elem type=byte[])
ARR 5000058a (sz=152, trace=300205, nelems=0, elem type=byte[])
ARR 5000058b (sz=64, trace=300072, nelems=0, elem type=byte[])
ARR 5000058c (sz=24, trace=300224, nelems=0, elem type=byte[])
OBJ 5000058d (sz=56, trace=300225, class=sun.nio.cs.UTF_8$Encoder@50000071)
	charset		50001821
	replacement	5000058e
	malformedInputAction	50001819
	unmappableCharacterAction	50001819
ARR 5000058e (sz=1, trace=300226, nelems=1, elem type=byte[])
ARR 5000058f (sz=56, trace=300227, nelems=0, elem type=char[])
ARR 50000590 (sz=80, trace=300228, nelems=0, elem type=byte[])
ARR 50000591 (sz=40, trace=300229, nelems=0, elem type=byte[])
OBJ 50000592 (sz=80, trace=300231, class=java.util.zip.ZipEntry@500003eb)
OBJ 50000593 (sz=96, trace=300233, class=java.util.jar.JarFile$JarFileEntry@500003ee)
ARR 50000594 (sz=56, trace=300237, nelems=0, elem type=char[])
ARR 50000595 (sz=80, trace=300238, nelems=0, elem type=byte[])
ARR 50000596 (sz=40, trace=300239, nelems=0, elem type=byte[])
OBJ 50000597 (sz=56, trace=300241, class=java.util.zip.ZipFile$ZipFileInputStream@500003f9)
	this$0		5000057f
OBJ 50000598 (sz=40, trace=300098, class=java.lang.ref.Finalizer@5000014e)
	referent	50000597
	queue		50001391
	next		50000580
	prev		5000059a
OBJ 50000599 (sz=48, trace=300244, class=java.util.zip.Inflater@500003fc)
	zsRef		5000059b
	buf		500005a0
OBJ 5000059a (sz=40, trace=300098, class=java.lang.ref.Finalizer@5000014e)
	referent	50000599
	queue		50001391
	next		50000598
	prev		5000059d
OBJ 5000059b (sz=24, trace=300246, class=java.util.zip.ZStreamRef@50000400)
OBJ 5000059c (sz=56, trace=300248, class=java.util.zip.ZipFile$ZipFileInflaterInputStream@50000403)
	in		50000597
	inf		50000599
	buf		500005a0
	singleByteBuf	5000059e
	b		5000059f
	zfin		50000597
	this$0		5000057f
OBJ 5000059d (sz=40, trace=300098, class=java.lang.ref.Finalizer@5000014e)
	referent	5000059c
	queue		50001391
	next		5000059a
	prev		50000600
ARR 5000059e (sz=1, trace=300249, nelems=1, elem type=byte[])
ARR 5000059f (sz=512, trace=300250, nelems=512, elem type=byte[])
ARR 500005a0 (sz=72, trace=300251, nelems=72, elem type=byte[])
OBJ 500005a1 (sz=40, trace=300252, class=java.util.WeakHashMap$Entry@50000046)
	referent	5000059c
	queue		50000582
	value		50000599
OBJ 500005a2 (sz=24, trace=300253, class=sun.misc.JarIndex@500003e4)
	indexMap	500005a3
	jarMap		500005a4
	jarFiles	500005cc
OBJ 500005a3 (sz=48, trace=300254, class=java.util.HashMap@500000ba)
	table		500005b8
OBJ 500005a4 (sz=48, trace=300255, class=java.util.HashMap@500000ba)
	table		500005bc
OBJ 500005a5 (sz=24, trace=300256, class=java.io.InputStreamReader@50000039)
OBJ 500005a6 (sz=40, trace=300258, class=sun.nio.cs.UTF_8$Decoder@50000094)
OBJ 500005a7 (sz=48, trace=300259, class=sun.nio.cs.StreamDecoder@50000037)
ARR 500005a8 (sz=8208, trace=300260, nelems=0, elem type=byte[])
OBJ 500005a9 (sz=48, trace=300261, class=java.nio.HeapByteBuffer@5000006f)
OBJ 500005aa (sz=48, trace=300262, class=java.io.BufferedReader@5000003a)
ARR 500005ab (sz=16400, trace=300263, nelems=0, elem type=char[])
OBJ 500005ac (sz=32, trace=300264, class=java.util.Vector@500000e5)
ARR 500005ad (sz=56, trace=300265, nelems=0, elem type=java.lang.Object[]@5000010a)
OBJ 500005ae (sz=48, trace=300266, class=java.nio.HeapCharBuffer@50000035)
OBJ 500005af (sz=24, trace=300267, class=java.lang.String@5000016f)
ARR 500005b0 (sz=64, trace=300268, nelems=0, elem type=char[])
OBJ 500005b1 (sz=24, trace=300267, class=java.lang.String@5000016f)
OBJ 500005b2 (sz=24, trace=300267, class=java.lang.String@5000016f)
	value		500005b3
ARR 500005b3 (sz=22, trace=300268, nelems=11, elem type=char[])
OBJ 500005b4 (sz=24, trace=300269, class=java.lang.String@5000016f)
	value		500005b5
ARR 500005b5 (sz=10, trace=300268, nelems=5, elem type=char[])
OBJ 500005b6 (sz=32, trace=300271, class=java.util.LinkedList@50000423)
	first		500005b7
	last		500005b7
OBJ 500005b7 (sz=24, trace=300273, class=java.util.LinkedList$Node@50000425)
	item		500005b2
ARR 500005b8 (sz=80, trace=300274, nelems=13, elem type=java.util.HashMap$Node[]@500000b8)
	[5]		500005b9
	[9]		500005c2
	[12]		500005c8
OBJ 500005b9 (sz=32, trace=300158, class=java.util.HashMap$Node@500000b9)
	key		500005b4
	value		500005b6
OBJ 500005ba (sz=32, trace=300271, class=java.util.LinkedList@50000423)
	first		500005bb
	last		500005c9
OBJ 500005bb (sz=24, trace=300273, class=java.util.LinkedList$Node@50000425)
	item		500005b4
	next		500005c3
ARR 500005bc (sz=80, trace=300274, nelems=3, elem type=java.util.HashMap$Node[]@500000b8)
	[2]		500005bd
OBJ 500005bd (sz=32, trace=300158, class=java.util.HashMap$Node@500000b9)
	key		500005b2
	value		500005ba
OBJ 500005be (sz=24, trace=300269, class=java.lang.String@5000016f)
	value		500005bf
ARR 500005bf (sz=22, trace=300268, nelems=11, elem type=char[])
OBJ 500005c0 (sz=32, trace=300271, class=java.util.LinkedList@50000423)
	first		500005c1
	last		500005c1
OBJ 500005c1 (sz=24, trace=300273, class=java.util.LinkedList$Node@50000425)
	item		500005b2
OBJ 500005c2 (sz=32, trace=300158, class=java.util.HashMap$Node@500000b9)
	key		500005be
	value		500005c0
OBJ 500005c3 (sz=24, trace=300275, class=java.util.LinkedList$Node@50000425)
	item		500005be
	next		500005c9
	prev		500005bb
OBJ 500005c4 (sz=24, trace=300269, class=java.lang.String@5000016f)
	value		500005c5
ARR 500005c5 (sz=30, trace=300268, nelems=15, elem type=char[])
OBJ 500005c6 (sz=32, trace=300271, class=java.util.LinkedList@50000423)
	first		500005c7
	last		500005c7
OBJ 500005c7 (sz=24, trace=300273, class=java.util.LinkedList$Node@50000425)
	item		500005b2
OBJ 500005c8 (sz=32, trace=300158, class=java.util.HashMap$Node@500000b9)
	key		500005c4
	value		500005c6
OBJ 500005c9 (sz=24, trace=300275, class=java.util.LinkedList$Node@50000425)
	item		500005c4
	prev		500005c3
OBJ 500005ca (sz=24, trace=300269, class=java.lang.String@5000016f)
OBJ 500005cb (sz=48, trace=300266, class=java.nio.HeapCharBuffer@50000035)
ARR 500005cc (sz=24, trace=300276, nelems=1, elem type=java.lang.String[]@500000cf)
	[0]		500005b2
OBJ 500005cd (sz=64, trace=300277, class=java.net.URL@5000011b)
OBJ 500005ce (sz=24, trace=300278, class=java.lang.StringBuilder@50000123)
ARR 500005cf (sz=48, trace=300279, nelems=0, elem type=char[])
OBJ 500005d0 (sz=24, trace=300280, class=java.lang.String@5000016f)
ARR 500005d1 (sz=80, trace=300281, nelems=0, elem type=char[])
ARR 500005d2 (sz=88, trace=300011, nelems=0, elem type=char[])
ARR 500005d3 (sz=160, trace=300011, nelems=0, elem type=char[])
OBJ 500005d4 (sz=24, trace=300282, class=java.lang.String@5000016f)
ARR 500005d5 (sz=104, trace=300283, nelems=0, elem type=char[])
OBJ 500005d6 (sz=24, trace=300284, class=java.lang.StringBuilder@50000123)
ARR 500005d7 (sz=48, trace=300285, nelems=0, elem type=char[])
ARR 500005d8 (sz=120, trace=300011, nelems=0, elem type=char[])
OBJ 500005d9 (sz=24, trace=300286, class=java.lang.String@5000016f)
	value		500005da
ARR 500005da (sz=100, trace=300129, nelems=50, elem type=char[])
OBJ 500005db (sz=32, trace=300159, class=java.util.HashMap$Node@500000b9)
	key		500005d9
	value		50000575
ARR 500005dc (sz=64, trace=300227, nelems=0, elem type=char[])
ARR 500005dd (sz=80, trace=300228, nelems=0, elem type=byte[])
ARR 500005de (sz=40, trace=300229, nelems=0, elem type=byte[])
OBJ 500005df (sz=16, trace=300287, class=java.util.HashSet@50000005)
OBJ 500005e0 (sz=48, trace=300288, class=java.util.HashMap@500000ba)
OBJ 500005e1 (sz=24, trace=300289, class=java.lang.String@5000016f)
ARR 500005e2 (sz=40, trace=300290, nelems=0, elem type=char[])
OBJ 500005e3 (sz=24, trace=300126, class=java.lang.StringBuilder@50000123)
ARR 500005e4 (sz=48, trace=300127, nelems=0, elem type=char[])
ARR 500005e5 (sz=120, trace=300011, nelems=0, elem type=char[])
OBJ 500005e6 (sz=24, trace=300128, class=java.lang.String@5000016f)
ARR 500005e7 (sz=120, trace=300129, nelems=0, elem type=char[])
OBJ 500005e8 (sz=24, trace=300131, class=sun.misc.URLClassPath$3@5000022e)
OBJ 500005e9 (sz=24, trace=300136, class=java.lang.StringBuilder@50000123)
ARR 500005ea (sz=48, trace=300137, nelems=0, elem type=char[])
OBJ 500005eb (sz=24, trace=300146, class=java.lang.StringBuffer@50000124)
ARR 500005ec (sz=120, trace=300147, nelems=0, elem type=char[])
ARR 500005ed (sz=120, trace=300148, nelems=0, elem type=char[])
OBJ 500005ee (sz=24, trace=300149, class=java.lang.String@5000016f)
ARR 500005ef (sz=120, trace=300011, nelems=0, elem type=char[])
ARR 500005f0 (sz=216, trace=300011, nelems=0, elem type=char[])
OBJ 500005f1 (sz=24, trace=300150, class=java.lang.String@5000016f)
	value		500005f2
ARR 500005f2 (sz=102, trace=300151, nelems=51, elem type=char[])
OBJ 500005f3 (sz=64, trace=300152, class=java.net.URL@5000011b)
	protocol	50001d44
	host		5000149a
	file		500005f1
	authority	5000149a
	path		500005f1
	handler		50001e76
OBJ 500005f4 (sz=24, trace=300153, class=java.net.Parts@50000010)
OBJ 500005f5 (sz=48, trace=300154, class=sun.misc.URLClassPath$JarLoader@50000231)
	base		500005f3
	jar		500005ff
	csu		50001e8a
	index		50000622
	handler		50001e76
	lmap		50001e77
OBJ 500005f6 (sz=32, trace=300155, class=java.io.File@5000011d)
OBJ 500005f7 (sz=16, trace=300161, class=sun.misc.URLClassPath$JarLoader$1@50000351)
OBJ 500005f8 (sz=24, trace=300163, class=sun.misc.FileURLMapper@50000353)
OBJ 500005f9 (sz=32, trace=300164, class=java.io.File@5000011d)
ARR 500005fa (sz=152, trace=300071, nelems=0, elem type=byte[])
ARR 500005fb (sz=64, trace=300072, nelems=0, elem type=byte[])
OBJ 500005fc (sz=24, trace=300073, class=java.lang.String@5000016f)
ARR 500005fd (sz=40, trace=300074, nelems=0, elem type=char[])
OBJ 500005fe (sz=32, trace=300171, class=java.io.File@5000011d)
OBJ 500005ff (sz=64, trace=300194, class=java.util.jar.JarFile@5000035a)
	name		50001eac
	zc		50000607
	streams		50000601
	inflaterCache	50000605
OBJ 50000600 (sz=40, trace=300098, class=java.lang.ref.Finalizer@5000014e)
	referent	500005ff
	queue		50001391
	next		5000059d
	prev		50000618
OBJ 50000601 (sz=48, trace=300195, class=java.util.WeakHashMap@500000ac)
	table		50000604
	queue		50000602
OBJ 50000602 (sz=32, trace=300196, class=java.lang.ref.ReferenceQueue@500000de)
	lock		50000603
OBJ 50000603 (sz=16, trace=300197, class=java.lang.ref.ReferenceQueue$Lock@500000dc)
ARR 50000604 (sz=80, trace=300198, nelems=7, elem type=java.util.WeakHashMap$Entry[]@50000045)
	[6]		50000621
OBJ 50000605 (sz=24, trace=300200, class=java.util.ArrayDeque@500003bd)
	elements	50000606
ARR 50000606 (sz=80, trace=300201, nelems=0, elem type=java.lang.Object[]@5000010a)
OBJ 50000607 (sz=32, trace=300203, class=java.util.zip.ZipCoder@500003c0)
	cs		50001821
	enc		5000060d
ARR 50000608 (sz=152, trace=300204, nelems=0, elem type=byte[])
ARR 50000609 (sz=64, trace=300072, nelems=0, elem type=byte[])
ARR 5000060a (sz=152, trace=300205, nelems=0, elem type=byte[])
ARR 5000060b (sz=64, trace=300072, nelems=0, elem type=byte[])
ARR 5000060c (sz=24, trace=300224, nelems=0, elem type=byte[])
OBJ 5000060d (sz=56, trace=300225, class=sun.nio.cs.UTF_8$Encoder@50000071)
	charset		50001821
	replacement	5000060e
	malformedInputAction	50001819
	unmappableCharacterAction	50001819
ARR 5000060e (sz=1, trace=300226, nelems=1, elem type=byte[])
ARR 5000060f (sz=56, trace=300227, nelems=0, elem type=char[])
ARR 50000610 (sz=80, trace=300228, nelems=0, elem type=byte[])
ARR 50000611 (sz=40, trace=300229, nelems=0, elem type=byte[])
OBJ 50000612 (sz=80, trace=300231, class=java.util.zip.ZipEntry@500003eb)
OBJ 50000613 (sz=96, trace=300233, class=java.util.jar.JarFile$JarFileEntry@500003ee)
ARR 50000614 (sz=56, trace=300237, nelems=0, elem type=char[])
ARR 50000615 (sz=80, trace=300238, nelems=0, elem type=byte[])
ARR 50000616 (sz=40, trace=300239, nelems=0, elem type=byte[])
OBJ 50000617 (sz=56, trace=300241, class=java.util.zip.ZipFile$ZipFileInputStream@500003f9)
	this$0		500005ff
OBJ 50000618 (sz=40, trace=300098, class=java.lang.ref.Finalizer@5000014e)
	referent	50000617
	queue		50001391
	next		50000600
	prev		5000061a
OBJ 50000619 (sz=48, trace=300244, class=java.util.zip.Inflater@500003fc)
	zsRef		5000061b
	buf		50000620
OBJ 5000061a (sz=40, trace=300098, class=java.lang.ref.Finalizer@5000014e)
	referent	50000619
	queue		50001391
	next		50000618
	prev		5000061d
OBJ 5000061b (sz=24, trace=300246, class=java.util.zip.ZStreamRef@50000400)
OBJ 5000061c (sz=56, trace=300248, class=java.util.zip.ZipFile$ZipFileInflaterInputStream@50000403)
	in		50000617
	inf		50000619
	buf		50000620
	singleByteBuf	5000061e
	b		5000061f
	zfin		50000617
	this$0		500005ff
OBJ 5000061d (sz=40, trace=300098, class=java.lang.ref.Finalizer@5000014e)
	referent	5000061c
	queue		50001391
	next		5000061a
	prev		50000766
ARR 5000061e (sz=1, trace=300249, nelems=1, elem type=byte[])
ARR 5000061f (sz=512, trace=300250, nelems=512, elem type=byte[])
ARR 50000620 (sz=1556, trace=300251, nelems=1556, elem type=byte[])
OBJ 50000621 (sz=40, trace=300252, class=java.util.WeakHashMap$Entry@50000046)
	referent	5000061c
	queue		50000602
	value		50000619
OBJ 50000622 (sz=24, trace=300253, class=sun.misc.JarIndex@500003e4)
	indexMap	50000623
	jarMap		50000624
	jarFiles	50000732
OBJ 50000623 (sz=48, trace=300254, class=java.util.HashMap@500000ba)
	table		500006ce
OBJ 50000624 (sz=48, trace=300255, class=java.util.HashMap@500000ba)
	table		5000063c
OBJ 50000625 (sz=24, trace=300256, class=java.io.InputStreamReader@50000039)
OBJ 50000626 (sz=40, trace=300258, class=sun.nio.cs.UTF_8$Decoder@50000094)
OBJ 50000627 (sz=48, trace=300259, class=sun.nio.cs.StreamDecoder@50000037)
ARR 50000628 (sz=8208, trace=300260, nelems=0, elem type=byte[])
OBJ 50000629 (sz=48, trace=300261, class=java.nio.HeapByteBuffer@5000006f)
OBJ 5000062a (sz=48, trace=300262, class=java.io.BufferedReader@5000003a)
ARR 5000062b (sz=16400, trace=300263, nelems=0, elem type=char[])
OBJ 5000062c (sz=32, trace=300264, class=java.util.Vector@500000e5)
ARR 5000062d (sz=56, trace=300265, nelems=0, elem type=java.lang.Object[]@5000010a)
OBJ 5000062e (sz=48, trace=300266, class=java.nio.HeapCharBuffer@50000035)
OBJ 5000062f (sz=24, trace=300267, class=java.lang.String@5000016f)
ARR 50000630 (sz=64, trace=300268, nelems=0, elem type=char[])
OBJ 50000631 (sz=24, trace=300267, class=java.lang.String@5000016f)
OBJ 50000632 (sz=24, trace=300267, class=java.lang.String@5000016f)
	value		50000633
ARR 50000633 (sz=24, trace=300268, nelems=12, elem type=char[])
OBJ 50000634 (sz=24, trace=300269, class=java.lang.String@5000016f)
	value		50000635
ARR 50000635 (sz=6, trace=300268, nelems=3, elem type=char[])
OBJ 50000636 (sz=32, trace=300271, class=java.util.LinkedList@50000423)
	first		50000637
	last		50000637
OBJ 50000637 (sz=24, trace=300273, class=java.util.LinkedList$Node@50000425)
	item		50000632
ARR 50000638 (sz=80, trace=300274, nelems=0, elem type=java.util.HashMap$Node[]@500000b8)
OBJ 50000639 (sz=32, trace=300158, class=java.util.HashMap$Node@500000b9)
	key		50000634
	value		50000636
	next		50000710
OBJ 5000063a (sz=32, trace=300271, class=java.util.LinkedList@50000423)
	first		5000063b
	last		5000072f
OBJ 5000063b (sz=24, trace=300273, class=java.util.LinkedList$Node@50000425)
	item		50000634
	next		50000643
ARR 5000063c (sz=80, trace=300274, nelems=2, elem type=java.util.HashMap$Node[]@500000b8)
	[1]		5000063d
OBJ 5000063d (sz=32, trace=300158, class=java.util.HashMap$Node@500000b9)
	key		50000632
	value		5000063a
OBJ 5000063e (sz=24, trace=300269, class=java.lang.String@5000016f)
	value		5000063f
ARR 5000063f (sz=14, trace=300268, nelems=7, elem type=char[])
OBJ 50000640 (sz=32, trace=300271, class=java.util.LinkedList@50000423)
	first		50000641
	last		50000641
OBJ 50000641 (sz=24, trace=300273, class=java.util.LinkedList$Node@50000425)
	item		50000632
OBJ 50000642 (sz=32, trace=300158, class=java.util.HashMap$Node@500000b9)
	key		5000063e
	value		50000640
OBJ 50000643 (sz=24, trace=300275, class=java.util.LinkedList$Node@50000425)
	item		5000063e
	next		50000649
	prev		5000063b
OBJ 50000644 (sz=24, trace=300269, class=java.lang.String@5000016f)
	value		50000645
ARR 50000645 (sz=22, trace=300268, nelems=11, elem type=char[])
OBJ 50000646 (sz=32, trace=300271, class=java.util.LinkedList@50000423)
	first		50000647
	last		50000647
OBJ 50000647 (sz=24, trace=300273, class=java.util.LinkedList$Node@50000425)
	item		50000632
OBJ 50000648 (sz=32, trace=300158, class=java.util.HashMap$Node@500000b9)
	key		50000644
	value		50000646
OBJ 50000649 (sz=24, trace=300275, class=java.util.LinkedList$Node@50000425)
	item		50000644
	next		5000064f
	prev		50000643
OBJ 5000064a (sz=24, trace=300269, class=java.lang.String@5000016f)
	value		5000064b
ARR 5000064b (sz=40, trace=300268, nelems=20, elem type=char[])
OBJ 5000064c (sz=32, trace=300271, class=java.util.LinkedList@50000423)
	first		5000064d
	last		5000064d
OBJ 5000064d (sz=24, trace=300273, class=java.util.LinkedList$Node@50000425)
	item		50000632
OBJ 5000064e (sz=32, trace=300158, class=java.util.HashMap$Node@500000b9)
	key		5000064a
	value		5000064c
	next		5000070a
OBJ 5000064f (sz=24, trace=300275, class=java.util.LinkedList$Node@50000425)
	item		5000064a
	next		50000655
	prev		50000649
OBJ 50000650 (sz=24, trace=300269, class=java.lang.String@5000016f)
	value		50000651
ARR 50000651 (sz=38, trace=300268, nelems=19, elem type=char[])
OBJ 50000652 (sz=32, trace=300271, class=java.util.LinkedList@50000423)
	first		50000653
	last		50000653
OBJ 50000653 (sz=24, trace=300273, class=java.util.LinkedList$Node@50000425)
	item		50000632
OBJ 50000654 (sz=32, trace=300158, class=java.util.HashMap$Node@500000b9)
	key		50000650
	value		50000652
OBJ 50000655 (sz=24, trace=300275, class=java.util.LinkedList$Node@50000425)
	item		50000650
	next		5000065b
	prev		5000064f
OBJ 50000656 (sz=24, trace=300269, class=java.lang.String@5000016f)
	value		50000657
ARR 50000657 (sz=48, trace=300268, nelems=24, elem type=char[])
OBJ 50000658 (sz=32, trace=300271, class=java.util.LinkedList@50000423)
	first		50000659
	last		50000659
OBJ 50000659 (sz=24, trace=300273, class=java.util.LinkedList$Node@50000425)
	item		50000632
OBJ 5000065a (sz=32, trace=300158, class=java.util.HashMap$Node@500000b9)
	key		50000656
	value		50000658
	next		5000069d
OBJ 5000065b (sz=24, trace=300275, class=java.util.LinkedList$Node@50000425)
	item		50000656
	next		50000661
	prev		50000655
OBJ 5000065c (sz=24, trace=300269, class=java.lang.String@5000016f)
	value		5000065d
ARR 5000065d (sz=60, trace=300268, nelems=30, elem type=char[])
OBJ 5000065e (sz=32, trace=300271, class=java.util.LinkedList@50000423)
	first		5000065f
	last		5000065f
OBJ 5000065f (sz=24, trace=300273, class=java.util.LinkedList$Node@50000425)
	item		50000632
OBJ 50000660 (sz=32, trace=300158, class=java.util.HashMap$Node@500000b9)
	key		5000065c
	value		5000065e
	next		50000728
OBJ 50000661 (sz=24, trace=300275, class=java.util.LinkedList$Node@50000425)
	item		5000065c
	next		50000667
	prev		5000065b
OBJ 50000662 (sz=24, trace=300269, class=java.lang.String@5000016f)
	value		50000663
ARR 50000663 (sz=34, trace=300268, nelems=17, elem type=char[])
OBJ 50000664 (sz=32, trace=300271, class=java.util.LinkedList@50000423)
	first		50000665
	last		50000665
OBJ 50000665 (sz=24, trace=300273, class=java.util.LinkedList$Node@50000425)
	item		50000632
OBJ 50000666 (sz=32, trace=300159, class=java.util.HashMap$Node@500000b9)
	key		50000662
	value		50000664
	next		500006af
OBJ 50000667 (sz=24, trace=300275, class=java.util.LinkedList$Node@50000425)
	item		50000662
	next		5000066d
	prev		50000661
OBJ 50000668 (sz=24, trace=300269, class=java.lang.String@5000016f)
	value		50000669
ARR 50000669 (sz=48, trace=300268, nelems=24, elem type=char[])
OBJ 5000066a (sz=32, trace=300271, class=java.util.LinkedList@50000423)
	first		5000066b
	last		5000066b
OBJ 5000066b (sz=24, trace=300273, class=java.util.LinkedList$Node@50000425)
	item		50000632
OBJ 5000066c (sz=32, trace=300158, class=java.util.HashMap$Node@500000b9)
	key		50000668
	value		5000066a
OBJ 5000066d (sz=24, trace=300275, class=java.util.LinkedList$Node@50000425)
	item		50000668
	next		50000673
	prev		50000667
OBJ 5000066e (sz=24, trace=300269, class=java.lang.String@5000016f)
	value		5000066f
ARR 5000066f (sz=46, trace=300268, nelems=23, elem type=char[])
OBJ 50000670 (sz=32, trace=300271, class=java.util.LinkedList@50000423)
	first		50000671
	last		50000671
OBJ 50000671 (sz=24, trace=300273, class=java.util.LinkedList$Node@50000425)
	item		50000632
OBJ 50000672 (sz=32, trace=300158, class=java.util.HashMap$Node@500000b9)
	key		5000066e
	value		50000670
	next		500006e0
OBJ 50000673 (sz=24, trace=300275, class=java.util.LinkedList$Node@50000425)
	item		5000066e
	next		50000679
	prev		5000066d
OBJ 50000674 (sz=24, trace=300269, class=java.lang.String@5000016f)
	value		50000675
ARR 50000675 (sz=54, trace=300268, nelems=27, elem type=char[])
OBJ 50000676 (sz=32, trace=300271, class=java.util.LinkedList@50000423)
	first		50000677
	last		50000677
OBJ 50000677 (sz=24, trace=300273, class=java.util.LinkedList$Node@50000425)
	item		50000632
OBJ 50000678 (sz=32, trace=300159, class=java.util.HashMap$Node@500000b9)
	key		50000674
	value		50000676
OBJ 50000679 (sz=24, trace=300275, class=java.util.LinkedList$Node@50000425)
	item		50000674
	next		5000067f
	prev		50000673
OBJ 5000067a (sz=24, trace=300269, class=java.lang.String@5000016f)
	value		5000067b
ARR 5000067b (sz=82, trace=300268, nelems=41, elem type=char[])
OBJ 5000067c (sz=32, trace=300271, class=java.util.LinkedList@50000423)
	first		5000067d
	last		5000067d
OBJ 5000067d (sz=24, trace=300273, class=java.util.LinkedList$Node@50000425)
	item		50000632
OBJ 5000067e (sz=32, trace=300158, class=java.util.HashMap$Node@500000b9)
	key		5000067a
	value		5000067c
OBJ 5000067f (sz=24, trace=300275, class=java.util.LinkedList$Node@50000425)
	item		5000067a
	next		50000686
	prev		50000679
OBJ 50000680 (sz=24, trace=300269, class=java.lang.String@5000016f)
	value		50000681
ARR 50000681 (sz=72, trace=300268, nelems=36, elem type=char[])
OBJ 50000682 (sz=32, trace=300271, class=java.util.LinkedList@50000423)
	first		50000683
	last		50000683
OBJ 50000683 (sz=24, trace=300273, class=java.util.LinkedList$Node@50000425)
	item		50000632
OBJ 50000684 (sz=32, trace=300158, class=java.util.HashMap$Node@500000b9)
	key		50000680
	value		50000682
ARR 50000685 (sz=144, trace=300346, nelems=0, elem type=java.util.HashMap$Node[]@500000b8)
OBJ 50000686 (sz=24, trace=300275, class=java.util.LinkedList$Node@50000425)
	item		50000680
	next		5000068c
	prev		5000067f
OBJ 50000687 (sz=24, trace=300269, class=java.lang.String@5000016f)
	value		50000688
ARR 50000688 (sz=66, trace=300268, nelems=33, elem type=char[])
OBJ 50000689 (sz=32, trace=300271, class=java.util.LinkedList@50000423)
	first		5000068a
	last		5000068a
OBJ 5000068a (sz=24, trace=300273, class=java.util.LinkedList$Node@50000425)
	item		50000632
OBJ 5000068b (sz=32, trace=300159, class=java.util.HashMap$Node@500000b9)
	key		50000687
	value		50000689
OBJ 5000068c (sz=24, trace=300275, class=java.util.LinkedList$Node@50000425)
	item		50000687
	next		50000692
	prev		50000686
OBJ 5000068d (sz=24, trace=300269, class=java.lang.String@5000016f)
	value		5000068e
ARR 5000068e (sz=70, trace=300268, nelems=35, elem type=char[])
OBJ 5000068f (sz=32, trace=300271, class=java.util.LinkedList@50000423)
	first		50000690
	last		50000690
OBJ 50000690 (sz=24, trace=300273, class=java.util.LinkedList$Node@50000425)
	item		50000632
OBJ 50000691 (sz=32, trace=300158, class=java.util.HashMap$Node@500000b9)
	key		5000068d
	value		5000068f
OBJ 50000692 (sz=24, trace=300275, class=java.util.LinkedList$Node@50000425)
	item		5000068d
	next		50000698
	prev		5000068c
OBJ 50000693 (sz=24, trace=300269, class=java.lang.String@5000016f)
	value		50000694
ARR 50000694 (sz=68, trace=300268, nelems=34, elem type=char[])
OBJ 50000695 (sz=32, trace=300271, class=java.util.LinkedList@50000423)
	first		50000696
	last		50000696
OBJ 50000696 (sz=24, trace=300273, class=java.util.LinkedList$Node@50000425)
	item		50000632
OBJ 50000697 (sz=32, trace=300158, class=java.util.HashMap$Node@500000b9)
	key		50000693
	value		50000695
OBJ 50000698 (sz=24, trace=300275, class=java.util.LinkedList$Node@50000425)
	item		50000693
	next		5000069e
	prev		50000692
OBJ 50000699 (sz=24, trace=300269, class=java.lang.String@5000016f)
	value		5000069a
ARR 5000069a (sz=60, trace=300268, nelems=30, elem type=char[])
OBJ 5000069b (sz=32, trace=300271, class=java.util.LinkedList@50000423)
	first		5000069c
	last		5000069c
OBJ 5000069c (sz=24, trace=300273, class=java.util.LinkedList$Node@50000425)
	item		50000632
OBJ 5000069d (sz=32, trace=300159, class=java.util.HashMap$Node@500000b9)
	key		50000699
	value		5000069b
OBJ 5000069e (sz=24, trace=300275, class=java.util.LinkedList$Node@50000425)
	item		50000699
	next		500006a4
	prev		50000698
OBJ 5000069f (sz=24, trace=300269, class=java.lang.String@5000016f)
	value		500006a0
ARR 500006a0 (sz=58, trace=300268, nelems=29, elem type=char[])
OBJ 500006a1 (sz=32, trace=300271, class=java.util.LinkedList@50000423)
	first		500006a2
	last		500006a2
OBJ 500006a2 (sz=24, trace=300273, class=java.util.LinkedList$Node@50000425)
	item		50000632
OBJ 500006a3 (sz=32, trace=300158, class=java.util.HashMap$Node@500000b9)
	key		5000069f
	value		500006a1
OBJ 500006a4 (sz=24, trace=300275, class=java.util.LinkedList$Node@50000425)
	item		5000069f
	next		500006aa
	prev		5000069e
OBJ 500006a5 (sz=24, trace=300269, class=java.lang.String@5000016f)
	value		500006a6
ARR 500006a6 (sz=52, trace=300268, nelems=26, elem type=char[])
OBJ 500006a7 (sz=32, trace=300271, class=java.util.LinkedList@50000423)
	first		500006a8
	last		500006a8
OBJ 500006a8 (sz=24, trace=300273, class=java.util.LinkedList$Node@50000425)
	item		50000632
OBJ 500006a9 (sz=32, trace=300158, class=java.util.HashMap$Node@500000b9)
	key		500006a5
	value		500006a7
OBJ 500006aa (sz=24, trace=300275, class=java.util.LinkedList$Node@50000425)
	item		500006a5
	next		500006b0
	prev		500006a4
OBJ 500006ab (sz=24, trace=300269, class=java.lang.String@5000016f)
	value		500006ac
ARR 500006ac (sz=46, trace=300268, nelems=23, elem type=char[])
OBJ 500006ad (sz=32, trace=300271, class=java.util.LinkedList@50000423)
	first		500006ae
	last		500006ae
OBJ 500006ae (sz=24, trace=300273, class=java.util.LinkedList$Node@50000425)
	item		50000632
OBJ 500006af (sz=32, trace=300159, class=java.util.HashMap$Node@500000b9)
	key		500006ab
	value		500006ad
	next		500006b5
OBJ 500006b0 (sz=24, trace=300275, class=java.util.LinkedList$Node@50000425)
	item		500006ab
	next		500006b6
	prev		500006aa
OBJ 500006b1 (sz=24, trace=300269, class=java.lang.String@5000016f)
	value		500006b2
ARR 500006b2 (sz=50, trace=300268, nelems=25, elem type=char[])
OBJ 500006b3 (sz=32, trace=300271, class=java.util.LinkedList@50000423)
	first		500006b4
	last		500006b4
OBJ 500006b4 (sz=24, trace=300273, class=java.util.LinkedList$Node@50000425)
	item		50000632
OBJ 500006b5 (sz=32, trace=300159, class=java.util.HashMap$Node@500000b9)
	key		500006b1
	value		500006b3
OBJ 500006b6 (sz=24, trace=300275, class=java.util.LinkedList$Node@50000425)
	item		500006b1
	next		500006bc
	prev		500006b0
OBJ 500006b7 (sz=24, trace=300269, class=java.lang.String@5000016f)
	value		500006b8
ARR 500006b8 (sz=70, trace=300268, nelems=35, elem type=char[])
OBJ 500006b9 (sz=32, trace=300271, class=java.util.LinkedList@50000423)
	first		500006ba
	last		500006ba
OBJ 500006ba (sz=24, trace=300273, class=java.util.LinkedList$Node@50000425)
	item		50000632
OBJ 500006bb (sz=32, trace=300159, class=java.util.HashMap$Node@500000b9)
	key		500006b7
	value		500006b9
	next		500006f8
OBJ 500006bc (sz=24, trace=300275, class=java.util.LinkedList$Node@50000425)
	item		500006b7
	next		500006c2
	prev		500006b6
OBJ 500006bd (sz=24, trace=300269, class=java.lang.String@5000016f)
	value		500006be
ARR 500006be (sz=56, trace=300268, nelems=28, elem type=char[])
OBJ 500006bf (sz=32, trace=300271, class=java.util.LinkedList@50000423)
	first		500006c0
	last		500006c0
OBJ 500006c0 (sz=24, trace=300273, class=java.util.LinkedList$Node@50000425)
	item		50000632
OBJ 500006c1 (sz=32, trace=300158, class=java.util.HashMap$Node@500000b9)
	key		500006bd
	value		500006bf
OBJ 500006c2 (sz=24, trace=300275, class=java.util.LinkedList$Node@50000425)
	item		500006bd
	next		500006c8
	prev		500006bc
OBJ 500006c3 (sz=24, trace=300269, class=java.lang.String@5000016f)
	value		500006c4
ARR 500006c4 (sz=62, trace=300268, nelems=31, elem type=char[])
OBJ 500006c5 (sz=32, trace=300271, class=java.util.LinkedList@50000423)
	first		500006c6
	last		500006c6
OBJ 500006c6 (sz=24, trace=300273, class=java.util.LinkedList$Node@50000425)
	item		50000632
OBJ 500006c7 (sz=32, trace=300158, class=java.util.HashMap$Node@500000b9)
	key		500006c3
	value		500006c5
OBJ 500006c8 (sz=24, trace=300275, class=java.util.LinkedList$Node@50000425)
	item		500006c3
	next		500006cf
	prev		500006c2
OBJ 500006c9 (sz=24, trace=300269, class=java.lang.String@5000016f)
	value		500006ca
ARR 500006ca (sz=80, trace=300268, nelems=40, elem type=char[])
OBJ 500006cb (sz=32, trace=300271, class=java.util.LinkedList@50000423)
	first		500006cc
	last		500006cc
OBJ 500006cc (sz=24, trace=300273, class=java.util.LinkedList$Node@50000425)
	item		50000632
OBJ 500006cd (sz=32, trace=300159, class=java.util.HashMap$Node@500000b9)
	key		500006c9
	value		500006cb
	next		500006da
ARR 500006ce (sz=272, trace=300346, nelems=62, elem type=java.util.HashMap$Node[]@500000b8)
	[0]		50000639
	[1]		500006e6
	[2]		5000066c
	[5]		50000716
	[8]		5000064e
	[12]		500006d4
	[13]		5000072e
	[15]		50000672
	[17]		50000666
	[19]		500006c7
	[20]		50000654
	[21]		50000684
	[22]		50000648
	[25]		500006bb
	[27]		500006c1
	[28]		5000067e
	[29]		5000068b
	[33]		50000660
	[35]		500006a3
	[39]		50000678
	[40]		50000704
	[45]		50000691
	[46]		500006a9
	[51]		500006f2
	[54]		500006cd
	[55]		50000642
	[57]		50000697
	[58]		500006fe
	[59]		500006ec
	[61]		5000065a
OBJ 500006cf (sz=24, trace=300275, class=java.util.LinkedList$Node@50000425)
	item		500006c9
	next		500006d5
	prev		500006c8
OBJ 500006d0 (sz=24, trace=300269, class=java.lang.String@5000016f)
	value		500006d1
ARR 500006d1 (sz=74, trace=300268, nelems=37, elem type=char[])
OBJ 500006d2 (sz=32, trace=300271, class=java.util.LinkedList@50000423)
	first		500006d3
	last		500006d3
OBJ 500006d3 (sz=24, trace=300273, class=java.util.LinkedList$Node@50000425)
	item		50000632
OBJ 500006d4 (sz=32, trace=300158, class=java.util.HashMap$Node@500000b9)
	key		500006d0
	value		500006d2
	next		5000071c
OBJ 500006d5 (sz=24, trace=300275, class=java.util.LinkedList$Node@50000425)
	item		500006d0
	next		500006db
	prev		500006cf
OBJ 500006d6 (sz=24, trace=300269, class=java.lang.String@5000016f)
	value		500006d7
ARR 500006d7 (sz=82, trace=300268, nelems=41, elem type=char[])
OBJ 500006d8 (sz=32, trace=300271, class=java.util.LinkedList@50000423)
	first		500006d9
	last		500006d9
OBJ 500006d9 (sz=24, trace=300273, class=java.util.LinkedList$Node@50000425)
	item		50000632
OBJ 500006da (sz=32, trace=300159, class=java.util.HashMap$Node@500000b9)
	key		500006d6
	value		500006d8
OBJ 500006db (sz=24, trace=300275, class=java.util.LinkedList$Node@50000425)
	item		500006d6
	next		500006e1
	prev		500006d5
OBJ 500006dc (sz=24, trace=300269, class=java.lang.String@5000016f)
	value		500006dd
ARR 500006dd (sz=90, trace=300268, nelems=45, elem type=char[])
OBJ 500006de (sz=32, trace=300271, class=java.util.LinkedList@50000423)
	first		500006df
	last		500006df
OBJ 500006df (sz=24, trace=300273, class=java.util.LinkedList$Node@50000425)
	item		50000632
OBJ 500006e0 (sz=32, trace=300159, class=java.util.HashMap$Node@500000b9)
	key		500006dc
	value		500006de
OBJ 500006e1 (sz=24, trace=300275, class=java.util.LinkedList$Node@50000425)
	item		500006dc
	next		500006e7
	prev		500006db
OBJ 500006e2 (sz=24, trace=300269, class=java.lang.String@5000016f)
	value		500006e3
ARR 500006e3 (sz=98, trace=300268, nelems=49, elem type=char[])
OBJ 500006e4 (sz=32, trace=300271, class=java.util.LinkedList@50000423)
	first		500006e5
	last		500006e5
OBJ 500006e5 (sz=24, trace=300273, class=java.util.LinkedList$Node@50000425)
	item		50000632
OBJ 500006e6 (sz=32, trace=300158, class=java.util.HashMap$Node@500000b9)
	key		500006e2
	value		500006e4
OBJ 500006e7 (sz=24, trace=300275, class=java.util.LinkedList$Node@50000425)
	item		500006e2
	next		500006ed
	prev		500006e1
OBJ 500006e8 (sz=24, trace=300269, class=java.lang.String@5000016f)
	value		500006e9
ARR 500006e9 (sz=110, trace=300268, nelems=55, elem type=char[])
OBJ 500006ea (sz=32, trace=300271, class=java.util.LinkedList@50000423)
	first		500006eb
	last		500006eb
OBJ 500006eb (sz=24, trace=300273, class=java.util.LinkedList$Node@50000425)
	item		50000632
OBJ 500006ec (sz=32, trace=300158, class=java.util.HashMap$Node@500000b9)
	key		500006e8
	value		500006ea
OBJ 500006ed (sz=24, trace=300275, class=java.util.LinkedList$Node@50000425)
	item		500006e8
	next		500006f3
	prev		500006e7
OBJ 500006ee (sz=24, trace=300269, class=java.lang.String@5000016f)
	value		500006ef
ARR 500006ef (sz=130, trace=300268, nelems=65, elem type=char[])
OBJ 500006f0 (sz=32, trace=300271, class=java.util.LinkedList@50000423)
	first		500006f1
	last		500006f1
OBJ 500006f1 (sz=24, trace=300273, class=java.util.LinkedList$Node@50000425)
	item		50000632
OBJ 500006f2 (sz=32, trace=300158, class=java.util.HashMap$Node@500000b9)
	key		500006ee
	value		500006f0
OBJ 500006f3 (sz=24, trace=300275, class=java.util.LinkedList$Node@50000425)
	item		500006ee
	next		500006f9
	prev		500006ed
OBJ 500006f4 (sz=24, trace=300269, class=java.lang.String@5000016f)
	value		500006f5
ARR 500006f5 (sz=158, trace=300268, nelems=79, elem type=char[])
OBJ 500006f6 (sz=32, trace=300271, class=java.util.LinkedList@50000423)
	first		500006f7
	last		500006f7
OBJ 500006f7 (sz=24, trace=300273, class=java.util.LinkedList$Node@50000425)
	item		50000632
OBJ 500006f8 (sz=32, trace=300159, class=java.util.HashMap$Node@500000b9)
	key		500006f4
	value		500006f6
OBJ 500006f9 (sz=24, trace=300275, class=java.util.LinkedList$Node@50000425)
	item		500006f4
	next		500006ff
	prev		500006f3
OBJ 500006fa (sz=24, trace=300269, class=java.lang.String@5000016f)
	value		500006fb
ARR 500006fb (sz=142, trace=300268, nelems=71, elem type=char[])
OBJ 500006fc (sz=32, trace=300271, class=java.util.LinkedList@50000423)
	first		500006fd
	last		500006fd
OBJ 500006fd (sz=24, trace=300273, class=java.util.LinkedList$Node@50000425)
	item		50000632
OBJ 500006fe (sz=32, trace=300158, class=java.util.HashMap$Node@500000b9)
	key		500006fa
	value		500006fc
	next		50000722
OBJ 500006ff (sz=24, trace=300275, class=java.util.LinkedList$Node@50000425)
	item		500006fa
	next		50000705
	prev		500006f9
OBJ 50000700 (sz=24, trace=300269, class=java.lang.String@5000016f)
	value		50000701
ARR 50000701 (sz=128, trace=300268, nelems=64, elem type=char[])
OBJ 50000702 (sz=32, trace=300271, class=java.util.LinkedList@50000423)
	first		50000703
	last		50000703
OBJ 50000703 (sz=24, trace=300273, class=java.util.LinkedList$Node@50000425)
	item		50000632
OBJ 50000704 (sz=32, trace=300158, class=java.util.HashMap$Node@500000b9)
	key		50000700
	value		50000702
OBJ 50000705 (sz=24, trace=300275, class=java.util.LinkedList$Node@50000425)
	item		50000700
	next		5000070b
	prev		500006ff
OBJ 50000706 (sz=24, trace=300269, class=java.lang.String@5000016f)
	value		50000707
ARR 50000707 (sz=122, trace=300268, nelems=61, elem type=char[])
OBJ 50000708 (sz=32, trace=300271, class=java.util.LinkedList@50000423)
	first		50000709
	last		50000709
OBJ 50000709 (sz=24, trace=300273, class=java.util.LinkedList$Node@50000425)
	item		50000632
OBJ 5000070a (sz=32, trace=300159, class=java.util.HashMap$Node@500000b9)
	key		50000706
	value		50000708
OBJ 5000070b (sz=24, trace=300275, class=java.util.LinkedList$Node@50000425)
	item		50000706
	next		50000711
	prev		50000705
OBJ 5000070c (sz=24, trace=300269, class=java.lang.String@5000016f)
	value		5000070d
ARR 5000070d (sz=128, trace=300268, nelems=64, elem type=char[])
OBJ 5000070e (sz=32, trace=300271, class=java.util.LinkedList@50000423)
	first		5000070f
	last		5000070f
OBJ 5000070f (sz=24, trace=300273, class=java.util.LinkedList$Node@50000425)
	item		50000632
OBJ 50000710 (sz=32, trace=300159, class=java.util.HashMap$Node@500000b9)
	key		5000070c
	value		5000070e
OBJ 50000711 (sz=24, trace=300275, class=java.util.LinkedList$Node@50000425)
	item		5000070c
	next		50000717
	prev		5000070b
OBJ 50000712 (sz=24, trace=300269, class=java.lang.String@5000016f)
	value		50000713
ARR 50000713 (sz=86, trace=300268, nelems=43, elem type=char[])
OBJ 50000714 (sz=32, trace=300271, class=java.util.LinkedList@50000423)
	first		50000715
	last		50000715
OBJ 50000715 (sz=24, trace=300273, class=java.util.LinkedList$Node@50000425)
	item		50000632
OBJ 50000716 (sz=32, trace=300158, class=java.util.HashMap$Node@500000b9)
	key		50000712
	value		50000714
OBJ 50000717 (sz=24, trace=300275, class=java.util.LinkedList$Node@50000425)
	item		50000712
	next		5000071d
	prev		50000711
OBJ 50000718 (sz=24, trace=300269, class=java.lang.String@5000016f)
	value		50000719
ARR 50000719 (sz=98, trace=300268, nelems=49, elem type=char[])
OBJ 5000071a (sz=32, trace=300271, class=java.util.LinkedList@50000423)
	first		5000071b
	last		5000071b
OBJ 5000071b (sz=24, trace=300273, class=java.util.LinkedList$Node@50000425)
	item		50000632
OBJ 5000071c (sz=32, trace=300159, class=java.util.HashMap$Node@500000b9)
	key		50000718
	value		5000071a
OBJ 5000071d (sz=24, trace=300275, class=java.util.LinkedList$Node@50000425)
	item		50000718
	next		50000723
	prev		50000717
OBJ 5000071e (sz=24, trace=300269, class=java.lang.String@5000016f)
	value		5000071f
ARR 5000071f (sz=106, trace=300268, nelems=53, elem type=char[])
OBJ 50000720 (sz=32, trace=300271, class=java.util.LinkedList@50000423)
	first		50000721
	last		50000721
OBJ 50000721 (sz=24, trace=300273, class=java.util.LinkedList$Node@50000425)
	item		50000632
OBJ 50000722 (sz=32, trace=300159, class=java.util.HashMap$Node@500000b9)
	key		5000071e
	value		50000720
OBJ 50000723 (sz=24, trace=300275, class=java.util.LinkedList$Node@50000425)
	item		5000071e
	next		50000729
	prev		5000071d
OBJ 50000724 (sz=24, trace=300269, class=java.lang.String@5000016f)
	value		50000725
ARR 50000725 (sz=46, trace=300268, nelems=23, elem type=char[])
OBJ 50000726 (sz=32, trace=300271, class=java.util.LinkedList@50000423)
	first		50000727
	last		50000727
OBJ 50000727 (sz=24, trace=300273, class=java.util.LinkedList$Node@50000425)
	item		50000632
OBJ 50000728 (sz=32, trace=300159, class=java.util.HashMap$Node@500000b9)
	key		50000724
	value		50000726
OBJ 50000729 (sz=24, trace=300275, class=java.util.LinkedList$Node@50000425)
	item		50000724
	next		5000072f
	prev		50000723
OBJ 5000072a (sz=24, trace=300269, class=java.lang.String@5000016f)
	value		5000072b
ARR 5000072b (sz=52, trace=300268, nelems=26, elem type=char[])
OBJ 5000072c (sz=32, trace=300271, class=java.util.LinkedList@50000423)
	first		5000072d
	last		5000072d
OBJ 5000072d (sz=24, trace=300273, class=java.util.LinkedList$Node@50000425)
	item		50000632
OBJ 5000072e (sz=32, trace=300158, class=java.util.HashMap$Node@500000b9)
	key		5000072a
	value		5000072c
OBJ 5000072f (sz=24, trace=300275, class=java.util.LinkedList$Node@50000425)
	item		5000072a
	prev		50000729
OBJ 50000730 (sz=24, trace=300269, class=java.lang.String@5000016f)
OBJ 50000731 (sz=48, trace=300266, class=java.nio.HeapCharBuffer@50000035)
ARR 50000732 (sz=24, trace=300276, nelems=1, elem type=java.lang.String[]@500000cf)
	[0]		50000632
OBJ 50000733 (sz=64, trace=300277, class=java.net.URL@5000011b)
OBJ 50000734 (sz=24, trace=300278, class=java.lang.StringBuilder@50000123)
ARR 50000735 (sz=48, trace=300279, nelems=0, elem type=char[])
OBJ 50000736 (sz=24, trace=300280, class=java.lang.String@5000016f)
ARR 50000737 (sz=80, trace=300281, nelems=0, elem type=char[])
ARR 50000738 (sz=88, trace=300011, nelems=0, elem type=char[])
ARR 50000739 (sz=160, trace=300011, nelems=0, elem type=char[])
OBJ 5000073a (sz=24, trace=300282, class=java.lang.String@5000016f)
ARR 5000073b (sz=104, trace=300283, nelems=0, elem type=char[])
OBJ 5000073c (sz=24, trace=300284, class=java.lang.StringBuilder@50000123)
ARR 5000073d (sz=48, trace=300285, nelems=0, elem type=char[])
ARR 5000073e (sz=120, trace=300011, nelems=0, elem type=char[])
OBJ 5000073f (sz=24, trace=300286, class=java.lang.String@5000016f)
	value		50000740
ARR 50000740 (sz=102, trace=300129, nelems=51, elem type=char[])
OBJ 50000741 (sz=32, trace=300159, class=java.util.HashMap$Node@500000b9)
	key		5000073f
	value		500005f5
ARR 50000742 (sz=64, trace=300227, nelems=0, elem type=char[])
ARR 50000743 (sz=80, trace=300228, nelems=0, elem type=byte[])
ARR 50000744 (sz=40, trace=300229, nelems=0, elem type=byte[])
OBJ 50000745 (sz=16, trace=300287, class=java.util.HashSet@50000005)
OBJ 50000746 (sz=48, trace=300288, class=java.util.HashMap@500000ba)
OBJ 50000747 (sz=24, trace=300289, class=java.lang.String@5000016f)
ARR 50000748 (sz=40, trace=300290, nelems=0, elem type=char[])
OBJ 50000749 (sz=24, trace=300126, class=java.lang.StringBuilder@50000123)
ARR 5000074a (sz=48, trace=300127, nelems=0, elem type=char[])
ARR 5000074b (sz=120, trace=300011, nelems=0, elem type=char[])
OBJ 5000074c (sz=24, trace=300128, class=java.lang.String@5000016f)
ARR 5000074d (sz=120, trace=300129, nelems=0, elem type=char[])
OBJ 5000074e (sz=24, trace=300131, class=sun.misc.URLClassPath$3@5000022e)
OBJ 5000074f (sz=24, trace=300136, class=java.lang.StringBuilder@50000123)
ARR 50000750 (sz=48, trace=300137, nelems=0, elem type=char[])
OBJ 50000751 (sz=24, trace=300146, class=java.lang.StringBuffer@50000124)
ARR 50000752 (sz=120, trace=300147, nelems=0, elem type=char[])
ARR 50000753 (sz=120, trace=300148, nelems=0, elem type=char[])
OBJ 50000754 (sz=24, trace=300149, class=java.lang.String@5000016f)
ARR 50000755 (sz=120, trace=300011, nelems=0, elem type=char[])
ARR 50000756 (sz=224, trace=300011, nelems=0, elem type=char[])
OBJ 50000757 (sz=24, trace=300150, class=java.lang.String@5000016f)
	value		50000758
ARR 50000758 (sz=104, trace=300151, nelems=52, elem type=char[])
OBJ 50000759 (sz=64, trace=300152, class=java.net.URL@5000011b)
	protocol	50001d44
	host		5000149a
	file		50000757
	authority	5000149a
	path		50000757
	handler		50001e76
OBJ 5000075a (sz=24, trace=300153, class=java.net.Parts@50000010)
OBJ 5000075b (sz=48, trace=300154, class=sun.misc.URLClassPath$JarLoader@50000231)
	base		50000759
	jar		50000765
	csu		50001e8b
	index		50000788
	handler		50001e76
	lmap		50001e77
OBJ 5000075c (sz=32, trace=300155, class=java.io.File@5000011d)
OBJ 5000075d (sz=16, trace=300161, class=sun.misc.URLClassPath$JarLoader$1@50000351)
OBJ 5000075e (sz=24, trace=300163, class=sun.misc.FileURLMapper@50000353)
OBJ 5000075f (sz=32, trace=300164, class=java.io.File@5000011d)
ARR 50000760 (sz=152, trace=300071, nelems=0, elem type=byte[])
ARR 50000761 (sz=64, trace=300072, nelems=0, elem type=byte[])
OBJ 50000762 (sz=24, trace=300073, class=java.lang.String@5000016f)
ARR 50000763 (sz=48, trace=300074, nelems=0, elem type=char[])
OBJ 50000764 (sz=32, trace=300171, class=java.io.File@5000011d)
OBJ 50000765 (sz=64, trace=300194, class=java.util.jar.JarFile@5000035a)
	name		50001eaa
	zc		5000076d
	streams		50000767
	inflaterCache	5000076b
OBJ 50000766 (sz=40, trace=300098, class=java.lang.ref.Finalizer@5000014e)
	referent	50000765
	queue		50001391
	next		5000061d
	prev		5000077e
OBJ 50000767 (sz=48, trace=300195, class=java.util.WeakHashMap@500000ac)
	table		5000076a
	queue		50000768
OBJ 50000768 (sz=32, trace=300196, class=java.lang.ref.ReferenceQueue@500000de)
	lock		50000769
OBJ 50000769 (sz=16, trace=300197, class=java.lang.ref.ReferenceQueue$Lock@500000dc)
ARR 5000076a (sz=80, trace=300198, nelems=12, elem type=java.util.WeakHashMap$Entry[]@50000045)
	[11]		50000787
OBJ 5000076b (sz=24, trace=300200, class=java.util.ArrayDeque@500003bd)
	elements	5000076c
ARR 5000076c (sz=80, trace=300201, nelems=0, elem type=java.lang.Object[]@5000010a)
OBJ 5000076d (sz=32, trace=300203, class=java.util.zip.ZipCoder@500003c0)
	cs		50001821
	enc		50000773
ARR 5000076e (sz=152, trace=300204, nelems=0, elem type=byte[])
ARR 5000076f (sz=64, trace=300072, nelems=0, elem type=byte[])
ARR 50000770 (sz=152, trace=300205, nelems=0, elem type=byte[])
ARR 50000771 (sz=64, trace=300072, nelems=0, elem type=byte[])
ARR 50000772 (sz=24, trace=300224, nelems=0, elem type=byte[])
OBJ 50000773 (sz=56, trace=300225, class=sun.nio.cs.UTF_8$Encoder@50000071)
	charset		50001821
	replacement	50000774
	malformedInputAction	50001819
	unmappableCharacterAction	50001819
ARR 50000774 (sz=1, trace=300226, nelems=1, elem type=byte[])
ARR 50000775 (sz=56, trace=300227, nelems=0, elem type=char[])
ARR 50000776 (sz=80, trace=300228, nelems=0, elem type=byte[])
ARR 50000777 (sz=40, trace=300229, nelems=0, elem type=byte[])
OBJ 50000778 (sz=80, trace=300231, class=java.util.zip.ZipEntry@500003eb)
OBJ 50000779 (sz=96, trace=300233, class=java.util.jar.JarFile$JarFileEntry@500003ee)
ARR 5000077a (sz=56, trace=300237, nelems=0, elem type=char[])
ARR 5000077b (sz=80, trace=300238, nelems=0, elem type=byte[])
ARR 5000077c (sz=40, trace=300239, nelems=0, elem type=byte[])
OBJ 5000077d (sz=56, trace=300241, class=java.util.zip.ZipFile$ZipFileInputStream@500003f9)
	this$0		50000765
OBJ 5000077e (sz=40, trace=300098, class=java.lang.ref.Finalizer@5000014e)
	referent	5000077d
	queue		50001391
	next		50000766
	prev		50000780
OBJ 5000077f (sz=48, trace=300244, class=java.util.zip.Inflater@500003fc)
	zsRef		50000781
	buf		50000786
OBJ 50000780 (sz=40, trace=300098, class=java.lang.ref.Finalizer@5000014e)
	referent	5000077f
	queue		50001391
	next		5000077e
	prev		50000783
OBJ 50000781 (sz=24, trace=300246, class=java.util.zip.ZStreamRef@50000400)
OBJ 50000782 (sz=56, trace=300248, class=java.util.zip.ZipFile$ZipFileInflaterInputStream@50000403)
	in		5000077d
	inf		5000077f
	buf		50000786
	singleByteBuf	50000784
	b		50000785
	zfin		5000077d
	this$0		50000765
OBJ 50000783 (sz=40, trace=300098, class=java.lang.ref.Finalizer@5000014e)
	referent	50000782
	queue		50001391
	next		50000780
	prev		50000805
ARR 50000784 (sz=1, trace=300249, nelems=1, elem type=byte[])
ARR 50000785 (sz=512, trace=300250, nelems=512, elem type=byte[])
ARR 50000786 (sz=201, trace=300251, nelems=201, elem type=byte[])
OBJ 50000787 (sz=40, trace=300252, class=java.util.WeakHashMap$Entry@50000046)
	referent	50000782
	queue		50000768
	value		5000077f
OBJ 50000788 (sz=24, trace=300253, class=sun.misc.JarIndex@500003e4)
	indexMap	50000789
	jarMap		5000078a
	jarFiles	500007d0
OBJ 50000789 (sz=48, trace=300254, class=java.util.HashMap@500000ba)
	table		5000079e
OBJ 5000078a (sz=48, trace=300255, class=java.util.HashMap@500000ba)
	table		500007a2
OBJ 5000078b (sz=24, trace=300256, class=java.io.InputStreamReader@50000039)
OBJ 5000078c (sz=40, trace=300258, class=sun.nio.cs.UTF_8$Decoder@50000094)
OBJ 5000078d (sz=48, trace=300259, class=sun.nio.cs.StreamDecoder@50000037)
ARR 5000078e (sz=8208, trace=300260, nelems=0, elem type=byte[])
OBJ 5000078f (sz=48, trace=300261, class=java.nio.HeapByteBuffer@5000006f)
OBJ 50000790 (sz=48, trace=300262, class=java.io.BufferedReader@5000003a)
ARR 50000791 (sz=16400, trace=300263, nelems=0, elem type=char[])
OBJ 50000792 (sz=32, trace=300264, class=java.util.Vector@500000e5)
ARR 50000793 (sz=56, trace=300265, nelems=0, elem type=java.lang.Object[]@5000010a)
OBJ 50000794 (sz=48, trace=300266, class=java.nio.HeapCharBuffer@50000035)
OBJ 50000795 (sz=24, trace=300267, class=java.lang.String@5000016f)
ARR 50000796 (sz=64, trace=300268, nelems=0, elem type=char[])
OBJ 50000797 (sz=24, trace=300267, class=java.lang.String@5000016f)
OBJ 50000798 (sz=24, trace=300267, class=java.lang.String@5000016f)
	value		50000799
ARR 50000799 (sz=26, trace=300268, nelems=13, elem type=char[])
OBJ 5000079a (sz=24, trace=300269, class=java.lang.String@5000016f)
	value		5000079b
ARR 5000079b (sz=6, trace=300268, nelems=3, elem type=char[])
OBJ 5000079c (sz=32, trace=300271, class=java.util.LinkedList@50000423)
	first		5000079d
	last		5000079d
OBJ 5000079d (sz=24, trace=300273, class=java.util.LinkedList$Node@50000425)
	item		50000798
ARR 5000079e (sz=80, trace=300274, nelems=14, elem type=java.util.HashMap$Node[]@500000b8)
	[0]		5000079f
	[2]		500007c6
	[3]		500007b4
	[4]		500007ba
	[5]		500007ae
	[7]		500007a8
	[13]		500007cc
OBJ 5000079f (sz=32, trace=300158, class=java.util.HashMap$Node@500000b9)
	key		5000079a
	value		5000079c
OBJ 500007a0 (sz=32, trace=300271, class=java.util.LinkedList@50000423)
	first		500007a1
	last		500007cd
OBJ 500007a1 (sz=24, trace=300273, class=java.util.LinkedList$Node@50000425)
	item		5000079a
	next		500007a9
ARR 500007a2 (sz=80, trace=300274, nelems=13, elem type=java.util.HashMap$Node[]@500000b8)
	[12]		500007a3
OBJ 500007a3 (sz=32, trace=300158, class=java.util.HashMap$Node@500000b9)
	key		50000798
	value		500007a0
OBJ 500007a4 (sz=24, trace=300269, class=java.lang.String@5000016f)
	value		500007a5
ARR 500007a5 (sz=14, trace=300268, nelems=7, elem type=char[])
OBJ 500007a6 (sz=32, trace=300271, class=java.util.LinkedList@50000423)
	first		500007a7
	last		500007a7
OBJ 500007a7 (sz=24, trace=300273, class=java.util.LinkedList$Node@50000425)
	item		50000798
OBJ 500007a8 (sz=32, trace=300158, class=java.util.HashMap$Node@500000b9)
	key		500007a4
	value		500007a6
OBJ 500007a9 (sz=24, trace=300275, class=java.util.LinkedList$Node@50000425)
	item		500007a4
	next		500007af
	prev		500007a1
OBJ 500007aa (sz=24, trace=300269, class=java.lang.String@5000016f)
	value		500007ab
ARR 500007ab (sz=26, trace=300268, nelems=13, elem type=char[])
OBJ 500007ac (sz=32, trace=300271, class=java.util.LinkedList@50000423)
	first		500007ad
	last		500007ad
OBJ 500007ad (sz=24, trace=300273, class=java.util.LinkedList$Node@50000425)
	item		50000798
OBJ 500007ae (sz=32, trace=300158, class=java.util.HashMap$Node@500000b9)
	key		500007aa
	value		500007ac
	next		500007c0
OBJ 500007af (sz=24, trace=300275, class=java.util.LinkedList$Node@50000425)
	item		500007aa
	next		500007b5
	prev		500007a9
OBJ 500007b0 (sz=24, trace=300269, class=java.lang.String@5000016f)
	value		500007b1
ARR 500007b1 (sz=34, trace=300268, nelems=17, elem type=char[])
OBJ 500007b2 (sz=32, trace=300271, class=java.util.LinkedList@50000423)
	first		500007b3
	last		500007b3
OBJ 500007b3 (sz=24, trace=300273, class=java.util.LinkedList$Node@50000425)
	item		50000798
OBJ 500007b4 (sz=32, trace=300158, class=java.util.HashMap$Node@500000b9)
	key		500007b0
	value		500007b2
OBJ 500007b5 (sz=24, trace=300275, class=java.util.LinkedList$Node@50000425)
	item		500007b0
	next		500007bb
	prev		500007af
OBJ 500007b6 (sz=24, trace=300269, class=java.lang.String@5000016f)
	value		500007b7
ARR 500007b7 (sz=46, trace=300268, nelems=23, elem type=char[])
OBJ 500007b8 (sz=32, trace=300271, class=java.util.LinkedList@50000423)
	first		500007b9
	last		500007b9
OBJ 500007b9 (sz=24, trace=300273, class=java.util.LinkedList$Node@50000425)
	item		50000798
OBJ 500007ba (sz=32, trace=300158, class=java.util.HashMap$Node@500000b9)
	key		500007b6
	value		500007b8
OBJ 500007bb (sz=24, trace=300275, class=java.util.LinkedList$Node@50000425)
	item		500007b6
	next		500007c1
	prev		500007b5
OBJ 500007bc (sz=24, trace=300269, class=java.lang.String@5000016f)
	value		500007bd
ARR 500007bd (sz=54, trace=300268, nelems=27, elem type=char[])
OBJ 500007be (sz=32, trace=300271, class=java.util.LinkedList@50000423)
	first		500007bf
	last		500007bf
OBJ 500007bf (sz=24, trace=300273, class=java.util.LinkedList$Node@50000425)
	item		50000798
OBJ 500007c0 (sz=32, trace=300159, class=java.util.HashMap$Node@500000b9)
	key		500007bc
	value		500007be
OBJ 500007c1 (sz=24, trace=300275, class=java.util.LinkedList$Node@50000425)
	item		500007bc
	next		500007c7
	prev		500007bb
OBJ 500007c2 (sz=24, trace=300269, class=java.lang.String@5000016f)
	value		500007c3
ARR 500007c3 (sz=62, trace=300268, nelems=31, elem type=char[])
OBJ 500007c4 (sz=32, trace=300271, class=java.util.LinkedList@50000423)
	first		500007c5
	last		500007c5
OBJ 500007c5 (sz=24, trace=300273, class=java.util.LinkedList$Node@50000425)
	item		50000798
OBJ 500007c6 (sz=32, trace=300158, class=java.util.HashMap$Node@500000b9)
	key		500007c2
	value		500007c4
OBJ 500007c7 (sz=24, trace=300275, class=java.util.LinkedList$Node@50000425)
	item		500007c2
	next		500007cd
	prev		500007c1
OBJ 500007c8 (sz=24, trace=300269, class=java.lang.String@5000016f)
	value		500007c9
ARR 500007c9 (sz=64, trace=300268, nelems=32, elem type=char[])
OBJ 500007ca (sz=32, trace=300271, class=java.util.LinkedList@50000423)
	first		500007cb
	last		500007cb
OBJ 500007cb (sz=24, trace=300273, class=java.util.LinkedList$Node@50000425)
	item		50000798
OBJ 500007cc (sz=32, trace=300158, class=java.util.HashMap$Node@500000b9)
	key		500007c8
	value		500007ca
OBJ 500007cd (sz=24, trace=300275, class=java.util.LinkedList$Node@50000425)
	item		500007c8
	prev		500007c7
OBJ 500007ce (sz=24, trace=300269, class=java.lang.String@5000016f)
OBJ 500007cf (sz=48, trace=300266, class=java.nio.HeapCharBuffer@50000035)
ARR 500007d0 (sz=24, trace=300276, nelems=1, elem type=java.lang.String[]@500000cf)
	[0]		50000798
OBJ 500007d1 (sz=64, trace=300277, class=java.net.URL@5000011b)
OBJ 500007d2 (sz=24, trace=300278, class=java.lang.StringBuilder@50000123)
ARR 500007d3 (sz=48, trace=300279, nelems=0, elem type=char[])
OBJ 500007d4 (sz=24, trace=300280, class=java.lang.String@5000016f)
ARR 500007d5 (sz=80, trace=300281, nelems=0, elem type=char[])
ARR 500007d6 (sz=88, trace=300011, nelems=0, elem type=char[])
ARR 500007d7 (sz=160, trace=300011, nelems=0, elem type=char[])
OBJ 500007d8 (sz=24, trace=300282, class=java.lang.String@5000016f)
ARR 500007d9 (sz=112, trace=300283, nelems=0, elem type=char[])
OBJ 500007da (sz=24, trace=300284, class=java.lang.StringBuilder@50000123)
ARR 500007db (sz=48, trace=300285, nelems=0, elem type=char[])
ARR 500007dc (sz=120, trace=300011, nelems=0, elem type=char[])
OBJ 500007dd (sz=24, trace=300286, class=java.lang.String@5000016f)
	value		500007de
ARR 500007de (sz=104, trace=300129, nelems=52, elem type=char[])
OBJ 500007df (sz=32, trace=300159, class=java.util.HashMap$Node@500000b9)
	key		500007dd
	value		5000075b
ARR 500007e0 (sz=104, trace=300156, nelems=20, elem type=java.lang.Object[]@5000010a)
	[0]		50000253
	[1]		5000026e
	[2]		50000287
	[3]		500002a0
	[4]		500002b9
	[5]		500002d2
	[6]		500002eb
	[7]		50000304
	[8]		5000031d
	[9]		50000336
	[10]		5000034f
	[11]		5000045f
	[12]		500004d6
	[13]		50000575
	[14]		500005f5
	[15]		5000075b
	[16]		500007fa
	[17]		500009d9
	[18]		50000a21
	[19]		50000aa1
ARR 500007e1 (sz=64, trace=300227, nelems=0, elem type=char[])
ARR 500007e2 (sz=80, trace=300228, nelems=0, elem type=byte[])
ARR 500007e3 (sz=40, trace=300229, nelems=0, elem type=byte[])
OBJ 500007e4 (sz=16, trace=300287, class=java.util.HashSet@50000005)
OBJ 500007e5 (sz=48, trace=300288, class=java.util.HashMap@500000ba)
OBJ 500007e6 (sz=24, trace=300289, class=java.lang.String@5000016f)
ARR 500007e7 (sz=40, trace=300290, nelems=0, elem type=char[])
OBJ 500007e8 (sz=24, trace=300126, class=java.lang.StringBuilder@50000123)
ARR 500007e9 (sz=48, trace=300127, nelems=0, elem type=char[])
ARR 500007ea (sz=120, trace=300011, nelems=0, elem type=char[])
OBJ 500007eb (sz=24, trace=300128, class=java.lang.String@5000016f)
ARR 500007ec (sz=120, trace=300129, nelems=0, elem type=char[])
OBJ 500007ed (sz=24, trace=300131, class=sun.misc.URLClassPath$3@5000022e)
OBJ 500007ee (sz=24, trace=300136, class=java.lang.StringBuilder@50000123)
ARR 500007ef (sz=48, trace=300137, nelems=0, elem type=char[])
OBJ 500007f0 (sz=24, trace=300146, class=java.lang.StringBuffer@50000124)
ARR 500007f1 (sz=120, trace=300147, nelems=0, elem type=char[])
ARR 500007f2 (sz=120, trace=300148, nelems=0, elem type=char[])
OBJ 500007f3 (sz=24, trace=300149, class=java.lang.String@5000016f)
ARR 500007f4 (sz=120, trace=300011, nelems=0, elem type=char[])
ARR 500007f5 (sz=216, trace=300011, nelems=0, elem type=char[])
OBJ 500007f6 (sz=24, trace=300150, class=java.lang.String@5000016f)
	value		500007f7
ARR 500007f7 (sz=102, trace=300151, nelems=51, elem type=char[])
OBJ 500007f8 (sz=64, trace=300152, class=java.net.URL@5000011b)
	protocol	50001d44
	host		5000149a
	file		500007f6
	authority	5000149a
	path		500007f6
	handler		50001e76
OBJ 500007f9 (sz=24, trace=300153, class=java.net.Parts@50000010)
OBJ 500007fa (sz=48, trace=300154, class=sun.misc.URLClassPath$JarLoader@50000231)
	base		500007f8
	jar		50000804
	csu		50001e8c
	index		5000082a
	handler		50001e76
	lmap		50001e77
OBJ 500007fb (sz=32, trace=300155, class=java.io.File@5000011d)
OBJ 500007fc (sz=16, trace=300161, class=sun.misc.URLClassPath$JarLoader$1@50000351)
OBJ 500007fd (sz=24, trace=300163, class=sun.misc.FileURLMapper@50000353)
OBJ 500007fe (sz=32, trace=300164, class=java.io.File@5000011d)
ARR 500007ff (sz=152, trace=300071, nelems=0, elem type=byte[])
ARR 50000800 (sz=64, trace=300072, nelems=0, elem type=byte[])
OBJ 50000801 (sz=24, trace=300073, class=java.lang.String@5000016f)
ARR 50000802 (sz=40, trace=300074, nelems=0, elem type=char[])
OBJ 50000803 (sz=32, trace=300171, class=java.io.File@5000011d)
OBJ 50000804 (sz=64, trace=300194, class=java.util.jar.JarFile@5000035a)
	name		50001ea8
	zc		5000080c
	streams		50000806
	inflaterCache	5000080a
OBJ 50000805 (sz=40, trace=300098, class=java.lang.ref.Finalizer@5000014e)
	referent	50000804
	queue		50001391
	next		50000783
	prev		50000820
OBJ 50000806 (sz=48, trace=300195, class=java.util.WeakHashMap@500000ac)
	table		50000809
	queue		50000807
OBJ 50000807 (sz=32, trace=300196, class=java.lang.ref.ReferenceQueue@500000de)
	lock		50000808
OBJ 50000808 (sz=16, trace=300197, class=java.lang.ref.ReferenceQueue$Lock@500000dc)
ARR 50000809 (sz=80, trace=300198, nelems=15, elem type=java.util.WeakHashMap$Entry[]@50000045)
	[14]		50000829
OBJ 5000080a (sz=24, trace=300200, class=java.util.ArrayDeque@500003bd)
	elements	5000080b
ARR 5000080b (sz=80, trace=300201, nelems=0, elem type=java.lang.Object[]@5000010a)
OBJ 5000080c (sz=32, trace=300203, class=java.util.zip.ZipCoder@500003c0)
	cs		50001821
	enc		50000812
ARR 5000080d (sz=152, trace=300204, nelems=0, elem type=byte[])
ARR 5000080e (sz=64, trace=300072, nelems=0, elem type=byte[])
ARR 5000080f (sz=152, trace=300205, nelems=0, elem type=byte[])
ARR 50000810 (sz=64, trace=300072, nelems=0, elem type=byte[])
ARR 50000811 (sz=24, trace=300224, nelems=0, elem type=byte[])
OBJ 50000812 (sz=56, trace=300225, class=sun.nio.cs.UTF_8$Encoder@50000071)
	charset		50001821
	replacement	50000813
	malformedInputAction	50001819
	unmappableCharacterAction	50001819
ARR 50000813 (sz=1, trace=300226, nelems=1, elem type=byte[])
ARR 50000814 (sz=56, trace=300227, nelems=0, elem type=char[])
ARR 50000815 (sz=80, trace=300228, nelems=0, elem type=byte[])
ARR 50000816 (sz=40, trace=300229, nelems=0, elem type=byte[])
OBJ 50000817 (sz=80, trace=300231, class=java.util.zip.ZipEntry@500003eb)
OBJ 50000818 (sz=96, trace=300233, class=java.util.jar.JarFile$JarFileEntry@500003ee)
ARR 50000819 (sz=104, trace=300234, nelems=0, elem type=char[])
OBJ 5000081a (sz=24, trace=300235, class=java.lang.String@5000016f)
ARR 5000081b (sz=104, trace=300236, nelems=0, elem type=char[])
ARR 5000081c (sz=56, trace=300237, nelems=0, elem type=char[])
ARR 5000081d (sz=80, trace=300238, nelems=0, elem type=byte[])
ARR 5000081e (sz=40, trace=300239, nelems=0, elem type=byte[])
OBJ 5000081f (sz=56, trace=300241, class=java.util.zip.ZipFile$ZipFileInputStream@500003f9)
	this$0		50000804
OBJ 50000820 (sz=40, trace=300098, class=java.lang.ref.Finalizer@5000014e)
	referent	5000081f
	queue		50001391
	next		50000805
	prev		50000822
OBJ 50000821 (sz=48, trace=300244, class=java.util.zip.Inflater@500003fc)
	zsRef		50000823
	buf		50000828
OBJ 50000822 (sz=40, trace=300098, class=java.lang.ref.Finalizer@5000014e)
	referent	50000821
	queue		50001391
	next		50000820
	prev		50000825
OBJ 50000823 (sz=24, trace=300246, class=java.util.zip.ZStreamRef@50000400)
OBJ 50000824 (sz=56, trace=300248, class=java.util.zip.ZipFile$ZipFileInflaterInputStream@50000403)
	in		5000081f
	inf		50000821
	buf		50000828
	singleByteBuf	50000826
	b		50000827
	zfin		5000081f
	this$0		50000804
OBJ 50000825 (sz=40, trace=300098, class=java.lang.ref.Finalizer@5000014e)
	referent	50000824
	queue		50001391
	next		50000822
	prev		500008fb
ARR 50000826 (sz=1, trace=300249, nelems=1, elem type=byte[])
ARR 50000827 (sz=512, trace=300250, nelems=512, elem type=byte[])
ARR 50000828 (sz=484, trace=300251, nelems=484, elem type=byte[])
OBJ 50000829 (sz=40, trace=300252, class=java.util.WeakHashMap$Entry@50000046)
	referent	50000824
	queue		50000807
	value		50000821
OBJ 5000082a (sz=24, trace=300253, class=sun.misc.JarIndex@500003e4)
	indexMap	5000082b
	jarMap		5000082c
	jarFiles	500008c7
OBJ 5000082b (sz=48, trace=300254, class=java.util.HashMap@500000ba)
	table		5000088d
OBJ 5000082c (sz=48, trace=300255, class=java.util.HashMap@500000ba)
	table		50000844
OBJ 5000082d (sz=24, trace=300256, class=java.io.InputStreamReader@50000039)
OBJ 5000082e (sz=40, trace=300258, class=sun.nio.cs.UTF_8$Decoder@50000094)
OBJ 5000082f (sz=48, trace=300259, class=sun.nio.cs.StreamDecoder@50000037)
ARR 50000830 (sz=8208, trace=300260, nelems=0, elem type=byte[])
OBJ 50000831 (sz=48, trace=300261, class=java.nio.HeapByteBuffer@5000006f)
OBJ 50000832 (sz=48, trace=300262, class=java.io.BufferedReader@5000003a)
ARR 50000833 (sz=16400, trace=300263, nelems=0, elem type=char[])
OBJ 50000834 (sz=32, trace=300264, class=java.util.Vector@500000e5)
ARR 50000835 (sz=56, trace=300265, nelems=0, elem type=java.lang.Object[]@5000010a)
OBJ 50000836 (sz=48, trace=300266, class=java.nio.HeapCharBuffer@50000035)
OBJ 50000837 (sz=24, trace=300267, class=java.lang.String@5000016f)
ARR 50000838 (sz=64, trace=300268, nelems=0, elem type=char[])
OBJ 50000839 (sz=24, trace=300267, class=java.lang.String@5000016f)
OBJ 5000083a (sz=24, trace=300267, class=java.lang.String@5000016f)
	value		5000083b
ARR 5000083b (sz=24, trace=300268, nelems=12, elem type=char[])
OBJ 5000083c (sz=24, trace=300269, class=java.lang.String@5000016f)
	value		5000083d
ARR 5000083d (sz=6, trace=300268, nelems=3, elem type=char[])
OBJ 5000083e (sz=32, trace=300271, class=java.util.LinkedList@50000423)
	first		5000083f
	last		5000083f
OBJ 5000083f (sz=24, trace=300273, class=java.util.LinkedList$Node@50000425)
	item		5000083a
ARR 50000840 (sz=80, trace=300274, nelems=0, elem type=java.util.HashMap$Node[]@500000b8)
OBJ 50000841 (sz=32, trace=300158, class=java.util.HashMap$Node@500000b9)
	key		5000083c
	value		5000083e
	next		500008c3
OBJ 50000842 (sz=32, trace=300271, class=java.util.LinkedList@50000423)
	first		50000843
	last		500008c4
OBJ 50000843 (sz=24, trace=300273, class=java.util.LinkedList$Node@50000425)
	item		5000083c
	next		5000084b
ARR 50000844 (sz=80, trace=300274, nelems=9, elem type=java.util.HashMap$Node[]@500000b8)
	[8]		50000845
OBJ 50000845 (sz=32, trace=300158, class=java.util.HashMap$Node@500000b9)
	key		5000083a
	value		50000842
OBJ 50000846 (sz=24, trace=300269, class=java.lang.String@5000016f)
	value		50000847
ARR 50000847 (sz=14, trace=300268, nelems=7, elem type=char[])
OBJ 50000848 (sz=32, trace=300271, class=java.util.LinkedList@50000423)
	first		50000849
	last		50000849
OBJ 50000849 (sz=24, trace=300273, class=java.util.LinkedList$Node@50000425)
	item		5000083a
OBJ 5000084a (sz=32, trace=300158, class=java.util.HashMap$Node@500000b9)
	key		50000846
	value		50000848
OBJ 5000084b (sz=24, trace=300275, class=java.util.LinkedList$Node@50000425)
	item		50000846
	next		50000851
	prev		50000843
OBJ 5000084c (sz=24, trace=300269, class=java.lang.String@5000016f)
	value		5000084d
ARR 5000084d (sz=26, trace=300268, nelems=13, elem type=char[])
OBJ 5000084e (sz=32, trace=300271, class=java.util.LinkedList@50000423)
	first		5000084f
	last		5000084f
OBJ 5000084f (sz=24, trace=300273, class=java.util.LinkedList$Node@50000425)
	item		5000083a
OBJ 50000850 (sz=32, trace=300158, class=java.util.HashMap$Node@500000b9)
	key		5000084c
	value		5000084e
	next		5000088c
OBJ 50000851 (sz=24, trace=300275, class=java.util.LinkedList$Node@50000425)
	item		5000084c
	next		50000857
	prev		5000084b
OBJ 50000852 (sz=24, trace=300269, class=java.lang.String@5000016f)
	value		50000853
ARR 50000853 (sz=34, trace=300268, nelems=17, elem type=char[])
OBJ 50000854 (sz=32, trace=300271, class=java.util.LinkedList@50000423)
	first		50000855
	last		50000855
OBJ 50000855 (sz=24, trace=300273, class=java.util.LinkedList$Node@50000425)
	item		5000083a
OBJ 50000856 (sz=32, trace=300158, class=java.util.HashMap$Node@500000b9)
	key		50000852
	value		50000854
OBJ 50000857 (sz=24, trace=300275, class=java.util.LinkedList$Node@50000425)
	item		50000852
	next		5000085d
	prev		50000851
OBJ 50000858 (sz=24, trace=300269, class=java.lang.String@5000016f)
	value		50000859
ARR 50000859 (sz=52, trace=300268, nelems=26, elem type=char[])
OBJ 5000085a (sz=32, trace=300271, class=java.util.LinkedList@50000423)
	first		5000085b
	last		5000085b
OBJ 5000085b (sz=24, trace=300273, class=java.util.LinkedList$Node@50000425)
	item		5000083a
OBJ 5000085c (sz=32, trace=300158, class=java.util.HashMap$Node@500000b9)
	key		50000858
	value		5000085a
OBJ 5000085d (sz=24, trace=300275, class=java.util.LinkedList$Node@50000425)
	item		50000858
	next		50000863
	prev		50000857
OBJ 5000085e (sz=24, trace=300269, class=java.lang.String@5000016f)
	value		5000085f
ARR 5000085f (sz=44, trace=300268, nelems=22, elem type=char[])
OBJ 50000860 (sz=32, trace=300271, class=java.util.LinkedList@50000423)
	first		50000861
	last		50000861
OBJ 50000861 (sz=24, trace=300273, class=java.util.LinkedList$Node@50000425)
	item		5000083a
OBJ 50000862 (sz=32, trace=300158, class=java.util.HashMap$Node@500000b9)
	key		5000085e
	value		50000860
OBJ 50000863 (sz=24, trace=300275, class=java.util.LinkedList$Node@50000425)
	item		5000085e
	next		50000869
	prev		5000085d
OBJ 50000864 (sz=24, trace=300269, class=java.lang.String@5000016f)
	value		50000865
ARR 50000865 (sz=50, trace=300268, nelems=25, elem type=char[])
OBJ 50000866 (sz=32, trace=300271, class=java.util.LinkedList@50000423)
	first		50000867
	last		50000867
OBJ 50000867 (sz=24, trace=300273, class=java.util.LinkedList$Node@50000425)
	item		5000083a
OBJ 50000868 (sz=32, trace=300158, class=java.util.HashMap$Node@500000b9)
	key		50000864
	value		50000866
	next		500008ab
OBJ 50000869 (sz=24, trace=300275, class=java.util.LinkedList$Node@50000425)
	item		50000864
	next		5000086f
	prev		50000863
OBJ 5000086a (sz=24, trace=300269, class=java.lang.String@5000016f)
	value		5000086b
ARR 5000086b (sz=48, trace=300268, nelems=24, elem type=char[])
OBJ 5000086c (sz=32, trace=300271, class=java.util.LinkedList@50000423)
	first		5000086d
	last		5000086d
OBJ 5000086d (sz=24, trace=300273, class=java.util.LinkedList$Node@50000425)
	item		5000083a
OBJ 5000086e (sz=32, trace=300158, class=java.util.HashMap$Node@500000b9)
	key		5000086a
	value		5000086c
OBJ 5000086f (sz=24, trace=300275, class=java.util.LinkedList$Node@50000425)
	item		5000086a
	next		50000875
	prev		50000869
OBJ 50000870 (sz=24, trace=300269, class=java.lang.String@5000016f)
	value		50000871
ARR 50000871 (sz=42, trace=300268, nelems=21, elem type=char[])
OBJ 50000872 (sz=32, trace=300271, class=java.util.LinkedList@50000423)
	first		50000873
	last		50000873
OBJ 50000873 (sz=24, trace=300273, class=java.util.LinkedList$Node@50000425)
	item		5000083a
OBJ 50000874 (sz=32, trace=300158, class=java.util.HashMap$Node@500000b9)
	key		50000870
	value		50000872
OBJ 50000875 (sz=24, trace=300275, class=java.util.LinkedList$Node@50000425)
	item		50000870
	next		5000087b
	prev		5000086f
OBJ 50000876 (sz=24, trace=300269, class=java.lang.String@5000016f)
	value		50000877
ARR 50000877 (sz=54, trace=300268, nelems=27, elem type=char[])
OBJ 50000878 (sz=32, trace=300271, class=java.util.LinkedList@50000423)
	first		50000879
	last		50000879
OBJ 50000879 (sz=24, trace=300273, class=java.util.LinkedList$Node@50000425)
	item		5000083a
OBJ 5000087a (sz=32, trace=300158, class=java.util.HashMap$Node@500000b9)
	key		50000876
	value		50000878
	next		500008b1
OBJ 5000087b (sz=24, trace=300275, class=java.util.LinkedList$Node@50000425)
	item		50000876
	next		50000881
	prev		50000875
OBJ 5000087c (sz=24, trace=300269, class=java.lang.String@5000016f)
	value		5000087d
ARR 5000087d (sz=44, trace=300268, nelems=22, elem type=char[])
OBJ 5000087e (sz=32, trace=300271, class=java.util.LinkedList@50000423)
	first		5000087f
	last		5000087f
OBJ 5000087f (sz=24, trace=300273, class=java.util.LinkedList$Node@50000425)
	item		5000083a
OBJ 50000880 (sz=32, trace=300158, class=java.util.HashMap$Node@500000b9)
	key		5000087c
	value		5000087e
OBJ 50000881 (sz=24, trace=300275, class=java.util.LinkedList$Node@50000425)
	item		5000087c
	next		50000887
	prev		5000087b
OBJ 50000882 (sz=24, trace=300269, class=java.lang.String@5000016f)
	value		50000883
ARR 50000883 (sz=48, trace=300268, nelems=24, elem type=char[])
OBJ 50000884 (sz=32, trace=300271, class=java.util.LinkedList@50000423)
	first		50000885
	last		50000885
OBJ 50000885 (sz=24, trace=300273, class=java.util.LinkedList$Node@50000425)
	item		5000083a
OBJ 50000886 (sz=32, trace=300159, class=java.util.HashMap$Node@500000b9)
	key		50000882
	value		50000884
OBJ 50000887 (sz=24, trace=300275, class=java.util.LinkedList$Node@50000425)
	item		50000882
	next		5000088e
	prev		50000881
OBJ 50000888 (sz=24, trace=300269, class=java.lang.String@5000016f)
	value		50000889
ARR 50000889 (sz=10, trace=300268, nelems=5, elem type=char[])
OBJ 5000088a (sz=32, trace=300271, class=java.util.LinkedList@50000423)
	first		5000088b
	last		5000088b
OBJ 5000088b (sz=24, trace=300273, class=java.util.LinkedList$Node@50000425)
	item		5000083a
OBJ 5000088c (sz=32, trace=300159, class=java.util.HashMap$Node@500000b9)
	key		50000888
	value		5000088a
	next		500008a5
ARR 5000088d (sz=144, trace=300346, nelems=32, elem type=java.util.HashMap$Node[]@500000b8)
	[0]		50000841
	[2]		500008b7
	[4]		5000085c
	[5]		50000899
	[6]		50000874
	[13]		5000089f
	[14]		5000087a
	[17]		50000862
	[18]		5000086e
	[19]		50000856
	[20]		50000886
	[21]		50000850
	[23]		5000084a
	[25]		50000893
	[28]		50000868
	[31]		50000880
OBJ 5000088e (sz=24, trace=300275, class=java.util.LinkedList$Node@50000425)
	item		50000888
	next		50000894
	prev		50000887
OBJ 5000088f (sz=24, trace=300269, class=java.lang.String@5000016f)
	value		50000890
ARR 50000890 (sz=22, trace=300268, nelems=11, elem type=char[])
OBJ 50000891 (sz=32, trace=300271, class=java.util.LinkedList@50000423)
	first		50000892
	last		50000892
OBJ 50000892 (sz=24, trace=300273, class=java.util.LinkedList$Node@50000425)
	item		5000083a
OBJ 50000893 (sz=32, trace=300158, class=java.util.HashMap$Node@500000b9)
	key		5000088f
	value		50000891
OBJ 50000894 (sz=24, trace=300275, class=java.util.LinkedList$Node@50000425)
	item		5000088f
	next		5000089a
	prev		5000088e
OBJ 50000895 (sz=24, trace=300269, class=java.lang.String@5000016f)
	value		50000896
ARR 50000896 (sz=30, trace=300268, nelems=15, elem type=char[])
OBJ 50000897 (sz=32, trace=300271, class=java.util.LinkedList@50000423)
	first		50000898
	last		50000898
OBJ 50000898 (sz=24, trace=300273, class=java.util.LinkedList$Node@50000425)
	item		5000083a
OBJ 50000899 (sz=32, trace=300158, class=java.util.HashMap$Node@500000b9)
	key		50000895
	value		50000897
OBJ 5000089a (sz=24, trace=300275, class=java.util.LinkedList$Node@50000425)
	item		50000895
	next		500008a0
	prev		50000894
OBJ 5000089b (sz=24, trace=300269, class=java.lang.String@5000016f)
	value		5000089c
ARR 5000089c (sz=48, trace=300268, nelems=24, elem type=char[])
OBJ 5000089d (sz=32, trace=300271, class=java.util.LinkedList@50000423)
	first		5000089e
	last		5000089e
OBJ 5000089e (sz=24, trace=300273, class=java.util.LinkedList$Node@50000425)
	item		5000083a
OBJ 5000089f (sz=32, trace=300158, class=java.util.HashMap$Node@500000b9)
	key		5000089b
	value		5000089d
OBJ 500008a0 (sz=24, trace=300275, class=java.util.LinkedList$Node@50000425)
	item		5000089b
	next		500008a6
	prev		5000089a
OBJ 500008a1 (sz=24, trace=300269, class=java.lang.String@5000016f)
	value		500008a2
ARR 500008a2 (sz=48, trace=300268, nelems=24, elem type=char[])
OBJ 500008a3 (sz=32, trace=300271, class=java.util.LinkedList@50000423)
	first		500008a4
	last		500008a4
OBJ 500008a4 (sz=24, trace=300273, class=java.util.LinkedList$Node@50000425)
	item		5000083a
OBJ 500008a5 (sz=32, trace=300159, class=java.util.HashMap$Node@500000b9)
	key		500008a1
	value		500008a3
OBJ 500008a6 (sz=24, trace=300275, class=java.util.LinkedList$Node@50000425)
	item		500008a1
	next		500008ac
	prev		500008a0
OBJ 500008a7 (sz=24, trace=300269, class=java.lang.String@5000016f)
	value		500008a8
ARR 500008a8 (sz=48, trace=300268, nelems=24, elem type=char[])
OBJ 500008a9 (sz=32, trace=300271, class=java.util.LinkedList@50000423)
	first		500008aa
	last		500008aa
OBJ 500008aa (sz=24, trace=300273, class=java.util.LinkedList$Node@50000425)
	item		5000083a
OBJ 500008ab (sz=32, trace=300159, class=java.util.HashMap$Node@500000b9)
	key		500008a7
	value		500008a9
	next		500008bd
OBJ 500008ac (sz=24, trace=300275, class=java.util.LinkedList$Node@50000425)
	item		500008a7
	next		500008b2
	prev		500008a6
OBJ 500008ad (sz=24, trace=300269, class=java.lang.String@5000016f)
	value		500008ae
ARR 500008ae (sz=44, trace=300268, nelems=22, elem type=char[])
OBJ 500008af (sz=32, trace=300271, class=java.util.LinkedList@50000423)
	first		500008b0
	last		500008b0
OBJ 500008b0 (sz=24, trace=300273, class=java.util.LinkedList$Node@50000425)
	item		5000083a
OBJ 500008b1 (sz=32, trace=300159, class=java.util.HashMap$Node@500000b9)
	key		500008ad
	value		500008af
OBJ 500008b2 (sz=24, trace=300275, class=java.util.LinkedList$Node@50000425)
	item		500008ad
	next		500008b8
	prev		500008ac
OBJ 500008b3 (sz=24, trace=300269, class=java.lang.String@5000016f)
	value		500008b4
ARR 500008b4 (sz=50, trace=300268, nelems=25, elem type=char[])
OBJ 500008b5 (sz=32, trace=300271, class=java.util.LinkedList@50000423)
	first		500008b6
	last		500008b6
OBJ 500008b6 (sz=24, trace=300273, class=java.util.LinkedList$Node@50000425)
	item		5000083a
OBJ 500008b7 (sz=32, trace=300158, class=java.util.HashMap$Node@500000b9)
	key		500008b3
	value		500008b5
OBJ 500008b8 (sz=24, trace=300275, class=java.util.LinkedList$Node@50000425)
	item		500008b3
	next		500008be
	prev		500008b2
OBJ 500008b9 (sz=24, trace=300269, class=java.lang.String@5000016f)
	value		500008ba
ARR 500008ba (sz=40, trace=300268, nelems=20, elem type=char[])
OBJ 500008bb (sz=32, trace=300271, class=java.util.LinkedList@50000423)
	first		500008bc
	last		500008bc
OBJ 500008bc (sz=24, trace=300273, class=java.util.LinkedList$Node@50000425)
	item		5000083a
OBJ 500008bd (sz=32, trace=300159, class=java.util.HashMap$Node@500000b9)
	key		500008b9
	value		500008bb
OBJ 500008be (sz=24, trace=300275, class=java.util.LinkedList$Node@50000425)
	item		500008b9
	next		500008c4
	prev		500008b8
OBJ 500008bf (sz=24, trace=300269, class=java.lang.String@5000016f)
	value		500008c0
ARR 500008c0 (sz=44, trace=300268, nelems=22, elem type=char[])
OBJ 500008c1 (sz=32, trace=300271, class=java.util.LinkedList@50000423)
	first		500008c2
	last		500008c2
OBJ 500008c2 (sz=24, trace=300273, class=java.util.LinkedList$Node@50000425)
	item		5000083a
OBJ 500008c3 (sz=32, trace=300159, class=java.util.HashMap$Node@500000b9)
	key		500008bf
	value		500008c1
OBJ 500008c4 (sz=24, trace=300275, class=java.util.LinkedList$Node@50000425)
	item		500008bf
	prev		500008be
OBJ 500008c5 (sz=24, trace=300269, class=java.lang.String@5000016f)
OBJ 500008c6 (sz=48, trace=300266, class=java.nio.HeapCharBuffer@50000035)
ARR 500008c7 (sz=24, trace=300276, nelems=1, elem type=java.lang.String[]@500000cf)
	[0]		5000083a
OBJ 500008c8 (sz=64, trace=300277, class=java.net.URL@5000011b)
OBJ 500008c9 (sz=24, trace=300278, class=java.lang.StringBuilder@50000123)
ARR 500008ca (sz=48, trace=300279, nelems=0, elem type=char[])
OBJ 500008cb (sz=24, trace=300280, class=java.lang.String@5000016f)
ARR 500008cc (sz=80, trace=300281, nelems=0, elem type=char[])
ARR 500008cd (sz=88, trace=300011, nelems=0, elem type=char[])
ARR 500008ce (sz=160, trace=300011, nelems=0, elem type=char[])
OBJ 500008cf (sz=24, trace=300282, class=java.lang.String@5000016f)
ARR 500008d0 (sz=104, trace=300283, nelems=0, elem type=char[])
OBJ 500008d1 (sz=24, trace=300284, class=java.lang.StringBuilder@50000123)
ARR 500008d2 (sz=48, trace=300285, nelems=0, elem type=char[])
ARR 500008d3 (sz=120, trace=300011, nelems=0, elem type=char[])
OBJ 500008d4 (sz=24, trace=300286, class=java.lang.String@5000016f)
	value		500008d5
ARR 500008d5 (sz=102, trace=300129, nelems=51, elem type=char[])
OBJ 500008d6 (sz=32, trace=300158, class=java.util.HashMap$Node@500000b9)
	key		500008d4
	value		500007fa
ARR 500008d7 (sz=64, trace=300227, nelems=0, elem type=char[])
ARR 500008d8 (sz=80, trace=300228, nelems=0, elem type=byte[])
ARR 500008d9 (sz=40, trace=300229, nelems=0, elem type=byte[])
OBJ 500008da (sz=16, trace=300287, class=java.util.HashSet@50000005)
OBJ 500008db (sz=48, trace=300288, class=java.util.HashMap@500000ba)
OBJ 500008dc (sz=24, trace=300289, class=java.lang.String@5000016f)
ARR 500008dd (sz=40, trace=300290, nelems=0, elem type=char[])
OBJ 500008de (sz=24, trace=300126, class=java.lang.StringBuilder@50000123)
ARR 500008df (sz=48, trace=300127, nelems=0, elem type=char[])
ARR 500008e0 (sz=152, trace=300011, nelems=0, elem type=char[])
OBJ 500008e1 (sz=24, trace=300128, class=java.lang.String@5000016f)
ARR 500008e2 (sz=152, trace=300129, nelems=0, elem type=char[])
OBJ 500008e3 (sz=24, trace=300131, class=sun.misc.URLClassPath$3@5000022e)
OBJ 500008e4 (sz=24, trace=300136, class=java.lang.StringBuilder@50000123)
ARR 500008e5 (sz=48, trace=300137, nelems=0, elem type=char[])
OBJ 500008e6 (sz=24, trace=300146, class=java.lang.StringBuffer@50000124)
ARR 500008e7 (sz=144, trace=300147, nelems=0, elem type=char[])
ARR 500008e8 (sz=144, trace=300148, nelems=0, elem type=char[])
OBJ 500008e9 (sz=24, trace=300149, class=java.lang.String@5000016f)
ARR 500008ea (sz=144, trace=300011, nelems=0, elem type=char[])
ARR 500008eb (sz=280, trace=300011, nelems=0, elem type=char[])
OBJ 500008ec (sz=24, trace=300150, class=java.lang.String@5000016f)
ARR 500008ed (sz=152, trace=300151, nelems=0, elem type=char[])
OBJ 500008ee (sz=64, trace=300152, class=java.net.URL@5000011b)
OBJ 500008ef (sz=24, trace=300153, class=java.net.Parts@50000010)
OBJ 500008f0 (sz=48, trace=300154, class=sun.misc.URLClassPath$JarLoader@50000231)
OBJ 500008f1 (sz=32, trace=300155, class=java.io.File@5000011d)
OBJ 500008f2 (sz=16, trace=300161, class=sun.misc.URLClassPath$JarLoader$1@50000351)
OBJ 500008f3 (sz=24, trace=300163, class=sun.misc.FileURLMapper@50000353)
OBJ 500008f4 (sz=32, trace=300164, class=java.io.File@5000011d)
ARR 500008f5 (sz=200, trace=300071, nelems=0, elem type=byte[])
ARR 500008f6 (sz=80, trace=300072, nelems=0, elem type=byte[])
OBJ 500008f7 (sz=24, trace=300073, class=java.lang.String@5000016f)
ARR 500008f8 (sz=72, trace=300074, nelems=0, elem type=char[])
OBJ 500008f9 (sz=32, trace=300171, class=java.io.File@5000011d)
OBJ 500008fa (sz=64, trace=300194, class=java.util.jar.JarFile@5000035a)
	zc		50000902
	streams		500008fc
	inflaterCache	50000900
OBJ 500008fb (sz=40, trace=300098, class=java.lang.ref.Finalizer@5000014e)
	referent	500008fa
	queue		50001391
	next		50000825
	prev		5000092c
OBJ 500008fc (sz=48, trace=300195, class=java.util.WeakHashMap@500000ac)
	table		500008ff
	queue		500008fd
OBJ 500008fd (sz=32, trace=300196, class=java.lang.ref.ReferenceQueue@500000de)
	lock		500008fe
OBJ 500008fe (sz=16, trace=300197, class=java.lang.ref.ReferenceQueue$Lock@500000dc)
ARR 500008ff (sz=80, trace=300198, nelems=0, elem type=java.util.WeakHashMap$Entry[]@50000045)
OBJ 50000900 (sz=24, trace=300200, class=java.util.ArrayDeque@500003bd)
	elements	50000901
ARR 50000901 (sz=80, trace=300201, nelems=0, elem type=java.lang.Object[]@5000010a)
OBJ 50000902 (sz=32, trace=300203, class=java.util.zip.ZipCoder@500003c0)
	cs		50001821
ARR 50000903 (sz=200, trace=300204, nelems=0, elem type=byte[])
ARR 50000904 (sz=80, trace=300072, nelems=0, elem type=byte[])
ARR 50000905 (sz=200, trace=300205, nelems=0, elem type=byte[])
ARR 50000906 (sz=80, trace=300072, nelems=0, elem type=byte[])
OBJ 50000907 (sz=24, trace=300347, class=java.lang.String@5000016f)
ARR 50000908 (sz=72, trace=300114, nelems=0, elem type=char[])
OBJ 5000090b (sz=32, trace=300349, class=java.util.zip.ZipException@5000090a)
OBJ 5000090d (sz=40, trace=300351, class=java.security.PrivilegedActionException@5000090c)
OBJ 5000090e (sz=40, trace=300351, class=java.security.PrivilegedActionException@5000090c)
OBJ 5000090f (sz=24, trace=300126, class=java.lang.StringBuilder@50000123)
ARR 50000910 (sz=48, trace=300127, nelems=0, elem type=char[])
ARR 50000911 (sz=120, trace=300011, nelems=0, elem type=char[])
OBJ 50000912 (sz=24, trace=300128, class=java.lang.String@5000016f)
ARR 50000913 (sz=120, trace=300129, nelems=0, elem type=char[])
OBJ 50000914 (sz=24, trace=300131, class=sun.misc.URLClassPath$3@5000022e)
OBJ 50000915 (sz=24, trace=300136, class=java.lang.StringBuilder@50000123)
ARR 50000916 (sz=48, trace=300137, nelems=0, elem type=char[])
OBJ 50000917 (sz=24, trace=300146, class=java.lang.StringBuffer@50000124)
ARR 50000918 (sz=120, trace=300147, nelems=0, elem type=char[])
ARR 50000919 (sz=120, trace=300148, nelems=0, elem type=char[])
OBJ 5000091a (sz=24, trace=300149, class=java.lang.String@5000016f)
ARR 5000091b (sz=120, trace=300011, nelems=0, elem type=char[])
ARR 5000091c (sz=224, trace=300011, nelems=0, elem type=char[])
OBJ 5000091d (sz=24, trace=300150, class=java.lang.String@5000016f)
ARR 5000091e (sz=120, trace=300151, nelems=0, elem type=char[])
OBJ 5000091f (sz=64, trace=300152, class=java.net.URL@5000011b)
OBJ 50000920 (sz=24, trace=300153, class=java.net.Parts@50000010)
OBJ 50000921 (sz=48, trace=300154, class=sun.misc.URLClassPath$JarLoader@50000231)
OBJ 50000922 (sz=32, trace=300155, class=java.io.File@5000011d)
OBJ 50000923 (sz=16, trace=300161, class=sun.misc.URLClassPath$JarLoader$1@50000351)
OBJ 50000924 (sz=24, trace=300163, class=sun.misc.FileURLMapper@50000353)
OBJ 50000925 (sz=32, trace=300164, class=java.io.File@5000011d)
ARR 50000926 (sz=152, trace=300071, nelems=0, elem type=byte[])
ARR 50000927 (sz=64, trace=300072, nelems=0, elem type=byte[])
OBJ 50000928 (sz=24, trace=300073, class=java.lang.String@5000016f)
ARR 50000929 (sz=48, trace=300074, nelems=0, elem type=char[])
OBJ 5000092a (sz=32, trace=300171, class=java.io.File@5000011d)
OBJ 5000092b (sz=64, trace=300194, class=java.util.jar.JarFile@5000035a)
	zc		50000933
	streams		5000092d
	inflaterCache	50000931
OBJ 5000092c (sz=40, trace=300098, class=java.lang.ref.Finalizer@5000014e)
	referent	5000092b
	queue		50001391
	next		500008fb
	prev		5000095a
OBJ 5000092d (sz=48, trace=300195, class=java.util.WeakHashMap@500000ac)
	table		50000930
	queue		5000092e
OBJ 5000092e (sz=32, trace=300196, class=java.lang.ref.ReferenceQueue@500000de)
	lock		5000092f
OBJ 5000092f (sz=16, trace=300197, class=java.lang.ref.ReferenceQueue$Lock@500000dc)
ARR 50000930 (sz=80, trace=300198, nelems=0, elem type=java.util.WeakHashMap$Entry[]@50000045)
OBJ 50000931 (sz=24, trace=300200, class=java.util.ArrayDeque@500003bd)
	elements	50000932
ARR 50000932 (sz=80, trace=300201, nelems=0, elem type=java.lang.Object[]@5000010a)
OBJ 50000933 (sz=32, trace=300203, class=java.util.zip.ZipCoder@500003c0)
	cs		50001821
ARR 50000934 (sz=152, trace=300204, nelems=0, elem type=byte[])
ARR 50000935 (sz=64, trace=300072, nelems=0, elem type=byte[])
ARR 50000936 (sz=152, trace=300205, nelems=0, elem type=byte[])
ARR 50000937 (sz=64, trace=300072, nelems=0, elem type=byte[])
OBJ 50000938 (sz=24, trace=300347, class=java.lang.String@5000016f)
ARR 50000939 (sz=72, trace=300114, nelems=0, elem type=char[])
OBJ 5000093a (sz=32, trace=300349, class=java.util.zip.ZipException@5000090a)
OBJ 5000093b (sz=40, trace=300351, class=java.security.PrivilegedActionException@5000090c)
OBJ 5000093c (sz=40, trace=300351, class=java.security.PrivilegedActionException@5000090c)
OBJ 5000093d (sz=24, trace=300126, class=java.lang.StringBuilder@50000123)
ARR 5000093e (sz=48, trace=300127, nelems=0, elem type=char[])
ARR 5000093f (sz=136, trace=300011, nelems=0, elem type=char[])
OBJ 50000940 (sz=24, trace=300128, class=java.lang.String@5000016f)
ARR 50000941 (sz=136, trace=300129, nelems=0, elem type=char[])
OBJ 50000942 (sz=24, trace=300131, class=sun.misc.URLClassPath$3@5000022e)
OBJ 50000943 (sz=24, trace=300136, class=java.lang.StringBuilder@50000123)
ARR 50000944 (sz=48, trace=300137, nelems=0, elem type=char[])
OBJ 50000945 (sz=24, trace=300146, class=java.lang.StringBuffer@50000124)
ARR 50000946 (sz=128, trace=300147, nelems=0, elem type=char[])
ARR 50000947 (sz=128, trace=300148, nelems=0, elem type=char[])
OBJ 50000948 (sz=24, trace=300149, class=java.lang.String@5000016f)
ARR 50000949 (sz=128, trace=300011, nelems=0, elem type=char[])
ARR 5000094a (sz=240, trace=300011, nelems=0, elem type=char[])
OBJ 5000094b (sz=24, trace=300150, class=java.lang.String@5000016f)
ARR 5000094c (sz=136, trace=300151, nelems=0, elem type=char[])
OBJ 5000094d (sz=64, trace=300152, class=java.net.URL@5000011b)
OBJ 5000094e (sz=24, trace=300153, class=java.net.Parts@50000010)
OBJ 5000094f (sz=48, trace=300154, class=sun.misc.URLClassPath$JarLoader@50000231)
OBJ 50000950 (sz=32, trace=300155, class=java.io.File@5000011d)
OBJ 50000951 (sz=16, trace=300161, class=sun.misc.URLClassPath$JarLoader$1@50000351)
OBJ 50000952 (sz=24, trace=300163, class=sun.misc.FileURLMapper@50000353)
OBJ 50000953 (sz=32, trace=300164, class=java.io.File@5000011d)
ARR 50000954 (sz=168, trace=300071, nelems=0, elem type=byte[])
ARR 50000955 (sz=72, trace=300072, nelems=0, elem type=byte[])
OBJ 50000956 (sz=24, trace=300073, class=java.lang.String@5000016f)
ARR 50000957 (sz=56, trace=300074, nelems=0, elem type=char[])
OBJ 50000958 (sz=32, trace=300171, class=java.io.File@5000011d)
OBJ 50000959 (sz=64, trace=300194, class=java.util.jar.JarFile@5000035a)
	zc		50000961
	streams		5000095b
	inflaterCache	5000095f
OBJ 5000095a (sz=40, trace=300098, class=java.lang.ref.Finalizer@5000014e)
	referent	50000959
	queue		50001391
	next		5000092c
	prev		50000988
OBJ 5000095b (sz=48, trace=300195, class=java.util.WeakHashMap@500000ac)
	table		5000095e
	queue		5000095c
OBJ 5000095c (sz=32, trace=300196, class=java.lang.ref.ReferenceQueue@500000de)
	lock		5000095d
OBJ 5000095d (sz=16, trace=300197, class=java.lang.ref.ReferenceQueue$Lock@500000dc)
ARR 5000095e (sz=80, trace=300198, nelems=0, elem type=java.util.WeakHashMap$Entry[]@50000045)
OBJ 5000095f (sz=24, trace=300200, class=java.util.ArrayDeque@500003bd)
	elements	50000960
ARR 50000960 (sz=80, trace=300201, nelems=0, elem type=java.lang.Object[]@5000010a)
OBJ 50000961 (sz=32, trace=300203, class=java.util.zip.ZipCoder@500003c0)
	cs		50001821
ARR 50000962 (sz=168, trace=300204, nelems=0, elem type=byte[])
ARR 50000963 (sz=72, trace=300072, nelems=0, elem type=byte[])
ARR 50000964 (sz=168, trace=300205, nelems=0, elem type=byte[])
ARR 50000965 (sz=72, trace=300072, nelems=0, elem type=byte[])
OBJ 50000966 (sz=24, trace=300347, class=java.lang.String@5000016f)
ARR 50000967 (sz=72, trace=300114, nelems=0, elem type=char[])
OBJ 50000968 (sz=32, trace=300349, class=java.util.zip.ZipException@5000090a)
OBJ 50000969 (sz=40, trace=300351, class=java.security.PrivilegedActionException@5000090c)
OBJ 5000096a (sz=40, trace=300351, class=java.security.PrivilegedActionException@5000090c)
OBJ 5000096b (sz=24, trace=300126, class=java.lang.StringBuilder@50000123)
ARR 5000096c (sz=48, trace=300127, nelems=0, elem type=char[])
ARR 5000096d (sz=136, trace=300011, nelems=0, elem type=char[])
OBJ 5000096e (sz=24, trace=300128, class=java.lang.String@5000016f)
ARR 5000096f (sz=136, trace=300129, nelems=0, elem type=char[])
OBJ 50000970 (sz=24, trace=300131, class=sun.misc.URLClassPath$3@5000022e)
OBJ 50000971 (sz=24, trace=300136, class=java.lang.StringBuilder@50000123)
ARR 50000972 (sz=48, trace=300137, nelems=0, elem type=char[])
OBJ 50000973 (sz=24, trace=300146, class=java.lang.StringBuffer@50000124)
ARR 50000974 (sz=128, trace=300147, nelems=0, elem type=char[])
ARR 50000975 (sz=128, trace=300148, nelems=0, elem type=char[])
OBJ 50000976 (sz=24, trace=300149, class=java.lang.String@5000016f)
ARR 50000977 (sz=128, trace=300011, nelems=0, elem type=char[])
ARR 50000978 (sz=240, trace=300011, nelems=0, elem type=char[])
OBJ 50000979 (sz=24, trace=300150, class=java.lang.String@5000016f)
ARR 5000097a (sz=136, trace=300151, nelems=0, elem type=char[])
OBJ 5000097b (sz=64, trace=300152, class=java.net.URL@5000011b)
OBJ 5000097c (sz=24, trace=300153, class=java.net.Parts@50000010)
OBJ 5000097d (sz=48, trace=300154, class=sun.misc.URLClassPath$JarLoader@50000231)
OBJ 5000097e (sz=32, trace=300155, class=java.io.File@5000011d)
OBJ 5000097f (sz=16, trace=300161, class=sun.misc.URLClassPath$JarLoader$1@50000351)
OBJ 50000980 (sz=24, trace=300163, class=sun.misc.FileURLMapper@50000353)
OBJ 50000981 (sz=32, trace=300164, class=java.io.File@5000011d)
ARR 50000982 (sz=168, trace=300071, nelems=0, elem type=byte[])
ARR 50000983 (sz=72, trace=300072, nelems=0, elem type=byte[])
OBJ 50000984 (sz=24, trace=300073, class=java.lang.String@5000016f)
ARR 50000985 (sz=56, trace=300074, nelems=0, elem type=char[])
OBJ 50000986 (sz=32, trace=300171, class=java.io.File@5000011d)
OBJ 50000987 (sz=64, trace=300194, class=java.util.jar.JarFile@5000035a)
	zc		5000098f
	streams		50000989
	inflaterCache	5000098d
OBJ 50000988 (sz=40, trace=300098, class=java.lang.ref.Finalizer@5000014e)
	referent	50000987
	queue		50001391
	next		5000095a
	prev		500009b6
OBJ 50000989 (sz=48, trace=300195, class=java.util.WeakHashMap@500000ac)
	table		5000098c
	queue		5000098a
OBJ 5000098a (sz=32, trace=300196, class=java.lang.ref.ReferenceQueue@500000de)
	lock		5000098b
OBJ 5000098b (sz=16, trace=300197, class=java.lang.ref.ReferenceQueue$Lock@500000dc)
ARR 5000098c (sz=80, trace=300198, nelems=0, elem type=java.util.WeakHashMap$Entry[]@50000045)
OBJ 5000098d (sz=24, trace=300200, class=java.util.ArrayDeque@500003bd)
	elements	5000098e
ARR 5000098e (sz=80, trace=300201, nelems=0, elem type=java.lang.Object[]@5000010a)
OBJ 5000098f (sz=32, trace=300203, class=java.util.zip.ZipCoder@500003c0)
	cs		50001821
ARR 50000990 (sz=168, trace=300204, nelems=0, elem type=byte[])
ARR 50000991 (sz=72, trace=300072, nelems=0, elem type=byte[])
ARR 50000992 (sz=168, trace=300205, nelems=0, elem type=byte[])
ARR 50000993 (sz=72, trace=300072, nelems=0, elem type=byte[])
OBJ 50000994 (sz=24, trace=300347, class=java.lang.String@5000016f)
ARR 50000995 (sz=72, trace=300114, nelems=0, elem type=char[])
OBJ 50000996 (sz=32, trace=300349, class=java.util.zip.ZipException@5000090a)
OBJ 50000997 (sz=40, trace=300351, class=java.security.PrivilegedActionException@5000090c)
OBJ 50000998 (sz=40, trace=300351, class=java.security.PrivilegedActionException@5000090c)
OBJ 50000999 (sz=24, trace=300126, class=java.lang.StringBuilder@50000123)
ARR 5000099a (sz=48, trace=300127, nelems=0, elem type=char[])
ARR 5000099b (sz=136, trace=300011, nelems=0, elem type=char[])
OBJ 5000099c (sz=24, trace=300128, class=java.lang.String@5000016f)
ARR 5000099d (sz=136, trace=300129, nelems=0, elem type=char[])
OBJ 5000099e (sz=24, trace=300131, class=sun.misc.URLClassPath$3@5000022e)
OBJ 5000099f (sz=24, trace=300136, class=java.lang.StringBuilder@50000123)
ARR 500009a0 (sz=48, trace=300137, nelems=0, elem type=char[])
OBJ 500009a1 (sz=24, trace=300146, class=java.lang.StringBuffer@50000124)
ARR 500009a2 (sz=128, trace=300147, nelems=0, elem type=char[])
ARR 500009a3 (sz=128, trace=300148, nelems=0, elem type=char[])
OBJ 500009a4 (sz=24, trace=300149, class=java.lang.String@5000016f)
ARR 500009a5 (sz=128, trace=300011, nelems=0, elem type=char[])
ARR 500009a6 (sz=240, trace=300011, nelems=0, elem type=char[])
OBJ 500009a7 (sz=24, trace=300150, class=java.lang.String@5000016f)
ARR 500009a8 (sz=136, trace=300151, nelems=0, elem type=char[])
OBJ 500009a9 (sz=64, trace=300152, class=java.net.URL@5000011b)
OBJ 500009aa (sz=24, trace=300153, class=java.net.Parts@50000010)
OBJ 500009ab (sz=48, trace=300154, class=sun.misc.URLClassPath$JarLoader@50000231)
OBJ 500009ac (sz=32, trace=300155, class=java.io.File@5000011d)
OBJ 500009ad (sz=16, trace=300161, class=sun.misc.URLClassPath$JarLoader$1@50000351)
OBJ 500009ae (sz=24, trace=300163, class=sun.misc.FileURLMapper@50000353)
OBJ 500009af (sz=32, trace=300164, class=java.io.File@5000011d)
ARR 500009b0 (sz=168, trace=300071, nelems=0, elem type=byte[])
ARR 500009b1 (sz=72, trace=300072, nelems=0, elem type=byte[])
OBJ 500009b2 (sz=24, trace=300073, class=java.lang.String@5000016f)
ARR 500009b3 (sz=56, trace=300074, nelems=0, elem type=char[])
OBJ 500009b4 (sz=32, trace=300171, class=java.io.File@5000011d)
OBJ 500009b5 (sz=64, trace=300194, class=java.util.jar.JarFile@5000035a)
	zc		500009bd
	streams		500009b7
	inflaterCache	500009bb
OBJ 500009b6 (sz=40, trace=300098, class=java.lang.ref.Finalizer@5000014e)
	referent	500009b5
	queue		50001391
	next		50000988
	prev		500009e4
OBJ 500009b7 (sz=48, trace=300195, class=java.util.WeakHashMap@500000ac)
	table		500009ba
	queue		500009b8
OBJ 500009b8 (sz=32, trace=300196, class=java.lang.ref.ReferenceQueue@500000de)
	lock		500009b9
OBJ 500009b9 (sz=16, trace=300197, class=java.lang.ref.ReferenceQueue$Lock@500000dc)
ARR 500009ba (sz=80, trace=300198, nelems=0, elem type=java.util.WeakHashMap$Entry[]@50000045)
OBJ 500009bb (sz=24, trace=300200, class=java.util.ArrayDeque@500003bd)
	elements	500009bc
ARR 500009bc (sz=80, trace=300201, nelems=0, elem type=java.lang.Object[]@5000010a)
OBJ 500009bd (sz=32, trace=300203, class=java.util.zip.ZipCoder@500003c0)
	cs		50001821
ARR 500009be (sz=168, trace=300204, nelems=0, elem type=byte[])
ARR 500009bf (sz=72, trace=300072, nelems=0, elem type=byte[])
ARR 500009c0 (sz=168, trace=300205, nelems=0, elem type=byte[])
ARR 500009c1 (sz=72, trace=300072, nelems=0, elem type=byte[])
OBJ 500009c2 (sz=24, trace=300347, class=java.lang.String@5000016f)
ARR 500009c3 (sz=72, trace=300114, nelems=0, elem type=char[])
OBJ 500009c4 (sz=32, trace=300349, class=java.util.zip.ZipException@5000090a)
OBJ 500009c5 (sz=40, trace=300351, class=java.security.PrivilegedActionException@5000090c)
OBJ 500009c6 (sz=40, trace=300351, class=java.security.PrivilegedActionException@5000090c)
OBJ 500009c7 (sz=24, trace=300126, class=java.lang.StringBuilder@50000123)
ARR 500009c8 (sz=48, trace=300127, nelems=0, elem type=char[])
ARR 500009c9 (sz=136, trace=300011, nelems=0, elem type=char[])
OBJ 500009ca (sz=24, trace=300128, class=java.lang.String@5000016f)
	value		500009cb
ARR 500009cb (sz=116, trace=300129, nelems=58, elem type=char[])
OBJ 500009cc (sz=24, trace=300131, class=sun.misc.URLClassPath$3@5000022e)
OBJ 500009cd (sz=24, trace=300136, class=java.lang.StringBuilder@50000123)
ARR 500009ce (sz=48, trace=300137, nelems=0, elem type=char[])
OBJ 500009cf (sz=24, trace=300146, class=java.lang.StringBuffer@50000124)
ARR 500009d0 (sz=128, trace=300147, nelems=0, elem type=char[])
ARR 500009d1 (sz=128, trace=300148, nelems=0, elem type=char[])
OBJ 500009d2 (sz=24, trace=300149, class=java.lang.String@5000016f)
ARR 500009d3 (sz=128, trace=300011, nelems=0, elem type=char[])
ARR 500009d4 (sz=248, trace=300011, nelems=0, elem type=char[])
OBJ 500009d5 (sz=24, trace=300150, class=java.lang.String@5000016f)
	value		500009d6
ARR 500009d6 (sz=116, trace=300151, nelems=58, elem type=char[])
OBJ 500009d7 (sz=64, trace=300152, class=java.net.URL@5000011b)
	protocol	50001d44
	host		5000149a
	file		500009d5
	authority	5000149a
	path		500009d5
	handler		50001e76
OBJ 500009d8 (sz=24, trace=300153, class=java.net.Parts@50000010)
OBJ 500009d9 (sz=48, trace=300154, class=sun.misc.URLClassPath$JarLoader@50000231)
	base		500009d7
	jar		500009e3
	csu		50001e92
	handler		50001e76
	lmap		50001e77
OBJ 500009da (sz=32, trace=300155, class=java.io.File@5000011d)
OBJ 500009db (sz=16, trace=300161, class=sun.misc.URLClassPath$JarLoader$1@50000351)
OBJ 500009dc (sz=24, trace=300163, class=sun.misc.FileURLMapper@50000353)
OBJ 500009dd (sz=32, trace=300164, class=java.io.File@5000011d)
ARR 500009de (sz=176, trace=300071, nelems=0, elem type=byte[])
ARR 500009df (sz=72, trace=300072, nelems=0, elem type=byte[])
OBJ 500009e0 (sz=24, trace=300073, class=java.lang.String@5000016f)
ARR 500009e1 (sz=56, trace=300074, nelems=0, elem type=char[])
OBJ 500009e2 (sz=32, trace=300171, class=java.io.File@5000011d)
OBJ 500009e3 (sz=64, trace=300194, class=java.util.jar.JarFile@5000035a)
	name		50001e9c
	zc		500009eb
	streams		500009e5
	inflaterCache	500009e9
	manEntry	500009fa
OBJ 500009e4 (sz=40, trace=300098, class=java.lang.ref.Finalizer@5000014e)
	referent	500009e3
	queue		50001391
	next		500009b6
	prev		500009ff
OBJ 500009e5 (sz=48, trace=300195, class=java.util.WeakHashMap@500000ac)
	table		500009e8
	queue		500009e6
OBJ 500009e6 (sz=32, trace=300196, class=java.lang.ref.ReferenceQueue@500000de)
	lock		500009e7
OBJ 500009e7 (sz=16, trace=300197, class=java.lang.ref.ReferenceQueue$Lock@500000dc)
ARR 500009e8 (sz=80, trace=300198, nelems=0, elem type=java.util.WeakHashMap$Entry[]@50000045)
OBJ 500009e9 (sz=24, trace=300200, class=java.util.ArrayDeque@500003bd)
	elements	500009ea
ARR 500009ea (sz=80, trace=300201, nelems=1, elem type=java.lang.Object[]@5000010a)
	[0]		50000a00
OBJ 500009eb (sz=32, trace=300203, class=java.util.zip.ZipCoder@500003c0)
	cs		50001821
	enc		500009f1
ARR 500009ec (sz=176, trace=300204, nelems=0, elem type=byte[])
ARR 500009ed (sz=72, trace=300072, nelems=0, elem type=byte[])
ARR 500009ee (sz=176, trace=300205, nelems=0, elem type=byte[])
ARR 500009ef (sz=72, trace=300072, nelems=0, elem type=byte[])
ARR 500009f0 (sz=24, trace=300224, nelems=0, elem type=byte[])
OBJ 500009f1 (sz=56, trace=300225, class=sun.nio.cs.UTF_8$Encoder@50000071)
	charset		50001821
	replacement	500009f2
	malformedInputAction	50001819
	unmappableCharacterAction	50001819
ARR 500009f2 (sz=1, trace=300226, nelems=1, elem type=byte[])
ARR 500009f3 (sz=56, trace=300227, nelems=0, elem type=char[])
ARR 500009f4 (sz=80, trace=300228, nelems=0, elem type=byte[])
ARR 500009f5 (sz=40, trace=300229, nelems=0, elem type=byte[])
ARR 500009f6 (sz=56, trace=300227, nelems=0, elem type=char[])
ARR 500009f7 (sz=80, trace=300228, nelems=0, elem type=byte[])
ARR 500009f8 (sz=40, trace=300229, nelems=0, elem type=byte[])
OBJ 500009f9 (sz=80, trace=300231, class=java.util.zip.ZipEntry@500003eb)
OBJ 500009fa (sz=96, trace=300233, class=java.util.jar.JarFile$JarFileEntry@500003ee)
	name		500017da
	this$0		500009e3
ARR 500009fb (sz=56, trace=300334, nelems=0, elem type=char[])
ARR 500009fc (sz=80, trace=300335, nelems=0, elem type=byte[])
ARR 500009fd (sz=40, trace=300336, nelems=0, elem type=byte[])
OBJ 500009fe (sz=56, trace=300337, class=java.util.zip.ZipFile$ZipFileInputStream@500003f9)
	this$0		500009e3
OBJ 500009ff (sz=40, trace=300098, class=java.lang.ref.Finalizer@5000014e)
	referent	500009fe
	queue		50001391
	next		500009e4
	prev		50000a01
OBJ 50000a00 (sz=48, trace=300338, class=java.util.zip.Inflater@500003fc)
	zsRef		50000a02
	buf		500003fd
OBJ 50000a01 (sz=40, trace=300098, class=java.lang.ref.Finalizer@5000014e)
	referent	50000a00
	queue		50001391
	next		500009ff
	prev		50000a04
OBJ 50000a02 (sz=24, trace=300246, class=java.util.zip.ZStreamRef@50000400)
OBJ 50000a03 (sz=56, trace=300248, class=java.util.zip.ZipFile$ZipFileInflaterInputStream@50000403)
	in		500009fe
	inf		50000a00
	buf		50000a07
	singleByteBuf	50000a05
	b		50000a06
	zfin		500009fe
	this$0		500009e3
OBJ 50000a04 (sz=40, trace=300098, class=java.lang.ref.Finalizer@5000014e)
	referent	50000a03
	queue		50001391
	next		50000a01
	prev		50000a2c
ARR 50000a05 (sz=1, trace=300339, nelems=1, elem type=byte[])
ARR 50000a06 (sz=512, trace=300340, nelems=512, elem type=byte[])
ARR 50000a07 (sz=306, trace=300341, nelems=306, elem type=byte[])
OBJ 50000a08 (sz=40, trace=300252, class=java.util.WeakHashMap$Entry@50000046)
ARR 50000a09 (sz=16, trace=300343, nelems=0, elem type=byte[])
ARR 50000a0a (sz=320, trace=300344, nelems=0, elem type=byte[])
OBJ 50000a0b (sz=32, trace=300158, class=java.util.HashMap$Node@500000b9)
	key		500009ca
	value		500009d9
ARR 50000a0c (sz=64, trace=300227, nelems=0, elem type=char[])
ARR 50000a0d (sz=80, trace=300228, nelems=0, elem type=byte[])
ARR 50000a0e (sz=40, trace=300229, nelems=0, elem type=byte[])
OBJ 50000a0f (sz=24, trace=300126, class=java.lang.StringBuilder@50000123)
ARR 50000a10 (sz=48, trace=300127, nelems=0, elem type=char[])
ARR 50000a11 (sz=128, trace=300011, nelems=0, elem type=char[])
OBJ 50000a12 (sz=24, trace=300128, class=java.lang.String@5000016f)
ARR 50000a13 (sz=128, trace=300129, nelems=0, elem type=char[])
OBJ 50000a14 (sz=24, trace=300131, class=sun.misc.URLClassPath$3@5000022e)
OBJ 50000a15 (sz=24, trace=300136, class=java.lang.StringBuilder@50000123)
ARR 50000a16 (sz=48, trace=300137, nelems=0, elem type=char[])
OBJ 50000a17 (sz=24, trace=300146, class=java.lang.StringBuffer@50000124)
ARR 50000a18 (sz=120, trace=300147, nelems=0, elem type=char[])
ARR 50000a19 (sz=120, trace=300148, nelems=0, elem type=char[])
OBJ 50000a1a (sz=24, trace=300149, class=java.lang.String@5000016f)
ARR 50000a1b (sz=120, trace=300011, nelems=0, elem type=char[])
ARR 50000a1c (sz=224, trace=300011, nelems=0, elem type=char[])
OBJ 50000a1d (sz=24, trace=300150, class=java.lang.String@5000016f)
	value		50000a1e
ARR 50000a1e (sz=106, trace=300151, nelems=53, elem type=char[])
OBJ 50000a1f (sz=64, trace=300152, class=java.net.URL@5000011b)
	protocol	50001d44
	host		5000149a
	file		50000a1d
	authority	5000149a
	path		50000a1d
	handler		50001e76
OBJ 50000a20 (sz=24, trace=300153, class=java.net.Parts@50000010)
OBJ 50000a21 (sz=48, trace=300154, class=sun.misc.URLClassPath$JarLoader@50000231)
	base		50000a1f
	jar		50000a2b
	csu		50001e93
	index		50000a4e
	handler		50001e76
	lmap		50001e77
OBJ 50000a22 (sz=32, trace=300155, class=java.io.File@5000011d)
OBJ 50000a23 (sz=16, trace=300161, class=sun.misc.URLClassPath$JarLoader$1@50000351)
OBJ 50000a24 (sz=24, trace=300163, class=sun.misc.FileURLMapper@50000353)
OBJ 50000a25 (sz=32, trace=300164, class=java.io.File@5000011d)
ARR 50000a26 (sz=160, trace=300071, nelems=0, elem type=byte[])
ARR 50000a27 (sz=64, trace=300072, nelems=0, elem type=byte[])
OBJ 50000a28 (sz=24, trace=300073, class=java.lang.String@5000016f)
ARR 50000a29 (sz=48, trace=300074, nelems=0, elem type=char[])
OBJ 50000a2a (sz=32, trace=300171, class=java.io.File@5000011d)
OBJ 50000a2b (sz=64, trace=300194, class=java.util.jar.JarFile@5000035a)
	name		50001e9a
	zc		50000a33
	streams		50000a2d
	inflaterCache	50000a31
OBJ 50000a2c (sz=40, trace=300098, class=java.lang.ref.Finalizer@5000014e)
	referent	50000a2b
	queue		50001391
	next		50000a04
	prev		50000a44
OBJ 50000a2d (sz=48, trace=300195, class=java.util.WeakHashMap@500000ac)
	table		50000a30
	queue		50000a2e
OBJ 50000a2e (sz=32, trace=300196, class=java.lang.ref.ReferenceQueue@500000de)
	lock		50000a2f
OBJ 50000a2f (sz=16, trace=300197, class=java.lang.ref.ReferenceQueue$Lock@500000dc)
ARR 50000a30 (sz=80, trace=300198, nelems=10, elem type=java.util.WeakHashMap$Entry[]@50000045)
	[9]		50000a4d
OBJ 50000a31 (sz=24, trace=300200, class=java.util.ArrayDeque@500003bd)
	elements	50000a32
ARR 50000a32 (sz=80, trace=300201, nelems=0, elem type=java.lang.Object[]@5000010a)
OBJ 50000a33 (sz=32, trace=300203, class=java.util.zip.ZipCoder@500003c0)
	cs		50001821
	enc		50000a39
ARR 50000a34 (sz=160, trace=300204, nelems=0, elem type=byte[])
ARR 50000a35 (sz=64, trace=300072, nelems=0, elem type=byte[])
ARR 50000a36 (sz=160, trace=300205, nelems=0, elem type=byte[])
ARR 50000a37 (sz=64, trace=300072, nelems=0, elem type=byte[])
ARR 50000a38 (sz=24, trace=300224, nelems=0, elem type=byte[])
OBJ 50000a39 (sz=56, trace=300225, class=sun.nio.cs.UTF_8$Encoder@50000071)
	charset		50001821
	replacement	50000a3a
	malformedInputAction	50001819
	unmappableCharacterAction	50001819
ARR 50000a3a (sz=1, trace=300226, nelems=1, elem type=byte[])
ARR 50000a3b (sz=56, trace=300227, nelems=0, elem type=char[])
ARR 50000a3c (sz=80, trace=300228, nelems=0, elem type=byte[])
ARR 50000a3d (sz=40, trace=300229, nelems=0, elem type=byte[])
OBJ 50000a3e (sz=80, trace=300231, class=java.util.zip.ZipEntry@500003eb)
OBJ 50000a3f (sz=96, trace=300233, class=java.util.jar.JarFile$JarFileEntry@500003ee)
ARR 50000a40 (sz=56, trace=300237, nelems=0, elem type=char[])
ARR 50000a41 (sz=80, trace=300238, nelems=0, elem type=byte[])
ARR 50000a42 (sz=40, trace=300239, nelems=0, elem type=byte[])
OBJ 50000a43 (sz=56, trace=300241, class=java.util.zip.ZipFile$ZipFileInputStream@500003f9)
	this$0		50000a2b
OBJ 50000a44 (sz=40, trace=300098, class=java.lang.ref.Finalizer@5000014e)
	referent	50000a43
	queue		50001391
	next		50000a2c
	prev		50000a46
OBJ 50000a45 (sz=48, trace=300244, class=java.util.zip.Inflater@500003fc)
	zsRef		50000a47
	buf		50000a4c
OBJ 50000a46 (sz=40, trace=300098, class=java.lang.ref.Finalizer@5000014e)
	referent	50000a45
	queue		50001391
	next		50000a44
	prev		50000a49
OBJ 50000a47 (sz=24, trace=300246, class=java.util.zip.ZStreamRef@50000400)
OBJ 50000a48 (sz=56, trace=300248, class=java.util.zip.ZipFile$ZipFileInflaterInputStream@50000403)
	in		50000a43
	inf		50000a45
	buf		50000a4c
	singleByteBuf	50000a4a
	b		50000a4b
	zfin		50000a43
	this$0		50000a2b
OBJ 50000a49 (sz=40, trace=300098, class=java.lang.ref.Finalizer@5000014e)
	referent	50000a48
	queue		50001391
	next		50000a46
	prev		50000aac
ARR 50000a4a (sz=1, trace=300249, nelems=1, elem type=byte[])
ARR 50000a4b (sz=512, trace=300250, nelems=512, elem type=byte[])
ARR 50000a4c (sz=69, trace=300251, nelems=69, elem type=byte[])
OBJ 50000a4d (sz=40, trace=300252, class=java.util.WeakHashMap$Entry@50000046)
	referent	50000a48
	queue		50000a2e
	value		50000a45
OBJ 50000a4e (sz=24, trace=300253, class=sun.misc.JarIndex@500003e4)
	indexMap	50000a4f
	jarMap		50000a50
	jarFiles	50000a78
OBJ 50000a4f (sz=48, trace=300254, class=java.util.HashMap@500000ba)
	table		50000a64
OBJ 50000a50 (sz=48, trace=300255, class=java.util.HashMap@500000ba)
	table		50000a68
OBJ 50000a51 (sz=24, trace=300256, class=java.io.InputStreamReader@50000039)
OBJ 50000a52 (sz=40, trace=300258, class=sun.nio.cs.UTF_8$Decoder@50000094)
OBJ 50000a53 (sz=48, trace=300259, class=sun.nio.cs.StreamDecoder@50000037)
ARR 50000a54 (sz=8208, trace=300260, nelems=0, elem type=byte[])
OBJ 50000a55 (sz=48, trace=300261, class=java.nio.HeapByteBuffer@5000006f)
OBJ 50000a56 (sz=48, trace=300262, class=java.io.BufferedReader@5000003a)
ARR 50000a57 (sz=16400, trace=300263, nelems=0, elem type=char[])
OBJ 50000a58 (sz=32, trace=300264, class=java.util.Vector@500000e5)
ARR 50000a59 (sz=56, trace=300265, nelems=0, elem type=java.lang.Object[]@5000010a)
OBJ 50000a5a (sz=48, trace=300266, class=java.nio.HeapCharBuffer@50000035)
OBJ 50000a5b (sz=24, trace=300267, class=java.lang.String@5000016f)
ARR 50000a5c (sz=64, trace=300268, nelems=0, elem type=char[])
OBJ 50000a5d (sz=24, trace=300267, class=java.lang.String@5000016f)
OBJ 50000a5e (sz=24, trace=300267, class=java.lang.String@5000016f)
	value		50000a5f
ARR 50000a5f (sz=28, trace=300268, nelems=14, elem type=char[])
OBJ 50000a60 (sz=24, trace=300269, class=java.lang.String@5000016f)
	value		50000a61
ARR 50000a61 (sz=6, trace=300268, nelems=3, elem type=char[])
OBJ 50000a62 (sz=32, trace=300271, class=java.util.LinkedList@50000423)
	first		50000a63
	last		50000a63
OBJ 50000a63 (sz=24, trace=300273, class=java.util.LinkedList$Node@50000425)
	item		50000a5e
ARR 50000a64 (sz=80, trace=300274, nelems=10, elem type=java.util.HashMap$Node[]@500000b8)
	[0]		50000a65
	[3]		50000a6e
	[9]		50000a74
OBJ 50000a65 (sz=32, trace=300158, class=java.util.HashMap$Node@500000b9)
	key		50000a60
	value		50000a62
OBJ 50000a66 (sz=32, trace=300271, class=java.util.LinkedList@50000423)
	first		50000a67
	last		50000a75
OBJ 50000a67 (sz=24, trace=300273, class=java.util.LinkedList$Node@50000425)
	item		50000a60
	next		50000a6f
ARR 50000a68 (sz=80, trace=300274, nelems=1, elem type=java.util.HashMap$Node[]@500000b8)
	[0]		50000a69
OBJ 50000a69 (sz=32, trace=300158, class=java.util.HashMap$Node@500000b9)
	key		50000a5e
	value		50000a66
OBJ 50000a6a (sz=24, trace=300269, class=java.lang.String@5000016f)
	value		50000a6b
ARR 50000a6b (sz=18, trace=300268, nelems=9, elem type=char[])
OBJ 50000a6c (sz=32, trace=300271, class=java.util.LinkedList@50000423)
	first		50000a6d
	last		50000a6d
OBJ 50000a6d (sz=24, trace=300273, class=java.util.LinkedList$Node@50000425)
	item		50000a5e
OBJ 50000a6e (sz=32, trace=300158, class=java.util.HashMap$Node@500000b9)
	key		50000a6a
	value		50000a6c
OBJ 50000a6f (sz=24, trace=300275, class=java.util.LinkedList$Node@50000425)
	item		50000a6a
	next		50000a75
	prev		50000a67
OBJ 50000a70 (sz=24, trace=300269, class=java.lang.String@5000016f)
	value		50000a71
ARR 50000a71 (sz=26, trace=300268, nelems=13, elem type=char[])
OBJ 50000a72 (sz=32, trace=300271, class=java.util.LinkedList@50000423)
	first		50000a73
	last		50000a73
OBJ 50000a73 (sz=24, trace=300273, class=java.util.LinkedList$Node@50000425)
	item		50000a5e
OBJ 50000a74 (sz=32, trace=300158, class=java.util.HashMap$Node@500000b9)
	key		50000a70
	value		50000a72
OBJ 50000a75 (sz=24, trace=300275, class=java.util.LinkedList$Node@50000425)
	item		50000a70
	prev		50000a6f
OBJ 50000a76 (sz=24, trace=300269, class=java.lang.String@5000016f)
OBJ 50000a77 (sz=48, trace=300266, class=java.nio.HeapCharBuffer@50000035)
ARR 50000a78 (sz=24, trace=300276, nelems=1, elem type=java.lang.String[]@500000cf)
	[0]		50000a5e
OBJ 50000a79 (sz=64, trace=300277, class=java.net.URL@5000011b)
OBJ 50000a7a (sz=24, trace=300278, class=java.lang.StringBuilder@50000123)
ARR 50000a7b (sz=48, trace=300279, nelems=0, elem type=char[])
OBJ 50000a7c (sz=24, trace=300280, class=java.lang.String@5000016f)
ARR 50000a7d (sz=80, trace=300281, nelems=0, elem type=char[])
ARR 50000a7e (sz=88, trace=300011, nelems=0, elem type=char[])
ARR 50000a7f (sz=160, trace=300011, nelems=0, elem type=char[])
OBJ 50000a80 (sz=24, trace=300282, class=java.lang.String@5000016f)
ARR 50000a81 (sz=112, trace=300283, nelems=0, elem type=char[])
OBJ 50000a82 (sz=24, trace=300284, class=java.lang.StringBuilder@50000123)
ARR 50000a83 (sz=48, trace=300285, nelems=0, elem type=char[])
ARR 50000a84 (sz=128, trace=300011, nelems=0, elem type=char[])
OBJ 50000a85 (sz=24, trace=300286, class=java.lang.String@5000016f)
	value		50000a86
ARR 50000a86 (sz=106, trace=300129, nelems=53, elem type=char[])
OBJ 50000a87 (sz=32, trace=300158, class=java.util.HashMap$Node@500000b9)
	key		50000a85
	value		50000a21
ARR 50000a88 (sz=64, trace=300227, nelems=0, elem type=char[])
ARR 50000a89 (sz=80, trace=300228, nelems=0, elem type=byte[])
ARR 50000a8a (sz=40, trace=300229, nelems=0, elem type=byte[])
OBJ 50000a8b (sz=16, trace=300287, class=java.util.HashSet@50000005)
OBJ 50000a8c (sz=48, trace=300288, class=java.util.HashMap@500000ba)
OBJ 50000a8d (sz=24, trace=300289, class=java.lang.String@5000016f)
ARR 50000a8e (sz=40, trace=300290, nelems=0, elem type=char[])
OBJ 50000a8f (sz=24, trace=300126, class=java.lang.StringBuilder@50000123)
ARR 50000a90 (sz=48, trace=300127, nelems=0, elem type=char[])
ARR 50000a91 (sz=120, trace=300011, nelems=0, elem type=char[])
OBJ 50000a92 (sz=24, trace=300128, class=java.lang.String@5000016f)
ARR 50000a93 (sz=120, trace=300129, nelems=0, elem type=char[])
OBJ 50000a94 (sz=24, trace=300131, class=sun.misc.URLClassPath$3@5000022e)
OBJ 50000a95 (sz=24, trace=300136, class=java.lang.StringBuilder@50000123)
ARR 50000a96 (sz=48, trace=300137, nelems=0, elem type=char[])
OBJ 50000a97 (sz=24, trace=300146, class=java.lang.StringBuffer@50000124)
ARR 50000a98 (sz=112, trace=300147, nelems=0, elem type=char[])
ARR 50000a99 (sz=112, trace=300148, nelems=0, elem type=char[])
OBJ 50000a9a (sz=24, trace=300149, class=java.lang.String@5000016f)
ARR 50000a9b (sz=112, trace=300011, nelems=0, elem type=char[])
ARR 50000a9c (sz=216, trace=300011, nelems=0, elem type=char[])
OBJ 50000a9d (sz=24, trace=300150, class=java.lang.String@5000016f)
	value		50000a9e
ARR 50000a9e (sz=100, trace=300151, nelems=50, elem type=char[])
OBJ 50000a9f (sz=64, trace=300152, class=java.net.URL@5000011b)
	protocol	50001d44
	host		5000149a
	file		50000a9d
	authority	5000149a
	path		50000a9d
	handler		50001e76
OBJ 50000aa0 (sz=24, trace=300153, class=java.net.Parts@50000010)
OBJ 50000aa1 (sz=48, trace=300154, class=sun.misc.URLClassPath$JarLoader@50000231)
	base		50000a9f
	jar		50000aab
	csu		50001e94
	index		50000ace
	handler		50001e76
	lmap		50001e77
OBJ 50000aa2 (sz=32, trace=300155, class=java.io.File@5000011d)
OBJ 50000aa3 (sz=16, trace=300161, class=sun.misc.URLClassPath$JarLoader$1@50000351)
OBJ 50000aa4 (sz=24, trace=300163, class=sun.misc.FileURLMapper@50000353)
OBJ 50000aa5 (sz=32, trace=300164, class=java.io.File@5000011d)
ARR 50000aa6 (sz=152, trace=300071, nelems=0, elem type=byte[])
ARR 50000aa7 (sz=64, trace=300072, nelems=0, elem type=byte[])
OBJ 50000aa8 (sz=24, trace=300073, class=java.lang.String@5000016f)
ARR 50000aa9 (sz=40, trace=300074, nelems=0, elem type=char[])
OBJ 50000aaa (sz=32, trace=300171, class=java.io.File@5000011d)
OBJ 50000aab (sz=64, trace=300194, class=java.util.jar.JarFile@5000035a)
	name		50001e98
	zc		50000ab3
	streams		50000aad
	inflaterCache	50000ab1
OBJ 50000aac (sz=40, trace=300098, class=java.lang.ref.Finalizer@5000014e)
	referent	50000aab
	queue		50001391
	next		50000a49
	prev		50000ac4
OBJ 50000aad (sz=48, trace=300195, class=java.util.WeakHashMap@500000ac)
	table		50000ab0
	queue		50000aae
OBJ 50000aae (sz=32, trace=300196, class=java.lang.ref.ReferenceQueue@500000de)
	lock		50000aaf
OBJ 50000aaf (sz=16, trace=300197, class=java.lang.ref.ReferenceQueue$Lock@500000dc)
ARR 50000ab0 (sz=80, trace=300198, nelems=2, elem type=java.util.WeakHashMap$Entry[]@50000045)
	[1]		50000acd
OBJ 50000ab1 (sz=24, trace=300200, class=java.util.ArrayDeque@500003bd)
	elements	50000ab2
ARR 50000ab2 (sz=80, trace=300201, nelems=0, elem type=java.lang.Object[]@5000010a)
OBJ 50000ab3 (sz=32, trace=300203, class=java.util.zip.ZipCoder@500003c0)
	cs		50001821
	enc		50000ab9
ARR 50000ab4 (sz=152, trace=300204, nelems=0, elem type=byte[])
ARR 50000ab5 (sz=64, trace=300072, nelems=0, elem type=byte[])
ARR 50000ab6 (sz=152, trace=300205, nelems=0, elem type=byte[])
ARR 50000ab7 (sz=64, trace=300072, nelems=0, elem type=byte[])
ARR 50000ab8 (sz=24, trace=300224, nelems=0, elem type=byte[])
OBJ 50000ab9 (sz=56, trace=300225, class=sun.nio.cs.UTF_8$Encoder@50000071)
	charset		50001821
	replacement	50000aba
	malformedInputAction	50001819
	unmappableCharacterAction	50001819
ARR 50000aba (sz=1, trace=300226, nelems=1, elem type=byte[])
ARR 50000abb (sz=56, trace=300227, nelems=0, elem type=char[])
ARR 50000abc (sz=80, trace=300228, nelems=0, elem type=byte[])
ARR 50000abd (sz=40, trace=300229, nelems=0, elem type=byte[])
OBJ 50000abe (sz=80, trace=300231, class=java.util.zip.ZipEntry@500003eb)
OBJ 50000abf (sz=96, trace=300233, class=java.util.jar.JarFile$JarFileEntry@500003ee)
ARR 50000ac0 (sz=56, trace=300237, nelems=0, elem type=char[])
ARR 50000ac1 (sz=80, trace=300238, nelems=0, elem type=byte[])
ARR 50000ac2 (sz=40, trace=300239, nelems=0, elem type=byte[])
OBJ 50000ac3 (sz=56, trace=300241, class=java.util.zip.ZipFile$ZipFileInputStream@500003f9)
	this$0		50000aab
OBJ 50000ac4 (sz=40, trace=300098, class=java.lang.ref.Finalizer@5000014e)
	referent	50000ac3
	queue		50001391
	next		50000aac
	prev		50000ac6
OBJ 50000ac5 (sz=48, trace=300244, class=java.util.zip.Inflater@500003fc)
	zsRef		50000ac7
	buf		50000acc
OBJ 50000ac6 (sz=40, trace=300098, class=java.lang.ref.Finalizer@5000014e)
	referent	50000ac5
	queue		50001391
	next		50000ac4
	prev		50000ac9
OBJ 50000ac7 (sz=24, trace=300246, class=java.util.zip.ZStreamRef@50000400)
OBJ 50000ac8 (sz=56, trace=300248, class=java.util.zip.ZipFile$ZipFileInflaterInputStream@50000403)
	in		50000ac3
	inf		50000ac5
	buf		50000acc
	singleByteBuf	50000aca
	b		50000acb
	zfin		50000ac3
	this$0		50000aab
OBJ 50000ac9 (sz=40, trace=300098, class=java.lang.ref.Finalizer@5000014e)
	referent	50000ac8
	queue		50001391
	next		50000ac6
	prev		50000b26
ARR 50000aca (sz=1, trace=300249, nelems=1, elem type=byte[])
ARR 50000acb (sz=512, trace=300250, nelems=512, elem type=byte[])
ARR 50000acc (sz=58, trace=300251, nelems=58, elem type=byte[])
OBJ 50000acd (sz=40, trace=300252, class=java.util.WeakHashMap$Entry@50000046)
	referent	50000ac8
	queue		50000aae
	value		50000ac5
OBJ 50000ace (sz=24, trace=300253, class=sun.misc.JarIndex@500003e4)
	indexMap	50000acf
	jarMap		50000ad0
	jarFiles	50000af2
OBJ 50000acf (sz=48, trace=300254, class=java.util.HashMap@500000ba)
	table		50000ae4
OBJ 50000ad0 (sz=48, trace=300255, class=java.util.HashMap@500000ba)
	table		50000ae8
OBJ 50000ad1 (sz=24, trace=300256, class=java.io.InputStreamReader@50000039)
OBJ 50000ad2 (sz=40, trace=300258, class=sun.nio.cs.UTF_8$Decoder@50000094)
OBJ 50000ad3 (sz=48, trace=300259, class=sun.nio.cs.StreamDecoder@50000037)
ARR 50000ad4 (sz=8208, trace=300260, nelems=0, elem type=byte[])
OBJ 50000ad5 (sz=48, trace=300261, class=java.nio.HeapByteBuffer@5000006f)
OBJ 50000ad6 (sz=48, trace=300262, class=java.io.BufferedReader@5000003a)
ARR 50000ad7 (sz=16400, trace=300263, nelems=0, elem type=char[])
OBJ 50000ad8 (sz=32, trace=300264, class=java.util.Vector@500000e5)
ARR 50000ad9 (sz=56, trace=300265, nelems=0, elem type=java.lang.Object[]@5000010a)
OBJ 50000ada (sz=48, trace=300266, class=java.nio.HeapCharBuffer@50000035)
OBJ 50000adb (sz=24, trace=300267, class=java.lang.String@5000016f)
ARR 50000adc (sz=64, trace=300268, nelems=0, elem type=char[])
OBJ 50000add (sz=24, trace=300267, class=java.lang.String@5000016f)
OBJ 50000ade (sz=24, trace=300267, class=java.lang.String@5000016f)
	value		50000adf
ARR 50000adf (sz=22, trace=300268, nelems=11, elem type=char[])
OBJ 50000ae0 (sz=24, trace=300269, class=java.lang.String@5000016f)
	value		50000ae1
ARR 50000ae1 (sz=10, trace=300268, nelems=5, elem type=char[])
OBJ 50000ae2 (sz=32, trace=300271, class=java.util.LinkedList@50000423)
	first		50000ae3
	last		50000ae3
OBJ 50000ae3 (sz=24, trace=300273, class=java.util.LinkedList$Node@50000425)
	item		50000ade
ARR 50000ae4 (sz=80, trace=300274, nelems=12, elem type=java.util.HashMap$Node[]@500000b8)
	[5]		50000ae5
	[11]		50000aee
OBJ 50000ae5 (sz=32, trace=300158, class=java.util.HashMap$Node@500000b9)
	key		50000ae0
	value		50000ae2
OBJ 50000ae6 (sz=32, trace=300271, class=java.util.LinkedList@50000423)
	first		50000ae7
	last		50000aef
OBJ 50000ae7 (sz=24, trace=300273, class=java.util.LinkedList$Node@50000425)
	item		50000ae0
	next		50000aef
ARR 50000ae8 (sz=80, trace=300274, nelems=1, elem type=java.util.HashMap$Node[]@500000b8)
	[0]		50000ae9
OBJ 50000ae9 (sz=32, trace=300158, class=java.util.HashMap$Node@500000b9)
	key		50000ade
	value		50000ae6
OBJ 50000aea (sz=24, trace=300269, class=java.lang.String@5000016f)
	value		50000aeb
ARR 50000aeb (sz=26, trace=300268, nelems=13, elem type=char[])
OBJ 50000aec (sz=32, trace=300271, class=java.util.LinkedList@50000423)
	first		50000aed
	last		50000aed
OBJ 50000aed (sz=24, trace=300273, class=java.util.LinkedList$Node@50000425)
	item		50000ade
OBJ 50000aee (sz=32, trace=300158, class=java.util.HashMap$Node@500000b9)
	key		50000aea
	value		50000aec
OBJ 50000aef (sz=24, trace=300275, class=java.util.LinkedList$Node@50000425)
	item		50000aea
	prev		50000ae7
OBJ 50000af0 (sz=24, trace=300269, class=java.lang.String@5000016f)
OBJ 50000af1 (sz=48, trace=300266, class=java.nio.HeapCharBuffer@50000035)
ARR 50000af2 (sz=24, trace=300276, nelems=1, elem type=java.lang.String[]@500000cf)
	[0]		50000ade
OBJ 50000af3 (sz=64, trace=300277, class=java.net.URL@5000011b)
OBJ 50000af4 (sz=24, trace=300278, class=java.lang.StringBuilder@50000123)
ARR 50000af5 (sz=48, trace=300279, nelems=0, elem type=char[])
OBJ 50000af6 (sz=24, trace=300280, class=java.lang.String@5000016f)
ARR 50000af7 (sz=80, trace=300281, nelems=0, elem type=char[])
ARR 50000af8 (sz=88, trace=300011, nelems=0, elem type=char[])
ARR 50000af9 (sz=160, trace=300011, nelems=0, elem type=char[])
OBJ 50000afa (sz=24, trace=300282, class=java.lang.String@5000016f)
ARR 50000afb (sz=104, trace=300283, nelems=0, elem type=char[])
OBJ 50000afc (sz=24, trace=300284, class=java.lang.StringBuilder@50000123)
ARR 50000afd (sz=48, trace=300285, nelems=0, elem type=char[])
ARR 50000afe (sz=120, trace=300011, nelems=0, elem type=char[])
OBJ 50000aff (sz=24, trace=300286, class=java.lang.String@5000016f)
	value		50000b00
ARR 50000b00 (sz=100, trace=300129, nelems=50, elem type=char[])
OBJ 50000b01 (sz=32, trace=300158, class=java.util.HashMap$Node@500000b9)
	key		50000aff
	value		50000aa1
ARR 50000b02 (sz=64, trace=300227, nelems=0, elem type=char[])
ARR 50000b03 (sz=80, trace=300228, nelems=0, elem type=byte[])
ARR 50000b04 (sz=40, trace=300229, nelems=0, elem type=byte[])
OBJ 50000b05 (sz=16, trace=300287, class=java.util.HashSet@50000005)
OBJ 50000b06 (sz=48, trace=300288, class=java.util.HashMap@500000ba)
OBJ 50000b07 (sz=24, trace=300289, class=java.lang.String@5000016f)
ARR 50000b08 (sz=40, trace=300290, nelems=0, elem type=char[])
OBJ 50000b09 (sz=24, trace=300126, class=java.lang.StringBuilder@50000123)
ARR 50000b0a (sz=48, trace=300127, nelems=0, elem type=char[])
ARR 50000b0b (sz=96, trace=300011, nelems=0, elem type=char[])
OBJ 50000b0c (sz=24, trace=300128, class=java.lang.String@5000016f)
ARR 50000b0d (sz=96, trace=300129, nelems=0, elem type=char[])
OBJ 50000b0e (sz=24, trace=300131, class=sun.misc.URLClassPath$3@5000022e)
OBJ 50000b0f (sz=24, trace=300136, class=java.lang.StringBuilder@50000123)
ARR 50000b10 (sz=48, trace=300137, nelems=0, elem type=char[])
OBJ 50000b11 (sz=24, trace=300146, class=java.lang.StringBuffer@50000124)
ARR 50000b12 (sz=88, trace=300147, nelems=0, elem type=char[])
ARR 50000b13 (sz=88, trace=300148, nelems=0, elem type=char[])
OBJ 50000b14 (sz=24, trace=300149, class=java.lang.String@5000016f)
ARR 50000b15 (sz=88, trace=300011, nelems=0, elem type=char[])
ARR 50000b16 (sz=168, trace=300011, nelems=0, elem type=char[])
OBJ 50000b17 (sz=24, trace=300150, class=java.lang.String@5000016f)
ARR 50000b18 (sz=96, trace=300151, nelems=0, elem type=char[])
OBJ 50000b19 (sz=64, trace=300152, class=java.net.URL@5000011b)
OBJ 50000b1a (sz=24, trace=300153, class=java.net.Parts@50000010)
OBJ 50000b1b (sz=48, trace=300154, class=sun.misc.URLClassPath$JarLoader@50000231)
OBJ 50000b1c (sz=32, trace=300155, class=java.io.File@5000011d)
OBJ 50000b1d (sz=16, trace=300161, class=sun.misc.URLClassPath$JarLoader$1@50000351)
OBJ 50000b1e (sz=24, trace=300163, class=sun.misc.FileURLMapper@50000353)
OBJ 50000b1f (sz=32, trace=300164, class=java.io.File@5000011d)
ARR 50000b20 (sz=112, trace=300071, nelems=0, elem type=byte[])
ARR 50000b21 (sz=48, trace=300072, nelems=0, elem type=byte[])
OBJ 50000b22 (sz=24, trace=300073, class=java.lang.String@5000016f)
ARR 50000b23 (sz=56, trace=300074, nelems=0, elem type=char[])
OBJ 50000b24 (sz=32, trace=300171, class=java.io.File@5000011d)
OBJ 50000b25 (sz=64, trace=300194, class=java.util.jar.JarFile@5000035a)
	zc		50000b2d
	streams		50000b27
	inflaterCache	50000b2b
OBJ 50000b26 (sz=40, trace=300098, class=java.lang.ref.Finalizer@5000014e)
	referent	50000b25
	queue		50001391
	next		50000ac9
	prev		50000be3
OBJ 50000b27 (sz=48, trace=300195, class=java.util.WeakHashMap@500000ac)
	table		50000b2a
	queue		50000b28
OBJ 50000b28 (sz=32, trace=300196, class=java.lang.ref.ReferenceQueue@500000de)
	lock		50000b29
OBJ 50000b29 (sz=16, trace=300197, class=java.lang.ref.ReferenceQueue$Lock@500000dc)
ARR 50000b2a (sz=80, trace=300198, nelems=0, elem type=java.util.WeakHashMap$Entry[]@50000045)
OBJ 50000b2b (sz=24, trace=300200, class=java.util.ArrayDeque@500003bd)
	elements	50000b2c
ARR 50000b2c (sz=80, trace=300201, nelems=0, elem type=java.lang.Object[]@5000010a)
OBJ 50000b2d (sz=32, trace=300203, class=java.util.zip.ZipCoder@500003c0)
	cs		50001821
ARR 50000b2e (sz=112, trace=300204, nelems=0, elem type=byte[])
ARR 50000b2f (sz=48, trace=300072, nelems=0, elem type=byte[])
ARR 50000b30 (sz=112, trace=300205, nelems=0, elem type=byte[])
ARR 50000b31 (sz=48, trace=300072, nelems=0, elem type=byte[])
OBJ 50000b32 (sz=24, trace=300347, class=java.lang.String@5000016f)
ARR 50000b33 (sz=72, trace=300114, nelems=0, elem type=char[])
OBJ 50000b34 (sz=32, trace=300349, class=java.util.zip.ZipException@5000090a)
OBJ 50000b35 (sz=40, trace=300351, class=java.security.PrivilegedActionException@5000090c)
OBJ 50000b36 (sz=40, trace=300351, class=java.security.PrivilegedActionException@5000090c)
OBJ 50000b37 (sz=40, trace=300352, class=java.lang.ClassNotFoundException@5000015d)
OBJ 50000b38 (sz=24, trace=300353, class=java.net.URLClassLoader$1@50000222)
ARR 50000b39 (sz=48, trace=300121, nelems=0, elem type=char[])
OBJ 50000b3a (sz=24, trace=300122, class=java.lang.String@5000016f)
ARR 50000b3b (sz=64, trace=300123, nelems=0, elem type=char[])
OBJ 50000b3c (sz=24, trace=300124, class=java.lang.String@5000016f)
OBJ 50000b3d (sz=24, trace=300126, class=java.lang.StringBuilder@50000123)
ARR 50000b3e (sz=48, trace=300127, nelems=0, elem type=char[])
ARR 50000b3f (sz=184, trace=300011, nelems=0, elem type=char[])
OBJ 50000b40 (sz=24, trace=300128, class=java.lang.String@5000016f)
	value		50000b41
ARR 50000b41 (sz=162, trace=300129, nelems=81, elem type=char[])
OBJ 50000b42 (sz=24, trace=300131, class=sun.misc.URLClassPath$3@5000022e)
OBJ 50000b44 (sz=24, trace=300355, class=sun.misc.URLClassPath$FileLoader@50000b43)
	base		50001ee7
	dir		50000b6d
OBJ 50000b45 (sz=24, trace=300356, class=java.lang.StringBuilder@50000123)
ARR 50000b46 (sz=168, trace=300357, nelems=0, elem type=char[])
ARR 50000b47 (sz=96, trace=300358, nelems=0, elem type=byte[])
OBJ 50000b48 (sz=48, trace=300261, class=java.nio.HeapByteBuffer@5000006f)
ARR 50000b49 (sz=168, trace=300359, nelems=0, elem type=char[])
OBJ 50000b4a (sz=48, trace=300360, class=java.nio.HeapCharBuffer@50000035)
OBJ 50000b4e (sz=24, trace=300363, class=sun.nio.cs.ThreadLocalCoders$1@50000b4d)
	cache		50000b4f
OBJ 50000b4f (sz=16, trace=300364, class=java.lang.ThreadLocal@500000c9)
OBJ 50000b51 (sz=24, trace=300366, class=sun.nio.cs.ThreadLocalCoders$2@50000b50)
	cache		50000b52
OBJ 50000b52 (sz=16, trace=300367, class=java.lang.ThreadLocal@500000c9)
OBJ 50000b53 (sz=32, trace=300368, class=java.lang.ThreadLocal$ThreadLocalMap$Entry@5000009b)
	referent	50000b4f
	queue		50001524
	value		50000b54
ARR 50000b54 (sz=32, trace=300369, nelems=1, elem type=java.lang.Object[]@5000010a)
	[0]		50000b59
ARR 50000b55 (sz=32, trace=300173, nelems=0, elem type=char[])
OBJ 50000b56 (sz=24, trace=300174, class=java.lang.String@5000016f)
ARR 50000b57 (sz=32, trace=300175, nelems=0, elem type=char[])
ARR 50000b58 (sz=24, trace=300178, nelems=2, elem type=java.lang.Object[]@5000010a)
	[0]		50001c27
	[1]		50001821
OBJ 50000b59 (sz=40, trace=300258, class=sun.nio.cs.UTF_8$Decoder@50000094)
	charset		50001821
	replacement	50001c40
	malformedInputAction	50001819
	unmappableCharacterAction	50001819
OBJ 50000b5a (sz=24, trace=300370, class=java.lang.String@5000016f)
ARR 50000b5b (sz=24, trace=300371, nelems=0, elem type=char[])
OBJ 50000b5c (sz=24, trace=300372, class=java.lang.String@5000016f)
ARR 50000b5d (sz=24, trace=300373, nelems=0, elem type=char[])
OBJ 50000b5e (sz=24, trace=300374, class=java.lang.String@5000016f)
ARR 50000b5f (sz=160, trace=300375, nelems=0, elem type=char[])
OBJ 50000b60 (sz=32, trace=300376, class=java.io.File@5000011d)
OBJ 50000b61 (sz=24, trace=300377, class=java.lang.StringBuffer@50000124)
ARR 50000b62 (sz=160, trace=300378, nelems=0, elem type=char[])
OBJ 50000b63 (sz=24, trace=300379, class=java.lang.String@5000016f)
ARR 50000b64 (sz=160, trace=300380, nelems=0, elem type=char[])
ARR 50000b65 (sz=142, trace=300381, nelems=71, elem type=char[])
OBJ 50000b66 (sz=24, trace=300382, class=java.lang.String@5000016f)
	value		50000b65
OBJ 50000b67 (sz=24, trace=300076, class=java.lang.String@5000016f)
ARR 50000b68 (sz=152, trace=300077, nelems=0, elem type=char[])
ARR 50000b69 (sz=232, trace=300078, nelems=0, elem type=byte[])
ARR 50000b6a (sz=88, trace=300072, nelems=0, elem type=byte[])
OBJ 50000b6b (sz=24, trace=300079, class=java.io.ExpiringCache$Entry@5000005b)
	val		50001c96
OBJ 50000b6c (sz=40, trace=300383, class=java.util.LinkedHashMap$Entry@5000005a)
	key		50000b66
	value		50000b6b
	before		500001ea
	after		50000bf5
OBJ 50000b6d (sz=32, trace=300384, class=java.io.File@5000011d)
	path		50001c96
ARR 50000b6e (sz=56, trace=300156, nelems=1, elem type=java.lang.Object[]@5000010a)
	[0]		50000b44
ARR 50000b6f (sz=80, trace=300157, nelems=2, elem type=java.util.HashMap$Node[]@500000b8)
	[1]		50000b70
OBJ 50000b70 (sz=32, trace=300158, class=java.util.HashMap$Node@500000b9)
	key		50000b40
	value		50000b44
OBJ 50000b71 (sz=64, trace=300385, class=java.net.URL@5000011b)
OBJ 50000b72 (sz=24, trace=300278, class=java.lang.StringBuilder@50000123)
ARR 50000b73 (sz=48, trace=300279, nelems=0, elem type=char[])
ARR 50000b74 (sz=168, trace=300011, nelems=0, elem type=char[])
ARR 50000b75 (sz=320, trace=300011, nelems=0, elem type=char[])
OBJ 50000b76 (sz=24, trace=300282, class=java.lang.String@5000016f)
ARR 50000b77 (sz=168, trace=300283, nelems=0, elem type=char[])
OBJ 50000b78 (sz=24, trace=300386, class=java.lang.String@5000016f)
ARR 50000b79 (sz=168, trace=300387, nelems=0, elem type=char[])
ARR 50000b7a (sz=136, trace=300388, nelems=0, elem type=char[])
ARR 50000b7b (sz=64, trace=300389, nelems=0, elem type=char[])
OBJ 50000b7c (sz=24, trace=300390, class=java.lang.String@5000016f)
ARR 50000b7d (sz=64, trace=300391, nelems=0, elem type=char[])
OBJ 50000b7e (sz=64, trace=300392, class=java.net.URL@5000011b)
OBJ 50000b7f (sz=24, trace=300278, class=java.lang.StringBuilder@50000123)
ARR 50000b80 (sz=48, trace=300279, nelems=0, elem type=char[])
ARR 50000b81 (sz=168, trace=300011, nelems=0, elem type=char[])
ARR 50000b82 (sz=320, trace=300011, nelems=0, elem type=char[])
OBJ 50000b83 (sz=24, trace=300282, class=java.lang.String@5000016f)
ARR 50000b84 (sz=208, trace=300283, nelems=0, elem type=char[])
OBJ 50000b85 (sz=32, trace=300393, class=java.io.File@5000011d)
OBJ 50000b86 (sz=24, trace=300394, class=java.lang.StringBuilder@50000123)
ARR 50000b87 (sz=48, trace=300395, nelems=0, elem type=char[])
ARR 50000b88 (sz=160, trace=300011, nelems=0, elem type=char[])
ARR 50000b89 (sz=304, trace=300094, nelems=0, elem type=char[])
OBJ 50000b8a (sz=24, trace=300396, class=java.lang.String@5000016f)
ARR 50000b8b (sz=208, trace=300096, nelems=0, elem type=char[])
ARR 50000b8c (sz=296, trace=300071, nelems=0, elem type=byte[])
ARR 50000b8d (sz=112, trace=300072, nelems=0, elem type=byte[])
OBJ 50000b8e (sz=24, trace=300073, class=java.lang.String@5000016f)
ARR 50000b8f (sz=40, trace=300074, nelems=0, elem type=char[])
OBJ 50000b90 (sz=40, trace=300352, class=java.lang.ClassNotFoundException@5000015d)
	detailMessage	5000021a
	stackTrace	50001db2
	suppressedExceptions	50001db1
OBJ 50000b92 (sz=24, trace=300398, class=java.text.Normalizer$Form@50000b91)
	name		50002145
OBJ 50000b93 (sz=24, trace=300399, class=java.text.Normalizer$Form@50000b91)
	name		50002146
OBJ 50000b94 (sz=24, trace=300400, class=java.text.Normalizer$Form@50000b91)
	name		50002147
OBJ 50000b95 (sz=24, trace=300401, class=java.text.Normalizer$Form@50000b91)
	name		50002148
ARR 50000b97 (sz=32, trace=300402, nelems=4, elem type=java.text.Normalizer$Form[]@50000b96)
	[0]		50000b92
	[1]		50000b93
	[2]		50000b94
	[3]		50000b95
OBJ 50000b9b (sz=16, trace=300406, class=sun.text.normalizer.NormalizerBase$Mode@50000b9a)
OBJ 50000b9d (sz=16, trace=300408, class=sun.text.normalizer.NormalizerBase$NFDMode@50000b9c)
OBJ 50000b9f (sz=16, trace=300410, class=sun.text.normalizer.NormalizerBase$NFKDMode@50000b9e)
OBJ 50000ba1 (sz=16, trace=300412, class=sun.text.normalizer.NormalizerBase$NFCMode@50000ba0)
OBJ 50000ba3 (sz=16, trace=300414, class=sun.text.normalizer.NormalizerBase$NFKCMode@50000ba2)
OBJ 50000ba5 (sz=16, trace=300416, class=sun.text.normalizer.NormalizerBase$QuickCheckResult@50000ba4)
OBJ 50000ba6 (sz=16, trace=300417, class=sun.text.normalizer.NormalizerBase$QuickCheckResult@50000ba4)
OBJ 50000ba7 (sz=16, trace=300418, class=sun.text.normalizer.NormalizerBase$QuickCheckResult@50000ba4)
ARR 50000ba9 (sz=16, trace=300420, nelems=4, elem type=int[])
ARR 50000baa (sz=48, trace=300421, nelems=0, elem type=char[])
OBJ 50000bac (sz=16, trace=300423, class=sun.text.normalizer.NormalizerImpl@50000bab)
OBJ 50000bae (sz=24, trace=300425, class=java.lang.String@5000016f)
ARR 50000baf (sz=72, trace=300426, nelems=0, elem type=char[])
OBJ 50000bb2 (sz=16, trace=300429, class=sun.misc.Launcher$BootClassPathHolder$1@50000bb1)
ARR 50000bb3 (sz=48, trace=300430, nelems=0, elem type=java.io.File[]@5000003f)
OBJ 50000bb4 (sz=24, trace=300431, class=java.lang.String@5000016f)
ARR 50000bb5 (sz=192, trace=300432, nelems=0, elem type=char[])
OBJ 50000bb6 (sz=32, trace=300433, class=java.io.File@5000011d)
OBJ 50000bb7 (sz=24, trace=300431, class=java.lang.String@5000016f)
ARR 50000bb8 (sz=176, trace=300432, nelems=0, elem type=char[])
OBJ 50000bb9 (sz=32, trace=300433, class=java.io.File@5000011d)
OBJ 50000bba (sz=24, trace=300431, class=java.lang.String@5000016f)
ARR 50000bbb (sz=192, trace=300432, nelems=0, elem type=char[])
OBJ 50000bbc (sz=32, trace=300433, class=java.io.File@5000011d)
OBJ 50000bbd (sz=24, trace=300431, class=java.lang.String@5000016f)
ARR 50000bbe (sz=176, trace=300432, nelems=0, elem type=char[])
OBJ 50000bbf (sz=32, trace=300433, class=java.io.File@5000011d)
OBJ 50000bc0 (sz=24, trace=300431, class=java.lang.String@5000016f)
ARR 50000bc1 (sz=176, trace=300432, nelems=0, elem type=char[])
OBJ 50000bc2 (sz=32, trace=300433, class=java.io.File@5000011d)
OBJ 50000bc3 (sz=24, trace=300431, class=java.lang.String@5000016f)
ARR 50000bc4 (sz=184, trace=300432, nelems=0, elem type=char[])
OBJ 50000bc5 (sz=32, trace=300433, class=java.io.File@5000011d)
OBJ 50000bc6 (sz=24, trace=300431, class=java.lang.String@5000016f)
ARR 50000bc7 (sz=176, trace=300432, nelems=0, elem type=char[])
OBJ 50000bc8 (sz=32, trace=300433, class=java.io.File@5000011d)
OBJ 50000bc9 (sz=24, trace=300434, class=java.lang.String@5000016f)
	value		50000bca
ARR 50000bca (sz=150, trace=300435, nelems=75, elem type=char[])
OBJ 50000bcb (sz=32, trace=300436, class=java.io.File@5000011d)
OBJ 50000bcc (sz=16, trace=300437, class=java.util.HashSet@50000005)
OBJ 50000bcd (sz=48, trace=300438, class=java.util.HashMap@500000ba)
ARR 50000bce (sz=272, trace=300071, nelems=0, elem type=byte[])
ARR 50000bcf (sz=104, trace=300072, nelems=0, elem type=byte[])
OBJ 50000bd0 (sz=24, trace=300073, class=java.lang.String@5000016f)
ARR 50000bd1 (sz=48, trace=300074, nelems=0, elem type=char[])
OBJ 50000bd2 (sz=24, trace=300439, class=java.lang.String@5000016f)
	value		50000bd3
ARR 50000bd3 (sz=142, trace=300440, nelems=71, elem type=char[])
OBJ 50000bd4 (sz=32, trace=300441, class=java.io.File@5000011d)
ARR 50000bd5 (sz=80, trace=300442, nelems=0, elem type=java.util.HashMap$Node[]@500000b8)
OBJ 50000bd6 (sz=32, trace=300158, class=java.util.HashMap$Node@500000b9)
OBJ 50000bd7 (sz=32, trace=300443, class=java.io.File@5000011d)
OBJ 50000bd8 (sz=24, trace=300394, class=java.lang.StringBuilder@50000123)
ARR 50000bd9 (sz=48, trace=300395, nelems=0, elem type=char[])
ARR 50000bda (sz=160, trace=300011, nelems=0, elem type=char[])
ARR 50000bdb (sz=304, trace=300094, nelems=0, elem type=char[])
OBJ 50000bdc (sz=24, trace=300396, class=java.lang.String@5000016f)
	value		50000bdd
ARR 50000bdd (sz=164, trace=300096, nelems=82, elem type=char[])
ARR 50000bde (sz=264, trace=300071, nelems=0, elem type=byte[])
ARR 50000bdf (sz=104, trace=300072, nelems=0, elem type=byte[])
OBJ 50000be0 (sz=24, trace=300073, class=java.lang.String@5000016f)
ARR 50000be1 (sz=40, trace=300074, nelems=0, elem type=char[])
OBJ 50000be2 (sz=32, trace=300444, class=java.io.FileInputStream@50000089)
	fd		50000be5
	path		50000bdc
	closeLock	50000be4
OBJ 50000be3 (sz=40, trace=300098, class=java.lang.ref.Finalizer@5000014e)
	referent	50000be2
	queue		50001391
	next		50000b26
	prev		50000e69
OBJ 50000be4 (sz=16, trace=300445, class=java.lang.Object@50000173)
OBJ 50000be5 (sz=32, trace=300446, class=java.io.FileDescriptor@50000088)
	parent		50000be2
ARR 50000be6 (sz=264, trace=300447, nelems=0, elem type=byte[])
ARR 50000be7 (sz=104, trace=300072, nelems=0, elem type=byte[])
OBJ 50000be8 (sz=24, trace=300448, class=java.io.FileReader@50000038)
OBJ 50000be9 (sz=40, trace=300258, class=sun.nio.cs.UTF_8$Decoder@50000094)
OBJ 50000bea (sz=48, trace=300259, class=sun.nio.cs.StreamDecoder@50000037)
ARR 50000beb (sz=8208, trace=300260, nelems=0, elem type=byte[])
OBJ 50000bec (sz=48, trace=300261, class=java.nio.HeapByteBuffer@5000006f)
OBJ 50000bed (sz=48, trace=300449, class=java.io.BufferedReader@5000003a)
ARR 50000bee (sz=16400, trace=300450, nelems=0, elem type=char[])
OBJ 50000bef (sz=24, trace=300451, class=java.util.ArrayList@500000c5)
OBJ 50000bf0 (sz=24, trace=300076, class=java.lang.String@5000016f)
ARR 50000bf1 (sz=152, trace=300077, nelems=0, elem type=char[])
ARR 50000bf2 (sz=232, trace=300078, nelems=0, elem type=byte[])
ARR 50000bf3 (sz=88, trace=300072, nelems=0, elem type=byte[])
OBJ 50000bf4 (sz=24, trace=300079, class=java.io.ExpiringCache$Entry@5000005b)
	val		50001c94
OBJ 50000bf5 (sz=40, trace=300383, class=java.util.LinkedHashMap$Entry@5000005a)
	key		50000bd2
	value		50000bf4
	next		50000df7
	before		50000b6c
	after		50000d66
OBJ 50000bf6 (sz=24, trace=300452, class=java.lang.String@5000016f)
ARR 50000bf7 (sz=152, trace=300077, nelems=0, elem type=char[])
OBJ 50000bf8 (sz=32, trace=300453, class=java.io.File@5000011d)
ARR 50000bf9 (sz=232, trace=300071, nelems=0, elem type=byte[])
ARR 50000bfa (sz=88, trace=300072, nelems=0, elem type=byte[])
OBJ 50000bfb (sz=24, trace=300073, class=java.lang.String@5000016f)
ARR 50000bfc (sz=24, trace=300074, nelems=0, elem type=char[])
ARR 50000bfd (sz=232, trace=300071, nelems=0, elem type=byte[])
ARR 50000bfe (sz=88, trace=300072, nelems=0, elem type=byte[])
OBJ 50000bff (sz=24, trace=300073, class=java.lang.String@5000016f)
ARR 50000c00 (sz=24, trace=300074, nelems=0, elem type=char[])
OBJ 50000c01 (sz=32, trace=300454, class=java.io.File@5000011d)
OBJ 50000c02 (sz=48, trace=300266, class=java.nio.HeapCharBuffer@50000035)
OBJ 50000c03 (sz=24, trace=300455, class=java.lang.String@5000016f)
ARR 50000c04 (sz=40, trace=300268, nelems=0, elem type=char[])
OBJ 50000c05 (sz=24, trace=300456, class=java.lang.String@5000016f)
ARR 50000c06 (sz=120, trace=300268, nelems=0, elem type=char[])
OBJ 50000c07 (sz=24, trace=300456, class=java.lang.String@5000016f)
ARR 50000c08 (sz=136, trace=300268, nelems=0, elem type=char[])
OBJ 50000c09 (sz=24, trace=300456, class=java.lang.String@5000016f)
ARR 50000c0a (sz=96, trace=300268, nelems=0, elem type=char[])
OBJ 50000c0b (sz=24, trace=300456, class=java.lang.String@5000016f)
ARR 50000c0c (sz=48, trace=300268, nelems=0, elem type=char[])
OBJ 50000c0d (sz=24, trace=300457, class=java.lang.String@5000016f)
ARR 50000c0e (sz=40, trace=300458, nelems=0, elem type=char[])
OBJ 50000c0f (sz=24, trace=300456, class=java.lang.String@5000016f)
	value		50000c10
ARR 50000c10 (sz=14, trace=300268, nelems=7, elem type=char[])
ARR 50000c11 (sz=56, trace=300156, nelems=0, elem type=java.lang.Object[]@5000010a)
OBJ 50000c12 (sz=24, trace=300456, class=java.lang.String@5000016f)
	value		50000c13
ARR 50000c13 (sz=14, trace=300268, nelems=7, elem type=char[])
OBJ 50000c14 (sz=24, trace=300456, class=java.lang.String@5000016f)
ARR 50000c15 (sz=40, trace=300268, nelems=0, elem type=char[])
OBJ 50000c16 (sz=32, trace=300459, class=java.io.File@5000011d)
	path		50000c1b
OBJ 50000c17 (sz=24, trace=300394, class=java.lang.StringBuilder@50000123)
ARR 50000c18 (sz=48, trace=300395, nelems=0, elem type=char[])
ARR 50000c19 (sz=160, trace=300011, nelems=0, elem type=char[])
ARR 50000c1a (sz=304, trace=300094, nelems=0, elem type=char[])
OBJ 50000c1b (sz=24, trace=300396, class=java.lang.String@5000016f)
	value		50000c1c
ARR 50000c1c (sz=168, trace=300096, nelems=84, elem type=char[])
OBJ 50000c1d (sz=24, trace=300460, class=sun.misc.MetaIndex@5000003d)
	contents	50001e66
ARR 50000c1e (sz=16, trace=300461, nelems=0, elem type=java.lang.String[]@500000cf)
OBJ 50000c1f (sz=32, trace=300158, class=java.util.HashMap$Node@500000b9)
	key		50000c16
	value		50000c1d
OBJ 50000c20 (sz=24, trace=300457, class=java.lang.String@5000016f)
ARR 50000c21 (sz=32, trace=300458, nelems=0, elem type=char[])
OBJ 50000c22 (sz=24, trace=300456, class=java.lang.String@5000016f)
	value		50000c23
ARR 50000c23 (sz=24, trace=300268, nelems=12, elem type=char[])
OBJ 50000c24 (sz=24, trace=300456, class=java.lang.String@5000016f)
	value		50000c25
ARR 50000c25 (sz=24, trace=300268, nelems=12, elem type=char[])
OBJ 50000c26 (sz=24, trace=300456, class=java.lang.String@5000016f)
	value		50000c27
ARR 50000c27 (sz=42, trace=300268, nelems=21, elem type=char[])
OBJ 50000c28 (sz=24, trace=300456, class=java.lang.String@5000016f)
	value		50000c29
ARR 50000c29 (sz=40, trace=300268, nelems=20, elem type=char[])
OBJ 50000c2a (sz=24, trace=300456, class=java.lang.String@5000016f)
ARR 50000c2b (sz=40, trace=300268, nelems=0, elem type=char[])
OBJ 50000c2c (sz=32, trace=300459, class=java.io.File@5000011d)
	path		50000c31
OBJ 50000c2d (sz=24, trace=300394, class=java.lang.StringBuilder@50000123)
ARR 50000c2e (sz=48, trace=300395, nelems=0, elem type=char[])
ARR 50000c2f (sz=160, trace=300011, nelems=0, elem type=char[])
ARR 50000c30 (sz=304, trace=300094, nelems=0, elem type=char[])
OBJ 50000c31 (sz=24, trace=300396, class=java.lang.String@5000016f)
	value		50000c32
ARR 50000c32 (sz=158, trace=300096, nelems=79, elem type=char[])
OBJ 50000c33 (sz=24, trace=300460, class=sun.misc.MetaIndex@5000003d)
	contents	50001e24
ARR 50000c34 (sz=16, trace=300461, nelems=0, elem type=java.lang.String[]@500000cf)
OBJ 50000c35 (sz=32, trace=300158, class=java.util.HashMap$Node@500000b9)
	key		50000c2c
	value		50000c33
OBJ 50000c36 (sz=24, trace=300457, class=java.lang.String@5000016f)
ARR 50000c37 (sz=32, trace=300458, nelems=0, elem type=char[])
OBJ 50000c38 (sz=24, trace=300456, class=java.lang.String@5000016f)
	value		50000c39
ARR 50000c39 (sz=30, trace=300268, nelems=15, elem type=char[])
OBJ 50000c3a (sz=24, trace=300456, class=java.lang.String@5000016f)
	value		50000c3b
ARR 50000c3b (sz=14, trace=300268, nelems=7, elem type=char[])
OBJ 50000c3c (sz=24, trace=300456, class=java.lang.String@5000016f)
	value		50000c3d
ARR 50000c3d (sz=38, trace=300268, nelems=19, elem type=char[])
OBJ 50000c3e (sz=24, trace=300456, class=java.lang.String@5000016f)
ARR 50000c3f (sz=40, trace=300268, nelems=0, elem type=char[])
OBJ 50000c40 (sz=32, trace=300459, class=java.io.File@5000011d)
	path		50000c45
OBJ 50000c41 (sz=24, trace=300394, class=java.lang.StringBuilder@50000123)
ARR 50000c42 (sz=48, trace=300395, nelems=0, elem type=char[])
ARR 50000c43 (sz=160, trace=300011, nelems=0, elem type=char[])
ARR 50000c44 (sz=304, trace=300094, nelems=0, elem type=char[])
OBJ 50000c45 (sz=24, trace=300396, class=java.lang.String@5000016f)
	value		50000c46
ARR 50000c46 (sz=158, trace=300096, nelems=79, elem type=char[])
OBJ 50000c47 (sz=24, trace=300460, class=sun.misc.MetaIndex@5000003d)
	contents	50001e45
ARR 50000c48 (sz=16, trace=300461, nelems=0, elem type=java.lang.String[]@500000cf)
OBJ 50000c49 (sz=32, trace=300159, class=java.util.HashMap$Node@500000b9)
	key		50000c40
	value		50000c47
ARR 50000c4a (sz=144, trace=300462, nelems=32, elem type=java.util.HashMap$Node[]@500000b8)
	[0]		50000c1f
	[2]		50001dc3
	[3]		50001dc4
	[4]		50000c49
	[5]		50001dc5
	[7]		50001dc6
	[16]		50000cb3
	[17]		50001dc7
	[19]		50000c5c
	[20]		50000c35
	[23]		50001dc8
	[29]		50001dc9
	[31]		50001dca
OBJ 50000c4b (sz=24, trace=300457, class=java.lang.String@5000016f)
ARR 50000c4c (sz=32, trace=300458, nelems=0, elem type=char[])
OBJ 50000c4d (sz=24, trace=300456, class=java.lang.String@5000016f)
	value		50000c4e
ARR 50000c4e (sz=24, trace=300268, nelems=12, elem type=char[])
OBJ 50000c4f (sz=24, trace=300456, class=java.lang.String@5000016f)
	value		50000c50
ARR 50000c50 (sz=24, trace=300268, nelems=12, elem type=char[])
OBJ 50000c51 (sz=24, trace=300456, class=java.lang.String@5000016f)
ARR 50000c52 (sz=64, trace=300268, nelems=0, elem type=char[])
OBJ 50000c53 (sz=32, trace=300459, class=java.io.File@5000011d)
	path		50000c58
OBJ 50000c54 (sz=24, trace=300394, class=java.lang.StringBuilder@50000123)
ARR 50000c55 (sz=48, trace=300395, nelems=0, elem type=char[])
ARR 50000c56 (sz=160, trace=300011, nelems=0, elem type=char[])
ARR 50000c57 (sz=304, trace=300094, nelems=0, elem type=char[])
OBJ 50000c58 (sz=24, trace=300396, class=java.lang.String@5000016f)
	value		50000c59
ARR 50000c59 (sz=160, trace=300096, nelems=80, elem type=char[])
OBJ 50000c5a (sz=24, trace=300460, class=sun.misc.MetaIndex@5000003d)
	contents	50001e25
ARR 50000c5b (sz=16, trace=300461, nelems=0, elem type=java.lang.String[]@500000cf)
OBJ 50000c5c (sz=32, trace=300158, class=java.util.HashMap$Node@500000b9)
	key		50000c53
	value		50000c5a
OBJ 50000c5d (sz=24, trace=300457, class=java.lang.String@5000016f)
ARR 50000c5e (sz=56, trace=300458, nelems=0, elem type=char[])
OBJ 50000c5f (sz=24, trace=300456, class=java.lang.String@5000016f)
ARR 50000c60 (sz=48, trace=300268, nelems=0, elem type=char[])
OBJ 50000c61 (sz=24, trace=300457, class=java.lang.String@5000016f)
ARR 50000c62 (sz=48, trace=300458, nelems=0, elem type=char[])
OBJ 50000c63 (sz=24, trace=300456, class=java.lang.String@5000016f)
	value		50000c64
ARR 50000c64 (sz=54, trace=300268, nelems=27, elem type=char[])
OBJ 50000c65 (sz=24, trace=300456, class=java.lang.String@5000016f)
	value		50000c66
ARR 50000c66 (sz=104, trace=300268, nelems=52, elem type=char[])
OBJ 50000c67 (sz=24, trace=300456, class=java.lang.String@5000016f)
	value		50000c68
ARR 50000c68 (sz=96, trace=300268, nelems=48, elem type=char[])
OBJ 50000c69 (sz=24, trace=300456, class=java.lang.String@5000016f)
	value		50000c6a
ARR 50000c6a (sz=28, trace=300268, nelems=14, elem type=char[])
OBJ 50000c6b (sz=24, trace=300456, class=java.lang.String@5000016f)
	value		50000c6c
ARR 50000c6c (sz=108, trace=300268, nelems=54, elem type=char[])
OBJ 50000c6d (sz=24, trace=300456, class=java.lang.String@5000016f)
	value		50000c6e
ARR 50000c6e (sz=18, trace=300268, nelems=9, elem type=char[])
OBJ 50000c6f (sz=24, trace=300456, class=java.lang.String@5000016f)
	value		50000c70
ARR 50000c70 (sz=106, trace=300268, nelems=53, elem type=char[])
OBJ 50000c71 (sz=24, trace=300456, class=java.lang.String@5000016f)
	value		50000c72
ARR 50000c72 (sz=102, trace=300268, nelems=51, elem type=char[])
OBJ 50000c73 (sz=24, trace=300456, class=java.lang.String@5000016f)
	value		50000c74
ARR 50000c74 (sz=22, trace=300268, nelems=11, elem type=char[])
OBJ 50000c75 (sz=24, trace=300456, class=java.lang.String@5000016f)
	value		50000c76
ARR 50000c76 (sz=114, trace=300268, nelems=57, elem type=char[])
OBJ 50000c77 (sz=24, trace=300456, class=java.lang.String@5000016f)
	value		50000c78
ARR 50000c78 (sz=114, trace=300268, nelems=57, elem type=char[])
ARR 50000c79 (sz=80, trace=300156, nelems=0, elem type=java.lang.Object[]@5000010a)
OBJ 50000c7a (sz=24, trace=300456, class=java.lang.String@5000016f)
	value		50000c7b
ARR 50000c7b (sz=14, trace=300268, nelems=7, elem type=char[])
OBJ 50000c7c (sz=24, trace=300456, class=java.lang.String@5000016f)
	value		50000c7d
ARR 50000c7d (sz=114, trace=300268, nelems=57, elem type=char[])
OBJ 50000c7e (sz=24, trace=300456, class=java.lang.String@5000016f)
	value		50000c7f
ARR 50000c7f (sz=32, trace=300268, nelems=16, elem type=char[])
OBJ 50000c80 (sz=24, trace=300456, class=java.lang.String@5000016f)
	value		50000c81
ARR 50000c81 (sz=98, trace=300268, nelems=49, elem type=char[])
OBJ 50000c82 (sz=24, trace=300456, class=java.lang.String@5000016f)
	value		50000c83
ARR 50000c83 (sz=52, trace=300268, nelems=26, elem type=char[])
ARR 50000c84 (sz=104, trace=300156, nelems=0, elem type=java.lang.Object[]@5000010a)
OBJ 50000c85 (sz=24, trace=300456, class=java.lang.String@5000016f)
	value		50000c86
ARR 50000c86 (sz=106, trace=300268, nelems=53, elem type=char[])
OBJ 50000c87 (sz=24, trace=300456, class=java.lang.String@5000016f)
	value		50000c88
ARR 50000c88 (sz=14, trace=300268, nelems=7, elem type=char[])
OBJ 50000c89 (sz=24, trace=300456, class=java.lang.String@5000016f)
	value		50000c8a
ARR 50000c8a (sz=18, trace=300268, nelems=9, elem type=char[])
OBJ 50000c8b (sz=24, trace=300456, class=java.lang.String@5000016f)
	value		50000c8c
ARR 50000c8c (sz=120, trace=300268, nelems=60, elem type=char[])
OBJ 50000c8d (sz=24, trace=300456, class=java.lang.String@5000016f)
	value		50000c8e
ARR 50000c8e (sz=30, trace=300268, nelems=15, elem type=char[])
OBJ 50000c8f (sz=24, trace=300456, class=java.lang.String@5000016f)
	value		50000c90
ARR 50000c90 (sz=110, trace=300268, nelems=55, elem type=char[])
OBJ 50000c91 (sz=24, trace=300456, class=java.lang.String@5000016f)
	value		50000c92
ARR 50000c92 (sz=48, trace=300268, nelems=24, elem type=char[])
ARR 50000c93 (sz=152, trace=300156, nelems=0, elem type=java.lang.Object[]@5000010a)
OBJ 50000c94 (sz=24, trace=300456, class=java.lang.String@5000016f)
	value		50000c95
ARR 50000c95 (sz=18, trace=300268, nelems=9, elem type=char[])
OBJ 50000c96 (sz=24, trace=300456, class=java.lang.String@5000016f)
	value		50000c97
ARR 50000c97 (sz=16, trace=300268, nelems=8, elem type=char[])
OBJ 50000c98 (sz=24, trace=300456, class=java.lang.String@5000016f)
	value		50000c99
ARR 50000c99 (sz=18, trace=300268, nelems=9, elem type=char[])
OBJ 50000c9a (sz=24, trace=300456, class=java.lang.String@5000016f)
	value		50000c9b
ARR 50000c9b (sz=110, trace=300268, nelems=55, elem type=char[])
OBJ 50000c9c (sz=24, trace=300456, class=java.lang.String@5000016f)
	value		50000c9d
ARR 50000c9d (sz=24, trace=300268, nelems=12, elem type=char[])
OBJ 50000c9e (sz=24, trace=300456, class=java.lang.String@5000016f)
	value		50000c9f
ARR 50000c9f (sz=102, trace=300268, nelems=51, elem type=char[])
OBJ 50000ca0 (sz=24, trace=300456, class=java.lang.String@5000016f)
	value		50000ca1
ARR 50000ca1 (sz=38, trace=300268, nelems=19, elem type=char[])
OBJ 50000ca2 (sz=24, trace=300456, class=java.lang.String@5000016f)
	value		50000ca3
ARR 50000ca3 (sz=26, trace=300268, nelems=13, elem type=char[])
OBJ 50000ca4 (sz=24, trace=300456, class=java.lang.String@5000016f)
	value		50000ca5
ARR 50000ca5 (sz=24, trace=300268, nelems=12, elem type=char[])
OBJ 50000ca6 (sz=24, trace=300456, class=java.lang.String@5000016f)
	value		50000ca7
ARR 50000ca7 (sz=132, trace=300268, nelems=66, elem type=char[])
OBJ 50000ca8 (sz=24, trace=300456, class=java.lang.String@5000016f)
ARR 50000ca9 (sz=32, trace=300268, nelems=0, elem type=char[])
OBJ 50000caa (sz=32, trace=300459, class=java.io.File@5000011d)
	path		50000caf
OBJ 50000cab (sz=24, trace=300394, class=java.lang.StringBuilder@50000123)
ARR 50000cac (sz=48, trace=300395, nelems=0, elem type=char[])
ARR 50000cad (sz=160, trace=300011, nelems=0, elem type=char[])
ARR 50000cae (sz=304, trace=300094, nelems=0, elem type=char[])
OBJ 50000caf (sz=24, trace=300396, class=java.lang.String@5000016f)
	value		50000cb0
ARR 50000cb0 (sz=170, trace=300096, nelems=85, elem type=char[])
OBJ 50000cb1 (sz=24, trace=300460, class=sun.misc.MetaIndex@5000003d)
	contents	50001e2d
ARR 50000cb2 (sz=16, trace=300461, nelems=0, elem type=java.lang.String[]@500000cf)
OBJ 50000cb3 (sz=32, trace=300158, class=java.util.HashMap$Node@500000b9)
	key		50000caa
	value		50000cb1
OBJ 50000cb4 (sz=24, trace=300457, class=java.lang.String@5000016f)
ARR 50000cb5 (sz=32, trace=300458, nelems=0, elem type=char[])
OBJ 50000cb6 (sz=24, trace=300456, class=java.lang.String@5000016f)
	value		50000cb7
ARR 50000cb7 (sz=54, trace=300268, nelems=27, elem type=char[])
OBJ 50000cb8 (sz=24, trace=300456, class=java.lang.String@5000016f)
	value		50000cb9
ARR 50000cb9 (sz=10, trace=300268, nelems=5, elem type=char[])
OBJ 50000cba (sz=24, trace=300456, class=java.lang.String@5000016f)
	value		50000cbb
ARR 50000cbb (sz=18, trace=300268, nelems=9, elem type=char[])
OBJ 50000cbc (sz=24, trace=300456, class=java.lang.String@5000016f)
	value		50000cbd
ARR 50000cbd (sz=28, trace=300268, nelems=14, elem type=char[])
OBJ 50000cbe (sz=24, trace=300456, class=java.lang.String@5000016f)
	value		50000cbf
ARR 50000cbf (sz=32, trace=300268, nelems=16, elem type=char[])
OBJ 50000cc0 (sz=24, trace=300456, class=java.lang.String@5000016f)
	value		50000cc1
ARR 50000cc1 (sz=30, trace=300268, nelems=15, elem type=char[])
OBJ 50000cc2 (sz=24, trace=300456, class=java.lang.String@5000016f)
	value		50000cc3
ARR 50000cc3 (sz=42, trace=300268, nelems=21, elem type=char[])
OBJ 50000cc4 (sz=24, trace=300456, class=java.lang.String@5000016f)
	value		50000cc5
ARR 50000cc5 (sz=28, trace=300268, nelems=14, elem type=char[])
OBJ 50000cc6 (sz=24, trace=300456, class=java.lang.String@5000016f)
	value		50000cc7
ARR 50000cc7 (sz=28, trace=300268, nelems=14, elem type=char[])
OBJ 50000cc8 (sz=24, trace=300456, class=java.lang.String@5000016f)
	value		50000cc9
ARR 50000cc9 (sz=24, trace=300268, nelems=12, elem type=char[])
OBJ 50000cca (sz=24, trace=300456, class=java.lang.String@5000016f)
	value		50000ccb
ARR 50000ccb (sz=38, trace=300268, nelems=19, elem type=char[])
OBJ 50000ccc (sz=24, trace=300456, class=java.lang.String@5000016f)
	value		50000ccd
ARR 50000ccd (sz=8, trace=300268, nelems=4, elem type=char[])
OBJ 50000cce (sz=24, trace=300456, class=java.lang.String@5000016f)
	value		50000ccf
ARR 50000ccf (sz=36, trace=300268, nelems=18, elem type=char[])
OBJ 50000cd0 (sz=24, trace=300456, class=java.lang.String@5000016f)
	value		50000cd1
ARR 50000cd1 (sz=24, trace=300268, nelems=12, elem type=char[])
OBJ 50000cd2 (sz=24, trace=300456, class=java.lang.String@5000016f)
	value		50000cd3
ARR 50000cd3 (sz=26, trace=300268, nelems=13, elem type=char[])
OBJ 50000cd4 (sz=24, trace=300456, class=java.lang.String@5000016f)
	value		50000cd5
ARR 50000cd5 (sz=30, trace=300268, nelems=15, elem type=char[])
OBJ 50000cd6 (sz=24, trace=300456, class=java.lang.String@5000016f)
	value		50000cd7
ARR 50000cd7 (sz=32, trace=300268, nelems=16, elem type=char[])
OBJ 50000cd8 (sz=24, trace=300456, class=java.lang.String@5000016f)
	value		50000cd9
ARR 50000cd9 (sz=24, trace=300268, nelems=12, elem type=char[])
OBJ 50000cda (sz=24, trace=300456, class=java.lang.String@5000016f)
	value		50000cdb
ARR 50000cdb (sz=24, trace=300268, nelems=12, elem type=char[])
OBJ 50000cdc (sz=24, trace=300456, class=java.lang.String@5000016f)
	value		50000cdd
ARR 50000cdd (sz=16, trace=300268, nelems=8, elem type=char[])
OBJ 50000cde (sz=24, trace=300456, class=java.lang.String@5000016f)
	value		50000cdf
ARR 50000cdf (sz=28, trace=300268, nelems=14, elem type=char[])
OBJ 50000ce0 (sz=24, trace=300456, class=java.lang.String@5000016f)
	value		50000ce1
ARR 50000ce1 (sz=38, trace=300268, nelems=19, elem type=char[])
OBJ 50000ce2 (sz=24, trace=300456, class=java.lang.String@5000016f)
	value		50000ce3
ARR 50000ce3 (sz=20, trace=300268, nelems=10, elem type=char[])
OBJ 50000ce4 (sz=24, trace=300456, class=java.lang.String@5000016f)
	value		50000ce5
ARR 50000ce5 (sz=24, trace=300268, nelems=12, elem type=char[])
OBJ 50000ce6 (sz=24, trace=300456, class=java.lang.String@5000016f)
	value		50000ce7
ARR 50000ce7 (sz=30, trace=300268, nelems=15, elem type=char[])
OBJ 50000ce8 (sz=24, trace=300456, class=java.lang.String@5000016f)
	value		50000ce9
ARR 50000ce9 (sz=16, trace=300268, nelems=8, elem type=char[])
OBJ 50000cea (sz=24, trace=300456, class=java.lang.String@5000016f)
	value		50000ceb
ARR 50000ceb (sz=30, trace=300268, nelems=15, elem type=char[])
OBJ 50000cec (sz=24, trace=300456, class=java.lang.String@5000016f)
	value		50000ced
ARR 50000ced (sz=8, trace=300268, nelems=4, elem type=char[])
OBJ 50000cee (sz=24, trace=300456, class=java.lang.String@5000016f)
	value		50000cef
ARR 50000cef (sz=30, trace=300268, nelems=15, elem type=char[])
OBJ 50000cf0 (sz=24, trace=300456, class=java.lang.String@5000016f)
	value		50000cf1
ARR 50000cf1 (sz=16, trace=300268, nelems=8, elem type=char[])
OBJ 50000cf2 (sz=24, trace=300456, class=java.lang.String@5000016f)
	value		50000cf3
ARR 50000cf3 (sz=16, trace=300268, nelems=8, elem type=char[])
OBJ 50000cf4 (sz=24, trace=300456, class=java.lang.String@5000016f)
	value		50000cf5
ARR 50000cf5 (sz=34, trace=300268, nelems=17, elem type=char[])
OBJ 50000cf6 (sz=24, trace=300456, class=java.lang.String@5000016f)
	value		50000cf7
ARR 50000cf7 (sz=28, trace=300268, nelems=14, elem type=char[])
OBJ 50000cf8 (sz=24, trace=300456, class=java.lang.String@5000016f)
	value		50000cf9
ARR 50000cf9 (sz=24, trace=300268, nelems=12, elem type=char[])
ARR 50000cfa (sz=216, trace=300156, nelems=0, elem type=java.lang.Object[]@5000010a)
OBJ 50000cfb (sz=24, trace=300456, class=java.lang.String@5000016f)
	value		50000cfc
ARR 50000cfc (sz=22, trace=300268, nelems=11, elem type=char[])
OBJ 50000cfd (sz=24, trace=300456, class=java.lang.String@5000016f)
	value		50000cfe
ARR 50000cfe (sz=38, trace=300268, nelems=19, elem type=char[])
OBJ 50000cff (sz=24, trace=300456, class=java.lang.String@5000016f)
	value		50000d00
ARR 50000d00 (sz=34, trace=300268, nelems=17, elem type=char[])
OBJ 50000d01 (sz=24, trace=300456, class=java.lang.String@5000016f)
	value		50000d02
ARR 50000d02 (sz=26, trace=300268, nelems=13, elem type=char[])
OBJ 50000d03 (sz=24, trace=300456, class=java.lang.String@5000016f)
	value		50000d04
ARR 50000d04 (sz=20, trace=300268, nelems=10, elem type=char[])
OBJ 50000d05 (sz=24, trace=300456, class=java.lang.String@5000016f)
	value		50000d06
ARR 50000d06 (sz=44, trace=300268, nelems=22, elem type=char[])
OBJ 50000d07 (sz=24, trace=300456, class=java.lang.String@5000016f)
	value		50000d08
ARR 50000d08 (sz=24, trace=300268, nelems=12, elem type=char[])
OBJ 50000d09 (sz=24, trace=300456, class=java.lang.String@5000016f)
	value		50000d0a
ARR 50000d0a (sz=12, trace=300268, nelems=6, elem type=char[])
OBJ 50000d0b (sz=48, trace=300266, class=java.nio.HeapCharBuffer@50000035)
OBJ 50000d0c (sz=32, trace=300463, class=java.io.File@5000011d)
	path		50000d11
OBJ 50000d0d (sz=24, trace=300394, class=java.lang.StringBuilder@50000123)
ARR 50000d0e (sz=48, trace=300395, nelems=0, elem type=char[])
ARR 50000d0f (sz=160, trace=300011, nelems=0, elem type=char[])
ARR 50000d10 (sz=304, trace=300094, nelems=0, elem type=char[])
OBJ 50000d11 (sz=24, trace=300396, class=java.lang.String@5000016f)
	value		50000d12
ARR 50000d12 (sz=156, trace=300096, nelems=78, elem type=char[])
OBJ 50000d13 (sz=24, trace=300464, class=sun.misc.MetaIndex@5000003d)
	contents	50001e39
ARR 50000d14 (sz=16, trace=300465, nelems=0, elem type=java.lang.String[]@500000cf)
OBJ 50000d15 (sz=32, trace=300159, class=java.util.HashMap$Node@500000b9)
	key		50000d0c
	value		50000d13
OBJ 50000d16 (sz=16, trace=300466, class=java.io.FileInputStream$1@5000002e)
ARR 50000d17 (sz=256, trace=300071, nelems=0, elem type=byte[])
ARR 50000d18 (sz=96, trace=300072, nelems=0, elem type=byte[])
OBJ 50000d19 (sz=24, trace=300073, class=java.lang.String@5000016f)
ARR 50000d1a (sz=32, trace=300074, nelems=0, elem type=char[])
OBJ 50000d1b (sz=24, trace=300439, class=java.lang.String@5000016f)
ARR 50000d1c (sz=160, trace=300440, nelems=0, elem type=char[])
OBJ 50000d1d (sz=32, trace=300441, class=java.io.File@5000011d)
ARR 50000d1e (sz=280, trace=300071, nelems=0, elem type=byte[])
ARR 50000d1f (sz=104, trace=300072, nelems=0, elem type=byte[])
OBJ 50000d20 (sz=24, trace=300073, class=java.lang.String@5000016f)
ARR 50000d21 (sz=48, trace=300074, nelems=0, elem type=char[])
OBJ 50000d22 (sz=24, trace=300439, class=java.lang.String@5000016f)
ARR 50000d23 (sz=160, trace=300440, nelems=0, elem type=char[])
OBJ 50000d24 (sz=32, trace=300441, class=java.io.File@5000011d)
ARR 50000d25 (sz=256, trace=300071, nelems=0, elem type=byte[])
ARR 50000d26 (sz=96, trace=300072, nelems=0, elem type=byte[])
OBJ 50000d27 (sz=24, trace=300073, class=java.lang.String@5000016f)
ARR 50000d28 (sz=32, trace=300074, nelems=0, elem type=char[])
OBJ 50000d29 (sz=24, trace=300439, class=java.lang.String@5000016f)
ARR 50000d2a (sz=160, trace=300440, nelems=0, elem type=char[])
OBJ 50000d2b (sz=32, trace=300441, class=java.io.File@5000011d)
ARR 50000d2c (sz=256, trace=300071, nelems=0, elem type=byte[])
ARR 50000d2d (sz=96, trace=300072, nelems=0, elem type=byte[])
OBJ 50000d2e (sz=24, trace=300073, class=java.lang.String@5000016f)
ARR 50000d2f (sz=32, trace=300074, nelems=0, elem type=char[])
OBJ 50000d30 (sz=24, trace=300439, class=java.lang.String@5000016f)
ARR 50000d31 (sz=160, trace=300440, nelems=0, elem type=char[])
OBJ 50000d32 (sz=32, trace=300441, class=java.io.File@5000011d)
ARR 50000d33 (sz=272, trace=300071, nelems=0, elem type=byte[])
ARR 50000d34 (sz=104, trace=300072, nelems=0, elem type=byte[])
OBJ 50000d35 (sz=24, trace=300073, class=java.lang.String@5000016f)
ARR 50000d36 (sz=40, trace=300074, nelems=0, elem type=char[])
OBJ 50000d37 (sz=24, trace=300439, class=java.lang.String@5000016f)
ARR 50000d38 (sz=160, trace=300440, nelems=0, elem type=char[])
OBJ 50000d39 (sz=32, trace=300441, class=java.io.File@5000011d)
ARR 50000d3a (sz=256, trace=300071, nelems=0, elem type=byte[])
ARR 50000d3b (sz=96, trace=300072, nelems=0, elem type=byte[])
OBJ 50000d3c (sz=24, trace=300073, class=java.lang.String@5000016f)
ARR 50000d3d (sz=32, trace=300074, nelems=0, elem type=char[])
OBJ 50000d3e (sz=24, trace=300439, class=java.lang.String@5000016f)
ARR 50000d3f (sz=160, trace=300440, nelems=0, elem type=char[])
OBJ 50000d40 (sz=32, trace=300441, class=java.io.File@5000011d)
ARR 50000d41 (sz=248, trace=300071, nelems=0, elem type=byte[])
ARR 50000d42 (sz=96, trace=300072, nelems=0, elem type=byte[])
OBJ 50000d43 (sz=24, trace=300073, class=java.lang.String@5000016f)
ARR 50000d44 (sz=32, trace=300074, nelems=0, elem type=char[])
OBJ 50000d45 (sz=24, trace=300439, class=java.lang.String@5000016f)
ARR 50000d46 (sz=152, trace=300440, nelems=0, elem type=char[])
OBJ 50000d47 (sz=32, trace=300441, class=java.io.File@5000011d)
OBJ 50000d48 (sz=32, trace=300158, class=java.util.HashMap$Node@500000b9)
OBJ 50000d49 (sz=32, trace=300443, class=java.io.File@5000011d)
OBJ 50000d4a (sz=24, trace=300394, class=java.lang.StringBuilder@50000123)
ARR 50000d4b (sz=48, trace=300395, nelems=0, elem type=char[])
ARR 50000d4c (sz=152, trace=300011, nelems=0, elem type=char[])
ARR 50000d4d (sz=288, trace=300094, nelems=0, elem type=char[])
OBJ 50000d4e (sz=24, trace=300396, class=java.lang.String@5000016f)
ARR 50000d4f (sz=176, trace=300096, nelems=0, elem type=char[])
ARR 50000d50 (sz=256, trace=300071, nelems=0, elem type=byte[])
ARR 50000d51 (sz=96, trace=300072, nelems=0, elem type=byte[])
OBJ 50000d52 (sz=24, trace=300073, class=java.lang.String@5000016f)
ARR 50000d53 (sz=40, trace=300074, nelems=0, elem type=char[])
ARR 50000d54 (sz=48, trace=300467, nelems=0, elem type=java.net.URL[]@5000000d)
OBJ 50000d55 (sz=24, trace=300076, class=java.lang.String@5000016f)
ARR 50000d56 (sz=160, trace=300077, nelems=0, elem type=char[])
OBJ 50000d57 (sz=24, trace=300468, class=java.lang.String@5000016f)
ARR 50000d58 (sz=48, trace=300469, nelems=0, elem type=char[])
OBJ 50000d59 (sz=24, trace=300470, class=java.lang.StringBuilder@50000123)
ARR 50000d5a (sz=48, trace=300471, nelems=0, elem type=char[])
ARR 50000d5b (sz=160, trace=300011, nelems=0, elem type=char[])
ARR 50000d5c (sz=304, trace=300094, nelems=0, elem type=char[])
OBJ 50000d5d (sz=24, trace=300472, class=java.lang.String@5000016f)
	value		50000d5e
ARR 50000d5e (sz=170, trace=300473, nelems=85, elem type=char[])
OBJ 50000d5f (sz=24, trace=300474, class=java.lang.StringBuilder@50000123)
ARR 50000d60 (sz=48, trace=300475, nelems=0, elem type=char[])
ARR 50000d61 (sz=160, trace=300011, nelems=0, elem type=char[])
ARR 50000d62 (sz=304, trace=300094, nelems=0, elem type=char[])
OBJ 50000d63 (sz=24, trace=300476, class=java.lang.String@5000016f)
	value		50000d64
ARR 50000d64 (sz=170, trace=300477, nelems=85, elem type=char[])
OBJ 50000d65 (sz=24, trace=300478, class=java.io.ExpiringCache$Entry@5000005b)
	val		50000d5d
OBJ 50000d66 (sz=40, trace=300080, class=java.util.LinkedHashMap$Entry@5000005a)
	key		50000d63
	value		50000d65
	before		50000bf5
	after		50000d83
OBJ 50000d67 (sz=32, trace=300479, class=java.io.File@5000011d)
ARR 50000d68 (sz=392, trace=300480, nelems=0, elem type=char[])
ARR 50000d69 (sz=192, trace=300481, nelems=0, elem type=char[])
OBJ 50000d6a (sz=24, trace=300482, class=java.lang.String@5000016f)
	value		50000d6b
ARR 50000d6b (sz=170, trace=300483, nelems=85, elem type=char[])
ARR 50000d6c (sz=272, trace=300071, nelems=0, elem type=byte[])
ARR 50000d6d (sz=104, trace=300072, nelems=0, elem type=byte[])
OBJ 50000d6e (sz=24, trace=300073, class=java.lang.String@5000016f)
ARR 50000d6f (sz=48, trace=300074, nelems=0, elem type=char[])
OBJ 50000d70 (sz=64, trace=300484, class=java.net.URL@5000011b)
	protocol	50001d57
	host		5000149a
	file		50000d6a
	authority	5000149a
	path		50000d6a
	handler		50001d61
OBJ 50000d71 (sz=24, trace=300485, class=java.net.Parts@50000010)
OBJ 50000d72 (sz=24, trace=300076, class=java.lang.String@5000016f)
ARR 50000d73 (sz=160, trace=300077, nelems=0, elem type=char[])
OBJ 50000d74 (sz=24, trace=300468, class=java.lang.String@5000016f)
ARR 50000d75 (sz=32, trace=300469, nelems=0, elem type=char[])
OBJ 50000d76 (sz=24, trace=300470, class=java.lang.StringBuilder@50000123)
ARR 50000d77 (sz=48, trace=300471, nelems=0, elem type=char[])
ARR 50000d78 (sz=160, trace=300011, nelems=0, elem type=char[])
ARR 50000d79 (sz=304, trace=300094, nelems=0, elem type=char[])
OBJ 50000d7a (sz=24, trace=300472, class=java.lang.String@5000016f)
	value		50000d7b
ARR 50000d7b (sz=156, trace=300473, nelems=78, elem type=char[])
OBJ 50000d7c (sz=24, trace=300474, class=java.lang.StringBuilder@50000123)
ARR 50000d7d (sz=48, trace=300475, nelems=0, elem type=char[])
ARR 50000d7e (sz=160, trace=300011, nelems=0, elem type=char[])
ARR 50000d7f (sz=304, trace=300094, nelems=0, elem type=char[])
OBJ 50000d80 (sz=24, trace=300476, class=java.lang.String@5000016f)
	value		50000d81
ARR 50000d81 (sz=156, trace=300477, nelems=78, elem type=char[])
OBJ 50000d82 (sz=24, trace=300478, class=java.io.ExpiringCache$Entry@5000005b)
	val		50000d7a
OBJ 50000d83 (sz=40, trace=300383, class=java.util.LinkedHashMap$Entry@5000005a)
	key		50000d80
	value		50000d82
	before		50000d66
	after		50000da0
OBJ 50000d84 (sz=32, trace=300479, class=java.io.File@5000011d)
ARR 50000d85 (sz=360, trace=300480, nelems=0, elem type=char[])
ARR 50000d86 (sz=176, trace=300481, nelems=0, elem type=char[])
OBJ 50000d87 (sz=24, trace=300482, class=java.lang.String@5000016f)
	value		50000d88
ARR 50000d88 (sz=156, trace=300483, nelems=78, elem type=char[])
ARR 50000d89 (sz=256, trace=300071, nelems=0, elem type=byte[])
ARR 50000d8a (sz=96, trace=300072, nelems=0, elem type=byte[])
OBJ 50000d8b (sz=24, trace=300073, class=java.lang.String@5000016f)
ARR 50000d8c (sz=32, trace=300074, nelems=0, elem type=char[])
OBJ 50000d8d (sz=64, trace=300484, class=java.net.URL@5000011b)
	protocol	50001d57
	host		5000149a
	file		50000d87
	authority	5000149a
	path		50000d87
	handler		50001d61
OBJ 50000d8e (sz=24, trace=300485, class=java.net.Parts@50000010)
OBJ 50000d8f (sz=24, trace=300076, class=java.lang.String@5000016f)
ARR 50000d90 (sz=160, trace=300077, nelems=0, elem type=char[])
OBJ 50000d91 (sz=24, trace=300468, class=java.lang.String@5000016f)
ARR 50000d92 (sz=48, trace=300469, nelems=0, elem type=char[])
OBJ 50000d93 (sz=24, trace=300470, class=java.lang.StringBuilder@50000123)
ARR 50000d94 (sz=48, trace=300471, nelems=0, elem type=char[])
ARR 50000d95 (sz=160, trace=300011, nelems=0, elem type=char[])
ARR 50000d96 (sz=304, trace=300094, nelems=0, elem type=char[])
OBJ 50000d97 (sz=24, trace=300472, class=java.lang.String@5000016f)
	value		50000d98
ARR 50000d98 (sz=172, trace=300473, nelems=86, elem type=char[])
OBJ 50000d99 (sz=24, trace=300474, class=java.lang.StringBuilder@50000123)
ARR 50000d9a (sz=48, trace=300475, nelems=0, elem type=char[])
ARR 50000d9b (sz=160, trace=300011, nelems=0, elem type=char[])
ARR 50000d9c (sz=304, trace=300094, nelems=0, elem type=char[])
OBJ 50000d9d (sz=24, trace=300476, class=java.lang.String@5000016f)
	value		50000d9e
ARR 50000d9e (sz=172, trace=300477, nelems=86, elem type=char[])
OBJ 50000d9f (sz=24, trace=300478, class=java.io.ExpiringCache$Entry@5000005b)
	val		50000d97
OBJ 50000da0 (sz=40, trace=300080, class=java.util.LinkedHashMap$Entry@5000005a)
	key		50000d9d
	value		50000d9f
	before		50000d83
	after		50000dbd
OBJ 50000da1 (sz=32, trace=300479, class=java.io.File@5000011d)
ARR 50000da2 (sz=392, trace=300480, nelems=0, elem type=char[])
ARR 50000da3 (sz=192, trace=300481, nelems=0, elem type=char[])
OBJ 50000da4 (sz=24, trace=300482, class=java.lang.String@5000016f)
	value		50000da5
ARR 50000da5 (sz=172, trace=300483, nelems=86, elem type=char[])
ARR 50000da6 (sz=280, trace=300071, nelems=0, elem type=byte[])
ARR 50000da7 (sz=104, trace=300072, nelems=0, elem type=byte[])
OBJ 50000da8 (sz=24, trace=300073, class=java.lang.String@5000016f)
ARR 50000da9 (sz=48, trace=300074, nelems=0, elem type=char[])
OBJ 50000daa (sz=64, trace=300484, class=java.net.URL@5000011b)
	protocol	50001d57
	host		5000149a
	file		50000da4
	authority	5000149a
	path		50000da4
	handler		50001d61
OBJ 50000dab (sz=24, trace=300485, class=java.net.Parts@50000010)
OBJ 50000dac (sz=24, trace=300076, class=java.lang.String@5000016f)
ARR 50000dad (sz=160, trace=300077, nelems=0, elem type=char[])
OBJ 50000dae (sz=24, trace=300468, class=java.lang.String@5000016f)
ARR 50000daf (sz=32, trace=300469, nelems=0, elem type=char[])
OBJ 50000db0 (sz=24, trace=300470, class=java.lang.StringBuilder@50000123)
ARR 50000db1 (sz=48, trace=300471, nelems=0, elem type=char[])
ARR 50000db2 (sz=160, trace=300011, nelems=0, elem type=char[])
ARR 50000db3 (sz=304, trace=300094, nelems=0, elem type=char[])
OBJ 50000db4 (sz=24, trace=300472, class=java.lang.String@5000016f)
	value		50000db5
ARR 50000db5 (sz=160, trace=300473, nelems=80, elem type=char[])
OBJ 50000db6 (sz=24, trace=300474, class=java.lang.StringBuilder@50000123)
ARR 50000db7 (sz=48, trace=300475, nelems=0, elem type=char[])
ARR 50000db8 (sz=160, trace=300011, nelems=0, elem type=char[])
ARR 50000db9 (sz=304, trace=300094, nelems=0, elem type=char[])
OBJ 50000dba (sz=24, trace=300476, class=java.lang.String@5000016f)
	value		50000dbb
ARR 50000dbb (sz=160, trace=300477, nelems=80, elem type=char[])
OBJ 50000dbc (sz=24, trace=300478, class=java.io.ExpiringCache$Entry@5000005b)
	val		50000db4
OBJ 50000dbd (sz=40, trace=300383, class=java.util.LinkedHashMap$Entry@5000005a)
	key		50000dba
	value		50000dbc
	before		50000da0
	after		50000dda
OBJ 50000dbe (sz=32, trace=300479, class=java.io.File@5000011d)
ARR 50000dbf (sz=368, trace=300480, nelems=0, elem type=char[])
ARR 50000dc0 (sz=176, trace=300481, nelems=0, elem type=char[])
OBJ 50000dc1 (sz=24, trace=300482, class=java.lang.String@5000016f)
	value		50000dc2
ARR 50000dc2 (sz=160, trace=300483, nelems=80, elem type=char[])
ARR 50000dc3 (sz=256, trace=300071, nelems=0, elem type=byte[])
ARR 50000dc4 (sz=96, trace=300072, nelems=0, elem type=byte[])
OBJ 50000dc5 (sz=24, trace=300073, class=java.lang.String@5000016f)
ARR 50000dc6 (sz=32, trace=300074, nelems=0, elem type=char[])
OBJ 50000dc7 (sz=64, trace=300484, class=java.net.URL@5000011b)
	protocol	50001d57
	host		5000149a
	file		50000dc1
	authority	5000149a
	path		50000dc1
	handler		50001d61
OBJ 50000dc8 (sz=24, trace=300485, class=java.net.Parts@50000010)
OBJ 50000dc9 (sz=24, trace=300076, class=java.lang.String@5000016f)
ARR 50000dca (sz=160, trace=300077, nelems=0, elem type=char[])
OBJ 50000dcb (sz=24, trace=300468, class=java.lang.String@5000016f)
ARR 50000dcc (sz=32, trace=300469, nelems=0, elem type=char[])
OBJ 50000dcd (sz=24, trace=300470, class=java.lang.StringBuilder@50000123)
ARR 50000dce (sz=48, trace=300471, nelems=0, elem type=char[])
ARR 50000dcf (sz=160, trace=300011, nelems=0, elem type=char[])
ARR 50000dd0 (sz=304, trace=300094, nelems=0, elem type=char[])
OBJ 50000dd1 (sz=24, trace=300472, class=java.lang.String@5000016f)
	value		50000dd2
ARR 50000dd2 (sz=158, trace=300473, nelems=79, elem type=char[])
OBJ 50000dd3 (sz=24, trace=300474, class=java.lang.StringBuilder@50000123)
ARR 50000dd4 (sz=48, trace=300475, nelems=0, elem type=char[])
ARR 50000dd5 (sz=160, trace=300011, nelems=0, elem type=char[])
ARR 50000dd6 (sz=304, trace=300094, nelems=0, elem type=char[])
OBJ 50000dd7 (sz=24, trace=300476, class=java.lang.String@5000016f)
	value		50000dd8
ARR 50000dd8 (sz=158, trace=300477, nelems=79, elem type=char[])
OBJ 50000dd9 (sz=24, trace=300478, class=java.io.ExpiringCache$Entry@5000005b)
	val		50000dd1
OBJ 50000dda (sz=40, trace=300383, class=java.util.LinkedHashMap$Entry@5000005a)
	key		50000dd7
	value		50000dd9
	before		50000dbd
	after		50000df7
OBJ 50000ddb (sz=32, trace=300479, class=java.io.File@5000011d)
ARR 50000ddc (sz=368, trace=300480, nelems=0, elem type=char[])
ARR 50000ddd (sz=176, trace=300481, nelems=0, elem type=char[])
OBJ 50000dde (sz=24, trace=300482, class=java.lang.String@5000016f)
	value		50000ddf
ARR 50000ddf (sz=158, trace=300483, nelems=79, elem type=char[])
ARR 50000de0 (sz=256, trace=300071, nelems=0, elem type=byte[])
ARR 50000de1 (sz=96, trace=300072, nelems=0, elem type=byte[])
OBJ 50000de2 (sz=24, trace=300073, class=java.lang.String@5000016f)
ARR 50000de3 (sz=32, trace=300074, nelems=0, elem type=char[])
OBJ 50000de4 (sz=64, trace=300484, class=java.net.URL@5000011b)
	protocol	50001d57
	host		5000149a
	file		50000dde
	authority	5000149a
	path		50000dde
	handler		50001d61
OBJ 50000de5 (sz=24, trace=300485, class=java.net.Parts@50000010)
OBJ 50000de6 (sz=24, trace=300076, class=java.lang.String@5000016f)
ARR 50000de7 (sz=160, trace=300077, nelems=0, elem type=char[])
OBJ 50000de8 (sz=24, trace=300468, class=java.lang.String@5000016f)
ARR 50000de9 (sz=40, trace=300469, nelems=0, elem type=char[])
OBJ 50000dea (sz=24, trace=300470, class=java.lang.StringBuilder@50000123)
ARR 50000deb (sz=48, trace=300471, nelems=0, elem type=char[])
ARR 50000dec (sz=160, trace=300011, nelems=0, elem type=char[])
ARR 50000ded (sz=304, trace=300094, nelems=0, elem type=char[])
OBJ 50000dee (sz=24, trace=300472, class=java.lang.String@5000016f)
	value		50000def
ARR 50000def (sz=168, trace=300473, nelems=84, elem type=char[])
OBJ 50000df0 (sz=24, trace=300474, class=java.lang.StringBuilder@50000123)
ARR 50000df1 (sz=48, trace=300475, nelems=0, elem type=char[])
ARR 50000df2 (sz=160, trace=300011, nelems=0, elem type=char[])
ARR 50000df3 (sz=304, trace=300094, nelems=0, elem type=char[])
OBJ 50000df4 (sz=24, trace=300476, class=java.lang.String@5000016f)
	value		50000df5
ARR 50000df5 (sz=168, trace=300477, nelems=84, elem type=char[])
OBJ 50000df6 (sz=24, trace=300478, class=java.io.ExpiringCache$Entry@5000005b)
	val		50000dee
OBJ 50000df7 (sz=40, trace=300080, class=java.util.LinkedHashMap$Entry@5000005a)
	key		50000df4
	value		50000df6
	before		50000dda
	after		50000e14
OBJ 50000df8 (sz=32, trace=300479, class=java.io.File@5000011d)
ARR 50000df9 (sz=384, trace=300480, nelems=0, elem type=char[])
ARR 50000dfa (sz=184, trace=300481, nelems=0, elem type=char[])
OBJ 50000dfb (sz=24, trace=300482, class=java.lang.String@5000016f)
	value		50000dfc
ARR 50000dfc (sz=168, trace=300483, nelems=84, elem type=char[])
ARR 50000dfd (sz=272, trace=300071, nelems=0, elem type=byte[])
ARR 50000dfe (sz=104, trace=300072, nelems=0, elem type=byte[])
OBJ 50000dff (sz=24, trace=300073, class=java.lang.String@5000016f)
ARR 50000e00 (sz=40, trace=300074, nelems=0, elem type=char[])
OBJ 50000e01 (sz=64, trace=300484, class=java.net.URL@5000011b)
	protocol	50001d57
	host		5000149a
	file		50000dfb
	authority	5000149a
	path		50000dfb
	handler		50001d61
OBJ 50000e02 (sz=24, trace=300485, class=java.net.Parts@50000010)
OBJ 50000e03 (sz=24, trace=300076, class=java.lang.String@5000016f)
ARR 50000e04 (sz=160, trace=300077, nelems=0, elem type=char[])
OBJ 50000e05 (sz=24, trace=300468, class=java.lang.String@5000016f)
ARR 50000e06 (sz=32, trace=300469, nelems=0, elem type=char[])
OBJ 50000e07 (sz=24, trace=300470, class=java.lang.StringBuilder@50000123)
ARR 50000e08 (sz=48, trace=300471, nelems=0, elem type=char[])
ARR 50000e09 (sz=160, trace=300011, nelems=0, elem type=char[])
ARR 50000e0a (sz=304, trace=300094, nelems=0, elem type=char[])
OBJ 50000e0b (sz=24, trace=300472, class=java.lang.String@5000016f)
	value		50000e0c
ARR 50000e0c (sz=158, trace=300473, nelems=79, elem type=char[])
OBJ 50000e0d (sz=24, trace=300474, class=java.lang.StringBuilder@50000123)
ARR 50000e0e (sz=48, trace=300475, nelems=0, elem type=char[])
ARR 50000e0f (sz=160, trace=300011, nelems=0, elem type=char[])
ARR 50000e10 (sz=304, trace=300094, nelems=0, elem type=char[])
OBJ 50000e11 (sz=24, trace=300476, class=java.lang.String@5000016f)
	value		50000e12
ARR 50000e12 (sz=158, trace=300477, nelems=79, elem type=char[])
OBJ 50000e13 (sz=24, trace=300478, class=java.io.ExpiringCache$Entry@5000005b)
	val		50000e0b
OBJ 50000e14 (sz=40, trace=300080, class=java.util.LinkedHashMap$Entry@5000005a)
	key		50000e11
	value		50000e13
	before		50000df7
	after		50000e25
OBJ 50000e15 (sz=32, trace=300479, class=java.io.File@5000011d)
ARR 50000e16 (sz=368, trace=300480, nelems=0, elem type=char[])
ARR 50000e17 (sz=176, trace=300481, nelems=0, elem type=char[])
OBJ 50000e18 (sz=24, trace=300482, class=java.lang.String@5000016f)
	value		50000e19
ARR 50000e19 (sz=158, trace=300483, nelems=79, elem type=char[])
ARR 50000e1a (sz=256, trace=300071, nelems=0, elem type=byte[])
ARR 50000e1b (sz=96, trace=300072, nelems=0, elem type=byte[])
OBJ 50000e1c (sz=24, trace=300073, class=java.lang.String@5000016f)
ARR 50000e1d (sz=32, trace=300074, nelems=0, elem type=char[])
OBJ 50000e1e (sz=64, trace=300484, class=java.net.URL@5000011b)
	protocol	50001d57
	host		5000149a
	file		50000e18
	authority	5000149a
	path		50000e18
	handler		50001d61
OBJ 50000e1f (sz=24, trace=300485, class=java.net.Parts@50000010)
OBJ 50000e20 (sz=24, trace=300076, class=java.lang.String@5000016f)
ARR 50000e21 (sz=152, trace=300077, nelems=0, elem type=char[])
ARR 50000e22 (sz=248, trace=300078, nelems=0, elem type=byte[])
ARR 50000e23 (sz=96, trace=300072, nelems=0, elem type=byte[])
OBJ 50000e24 (sz=24, trace=300079, class=java.io.ExpiringCache$Entry@5000005b)
	val		50001ca9
OBJ 50000e25 (sz=40, trace=300080, class=java.util.LinkedHashMap$Entry@5000005a)
	key		50000bc9
	value		50000e24
	before		50000e14
OBJ 50000e26 (sz=24, trace=300452, class=java.lang.String@5000016f)
ARR 50000e27 (sz=152, trace=300077, nelems=0, elem type=char[])
OBJ 50000e28 (sz=32, trace=300453, class=java.io.File@5000011d)
ARR 50000e29 (sz=248, trace=300071, nelems=0, elem type=byte[])
ARR 50000e2a (sz=96, trace=300072, nelems=0, elem type=byte[])
OBJ 50000e2b (sz=24, trace=300073, class=java.lang.String@5000016f)
ARR 50000e2c (sz=32, trace=300074, nelems=0, elem type=char[])
OBJ 50000e2d (sz=32, trace=300479, class=java.io.File@5000011d)
ARR 50000e2e (sz=352, trace=300480, nelems=0, elem type=char[])
ARR 50000e2f (sz=168, trace=300481, nelems=0, elem type=char[])
OBJ 50000e30 (sz=24, trace=300482, class=java.lang.String@5000016f)
	value		50000e31
ARR 50000e31 (sz=150, trace=300483, nelems=75, elem type=char[])
ARR 50000e32 (sz=248, trace=300071, nelems=0, elem type=byte[])
ARR 50000e33 (sz=96, trace=300072, nelems=0, elem type=byte[])
OBJ 50000e34 (sz=24, trace=300073, class=java.lang.String@5000016f)
ARR 50000e35 (sz=32, trace=300074, nelems=0, elem type=char[])
OBJ 50000e36 (sz=64, trace=300484, class=java.net.URL@5000011b)
	protocol	50001d57
	host		5000149a
	file		50000e30
	authority	5000149a
	path		50000e30
	handler		50001d61
OBJ 50000e37 (sz=24, trace=300485, class=java.net.Parts@50000010)
OBJ 50000e38 (sz=48, trace=300486, class=sun.misc.URLClassPath@50000004)
	path		50000e39
	urls		50000e3a
	loaders		50000e3c
	lmap		50000e3d
	jarHandler	50000e44
OBJ 50000e39 (sz=24, trace=300487, class=java.util.ArrayList@500000c5)
	elementData	50000e3e
OBJ 50000e3a (sz=32, trace=300264, class=java.util.Stack@500000e4)
	elementData	50000e3b
ARR 50000e3b (sz=56, trace=300488, nelems=0, elem type=java.lang.Object[]@5000010a)
OBJ 50000e3c (sz=24, trace=300489, class=java.util.ArrayList@500000c5)
	elementData	50000e5d
OBJ 50000e3d (sz=48, trace=300490, class=java.util.HashMap@500000ba)
	table		50000e5e
ARR 50000e3e (sz=56, trace=300156, nelems=8, elem type=java.lang.Object[]@5000010a)
	[0]		50000d70
	[1]		50000d8d
	[2]		50000daa
	[3]		50000dc7
	[4]		50000de4
	[5]		50000e01
	[6]		50000e1e
	[7]		50000e36
OBJ 50000e3f (sz=24, trace=300491, class=java.lang.StringBuilder@50000123)
ARR 50000e40 (sz=48, trace=300492, nelems=0, elem type=char[])
ARR 50000e41 (sz=88, trace=300011, nelems=0, elem type=char[])
OBJ 50000e42 (sz=24, trace=300493, class=java.lang.String@5000016f)
ARR 50000e43 (sz=80, trace=300494, nelems=0, elem type=char[])
OBJ 50000e44 (sz=16, trace=300495, class=sun.net.www.protocol.jar.Handler@50000003)
OBJ 50000e45 (sz=24, trace=300126, class=java.lang.StringBuilder@50000123)
ARR 50000e46 (sz=48, trace=300127, nelems=0, elem type=char[])
ARR 50000e47 (sz=200, trace=300011, nelems=0, elem type=char[])
OBJ 50000e48 (sz=24, trace=300128, class=java.lang.String@5000016f)
	value		50000e49
ARR 50000e49 (sz=184, trace=300129, nelems=92, elem type=char[])
OBJ 50000e4a (sz=24, trace=300131, class=sun.misc.URLClassPath$3@5000022e)
OBJ 50000e4b (sz=24, trace=300136, class=java.lang.StringBuilder@50000123)
ARR 50000e4c (sz=48, trace=300137, nelems=0, elem type=char[])
OBJ 50000e4d (sz=24, trace=300146, class=java.lang.StringBuffer@50000124)
ARR 50000e4e (sz=200, trace=300147, nelems=0, elem type=char[])
ARR 50000e4f (sz=200, trace=300148, nelems=0, elem type=char[])
OBJ 50000e50 (sz=24, trace=300149, class=java.lang.String@5000016f)
ARR 50000e51 (sz=200, trace=300011, nelems=0, elem type=char[])
ARR 50000e52 (sz=384, trace=300011, nelems=0, elem type=char[])
OBJ 50000e53 (sz=24, trace=300150, class=java.lang.String@5000016f)
	value		50000e54
ARR 50000e54 (sz=184, trace=300151, nelems=92, elem type=char[])
OBJ 50000e55 (sz=64, trace=300152, class=java.net.URL@5000011b)
	protocol	50001d44
	host		5000149a
	file		50000e53
	authority	5000149a
	path		50000e53
	handler		50000e44
OBJ 50000e56 (sz=24, trace=300153, class=java.net.Parts@50000010)
OBJ 50000e57 (sz=48, trace=300154, class=sun.misc.URLClassPath$JarLoader@50000231)
	base		50000e55
	jar		50000e68
	csu		50000d70
	metaIndex	50000cb1
	handler		50000e44
	lmap		50000e3d
OBJ 50000e58 (sz=32, trace=300155, class=java.io.File@5000011d)
ARR 50000e59 (sz=272, trace=300071, nelems=0, elem type=byte[])
ARR 50000e5a (sz=104, trace=300072, nelems=0, elem type=byte[])
OBJ 50000e5b (sz=24, trace=300073, class=java.lang.String@5000016f)
ARR 50000e5c (sz=48, trace=300074, nelems=0, elem type=char[])
ARR 50000e5d (sz=56, trace=300156, nelems=6, elem type=java.lang.Object[]@5000010a)
	[0]		50000e57
	[1]		50001020
	[2]		50001058
	[3]		50001071
	[4]		5000108a
	[5]		500010a3
ARR 50000e5e (sz=80, trace=300157, nelems=13, elem type=java.util.HashMap$Node[]@500000b8)
	[2]		5000105e
	[4]		50001026
	[10]		50001090
	[12]		50000e5f
OBJ 50000e5f (sz=32, trace=300158, class=java.util.HashMap$Node@500000b9)
	key		50000e48
	value		50000e57
OBJ 50000e60 (sz=16, trace=300496, class=sun.misc.URLClassPath$JarLoader$1@50000351)
OBJ 50000e61 (sz=24, trace=300163, class=sun.misc.FileURLMapper@50000353)
OBJ 50000e62 (sz=32, trace=300164, class=java.io.File@5000011d)
ARR 50000e63 (sz=272, trace=300071, nelems=0, elem type=byte[])
ARR 50000e64 (sz=104, trace=300072, nelems=0, elem type=byte[])
OBJ 50000e65 (sz=24, trace=300073, class=java.lang.String@5000016f)
ARR 50000e66 (sz=48, trace=300074, nelems=0, elem type=char[])
OBJ 50000e67 (sz=32, trace=300171, class=java.io.File@5000011d)
OBJ 50000e68 (sz=64, trace=300194, class=java.util.jar.JarFile@5000035a)
	name		50000d6a
	zc		50000e70
	streams		50000e6a
	inflaterCache	50000e6e
OBJ 50000e69 (sz=40, trace=300098, class=java.lang.ref.Finalizer@5000014e)
	referent	50000e68
	queue		50001391
	next		50000be3
	prev		50000ebd
OBJ 50000e6a (sz=48, trace=300195, class=java.util.WeakHashMap@500000ac)
	table		50000e6d
	queue		50000e6b
OBJ 50000e6b (sz=32, trace=300196, class=java.lang.ref.ReferenceQueue@500000de)
	lock		50000e6c
OBJ 50000e6c (sz=16, trace=300197, class=java.lang.ref.ReferenceQueue$Lock@500000dc)
ARR 50000e6d (sz=80, trace=300198, nelems=0, elem type=java.util.WeakHashMap$Entry[]@50000045)
OBJ 50000e6e (sz=24, trace=300200, class=java.util.ArrayDeque@500003bd)
	elements	50000e6f
ARR 50000e6f (sz=80, trace=300201, nelems=0, elem type=java.lang.Object[]@5000010a)
OBJ 50000e70 (sz=32, trace=300203, class=java.util.zip.ZipCoder@500003c0)
	cs		50001821
	enc		50000e76
ARR 50000e71 (sz=272, trace=300204, nelems=0, elem type=byte[])
ARR 50000e72 (sz=104, trace=300072, nelems=0, elem type=byte[])
ARR 50000e73 (sz=272, trace=300205, nelems=0, elem type=byte[])
ARR 50000e74 (sz=104, trace=300072, nelems=0, elem type=byte[])
ARR 50000e75 (sz=24, trace=300224, nelems=0, elem type=byte[])
OBJ 50000e76 (sz=56, trace=300225, class=sun.nio.cs.UTF_8$Encoder@50000071)
	charset		50001821
	replacement	50000e77
	malformedInputAction	50001819
	unmappableCharacterAction	50001819
ARR 50000e77 (sz=1, trace=300226, nelems=1, elem type=byte[])
ARR 50000e78 (sz=72, trace=300227, nelems=0, elem type=char[])
ARR 50000e79 (sz=104, trace=300228, nelems=0, elem type=byte[])
ARR 50000e7a (sz=48, trace=300229, nelems=0, elem type=byte[])
OBJ 50000e7b (sz=80, trace=300231, class=java.util.zip.ZipEntry@500003eb)
OBJ 50000e7c (sz=96, trace=300233, class=java.util.jar.JarFile$JarFileEntry@500003ee)
ARR 50000e7d (sz=160, trace=300497, nelems=0, elem type=char[])
ARR 50000e7e (sz=72, trace=300498, nelems=0, elem type=char[])
OBJ 50000e7f (sz=24, trace=300499, class=java.lang.String@5000016f)
ARR 50000e80 (sz=72, trace=300500, nelems=0, elem type=char[])
OBJ 50000e81 (sz=64, trace=300501, class=java.net.URL@5000011b)
OBJ 50000e82 (sz=24, trace=300502, class=java.lang.String@5000016f)
ARR 50000e83 (sz=24, trace=300503, nelems=0, elem type=char[])
OBJ 50000e84 (sz=24, trace=300504, class=java.lang.StringBuilder@50000123)
ARR 50000e85 (sz=48, trace=300505, nelems=0, elem type=char[])
ARR 50000e86 (sz=200, trace=300011, nelems=0, elem type=char[])
ARR 50000e87 (sz=392, trace=300011, nelems=0, elem type=char[])
OBJ 50000e88 (sz=24, trace=300506, class=java.lang.String@5000016f)
ARR 50000e89 (sz=256, trace=300507, nelems=0, elem type=char[])
OBJ 50000e8a (sz=24, trace=300508, class=java.lang.String@5000016f)
ARR 50000e8b (sz=200, trace=300509, nelems=0, elem type=char[])
OBJ 50000e8c (sz=24, trace=300510, class=java.lang.String@5000016f)
ARR 50000e8d (sz=80, trace=300511, nelems=0, elem type=char[])
OBJ 50000e8e (sz=16, trace=300512, class=sun.net.www.ParseUtil@5000002d)
OBJ 50000e8f (sz=24, trace=300513, class=java.lang.StringBuilder@50000123)
ARR 50000e90 (sz=48, trace=300514, nelems=0, elem type=char[])
ARR 50000e91 (sz=200, trace=300011, nelems=0, elem type=char[])
ARR 50000e92 (sz=384, trace=300011, nelems=0, elem type=char[])
OBJ 50000e93 (sz=24, trace=300515, class=java.lang.String@5000016f)
ARR 50000e94 (sz=256, trace=300516, nelems=0, elem type=char[])
OBJ 50000e97 (sz=32, trace=300518, class=sun.misc.URLClassPath$JarLoader$2@50000e96)
OBJ 50000e9b (sz=48, trace=300520, class=java.util.Hashtable@50000147)
	table		50000e9c
ARR 50000e9c (sz=64, trace=300521, nelems=0, elem type=java.util.Hashtable$Entry[]@500000d6)
OBJ 50000e9f (sz=48, trace=300523, class=java.util.HashMap@500000ba)
	table		50000ed3
OBJ 50000ea0 (sz=48, trace=300524, class=java.util.HashMap@500000ba)
	table		50000ed5
OBJ 50000ea1 (sz=16, trace=300525, class=sun.net.www.protocol.jar.JarFileFactory@50000e9e)
OBJ 50000ea2 (sz=88, trace=300526, class=sun.net.www.protocol.jar.JarURLConnection@50000e9a)
OBJ 50000ea3 (sz=24, trace=300527, class=java.lang.String@5000016f)
ARR 50000ea4 (sz=200, trace=300528, nelems=0, elem type=char[])
OBJ 50000ea5 (sz=64, trace=300529, class=java.net.URL@5000011b)
	protocol	50000ea6
	host		5000149a
	file		50000ea8
	path		50000ea8
	handler		50001d61
OBJ 50000ea6 (sz=24, trace=300530, class=java.lang.String@5000016f)
	value		50000ea7
ARR 50000ea7 (sz=8, trace=300531, nelems=4, elem type=char[])
OBJ 50000ea8 (sz=24, trace=300532, class=java.lang.String@5000016f)
	value		50000ea9
ARR 50000ea9 (sz=170, trace=300533, nelems=85, elem type=char[])
OBJ 50000eaa (sz=24, trace=300534, class=java.lang.String@5000016f)
ARR 50000eab (sz=72, trace=300535, nelems=0, elem type=char[])
OBJ 50000eac (sz=32, trace=300536, class=java.io.File@5000011d)
OBJ 50000eaf (sz=48, trace=300538, class=java.util.HashMap@500000ba)
OBJ 50000eb0 (sz=104, trace=300539, class=sun.net.www.protocol.file.FileURLConnection@50000eae)
OBJ 50000eb2 (sz=24, trace=300541, class=sun.net.www.MessageHeader@50000eb1)
ARR 50000eb3 (sz=32, trace=300542, nelems=0, elem type=java.lang.String[]@500000cf)
ARR 50000eb4 (sz=32, trace=300543, nelems=0, elem type=java.lang.String[]@500000cf)
OBJ 50000eb5 (sz=24, trace=300544, class=java.lang.StringBuilder@50000123)
ARR 50000eb6 (sz=48, trace=300545, nelems=0, elem type=char[])
ARR 50000eb7 (sz=200, trace=300011, nelems=0, elem type=char[])
OBJ 50000eb8 (sz=24, trace=300546, class=java.lang.String@5000016f)
ARR 50000eb9 (sz=200, trace=300129, nelems=0, elem type=char[])
OBJ 50000ebb (sz=32, trace=300548, class=java.io.File@5000011d)
OBJ 50000ebc (sz=80, trace=300194, class=sun.net.www.protocol.jar.URLJarFile@50000eba)
	name		50000ea8
	zc		50000ec4
	streams		50000ebe
	inflaterCache	50000ec2
	closeController	50000ea1
OBJ 50000ebd (sz=40, trace=300098, class=java.lang.ref.Finalizer@5000014e)
	referent	50000ebc
	queue		50001391
	next		50000e69
	prev		50000f1e
OBJ 50000ebe (sz=48, trace=300195, class=java.util.WeakHashMap@500000ac)
	table		50000ec1
	queue		50000ebf
OBJ 50000ebf (sz=32, trace=300196, class=java.lang.ref.ReferenceQueue@500000de)
	lock		50000ec0
OBJ 50000ec0 (sz=16, trace=300197, class=java.lang.ref.ReferenceQueue$Lock@500000dc)
ARR 50000ec1 (sz=80, trace=300198, nelems=0, elem type=java.util.WeakHashMap$Entry[]@50000045)
OBJ 50000ec2 (sz=24, trace=300200, class=java.util.ArrayDeque@500003bd)
	elements	50000ec3
ARR 50000ec3 (sz=80, trace=300201, nelems=0, elem type=java.lang.Object[]@5000010a)
OBJ 50000ec4 (sz=32, trace=300203, class=java.util.zip.ZipCoder@500003c0)
	cs		50001821
	enc		50000edd
ARR 50000ec5 (sz=272, trace=300204, nelems=0, elem type=byte[])
ARR 50000ec6 (sz=104, trace=300072, nelems=0, elem type=byte[])
ARR 50000ec7 (sz=272, trace=300205, nelems=0, elem type=byte[])
ARR 50000ec8 (sz=104, trace=300072, nelems=0, elem type=byte[])
OBJ 50000ec9 (sz=24, trace=300544, class=java.lang.StringBuilder@50000123)
ARR 50000eca (sz=48, trace=300545, nelems=0, elem type=char[])
ARR 50000ecb (sz=200, trace=300011, nelems=0, elem type=char[])
OBJ 50000ecc (sz=24, trace=300546, class=java.lang.String@5000016f)
ARR 50000ecd (sz=200, trace=300129, nelems=0, elem type=char[])
OBJ 50000ece (sz=24, trace=300549, class=java.lang.StringBuilder@50000123)
ARR 50000ecf (sz=48, trace=300550, nelems=0, elem type=char[])
ARR 50000ed0 (sz=200, trace=300011, nelems=0, elem type=char[])
OBJ 50000ed1 (sz=24, trace=300551, class=java.lang.String@5000016f)
	value		50000ed2
ARR 50000ed2 (sz=184, trace=300129, nelems=92, elem type=char[])
ARR 50000ed3 (sz=80, trace=300552, nelems=13, elem type=java.util.HashMap$Node[]@500000b8)
	[12]		50000ed4
OBJ 50000ed4 (sz=32, trace=300158, class=java.util.HashMap$Node@500000b9)
	key		50000ed1
	value		50000ebc
ARR 50000ed5 (sz=80, trace=300553, nelems=5, elem type=java.util.HashMap$Node[]@500000b8)
	[4]		50000ed6
OBJ 50000ed6 (sz=32, trace=300158, class=java.util.HashMap$Node@500000b9)
	key		50000ebc
	value		50000ea5
OBJ 50000ed7 (sz=32, trace=300536, class=java.io.File@5000011d)
OBJ 50000ed8 (sz=104, trace=300539, class=sun.net.www.protocol.file.FileURLConnection@50000eae)
OBJ 50000ed9 (sz=24, trace=300541, class=sun.net.www.MessageHeader@50000eb1)
ARR 50000eda (sz=32, trace=300542, nelems=0, elem type=java.lang.String[]@500000cf)
ARR 50000edb (sz=32, trace=300543, nelems=0, elem type=java.lang.String[]@500000cf)
ARR 50000edc (sz=24, trace=300224, nelems=0, elem type=byte[])
OBJ 50000edd (sz=56, trace=300225, class=sun.nio.cs.UTF_8$Encoder@50000071)
	charset		50001821
	replacement	50000ede
	malformedInputAction	50001819
	unmappableCharacterAction	50001819
ARR 50000ede (sz=1, trace=300226, nelems=1, elem type=byte[])
ARR 50000edf (sz=72, trace=300227, nelems=0, elem type=char[])
ARR 50000ee0 (sz=104, trace=300554, nelems=0, elem type=byte[])
ARR 50000ee1 (sz=48, trace=300229, nelems=0, elem type=byte[])
OBJ 50000ee2 (sz=80, trace=300231, class=java.util.zip.ZipEntry@500003eb)
OBJ 50000ee3 (sz=96, trace=300233, class=java.util.jar.JarFile$JarFileEntry@500003ee)
OBJ 50000ee5 (sz=96, trace=300556, class=sun.net.www.protocol.jar.URLJarFile$URLJarFileEntry@50000ee4)
ARR 50000ee7 (sz=64, trace=300558, nelems=0, elem type=char[])
OBJ 50000ee8 (sz=24, trace=300235, class=java.lang.String@5000016f)
ARR 50000ee9 (sz=64, trace=300236, nelems=0, elem type=char[])
ARR 50000eea (sz=72, trace=300558, nelems=0, elem type=char[])
OBJ 50000eeb (sz=24, trace=300235, class=java.lang.String@5000016f)
ARR 50000eec (sz=72, trace=300236, nelems=0, elem type=char[])
ARR 50000eed (sz=136, trace=300558, nelems=0, elem type=char[])
OBJ 50000eee (sz=24, trace=300235, class=java.lang.String@5000016f)
ARR 50000eef (sz=136, trace=300236, nelems=0, elem type=char[])
ARR 50000ef0 (sz=120, trace=300558, nelems=0, elem type=char[])
OBJ 50000ef1 (sz=24, trace=300235, class=java.lang.String@5000016f)
ARR 50000ef2 (sz=120, trace=300236, nelems=0, elem type=char[])
ARR 50000ef3 (sz=112, trace=300558, nelems=0, elem type=char[])
OBJ 50000ef4 (sz=24, trace=300235, class=java.lang.String@5000016f)
ARR 50000ef5 (sz=112, trace=300236, nelems=0, elem type=char[])
ARR 50000ef6 (sz=128, trace=300558, nelems=0, elem type=char[])
OBJ 50000ef7 (sz=24, trace=300235, class=java.lang.String@5000016f)
ARR 50000ef8 (sz=128, trace=300236, nelems=0, elem type=char[])
ARR 50000ef9 (sz=136, trace=300558, nelems=0, elem type=char[])
OBJ 50000efa (sz=24, trace=300235, class=java.lang.String@5000016f)
ARR 50000efb (sz=136, trace=300236, nelems=0, elem type=char[])
ARR 50000efc (sz=128, trace=300558, nelems=0, elem type=char[])
OBJ 50000efd (sz=24, trace=300235, class=java.lang.String@5000016f)
ARR 50000efe (sz=128, trace=300236, nelems=0, elem type=char[])
ARR 50000eff (sz=128, trace=300558, nelems=0, elem type=char[])
OBJ 50000f00 (sz=24, trace=300235, class=java.lang.String@5000016f)
ARR 50000f01 (sz=128, trace=300236, nelems=0, elem type=char[])
ARR 50000f02 (sz=128, trace=300558, nelems=0, elem type=char[])
OBJ 50000f03 (sz=24, trace=300235, class=java.lang.String@5000016f)
ARR 50000f04 (sz=128, trace=300236, nelems=0, elem type=char[])
ARR 50000f05 (sz=136, trace=300558, nelems=0, elem type=char[])
OBJ 50000f06 (sz=24, trace=300235, class=java.lang.String@5000016f)
ARR 50000f07 (sz=136, trace=300236, nelems=0, elem type=char[])
ARR 50000f08 (sz=136, trace=300558, nelems=0, elem type=char[])
OBJ 50000f09 (sz=24, trace=300235, class=java.lang.String@5000016f)
ARR 50000f0a (sz=136, trace=300236, nelems=0, elem type=char[])
ARR 50000f0b (sz=152, trace=300558, nelems=0, elem type=char[])
OBJ 50000f0c (sz=24, trace=300235, class=java.lang.String@5000016f)
ARR 50000f0d (sz=152, trace=300236, nelems=0, elem type=char[])
ARR 50000f0e (sz=128, trace=300558, nelems=0, elem type=char[])
OBJ 50000f0f (sz=24, trace=300235, class=java.lang.String@5000016f)
ARR 50000f10 (sz=128, trace=300236, nelems=0, elem type=char[])
ARR 50000f11 (sz=120, trace=300558, nelems=0, elem type=char[])
OBJ 50000f12 (sz=24, trace=300235, class=java.lang.String@5000016f)
ARR 50000f13 (sz=120, trace=300236, nelems=0, elem type=char[])
ARR 50000f14 (sz=120, trace=300558, nelems=0, elem type=char[])
OBJ 50000f15 (sz=24, trace=300235, class=java.lang.String@5000016f)
ARR 50000f16 (sz=120, trace=300236, nelems=0, elem type=char[])
ARR 50000f17 (sz=120, trace=300558, nelems=0, elem type=char[])
OBJ 50000f18 (sz=24, trace=300235, class=java.lang.String@5000016f)
ARR 50000f19 (sz=120, trace=300236, nelems=0, elem type=char[])
ARR 50000f1a (sz=72, trace=300237, nelems=0, elem type=char[])
ARR 50000f1b (sz=104, trace=300559, nelems=0, elem type=byte[])
ARR 50000f1c (sz=48, trace=300239, nelems=0, elem type=byte[])
OBJ 50000f1d (sz=56, trace=300241, class=java.util.zip.ZipFile$ZipFileInputStream@500003f9)
	this$0		50000ebc
OBJ 50000f1e (sz=40, trace=300098, class=java.lang.ref.Finalizer@5000014e)
	referent	50000f1d
	queue		50001391
	next		50000ebd
OBJ 50000f1f (sz=40, trace=300252, class=java.util.WeakHashMap$Entry@50000046)
OBJ 50000f20 (sz=24, trace=300560, class=sun.net.www.protocol.jar.JarURLConnection$JarURLInputStream@50000ee6)
OBJ 50000f21 (sz=40, trace=300561, class=java.io.BufferedInputStream@50000080)
ARR 50000f22 (sz=25016, trace=300562, nelems=0, elem type=byte[])
ARR 50000f25 (sz=4, trace=300564, nelems=4, elem type=byte[])
ARR 50000f26 (sz=4, trace=300565, nelems=4, elem type=byte[])
OBJ 50000f27 (sz=24, trace=300566, class=sun.text.normalizer.NormalizerDataReader@50000f24)
OBJ 50000f2b (sz=32, trace=300569, class=java.io.DataInputStream@50000f2a)
ARR 50000f2c (sz=96, trace=300570, nelems=0, elem type=byte[])
ARR 50000f2d (sz=176, trace=300571, nelems=0, elem type=char[])
ARR 50000f2e (sz=24, trace=300572, nelems=0, elem type=byte[])
ARR 50000f2f (sz=24, trace=300573, nelems=0, elem type=byte[])
ARR 50000f30 (sz=24, trace=300574, nelems=0, elem type=byte[])
ARR 50000f31 (sz=4, trace=300575, nelems=4, elem type=byte[])
OBJ 50000f32 (sz=32, trace=300576, class=java.io.DataInputStream@50000f2a)
ARR 50000f33 (sz=96, trace=300577, nelems=0, elem type=byte[])
ARR 50000f34 (sz=176, trace=300578, nelems=0, elem type=char[])
ARR 50000f35 (sz=24, trace=300579, nelems=0, elem type=byte[])
ARR 50000f36 (sz=128, trace=300580, nelems=32, elem type=int[])
ARR 50000f37 (sz=47184, trace=300581, nelems=0, elem type=byte[])
ARR 50000f38 (sz=3946, trace=300582, nelems=1973, elem type=char[])
ARR 50000f39 (sz=33678, trace=300583, nelems=16839, elem type=char[])
ARR 50000f3a (sz=12920, trace=300584, nelems=0, elem type=byte[])
ARR 50000f3b (sz=13328, trace=300585, nelems=0, elem type=byte[])
OBJ 50000f3e (sz=16, trace=300587, class=sun.text.normalizer.NormalizerImpl$FCDTrieImpl@50000f3d)
OBJ 50000f40 (sz=16, trace=300589, class=sun.text.normalizer.NormalizerImpl$NormTrieImpl@50000f3f)
OBJ 50000f42 (sz=16, trace=300591, class=sun.text.normalizer.NormalizerImpl$AuxTrieImpl@50000f41)
OBJ 50000f45 (sz=32, trace=300593, class=java.io.ByteArrayInputStream@5000011e)
OBJ 50000f46 (sz=48, trace=300594, class=sun.text.normalizer.IntTrie@50000f44)
	m_index_	50000f4b
	m_dataManipulate_	50000f40
	m_data_		50000f50
OBJ 50000f47 (sz=32, trace=300595, class=java.io.DataInputStream@50000f2a)
ARR 50000f48 (sz=96, trace=300596, nelems=0, elem type=byte[])
ARR 50000f49 (sz=176, trace=300597, nelems=0, elem type=char[])
ARR 50000f4a (sz=24, trace=300598, nelems=0, elem type=byte[])
ARR 50000f4b (sz=4736, trace=300599, nelems=2368, elem type=char[])
OBJ 50000f4c (sz=32, trace=300600, class=java.io.DataInputStream@50000f2a)
ARR 50000f4d (sz=96, trace=300601, nelems=0, elem type=byte[])
ARR 50000f4e (sz=176, trace=300602, nelems=0, elem type=char[])
ARR 50000f4f (sz=24, trace=300603, nelems=0, elem type=byte[])
ARR 50000f50 (sz=42416, trace=300604, nelems=10604, elem type=int[])
OBJ 50000f51 (sz=32, trace=300605, class=java.io.DataInputStream@50000f2a)
ARR 50000f52 (sz=96, trace=300606, nelems=0, elem type=byte[])
ARR 50000f53 (sz=176, trace=300607, nelems=0, elem type=char[])
ARR 50000f54 (sz=24, trace=300608, nelems=0, elem type=byte[])
OBJ 50000f56 (sz=32, trace=300610, class=java.io.ByteArrayInputStream@5000011e)
OBJ 50000f57 (sz=48, trace=300611, class=sun.text.normalizer.CharTrie@50000f55)
	m_index_	50000f60
	m_dataManipulate_	50000f3e
	m_data_		50000f60
	m_friendAgent_	50000f62
OBJ 50000f58 (sz=32, trace=300595, class=java.io.DataInputStream@50000f2a)
ARR 50000f59 (sz=96, trace=300612, nelems=0, elem type=byte[])
ARR 50000f5a (sz=176, trace=300613, nelems=0, elem type=char[])
ARR 50000f5b (sz=24, trace=300614, nelems=0, elem type=byte[])
OBJ 50000f5c (sz=32, trace=300615, class=java.io.DataInputStream@50000f2a)
ARR 50000f5d (sz=96, trace=300616, nelems=0, elem type=byte[])
ARR 50000f5e (sz=176, trace=300617, nelems=0, elem type=char[])
ARR 50000f5f (sz=24, trace=300618, nelems=0, elem type=byte[])
ARR 50000f60 (sz=12888, trace=300619, nelems=6444, elem type=char[])
OBJ 50000f62 (sz=16, trace=300621, class=sun.text.normalizer.CharTrie$FriendAgent@50000f61)
	this$0		50000f57
OBJ 50000f63 (sz=32, trace=300622, class=java.io.ByteArrayInputStream@5000011e)
OBJ 50000f64 (sz=48, trace=300623, class=sun.text.normalizer.CharTrie@50000f55)
	m_index_	50000f6d
	m_dataManipulate_	50000f42
	m_data_		50000f6d
	m_friendAgent_	50000f6e
OBJ 50000f65 (sz=32, trace=300595, class=java.io.DataInputStream@50000f2a)
ARR 50000f66 (sz=96, trace=300624, nelems=0, elem type=byte[])
ARR 50000f67 (sz=176, trace=300625, nelems=0, elem type=char[])
ARR 50000f68 (sz=24, trace=300626, nelems=0, elem type=byte[])
OBJ 50000f69 (sz=32, trace=300615, class=java.io.DataInputStream@50000f2a)
ARR 50000f6a (sz=96, trace=300616, nelems=0, elem type=byte[])
ARR 50000f6b (sz=176, trace=300617, nelems=0, elem type=char[])
ARR 50000f6c (sz=24, trace=300618, nelems=0, elem type=byte[])
ARR 50000f6d (sz=13296, trace=300627, nelems=6648, elem type=char[])
OBJ 50000f6e (sz=16, trace=300628, class=sun.text.normalizer.CharTrie$FriendAgent@50000f61)
	this$0		50000f64
ARR 50000f72 (sz=1040, trace=300630, nelems=0, elem type=sun.text.normalizer.UnicodeSet[]@50000f71)
ARR 50000f74 (sz=40, trace=300631, nelems=5, elem type=char[][]@50000f73)
	[0]		50000f75
	[1]		50000f76
	[2]		50000f77
	[3]		50000f78
	[4]		50000f79
ARR 50000f75 (sz=4, trace=300632, nelems=2, elem type=char[])
ARR 50000f76 (sz=2, trace=300633, nelems=1, elem type=char[])
ARR 50000f77 (sz=2, trace=300634, nelems=1, elem type=char[])
ARR 50000f78 (sz=2, trace=300635, nelems=1, elem type=char[])
ARR 50000f79 (sz=2, trace=300636, nelems=1, elem type=char[])
OBJ 50000f7b (sz=24, trace=300638, class=sun.text.normalizer.NormalizerImpl$ComposePartArgs@50000f7a)
OBJ 50000f7c (sz=16, trace=300115, class=java.lang.Object@50000173)
OBJ 50000f7d (sz=16, trace=300118, class=java.lang.Object@50000173)
OBJ 50000f7e (sz=24, trace=300120, class=java.net.URLClassLoader$1@50000222)
ARR 50000f7f (sz=48, trace=300121, nelems=0, elem type=char[])
OBJ 50000f80 (sz=24, trace=300122, class=java.lang.String@5000016f)
ARR 50000f81 (sz=64, trace=300123, nelems=0, elem type=char[])
OBJ 50000f82 (sz=24, trace=300124, class=java.lang.String@5000016f)
ARR 50000f83 (sz=64, trace=300227, nelems=0, elem type=char[])
ARR 50000f84 (sz=80, trace=300228, nelems=0, elem type=byte[])
ARR 50000f85 (sz=40, trace=300229, nelems=0, elem type=byte[])
OBJ 50000f86 (sz=16, trace=300287, class=java.util.HashSet@50000005)
OBJ 50000f87 (sz=48, trace=300288, class=java.util.HashMap@500000ba)
OBJ 50000f88 (sz=24, trace=300289, class=java.lang.String@5000016f)
ARR 50000f89 (sz=40, trace=300290, nelems=0, elem type=char[])
ARR 50000f8a (sz=64, trace=300227, nelems=0, elem type=char[])
ARR 50000f8b (sz=80, trace=300228, nelems=0, elem type=byte[])
ARR 50000f8c (sz=40, trace=300229, nelems=0, elem type=byte[])
ARR 50000f8d (sz=64, trace=300227, nelems=0, elem type=char[])
ARR 50000f8e (sz=80, trace=300228, nelems=0, elem type=byte[])
ARR 50000f8f (sz=40, trace=300229, nelems=0, elem type=byte[])
OBJ 50000f90 (sz=16, trace=300287, class=java.util.HashSet@50000005)
OBJ 50000f91 (sz=48, trace=300288, class=java.util.HashMap@500000ba)
OBJ 50000f92 (sz=24, trace=300289, class=java.lang.String@5000016f)
ARR 50000f93 (sz=40, trace=300290, nelems=0, elem type=char[])
ARR 50000f94 (sz=64, trace=300227, nelems=0, elem type=char[])
ARR 50000f95 (sz=80, trace=300228, nelems=0, elem type=byte[])
ARR 50000f96 (sz=40, trace=300229, nelems=0, elem type=byte[])
OBJ 50000f97 (sz=16, trace=300287, class=java.util.HashSet@50000005)
OBJ 50000f98 (sz=48, trace=300288, class=java.util.HashMap@500000ba)
OBJ 50000f99 (sz=24, trace=300289, class=java.lang.String@5000016f)
ARR 50000f9a (sz=40, trace=300290, nelems=0, elem type=char[])
ARR 50000f9b (sz=64, trace=300227, nelems=0, elem type=char[])
ARR 50000f9c (sz=80, trace=300228, nelems=0, elem type=byte[])
ARR 50000f9d (sz=40, trace=300229, nelems=0, elem type=byte[])
OBJ 50000f9e (sz=16, trace=300287, class=java.util.HashSet@50000005)
OBJ 50000f9f (sz=48, trace=300288, class=java.util.HashMap@500000ba)
OBJ 50000fa0 (sz=24, trace=300289, class=java.lang.String@5000016f)
ARR 50000fa1 (sz=40, trace=300290, nelems=0, elem type=char[])
ARR 50000fa2 (sz=64, trace=300227, nelems=0, elem type=char[])
ARR 50000fa3 (sz=80, trace=300228, nelems=0, elem type=byte[])
ARR 50000fa4 (sz=40, trace=300229, nelems=0, elem type=byte[])
OBJ 50000fa5 (sz=16, trace=300287, class=java.util.HashSet@50000005)
OBJ 50000fa6 (sz=48, trace=300288, class=java.util.HashMap@500000ba)
OBJ 50000fa7 (sz=24, trace=300289, class=java.lang.String@5000016f)
ARR 50000fa8 (sz=40, trace=300290, nelems=0, elem type=char[])
ARR 50000fa9 (sz=64, trace=300227, nelems=0, elem type=char[])
ARR 50000faa (sz=80, trace=300228, nelems=0, elem type=byte[])
ARR 50000fab (sz=40, trace=300229, nelems=0, elem type=byte[])
OBJ 50000fac (sz=16, trace=300287, class=java.util.HashSet@50000005)
OBJ 50000fad (sz=48, trace=300288, class=java.util.HashMap@500000ba)
OBJ 50000fae (sz=24, trace=300289, class=java.lang.String@5000016f)
ARR 50000faf (sz=40, trace=300290, nelems=0, elem type=char[])
ARR 50000fb0 (sz=64, trace=300227, nelems=0, elem type=char[])
ARR 50000fb1 (sz=80, trace=300228, nelems=0, elem type=byte[])
ARR 50000fb2 (sz=40, trace=300229, nelems=0, elem type=byte[])
ARR 50000fb3 (sz=64, trace=300227, nelems=0, elem type=char[])
ARR 50000fb4 (sz=80, trace=300228, nelems=0, elem type=byte[])
ARR 50000fb5 (sz=40, trace=300229, nelems=0, elem type=byte[])
OBJ 50000fb6 (sz=16, trace=300287, class=java.util.HashSet@50000005)
OBJ 50000fb7 (sz=48, trace=300288, class=java.util.HashMap@500000ba)
OBJ 50000fb8 (sz=24, trace=300289, class=java.lang.String@5000016f)
ARR 50000fb9 (sz=40, trace=300290, nelems=0, elem type=char[])
ARR 50000fba (sz=64, trace=300227, nelems=0, elem type=char[])
ARR 50000fbb (sz=80, trace=300228, nelems=0, elem type=byte[])
ARR 50000fbc (sz=40, trace=300229, nelems=0, elem type=byte[])
OBJ 50000fbd (sz=16, trace=300287, class=java.util.HashSet@50000005)
OBJ 50000fbe (sz=48, trace=300288, class=java.util.HashMap@500000ba)
OBJ 50000fbf (sz=24, trace=300289, class=java.lang.String@5000016f)
ARR 50000fc0 (sz=40, trace=300290, nelems=0, elem type=char[])
OBJ 50000fc1 (sz=40, trace=300352, class=java.lang.ClassNotFoundException@5000015d)
OBJ 50000fc2 (sz=24, trace=300353, class=java.net.URLClassLoader$1@50000222)
ARR 50000fc3 (sz=48, trace=300121, nelems=0, elem type=char[])
OBJ 50000fc4 (sz=24, trace=300122, class=java.lang.String@5000016f)
ARR 50000fc5 (sz=64, trace=300123, nelems=0, elem type=char[])
OBJ 50000fc6 (sz=24, trace=300124, class=java.lang.String@5000016f)
OBJ 50000fc7 (sz=64, trace=300385, class=java.net.URL@5000011b)
OBJ 50000fc8 (sz=24, trace=300278, class=java.lang.StringBuilder@50000123)
ARR 50000fc9 (sz=48, trace=300279, nelems=0, elem type=char[])
ARR 50000fca (sz=168, trace=300011, nelems=0, elem type=char[])
ARR 50000fcb (sz=320, trace=300011, nelems=0, elem type=char[])
OBJ 50000fcc (sz=24, trace=300282, class=java.lang.String@5000016f)
ARR 50000fcd (sz=168, trace=300283, nelems=0, elem type=char[])
OBJ 50000fce (sz=24, trace=300386, class=java.lang.String@5000016f)
ARR 50000fcf (sz=168, trace=300387, nelems=0, elem type=char[])
ARR 50000fd0 (sz=136, trace=300388, nelems=0, elem type=char[])
ARR 50000fd1 (sz=64, trace=300389, nelems=0, elem type=char[])
OBJ 50000fd2 (sz=24, trace=300390, class=java.lang.String@5000016f)
ARR 50000fd3 (sz=64, trace=300391, nelems=0, elem type=char[])
OBJ 50000fd4 (sz=64, trace=300392, class=java.net.URL@5000011b)
OBJ 50000fd5 (sz=24, trace=300278, class=java.lang.StringBuilder@50000123)
ARR 50000fd6 (sz=48, trace=300279, nelems=0, elem type=char[])
ARR 50000fd7 (sz=168, trace=300011, nelems=0, elem type=char[])
ARR 50000fd8 (sz=320, trace=300011, nelems=0, elem type=char[])
OBJ 50000fd9 (sz=24, trace=300282, class=java.lang.String@5000016f)
ARR 50000fda (sz=208, trace=300283, nelems=0, elem type=char[])
OBJ 50000fdb (sz=32, trace=300393, class=java.io.File@5000011d)
OBJ 50000fdc (sz=24, trace=300394, class=java.lang.StringBuilder@50000123)
ARR 50000fdd (sz=48, trace=300395, nelems=0, elem type=char[])
ARR 50000fde (sz=160, trace=300011, nelems=0, elem type=char[])
ARR 50000fdf (sz=304, trace=300094, nelems=0, elem type=char[])
OBJ 50000fe0 (sz=24, trace=300396, class=java.lang.String@5000016f)
ARR 50000fe1 (sz=208, trace=300096, nelems=0, elem type=char[])
ARR 50000fe2 (sz=296, trace=300071, nelems=0, elem type=byte[])
ARR 50000fe3 (sz=112, trace=300072, nelems=0, elem type=byte[])
OBJ 50000fe4 (sz=24, trace=300073, class=java.lang.String@5000016f)
ARR 50000fe5 (sz=40, trace=300074, nelems=0, elem type=char[])
OBJ 50000fe6 (sz=40, trace=300352, class=java.lang.ClassNotFoundException@5000015d)
	detailMessage	5000021a
	stackTrace	50001db2
	suppressedExceptions	50001db1
ARR 50000fe7 (sz=24, trace=300639, nelems=1, elem type=java.lang.Object[]@5000010a)
	[0]		5000021a
OBJ 50000feb (sz=40, trace=300643, class=java.util.ResourceBundle$1@50000fea)
	cacheKey	50002165
OBJ 50000fec (sz=64, trace=300644, class=java.util.concurrent.ConcurrentHashMap@50000027)
	table		50001156
OBJ 50000fed (sz=32, trace=300645, class=java.lang.ref.ReferenceQueue@500000de)
	lock		50000fee
OBJ 50000fee (sz=16, trace=300646, class=java.lang.ref.ReferenceQueue$Lock@500000dc)
OBJ 50000ff1 (sz=32, trace=300649, class=java.util.ServiceLoader@50000ff0)
OBJ 50000ff2 (sz=56, trace=300650, class=java.util.LinkedHashMap@50000065)
OBJ 50000ff4 (sz=40, trace=300652, class=java.util.ServiceLoader$LazyIterator@50000ff3)
OBJ 50000ff6 (sz=24, trace=300654, class=java.util.ServiceLoader$1@50000ff5)
OBJ 50000ff8 (sz=16, trace=300656, class=java.util.LinkedHashMap$LinkedEntrySet@50000ff7)
OBJ 50000ffb (sz=32, trace=300658, class=java.util.LinkedHashMap$LinkedEntryIterator@50000ffa)
OBJ 50000ffc (sz=24, trace=300659, class=java.lang.StringBuilder@50000123)
ARR 50000ffd (sz=48, trace=300660, nelems=0, elem type=char[])
ARR 50000ffe (sz=88, trace=300011, nelems=0, elem type=char[])
ARR 50000fff (sz=160, trace=300011, nelems=0, elem type=char[])
OBJ 50001000 (sz=24, trace=300661, class=java.lang.String@5000016f)
ARR 50001001 (sz=144, trace=300662, nelems=0, elem type=char[])
ARR 50001003 (sz=24, trace=300663, nelems=0, elem type=java.util.Enumeration[]@50001002)
OBJ 50001005 (sz=40, trace=300665, class=sun.misc.URLClassPath$2@50001004)
OBJ 50001007 (sz=16, trace=300667, class=java.lang.ClassLoader$2@50001006)
OBJ 50001009 (sz=40, trace=300669, class=sun.misc.URLClassPath$1@50001008)
OBJ 5000100b (sz=24, trace=300671, class=java.net.URLClassLoader$3@5000100a)
OBJ 5000100d (sz=24, trace=300673, class=sun.misc.CompoundEnumeration@5000100c)
OBJ 5000100e (sz=24, trace=300126, class=java.lang.StringBuilder@50000123)
ARR 5000100f (sz=48, trace=300127, nelems=0, elem type=char[])
ARR 50001010 (sz=192, trace=300011, nelems=0, elem type=char[])
OBJ 50001011 (sz=24, trace=300128, class=java.lang.String@5000016f)
	value		50001012
ARR 50001012 (sz=170, trace=300129, nelems=85, elem type=char[])
OBJ 50001013 (sz=24, trace=300131, class=sun.misc.URLClassPath$3@5000022e)
OBJ 50001014 (sz=24, trace=300136, class=java.lang.StringBuilder@50000123)
ARR 50001015 (sz=48, trace=300137, nelems=0, elem type=char[])
OBJ 50001016 (sz=24, trace=300146, class=java.lang.StringBuffer@50000124)
ARR 50001017 (sz=184, trace=300147, nelems=0, elem type=char[])
ARR 50001018 (sz=184, trace=300148, nelems=0, elem type=char[])
OBJ 50001019 (sz=24, trace=300149, class=java.lang.String@5000016f)
ARR 5000101a (sz=184, trace=300011, nelems=0, elem type=char[])
ARR 5000101b (sz=352, trace=300011, nelems=0, elem type=char[])
OBJ 5000101c (sz=24, trace=300150, class=java.lang.String@5000016f)
	value		5000101d
ARR 5000101d (sz=170, trace=300151, nelems=85, elem type=char[])
OBJ 5000101e (sz=64, trace=300152, class=java.net.URL@5000011b)
	protocol	50001d44
	host		5000149a
	file		5000101c
	authority	5000149a
	path		5000101c
	handler		50000e44
OBJ 5000101f (sz=24, trace=300153, class=java.net.Parts@50000010)
OBJ 50001020 (sz=48, trace=300154, class=sun.misc.URLClassPath$JarLoader@50000231)
	base		5000101e
	csu		50000d8d
	metaIndex	50000d13
	handler		50000e44
	lmap		50000e3d
OBJ 50001021 (sz=32, trace=300155, class=java.io.File@5000011d)
ARR 50001022 (sz=256, trace=300071, nelems=0, elem type=byte[])
ARR 50001023 (sz=96, trace=300072, nelems=0, elem type=byte[])
OBJ 50001024 (sz=24, trace=300073, class=java.lang.String@5000016f)
ARR 50001025 (sz=32, trace=300074, nelems=0, elem type=char[])
OBJ 50001026 (sz=32, trace=300158, class=java.util.HashMap$Node@500000b9)
	key		50001011
	value		50001020
OBJ 50001027 (sz=24, trace=300126, class=java.lang.StringBuilder@50000123)
ARR 50001028 (sz=48, trace=300127, nelems=0, elem type=char[])
ARR 50001029 (sz=208, trace=300011, nelems=0, elem type=char[])
OBJ 5000102a (sz=24, trace=300128, class=java.lang.String@5000016f)
ARR 5000102b (sz=208, trace=300129, nelems=0, elem type=char[])
OBJ 5000102c (sz=24, trace=300131, class=sun.misc.URLClassPath$3@5000022e)
OBJ 5000102d (sz=24, trace=300136, class=java.lang.StringBuilder@50000123)
ARR 5000102e (sz=48, trace=300137, nelems=0, elem type=char[])
OBJ 5000102f (sz=24, trace=300146, class=java.lang.StringBuffer@50000124)
ARR 50001030 (sz=200, trace=300147, nelems=0, elem type=char[])
ARR 50001031 (sz=200, trace=300148, nelems=0, elem type=char[])
OBJ 50001032 (sz=24, trace=300149, class=java.lang.String@5000016f)
ARR 50001033 (sz=200, trace=300011, nelems=0, elem type=char[])
ARR 50001034 (sz=384, trace=300011, nelems=0, elem type=char[])
OBJ 50001035 (sz=24, trace=300150, class=java.lang.String@5000016f)
ARR 50001036 (sz=208, trace=300151, nelems=0, elem type=char[])
OBJ 50001037 (sz=64, trace=300152, class=java.net.URL@5000011b)
OBJ 50001038 (sz=24, trace=300153, class=java.net.Parts@50000010)
OBJ 50001039 (sz=48, trace=300154, class=sun.misc.URLClassPath$JarLoader@50000231)
OBJ 5000103a (sz=32, trace=300155, class=java.io.File@5000011d)
OBJ 5000103b (sz=16, trace=300161, class=sun.misc.URLClassPath$JarLoader$1@50000351)
OBJ 5000103c (sz=24, trace=300163, class=sun.misc.FileURLMapper@50000353)
OBJ 5000103d (sz=32, trace=300164, class=java.io.File@5000011d)
ARR 5000103e (sz=280, trace=300071, nelems=0, elem type=byte[])
ARR 5000103f (sz=104, trace=300072, nelems=0, elem type=byte[])
OBJ 50001040 (sz=24, trace=300073, class=java.lang.String@5000016f)
ARR 50001041 (sz=48, trace=300074, nelems=0, elem type=char[])
OBJ 50001043 (sz=32, trace=300675, class=java.io.FileNotFoundException@50001042)
OBJ 50001044 (sz=40, trace=300351, class=java.security.PrivilegedActionException@5000090c)
OBJ 50001045 (sz=40, trace=300351, class=java.security.PrivilegedActionException@5000090c)
OBJ 50001046 (sz=24, trace=300126, class=java.lang.StringBuilder@50000123)
ARR 50001047 (sz=48, trace=300127, nelems=0, elem type=char[])
ARR 50001048 (sz=192, trace=300011, nelems=0, elem type=char[])
OBJ 50001049 (sz=24, trace=300128, class=java.lang.String@5000016f)
	value		5000104a
ARR 5000104a (sz=174, trace=300129, nelems=87, elem type=char[])
OBJ 5000104b (sz=24, trace=300131, class=sun.misc.URLClassPath$3@5000022e)
OBJ 5000104c (sz=24, trace=300136, class=java.lang.StringBuilder@50000123)
ARR 5000104d (sz=48, trace=300137, nelems=0, elem type=char[])
OBJ 5000104e (sz=24, trace=300146, class=java.lang.StringBuffer@50000124)
ARR 5000104f (sz=192, trace=300147, nelems=0, elem type=char[])
ARR 50001050 (sz=192, trace=300148, nelems=0, elem type=char[])
OBJ 50001051 (sz=24, trace=300149, class=java.lang.String@5000016f)
ARR 50001052 (sz=192, trace=300011, nelems=0, elem type=char[])
ARR 50001053 (sz=360, trace=300011, nelems=0, elem type=char[])
OBJ 50001054 (sz=24, trace=300150, class=java.lang.String@5000016f)
	value		50001055
ARR 50001055 (sz=174, trace=300151, nelems=87, elem type=char[])
OBJ 50001056 (sz=64, trace=300152, class=java.net.URL@5000011b)
	protocol	50001d44
	host		5000149a
	file		50001054
	authority	5000149a
	path		50001054
	handler		50000e44
OBJ 50001057 (sz=24, trace=300153, class=java.net.Parts@50000010)
OBJ 50001058 (sz=48, trace=300154, class=sun.misc.URLClassPath$JarLoader@50000231)
	base		50001056
	csu		50000dc7
	metaIndex	50000c5a
	handler		50000e44
	lmap		50000e3d
OBJ 50001059 (sz=32, trace=300155, class=java.io.File@5000011d)
ARR 5000105a (sz=256, trace=300071, nelems=0, elem type=byte[])
ARR 5000105b (sz=96, trace=300072, nelems=0, elem type=byte[])
OBJ 5000105c (sz=24, trace=300073, class=java.lang.String@5000016f)
ARR 5000105d (sz=32, trace=300074, nelems=0, elem type=char[])
OBJ 5000105e (sz=32, trace=300158, class=java.util.HashMap$Node@500000b9)
	key		50001049
	value		50001058
	next		50001077
OBJ 5000105f (sz=24, trace=300126, class=java.lang.StringBuilder@50000123)
ARR 50001060 (sz=48, trace=300127, nelems=0, elem type=char[])
ARR 50001061 (sz=192, trace=300011, nelems=0, elem type=char[])
OBJ 50001062 (sz=24, trace=300128, class=java.lang.String@5000016f)
	value		50001063
ARR 50001063 (sz=172, trace=300129, nelems=86, elem type=char[])
OBJ 50001064 (sz=24, trace=300131, class=sun.misc.URLClassPath$3@5000022e)
OBJ 50001065 (sz=24, trace=300136, class=java.lang.StringBuilder@50000123)
ARR 50001066 (sz=48, trace=300137, nelems=0, elem type=char[])
OBJ 50001067 (sz=24, trace=300146, class=java.lang.StringBuffer@50000124)
ARR 50001068 (sz=184, trace=300147, nelems=0, elem type=char[])
ARR 50001069 (sz=184, trace=300148, nelems=0, elem type=char[])
OBJ 5000106a (sz=24, trace=300149, class=java.lang.String@5000016f)
ARR 5000106b (sz=184, trace=300011, nelems=0, elem type=char[])
ARR 5000106c (sz=360, trace=300011, nelems=0, elem type=char[])
OBJ 5000106d (sz=24, trace=300150, class=java.lang.String@5000016f)
	value		5000106e
ARR 5000106e (sz=172, trace=300151, nelems=86, elem type=char[])
OBJ 5000106f (sz=64, trace=300152, class=java.net.URL@5000011b)
	protocol	50001d44
	host		5000149a
	file		5000106d
	authority	5000149a
	path		5000106d
	handler		50000e44
OBJ 50001070 (sz=24, trace=300153, class=java.net.Parts@50000010)
OBJ 50001071 (sz=48, trace=300154, class=sun.misc.URLClassPath$JarLoader@50000231)
	base		5000106f
	csu		50000de4
	metaIndex	50000c33
	handler		50000e44
	lmap		50000e3d
OBJ 50001072 (sz=32, trace=300155, class=java.io.File@5000011d)
ARR 50001073 (sz=256, trace=300071, nelems=0, elem type=byte[])
ARR 50001074 (sz=96, trace=300072, nelems=0, elem type=byte[])
OBJ 50001075 (sz=24, trace=300073, class=java.lang.String@5000016f)
ARR 50001076 (sz=32, trace=300074, nelems=0, elem type=char[])
OBJ 50001077 (sz=32, trace=300159, class=java.util.HashMap$Node@500000b9)
	key		50001062
	value		50001071
OBJ 50001078 (sz=24, trace=300126, class=java.lang.StringBuilder@50000123)
ARR 50001079 (sz=48, trace=300127, nelems=0, elem type=char[])
ARR 5000107a (sz=200, trace=300011, nelems=0, elem type=char[])
OBJ 5000107b (sz=24, trace=300128, class=java.lang.String@5000016f)
	value		5000107c
ARR 5000107c (sz=182, trace=300129, nelems=91, elem type=char[])
OBJ 5000107d (sz=24, trace=300131, class=sun.misc.URLClassPath$3@5000022e)
OBJ 5000107e (sz=24, trace=300136, class=java.lang.StringBuilder@50000123)
ARR 5000107f (sz=48, trace=300137, nelems=0, elem type=char[])
OBJ 50001080 (sz=24, trace=300146, class=java.lang.StringBuffer@50000124)
ARR 50001081 (sz=200, trace=300147, nelems=0, elem type=char[])
ARR 50001082 (sz=200, trace=300148, nelems=0, elem type=char[])
OBJ 50001083 (sz=24, trace=300149, class=java.lang.String@5000016f)
ARR 50001084 (sz=200, trace=300011, nelems=0, elem type=char[])
ARR 50001085 (sz=376, trace=300011, nelems=0, elem type=char[])
OBJ 50001086 (sz=24, trace=300150, class=java.lang.String@5000016f)
	value		50001087
ARR 50001087 (sz=182, trace=300151, nelems=91, elem type=char[])
OBJ 50001088 (sz=64, trace=300152, class=java.net.URL@5000011b)
	protocol	50001d44
	host		5000149a
	file		50001086
	authority	5000149a
	path		50001086
	handler		50000e44
OBJ 50001089 (sz=24, trace=300153, class=java.net.Parts@50000010)
OBJ 5000108a (sz=48, trace=300154, class=sun.misc.URLClassPath$JarLoader@50000231)
	base		50001088
	csu		50000e01
	metaIndex	50000c1d
	handler		50000e44
	lmap		50000e3d
OBJ 5000108b (sz=32, trace=300155, class=java.io.File@5000011d)
ARR 5000108c (sz=272, trace=300071, nelems=0, elem type=byte[])
ARR 5000108d (sz=104, trace=300072, nelems=0, elem type=byte[])
OBJ 5000108e (sz=24, trace=300073, class=java.lang.String@5000016f)
ARR 5000108f (sz=40, trace=300074, nelems=0, elem type=char[])
OBJ 50001090 (sz=32, trace=300158, class=java.util.HashMap$Node@500000b9)
	key		5000107b
	value		5000108a
	next		500010a9
OBJ 50001091 (sz=24, trace=300126, class=java.lang.StringBuilder@50000123)
ARR 50001092 (sz=48, trace=300127, nelems=0, elem type=char[])
ARR 50001093 (sz=192, trace=300011, nelems=0, elem type=char[])
OBJ 50001094 (sz=24, trace=300128, class=java.lang.String@5000016f)
	value		50001095
ARR 50001095 (sz=172, trace=300129, nelems=86, elem type=char[])
OBJ 50001096 (sz=24, trace=300131, class=sun.misc.URLClassPath$3@5000022e)
OBJ 50001097 (sz=24, trace=300136, class=java.lang.StringBuilder@50000123)
ARR 50001098 (sz=48, trace=300137, nelems=0, elem type=char[])
OBJ 50001099 (sz=24, trace=300146, class=java.lang.StringBuffer@50000124)
ARR 5000109a (sz=184, trace=300147, nelems=0, elem type=char[])
ARR 5000109b (sz=184, trace=300148, nelems=0, elem type=char[])
OBJ 5000109c (sz=24, trace=300149, class=java.lang.String@5000016f)
ARR 5000109d (sz=184, trace=300011, nelems=0, elem type=char[])
ARR 5000109e (sz=360, trace=300011, nelems=0, elem type=char[])
OBJ 5000109f (sz=24, trace=300150, class=java.lang.String@5000016f)
	value		500010a0
ARR 500010a0 (sz=172, trace=300151, nelems=86, elem type=char[])
OBJ 500010a1 (sz=64, trace=300152, class=java.net.URL@5000011b)
	protocol	50001d44
	host		5000149a
	file		5000109f
	authority	5000149a
	path		5000109f
	handler		50000e44
OBJ 500010a2 (sz=24, trace=300153, class=java.net.Parts@50000010)
OBJ 500010a3 (sz=48, trace=300154, class=sun.misc.URLClassPath$JarLoader@50000231)
	base		500010a1
	csu		50000e1e
	metaIndex	50000c47
	handler		50000e44
	lmap		50000e3d
OBJ 500010a4 (sz=32, trace=300155, class=java.io.File@5000011d)
ARR 500010a5 (sz=256, trace=300071, nelems=0, elem type=byte[])
ARR 500010a6 (sz=96, trace=300072, nelems=0, elem type=byte[])
OBJ 500010a7 (sz=24, trace=300073, class=java.lang.String@5000016f)
ARR 500010a8 (sz=32, trace=300074, nelems=0, elem type=char[])
OBJ 500010a9 (sz=32, trace=300159, class=java.util.HashMap$Node@500000b9)
	key		50001094
	value		500010a3
OBJ 500010aa (sz=24, trace=300126, class=java.lang.StringBuilder@50000123)
ARR 500010ab (sz=48, trace=300127, nelems=0, elem type=char[])
ARR 500010ac (sz=184, trace=300011, nelems=0, elem type=char[])
OBJ 500010ad (sz=24, trace=300128, class=java.lang.String@5000016f)
ARR 500010ae (sz=184, trace=300129, nelems=0, elem type=char[])
OBJ 500010af (sz=24, trace=300131, class=sun.misc.URLClassPath$3@5000022e)
OBJ 500010b0 (sz=24, trace=300136, class=java.lang.StringBuilder@50000123)
ARR 500010b1 (sz=48, trace=300137, nelems=0, elem type=char[])
OBJ 500010b2 (sz=24, trace=300146, class=java.lang.StringBuffer@50000124)
ARR 500010b3 (sz=176, trace=300147, nelems=0, elem type=char[])
ARR 500010b4 (sz=176, trace=300148, nelems=0, elem type=char[])
OBJ 500010b5 (sz=24, trace=300149, class=java.lang.String@5000016f)
ARR 500010b6 (sz=176, trace=300011, nelems=0, elem type=char[])
ARR 500010b7 (sz=344, trace=300011, nelems=0, elem type=char[])
OBJ 500010b8 (sz=24, trace=300150, class=java.lang.String@5000016f)
ARR 500010b9 (sz=184, trace=300151, nelems=0, elem type=char[])
OBJ 500010ba (sz=64, trace=300152, class=java.net.URL@5000011b)
OBJ 500010bb (sz=24, trace=300153, class=java.net.Parts@50000010)
OBJ 500010bc (sz=48, trace=300154, class=sun.misc.URLClassPath$JarLoader@50000231)
OBJ 500010bd (sz=32, trace=300155, class=java.io.File@5000011d)
OBJ 500010be (sz=16, trace=300161, class=sun.misc.URLClassPath$JarLoader$1@50000351)
OBJ 500010bf (sz=24, trace=300163, class=sun.misc.FileURLMapper@50000353)
OBJ 500010c0 (sz=32, trace=300164, class=java.io.File@5000011d)
ARR 500010c1 (sz=248, trace=300071, nelems=0, elem type=byte[])
ARR 500010c2 (sz=96, trace=300072, nelems=0, elem type=byte[])
OBJ 500010c3 (sz=24, trace=300073, class=java.lang.String@5000016f)
ARR 500010c4 (sz=32, trace=300074, nelems=0, elem type=char[])
OBJ 500010c5 (sz=32, trace=300675, class=java.io.FileNotFoundException@50001042)
OBJ 500010c6 (sz=40, trace=300351, class=java.security.PrivilegedActionException@5000090c)
OBJ 500010c7 (sz=40, trace=300351, class=java.security.PrivilegedActionException@5000090c)
OBJ 500010c9 (sz=16, trace=300677, class=java.net.URLClassLoader$3$1@500010c8)
ARR 500010ca (sz=144, trace=300227, nelems=0, elem type=char[])
ARR 500010cb (sz=200, trace=300228, nelems=0, elem type=byte[])
ARR 500010cc (sz=80, trace=300229, nelems=0, elem type=byte[])
OBJ 500010cd (sz=16, trace=300287, class=java.util.HashSet@50000005)
OBJ 500010ce (sz=48, trace=300288, class=java.util.HashMap@500000ba)
OBJ 500010cf (sz=24, trace=300289, class=java.lang.String@5000016f)
ARR 500010d0 (sz=56, trace=300290, nelems=0, elem type=char[])
ARR 500010d1 (sz=144, trace=300227, nelems=0, elem type=char[])
ARR 500010d2 (sz=200, trace=300228, nelems=0, elem type=byte[])
ARR 500010d3 (sz=80, trace=300229, nelems=0, elem type=byte[])
ARR 500010d4 (sz=144, trace=300227, nelems=0, elem type=char[])
ARR 500010d5 (sz=200, trace=300228, nelems=0, elem type=byte[])
ARR 500010d6 (sz=80, trace=300229, nelems=0, elem type=byte[])
OBJ 500010d7 (sz=16, trace=300287, class=java.util.HashSet@50000005)
OBJ 500010d8 (sz=48, trace=300288, class=java.util.HashMap@500000ba)
OBJ 500010d9 (sz=24, trace=300289, class=java.lang.String@5000016f)
ARR 500010da (sz=56, trace=300290, nelems=0, elem type=char[])
ARR 500010db (sz=144, trace=300227, nelems=0, elem type=char[])
ARR 500010dc (sz=200, trace=300228, nelems=0, elem type=byte[])
ARR 500010dd (sz=80, trace=300229, nelems=0, elem type=byte[])
OBJ 500010de (sz=16, trace=300287, class=java.util.HashSet@50000005)
OBJ 500010df (sz=48, trace=300288, class=java.util.HashMap@500000ba)
OBJ 500010e0 (sz=24, trace=300289, class=java.lang.String@5000016f)
ARR 500010e1 (sz=56, trace=300290, nelems=0, elem type=char[])
ARR 500010e2 (sz=144, trace=300227, nelems=0, elem type=char[])
ARR 500010e3 (sz=200, trace=300228, nelems=0, elem type=byte[])
ARR 500010e4 (sz=80, trace=300229, nelems=0, elem type=byte[])
OBJ 500010e5 (sz=16, trace=300287, class=java.util.HashSet@50000005)
OBJ 500010e6 (sz=48, trace=300288, class=java.util.HashMap@500000ba)
OBJ 500010e7 (sz=24, trace=300289, class=java.lang.String@5000016f)
ARR 500010e8 (sz=56, trace=300290, nelems=0, elem type=char[])
ARR 500010e9 (sz=144, trace=300227, nelems=0, elem type=char[])
ARR 500010ea (sz=200, trace=300228, nelems=0, elem type=byte[])
ARR 500010eb (sz=80, trace=300229, nelems=0, elem type=byte[])
OBJ 500010ec (sz=16, trace=300287, class=java.util.HashSet@50000005)
OBJ 500010ed (sz=48, trace=300288, class=java.util.HashMap@500000ba)
OBJ 500010ee (sz=24, trace=300289, class=java.lang.String@5000016f)
ARR 500010ef (sz=56, trace=300290, nelems=0, elem type=char[])
ARR 500010f0 (sz=144, trace=300227, nelems=0, elem type=char[])
ARR 500010f1 (sz=200, trace=300228, nelems=0, elem type=byte[])
ARR 500010f2 (sz=80, trace=300229, nelems=0, elem type=byte[])
OBJ 500010f3 (sz=16, trace=300287, class=java.util.HashSet@50000005)
OBJ 500010f4 (sz=48, trace=300288, class=java.util.HashMap@500000ba)
OBJ 500010f5 (sz=24, trace=300289, class=java.lang.String@5000016f)
ARR 500010f6 (sz=56, trace=300290, nelems=0, elem type=char[])
ARR 500010f7 (sz=144, trace=300227, nelems=0, elem type=char[])
ARR 500010f8 (sz=200, trace=300228, nelems=0, elem type=byte[])
ARR 500010f9 (sz=80, trace=300229, nelems=0, elem type=byte[])
ARR 500010fa (sz=144, trace=300227, nelems=0, elem type=char[])
ARR 500010fb (sz=200, trace=300228, nelems=0, elem type=byte[])
ARR 500010fc (sz=80, trace=300229, nelems=0, elem type=byte[])
OBJ 500010fd (sz=16, trace=300287, class=java.util.HashSet@50000005)
OBJ 500010fe (sz=48, trace=300288, class=java.util.HashMap@500000ba)
OBJ 500010ff (sz=24, trace=300289, class=java.lang.String@5000016f)
ARR 50001100 (sz=56, trace=300290, nelems=0, elem type=char[])
ARR 50001101 (sz=144, trace=300227, nelems=0, elem type=char[])
ARR 50001102 (sz=200, trace=300228, nelems=0, elem type=byte[])
ARR 50001103 (sz=80, trace=300229, nelems=0, elem type=byte[])
OBJ 50001104 (sz=16, trace=300287, class=java.util.HashSet@50000005)
OBJ 50001105 (sz=48, trace=300288, class=java.util.HashMap@500000ba)
OBJ 50001106 (sz=24, trace=300289, class=java.lang.String@5000016f)
ARR 50001107 (sz=56, trace=300290, nelems=0, elem type=char[])
OBJ 5000110a (sz=16, trace=300680, class=java.util.ResourceBundle$RBClassLoader$1@50001109)
OBJ 5000110b (sz=72, trace=300681, class=java.util.ResourceBundle$RBClassLoader@50001108)
	parent		5000139a
	package2certs	50001115
	classes		5000110c
	defaultDomain	5000110f
	domains		50001117
	packages	50001112
	nativeLibraries	50001113
	assertionLock	5000110b
OBJ 5000110c (sz=32, trace=300264, class=java.util.Vector@500000e5)
	elementData	5000110d
ARR 5000110d (sz=56, trace=300682, nelems=0, elem type=java.lang.Object[]@5000010a)
OBJ 5000110e (sz=32, trace=300683, class=java.security.CodeSource@50000116)
OBJ 5000110f (sz=40, trace=300684, class=java.security.ProtectionDomain@50000161)
	codesource	5000110e
	classloader	5000110b
	principals	50001111
	key		50001110
OBJ 50001110 (sz=16, trace=300685, class=java.security.ProtectionDomain$Key@50000008)
	this$0		5000110f
ARR 50001111 (sz=16, trace=300686, nelems=0, elem type=java.security.Principal[]@50000006)
OBJ 50001112 (sz=48, trace=300687, class=java.util.HashMap@500000ba)
OBJ 50001113 (sz=32, trace=300264, class=java.util.Vector@500000e5)
	elementData	50001114
ARR 50001114 (sz=56, trace=300688, nelems=0, elem type=java.lang.Object[]@5000010a)
OBJ 50001115 (sz=48, trace=300689, class=java.util.Hashtable@50000147)
	table		50001116
ARR 50001116 (sz=64, trace=300690, nelems=0, elem type=java.util.Hashtable$Entry[]@500000d6)
OBJ 50001117 (sz=16, trace=300691, class=java.util.HashSet@50000005)
	map		50001118
OBJ 50001118 (sz=48, trace=300692, class=java.util.HashMap@500000ba)
ARR 5000111a (sz=24, trace=300694, nelems=2, elem type=java.lang.String[]@500000cf)
	[0]		50002166
	[1]		500021b9
OBJ 5000111c (sz=24, trace=300696, class=java.util.Arrays$ArrayList@5000111b)
	a		5000111a
OBJ 5000111d (sz=24, trace=300697, class=java.util.Collections$UnmodifiableRandomAccessList@500000bc)
	c		5000111c
	list		5000111c
ARR 5000111e (sz=24, trace=300698, nelems=1, elem type=java.lang.String[]@500000cf)
	[0]		50002166
OBJ 5000111f (sz=24, trace=300696, class=java.util.Arrays$ArrayList@5000111b)
	a		5000111e
OBJ 50001120 (sz=24, trace=300697, class=java.util.Collections$UnmodifiableRandomAccessList@500000bc)
	c		5000111f
	list		5000111f
ARR 50001121 (sz=24, trace=300699, nelems=1, elem type=java.lang.String[]@500000cf)
	[0]		500021b9
OBJ 50001122 (sz=24, trace=300696, class=java.util.Arrays$ArrayList@5000111b)
	a		50001121
OBJ 50001123 (sz=24, trace=300697, class=java.util.Collections$UnmodifiableRandomAccessList@500000bc)
	c		50001122
	list		50001122
OBJ 50001124 (sz=16, trace=300700, class=java.util.ResourceBundle$Control@50001119)
OBJ 50001126 (sz=24, trace=300702, class=java.util.ResourceBundle$Control$CandidateListCache@50001125)
	map		50001129
	queue		50001127
OBJ 50001127 (sz=32, trace=300703, class=java.lang.ref.ReferenceQueue@500000de)
	lock		50001128
OBJ 50001128 (sz=16, trace=300704, class=java.lang.ref.ReferenceQueue$Lock@500000dc)
OBJ 50001129 (sz=64, trace=300705, class=java.util.concurrent.ConcurrentHashMap@50000027)
	table		50001140
OBJ 5000112b (sz=56, trace=300707, class=java.util.ResourceBundle$CacheKey@5000112a)
OBJ 5000112e (sz=32, trace=300709, class=java.util.ResourceBundle$LoaderReference@5000112d)
OBJ 5000112f (sz=32, trace=300271, class=java.util.LinkedList@50000423)
	first		50001136
	last		5000113e
OBJ 50001130 (sz=40, trace=300710, class=sun.util.locale.BaseLocale$Key@50000016)
OBJ 50001131 (sz=40, trace=300711, class=java.lang.ref.SoftReference@50000153)
OBJ 50001132 (sz=40, trace=300712, class=java.lang.ref.SoftReference@50000153)
OBJ 50001133 (sz=40, trace=300713, class=java.lang.ref.SoftReference@50000153)
OBJ 50001134 (sz=40, trace=300714, class=java.lang.ref.SoftReference@50000153)
OBJ 50001135 (sz=24, trace=300715, class=java.util.Locale$LocaleKey@50000014)
OBJ 50001136 (sz=24, trace=300716, class=java.util.LinkedList$Node@50000425)
	item		500014dc
	next		5000113d
OBJ 50001137 (sz=40, trace=300710, class=sun.util.locale.BaseLocale$Key@50000016)
OBJ 50001138 (sz=40, trace=300711, class=java.lang.ref.SoftReference@50000153)
OBJ 50001139 (sz=40, trace=300712, class=java.lang.ref.SoftReference@50000153)
OBJ 5000113a (sz=40, trace=300713, class=java.lang.ref.SoftReference@50000153)
OBJ 5000113b (sz=40, trace=300714, class=java.lang.ref.SoftReference@50000153)
OBJ 5000113c (sz=24, trace=300715, class=java.util.Locale$LocaleKey@50000014)
OBJ 5000113d (sz=24, trace=300717, class=java.util.LinkedList$Node@50000425)
	item		500014ee
	next		5000113e
	prev		50001136
OBJ 5000113e (sz=24, trace=300718, class=java.util.LinkedList$Node@50000425)
	item		500014dd
	prev		5000113d
OBJ 5000113f (sz=48, trace=300719, class=sun.util.locale.LocaleObjectCache$CacheEntry@50000015)
	referent	5000112f
	queue		50001127
	key		50001f85
ARR 50001140 (sz=144, trace=300720, nelems=28, elem type=java.util.concurrent.ConcurrentHashMap$Node[]@5000001f)
	[27]		50001141
OBJ 50001141 (sz=32, trace=300721, class=java.util.concurrent.ConcurrentHashMap$Node@50000020)
	key		50001f85
	val		5000113f
OBJ 50001142 (sz=24, trace=300722, class=java.util.ArrayList@500000c5)
ARR 50001143 (sz=32, trace=300723, nelems=0, elem type=java.lang.Object[]@5000010a)
OBJ 50001144 (sz=32, trace=300724, class=java.util.ResourceBundle$LoaderReference@5000112d)
OBJ 50001145 (sz=16, trace=300115, class=java.lang.Object@50000173)
OBJ 50001146 (sz=32, trace=300117, class=java.util.concurrent.ConcurrentHashMap$Node@50000020)
	key		50001694
	val		50001145
OBJ 50001147 (sz=16, trace=300118, class=java.lang.Object@50000173)
OBJ 50001148 (sz=32, trace=300117, class=java.util.concurrent.ConcurrentHashMap$Node@50000020)
	key		50001694
	val		50001147
ARR 5000114b (sz=16, trace=300726, nelems=0, elem type=java.lang.Class[]@50000105)
OBJ 5000114c (sz=56, trace=300185, class=java.lang.Class$ReflectionData@500000b6)
OBJ 5000114d (sz=40, trace=300041, class=java.lang.ref.SoftReference@50000153)
OBJ 5000114e (sz=80, trace=300186, class=java.lang.reflect.Constructor@5000013f)
OBJ 5000114f (sz=24, trace=300727, class=java.lang.Class$1@500000a1)
OBJ 50001150 (sz=24, trace=300188, class=sun.reflect.NativeConstructorAccessorImpl@5000009f)
OBJ 50001151 (sz=16, trace=300189, class=sun.reflect.DelegatingConstructorAccessorImpl@5000009e)
OBJ 50001152 (sz=40, trace=300728, class=sun.launcher.resources.launcher@5000114a)
	locale		500014dd
	name		50001694
	cacheKey	50002168
	lookup		5000132d
OBJ 50001153 (sz=32, trace=300724, class=java.util.ResourceBundle$LoaderReference@5000112d)
	referent	5000110b
	queue		50000fed
	cacheKey	50002168
OBJ 50001155 (sz=48, trace=300730, class=java.util.ResourceBundle$BundleReference@50001154)
	referent	50001152
	queue		50000fed
	cacheKey	50002168
ARR 50001156 (sz=272, trace=300731, nelems=49, elem type=java.util.concurrent.ConcurrentHashMap$Node[]@5000001f)
	[29]		50001238
	[43]		50001157
	[48]		50001317
OBJ 50001157 (sz=32, trace=300732, class=java.util.concurrent.ConcurrentHashMap$Node@50000020)
	key		50002168
	val		50001155
OBJ 50001158 (sz=32, trace=300724, class=java.util.ResourceBundle$LoaderReference@5000112d)
OBJ 50001159 (sz=24, trace=300733, class=java.lang.StringBuilder@50000123)
ARR 5000115a (sz=112, trace=300734, nelems=0, elem type=char[])
OBJ 5000115b (sz=24, trace=300735, class=java.lang.String@5000016f)
	value		5000115c
ARR 5000115c (sz=68, trace=300736, nelems=34, elem type=char[])
OBJ 5000115d (sz=16, trace=300115, class=java.lang.Object@50000173)
OBJ 5000115e (sz=32, trace=300117, class=java.util.concurrent.ConcurrentHashMap$Node@50000020)
	key		5000115b
	val		5000115d
	next		5000123f
OBJ 5000115f (sz=16, trace=300118, class=java.lang.Object@50000173)
OBJ 50001160 (sz=32, trace=300117, class=java.util.concurrent.ConcurrentHashMap$Node@50000020)
	key		5000115b
	val		5000115f
	next		50001241
OBJ 50001161 (sz=24, trace=300120, class=java.net.URLClassLoader$1@50000222)
ARR 50001162 (sz=88, trace=300121, nelems=0, elem type=char[])
OBJ 50001163 (sz=24, trace=300122, class=java.lang.String@5000016f)
ARR 50001164 (sz=96, trace=300123, nelems=0, elem type=char[])
OBJ 50001165 (sz=24, trace=300124, class=java.lang.String@5000016f)
ARR 50001166 (sz=96, trace=300227, nelems=0, elem type=char[])
ARR 50001167 (sz=136, trace=300228, nelems=0, elem type=byte[])
ARR 50001168 (sz=56, trace=300229, nelems=0, elem type=byte[])
OBJ 50001169 (sz=16, trace=300287, class=java.util.HashSet@50000005)
OBJ 5000116a (sz=48, trace=300288, class=java.util.HashMap@500000ba)
OBJ 5000116b (sz=24, trace=300289, class=java.lang.String@5000016f)
ARR 5000116c (sz=64, trace=300290, nelems=0, elem type=char[])
ARR 5000116d (sz=96, trace=300227, nelems=0, elem type=char[])
ARR 5000116e (sz=136, trace=300228, nelems=0, elem type=byte[])
ARR 5000116f (sz=56, trace=300229, nelems=0, elem type=byte[])
ARR 50001170 (sz=96, trace=300227, nelems=0, elem type=char[])
ARR 50001171 (sz=136, trace=300228, nelems=0, elem type=byte[])
ARR 50001172 (sz=56, trace=300229, nelems=0, elem type=byte[])
OBJ 50001173 (sz=16, trace=300287, class=java.util.HashSet@50000005)
OBJ 50001174 (sz=48, trace=300288, class=java.util.HashMap@500000ba)
OBJ 50001175 (sz=24, trace=300289, class=java.lang.String@5000016f)
ARR 50001176 (sz=64, trace=300290, nelems=0, elem type=char[])
ARR 50001177 (sz=96, trace=300227, nelems=0, elem type=char[])
ARR 50001178 (sz=136, trace=300228, nelems=0, elem type=byte[])
ARR 50001179 (sz=56, trace=300229, nelems=0, elem type=byte[])
OBJ 5000117a (sz=16, trace=300287, class=java.util.HashSet@50000005)
OBJ 5000117b (sz=48, trace=300288, class=java.util.HashMap@500000ba)
OBJ 5000117c (sz=24, trace=300289, class=java.lang.String@5000016f)
ARR 5000117d (sz=64, trace=300290, nelems=0, elem type=char[])
ARR 5000117e (sz=96, trace=300227, nelems=0, elem type=char[])
ARR 5000117f (sz=136, trace=300228, nelems=0, elem type=byte[])
ARR 50001180 (sz=56, trace=300229, nelems=0, elem type=byte[])
OBJ 50001181 (sz=16, trace=300287, class=java.util.HashSet@50000005)
OBJ 50001182 (sz=48, trace=300288, class=java.util.HashMap@500000ba)
OBJ 50001183 (sz=24, trace=300289, class=java.lang.String@5000016f)
ARR 50001184 (sz=64, trace=300290, nelems=0, elem type=char[])
ARR 50001185 (sz=96, trace=300227, nelems=0, elem type=char[])
ARR 50001186 (sz=136, trace=300228, nelems=0, elem type=byte[])
ARR 50001187 (sz=56, trace=300229, nelems=0, elem type=byte[])
OBJ 50001188 (sz=16, trace=300287, class=java.util.HashSet@50000005)
OBJ 50001189 (sz=48, trace=300288, class=java.util.HashMap@500000ba)
OBJ 5000118a (sz=24, trace=300289, class=java.lang.String@5000016f)
ARR 5000118b (sz=64, trace=300290, nelems=0, elem type=char[])
ARR 5000118c (sz=96, trace=300227, nelems=0, elem type=char[])
ARR 5000118d (sz=136, trace=300228, nelems=0, elem type=byte[])
ARR 5000118e (sz=56, trace=300229, nelems=0, elem type=byte[])
OBJ 5000118f (sz=16, trace=300287, class=java.util.HashSet@50000005)
OBJ 50001190 (sz=48, trace=300288, class=java.util.HashMap@500000ba)
OBJ 50001191 (sz=24, trace=300289, class=java.lang.String@5000016f)
ARR 50001192 (sz=64, trace=300290, nelems=0, elem type=char[])
ARR 50001193 (sz=96, trace=300227, nelems=0, elem type=char[])
ARR 50001194 (sz=136, trace=300228, nelems=0, elem type=byte[])
ARR 50001195 (sz=56, trace=300229, nelems=0, elem type=byte[])
ARR 50001196 (sz=96, trace=300227, nelems=0, elem type=char[])
ARR 50001197 (sz=136, trace=300228, nelems=0, elem type=byte[])
ARR 50001198 (sz=56, trace=300229, nelems=0, elem type=byte[])
OBJ 50001199 (sz=16, trace=300287, class=java.util.HashSet@50000005)
OBJ 5000119a (sz=48, trace=300288, class=java.util.HashMap@500000ba)
OBJ 5000119b (sz=24, trace=300289, class=java.lang.String@5000016f)
ARR 5000119c (sz=64, trace=300290, nelems=0, elem type=char[])
ARR 5000119d (sz=96, trace=300227, nelems=0, elem type=char[])
ARR 5000119e (sz=136, trace=300228, nelems=0, elem type=byte[])
ARR 5000119f (sz=56, trace=300229, nelems=0, elem type=byte[])
OBJ 500011a0 (sz=16, trace=300287, class=java.util.HashSet@50000005)
OBJ 500011a1 (sz=48, trace=300288, class=java.util.HashMap@500000ba)
OBJ 500011a2 (sz=24, trace=300289, class=java.lang.String@5000016f)
ARR 500011a3 (sz=64, trace=300290, nelems=0, elem type=char[])
OBJ 500011a4 (sz=40, trace=300352, class=java.lang.ClassNotFoundException@5000015d)
OBJ 500011a5 (sz=24, trace=300353, class=java.net.URLClassLoader$1@50000222)
ARR 500011a6 (sz=88, trace=300121, nelems=0, elem type=char[])
OBJ 500011a7 (sz=24, trace=300122, class=java.lang.String@5000016f)
ARR 500011a8 (sz=96, trace=300123, nelems=0, elem type=char[])
OBJ 500011a9 (sz=24, trace=300124, class=java.lang.String@5000016f)
OBJ 500011aa (sz=64, trace=300385, class=java.net.URL@5000011b)
OBJ 500011ab (sz=24, trace=300278, class=java.lang.StringBuilder@50000123)
ARR 500011ac (sz=48, trace=300279, nelems=0, elem type=char[])
ARR 500011ad (sz=168, trace=300011, nelems=0, elem type=char[])
ARR 500011ae (sz=320, trace=300011, nelems=0, elem type=char[])
OBJ 500011af (sz=24, trace=300282, class=java.lang.String@5000016f)
ARR 500011b0 (sz=168, trace=300283, nelems=0, elem type=char[])
OBJ 500011b1 (sz=24, trace=300386, class=java.lang.String@5000016f)
ARR 500011b2 (sz=168, trace=300387, nelems=0, elem type=char[])
ARR 500011b3 (sz=208, trace=300388, nelems=0, elem type=char[])
ARR 500011b4 (sz=96, trace=300389, nelems=0, elem type=char[])
OBJ 500011b5 (sz=24, trace=300390, class=java.lang.String@5000016f)
ARR 500011b6 (sz=96, trace=300391, nelems=0, elem type=char[])
OBJ 500011b7 (sz=64, trace=300392, class=java.net.URL@5000011b)
OBJ 500011b8 (sz=24, trace=300278, class=java.lang.StringBuilder@50000123)
ARR 500011b9 (sz=48, trace=300279, nelems=0, elem type=char[])
ARR 500011ba (sz=168, trace=300011, nelems=0, elem type=char[])
ARR 500011bb (sz=320, trace=300011, nelems=0, elem type=char[])
OBJ 500011bc (sz=24, trace=300282, class=java.lang.String@5000016f)
ARR 500011bd (sz=248, trace=300283, nelems=0, elem type=char[])
OBJ 500011be (sz=32, trace=300393, class=java.io.File@5000011d)
OBJ 500011bf (sz=24, trace=300394, class=java.lang.StringBuilder@50000123)
ARR 500011c0 (sz=48, trace=300395, nelems=0, elem type=char[])
ARR 500011c1 (sz=160, trace=300011, nelems=0, elem type=char[])
ARR 500011c2 (sz=304, trace=300094, nelems=0, elem type=char[])
OBJ 500011c3 (sz=24, trace=300396, class=java.lang.String@5000016f)
ARR 500011c4 (sz=240, trace=300096, nelems=0, elem type=char[])
ARR 500011c5 (sz=352, trace=300071, nelems=0, elem type=byte[])
ARR 500011c6 (sz=128, trace=300072, nelems=0, elem type=byte[])
OBJ 500011c7 (sz=24, trace=300073, class=java.lang.String@5000016f)
ARR 500011c8 (sz=56, trace=300074, nelems=0, elem type=char[])
OBJ 500011c9 (sz=40, trace=300352, class=java.lang.ClassNotFoundException@5000015d)
OBJ 500011ca (sz=24, trace=300733, class=java.lang.StringBuilder@50000123)
ARR 500011cb (sz=112, trace=300734, nelems=0, elem type=char[])
OBJ 500011cc (sz=24, trace=300735, class=java.lang.String@5000016f)
ARR 500011cd (sz=88, trace=300736, nelems=0, elem type=char[])
OBJ 500011ce (sz=24, trace=300737, class=java.lang.StringBuilder@50000123)
ARR 500011cf (sz=112, trace=300738, nelems=0, elem type=char[])
ARR 500011d0 (sz=88, trace=300739, nelems=0, elem type=char[])
OBJ 500011d1 (sz=24, trace=300740, class=java.lang.String@5000016f)
OBJ 500011d2 (sz=24, trace=300741, class=java.lang.String@5000016f)
ARR 500011d3 (sz=112, trace=300742, nelems=0, elem type=char[])
OBJ 500011d5 (sz=32, trace=300744, class=java.util.ResourceBundle$Control$1@500011d4)
OBJ 500011d7 (sz=24, trace=300746, class=java.net.URLClassLoader$2@500011d6)
ARR 500011d8 (sz=112, trace=300227, nelems=0, elem type=char[])
ARR 500011d9 (sz=152, trace=300228, nelems=0, elem type=byte[])
ARR 500011da (sz=64, trace=300229, nelems=0, elem type=byte[])
OBJ 500011db (sz=16, trace=300287, class=java.util.HashSet@50000005)
OBJ 500011dc (sz=48, trace=300288, class=java.util.HashMap@500000ba)
OBJ 500011dd (sz=24, trace=300289, class=java.lang.String@5000016f)
ARR 500011de (sz=64, trace=300290, nelems=0, elem type=char[])
ARR 500011df (sz=112, trace=300227, nelems=0, elem type=char[])
ARR 500011e0 (sz=152, trace=300228, nelems=0, elem type=byte[])
ARR 500011e1 (sz=64, trace=300229, nelems=0, elem type=byte[])
ARR 500011e2 (sz=112, trace=300227, nelems=0, elem type=char[])
ARR 500011e3 (sz=152, trace=300228, nelems=0, elem type=byte[])
ARR 500011e4 (sz=64, trace=300229, nelems=0, elem type=byte[])
OBJ 500011e5 (sz=16, trace=300287, class=java.util.HashSet@50000005)
OBJ 500011e6 (sz=48, trace=300288, class=java.util.HashMap@500000ba)
OBJ 500011e7 (sz=24, trace=300289, class=java.lang.String@5000016f)
ARR 500011e8 (sz=64, trace=300290, nelems=0, elem type=char[])
ARR 500011e9 (sz=112, trace=300227, nelems=0, elem type=char[])
ARR 500011ea (sz=152, trace=300228, nelems=0, elem type=byte[])
ARR 500011eb (sz=64, trace=300229, nelems=0, elem type=byte[])
OBJ 500011ec (sz=16, trace=300287, class=java.util.HashSet@50000005)
OBJ 500011ed (sz=48, trace=300288, class=java.util.HashMap@500000ba)
OBJ 500011ee (sz=24, trace=300289, class=java.lang.String@5000016f)
ARR 500011ef (sz=64, trace=300290, nelems=0, elem type=char[])
ARR 500011f0 (sz=112, trace=300227, nelems=0, elem type=char[])
ARR 500011f1 (sz=152, trace=300228, nelems=0, elem type=byte[])
ARR 500011f2 (sz=64, trace=300229, nelems=0, elem type=byte[])
OBJ 500011f3 (sz=16, trace=300287, class=java.util.HashSet@50000005)
OBJ 500011f4 (sz=48, trace=300288, class=java.util.HashMap@500000ba)
OBJ 500011f5 (sz=24, trace=300289, class=java.lang.String@5000016f)
ARR 500011f6 (sz=64, trace=300290, nelems=0, elem type=char[])
ARR 500011f7 (sz=112, trace=300227, nelems=0, elem type=char[])
ARR 500011f8 (sz=152, trace=300228, nelems=0, elem type=byte[])
ARR 500011f9 (sz=64, trace=300229, nelems=0, elem type=byte[])
OBJ 500011fa (sz=16, trace=300287, class=java.util.HashSet@50000005)
OBJ 500011fb (sz=48, trace=300288, class=java.util.HashMap@500000ba)
OBJ 500011fc (sz=24, trace=300289, class=java.lang.String@5000016f)
ARR 500011fd (sz=64, trace=300290, nelems=0, elem type=char[])
ARR 500011fe (sz=112, trace=300227, nelems=0, elem type=char[])
ARR 500011ff (sz=152, trace=300228, nelems=0, elem type=byte[])
ARR 50001200 (sz=64, trace=300229, nelems=0, elem type=byte[])
OBJ 50001201 (sz=16, trace=300287, class=java.util.HashSet@50000005)
OBJ 50001202 (sz=48, trace=300288, class=java.util.HashMap@500000ba)
OBJ 50001203 (sz=24, trace=300289, class=java.lang.String@5000016f)
ARR 50001204 (sz=64, trace=300290, nelems=0, elem type=char[])
ARR 50001205 (sz=112, trace=300227, nelems=0, elem type=char[])
ARR 50001206 (sz=152, trace=300228, nelems=0, elem type=byte[])
ARR 50001207 (sz=64, trace=300229, nelems=0, elem type=byte[])
ARR 50001208 (sz=112, trace=300227, nelems=0, elem type=char[])
ARR 50001209 (sz=152, trace=300228, nelems=0, elem type=byte[])
ARR 5000120a (sz=64, trace=300229, nelems=0, elem type=byte[])
OBJ 5000120b (sz=16, trace=300287, class=java.util.HashSet@50000005)
OBJ 5000120c (sz=48, trace=300288, class=java.util.HashMap@500000ba)
OBJ 5000120d (sz=24, trace=300289, class=java.lang.String@5000016f)
ARR 5000120e (sz=64, trace=300290, nelems=0, elem type=char[])
ARR 5000120f (sz=112, trace=300227, nelems=0, elem type=char[])
ARR 50001210 (sz=152, trace=300228, nelems=0, elem type=byte[])
ARR 50001211 (sz=64, trace=300229, nelems=0, elem type=byte[])
OBJ 50001212 (sz=16, trace=300287, class=java.util.HashSet@50000005)
OBJ 50001213 (sz=48, trace=300288, class=java.util.HashMap@500000ba)
OBJ 50001214 (sz=24, trace=300289, class=java.lang.String@5000016f)
ARR 50001215 (sz=64, trace=300290, nelems=0, elem type=char[])
OBJ 50001216 (sz=24, trace=300747, class=java.net.URLClassLoader$2@500011d6)
OBJ 50001217 (sz=64, trace=300748, class=java.net.URL@5000011b)
OBJ 50001218 (sz=24, trace=300278, class=java.lang.StringBuilder@50000123)
ARR 50001219 (sz=48, trace=300279, nelems=0, elem type=char[])
ARR 5000121a (sz=168, trace=300011, nelems=0, elem type=char[])
ARR 5000121b (sz=320, trace=300011, nelems=0, elem type=char[])
OBJ 5000121c (sz=24, trace=300282, class=java.lang.String@5000016f)
ARR 5000121d (sz=168, trace=300283, nelems=0, elem type=char[])
OBJ 5000121e (sz=24, trace=300386, class=java.lang.String@5000016f)
ARR 5000121f (sz=168, trace=300387, nelems=0, elem type=char[])
ARR 50001220 (sz=232, trace=300749, nelems=0, elem type=char[])
ARR 50001221 (sz=112, trace=300750, nelems=0, elem type=char[])
OBJ 50001222 (sz=24, trace=300751, class=java.lang.String@5000016f)
ARR 50001223 (sz=112, trace=300391, nelems=0, elem type=char[])
OBJ 50001224 (sz=64, trace=300752, class=java.net.URL@5000011b)
OBJ 50001225 (sz=24, trace=300278, class=java.lang.StringBuilder@50000123)
ARR 50001226 (sz=48, trace=300279, nelems=0, elem type=char[])
ARR 50001227 (sz=168, trace=300011, nelems=0, elem type=char[])
ARR 50001228 (sz=320, trace=300011, nelems=0, elem type=char[])
OBJ 50001229 (sz=24, trace=300282, class=java.lang.String@5000016f)
ARR 5000122a (sz=256, trace=300283, nelems=0, elem type=char[])
OBJ 5000122b (sz=32, trace=300753, class=java.io.File@5000011d)
OBJ 5000122c (sz=24, trace=300394, class=java.lang.StringBuilder@50000123)
ARR 5000122d (sz=48, trace=300395, nelems=0, elem type=char[])
ARR 5000122e (sz=160, trace=300011, nelems=0, elem type=char[])
ARR 5000122f (sz=304, trace=300094, nelems=0, elem type=char[])
OBJ 50001230 (sz=24, trace=300396, class=java.lang.String@5000016f)
ARR 50001231 (sz=256, trace=300096, nelems=0, elem type=char[])
ARR 50001232 (sz=368, trace=300071, nelems=0, elem type=byte[])
ARR 50001233 (sz=136, trace=300072, nelems=0, elem type=byte[])
OBJ 50001234 (sz=24, trace=300073, class=java.lang.String@5000016f)
ARR 50001235 (sz=64, trace=300074, nelems=0, elem type=char[])
OBJ 50001236 (sz=32, trace=300724, class=java.util.ResourceBundle$LoaderReference@5000112d)
	referent	5000110b
	queue		50000fed
	cacheKey	500021b4
OBJ 50001237 (sz=48, trace=300730, class=java.util.ResourceBundle$BundleReference@50001154)
	referent	50000feb
	queue		50000fed
	cacheKey	500021b4
OBJ 50001238 (sz=32, trace=300732, class=java.util.concurrent.ConcurrentHashMap$Node@50000020)
	key		500021b4
	val		50001237
OBJ 50001239 (sz=32, trace=300724, class=java.util.ResourceBundle$LoaderReference@5000112d)
OBJ 5000123a (sz=24, trace=300733, class=java.lang.StringBuilder@50000123)
ARR 5000123b (sz=112, trace=300734, nelems=0, elem type=char[])
OBJ 5000123c (sz=24, trace=300735, class=java.lang.String@5000016f)
	value		5000123d
ARR 5000123d (sz=74, trace=300736, nelems=37, elem type=char[])
OBJ 5000123e (sz=16, trace=300115, class=java.lang.Object@50000173)
OBJ 5000123f (sz=32, trace=300754, class=java.util.concurrent.ConcurrentHashMap$Node@50000020)
	key		5000123c
	val		5000123e
OBJ 50001240 (sz=16, trace=300118, class=java.lang.Object@50000173)
OBJ 50001241 (sz=32, trace=300754, class=java.util.concurrent.ConcurrentHashMap$Node@50000020)
	key		5000123c
	val		50001240
OBJ 50001242 (sz=24, trace=300120, class=java.net.URLClassLoader$1@50000222)
ARR 50001243 (sz=96, trace=300121, nelems=0, elem type=char[])
OBJ 50001244 (sz=24, trace=300122, class=java.lang.String@5000016f)
ARR 50001245 (sz=104, trace=300123, nelems=0, elem type=char[])
OBJ 50001246 (sz=24, trace=300124, class=java.lang.String@5000016f)
ARR 50001247 (sz=104, trace=300227, nelems=0, elem type=char[])
ARR 50001248 (sz=152, trace=300228, nelems=0, elem type=byte[])
ARR 50001249 (sz=64, trace=300229, nelems=0, elem type=byte[])
OBJ 5000124a (sz=16, trace=300287, class=java.util.HashSet@50000005)
OBJ 5000124b (sz=48, trace=300288, class=java.util.HashMap@500000ba)
OBJ 5000124c (sz=24, trace=300289, class=java.lang.String@5000016f)
ARR 5000124d (sz=64, trace=300290, nelems=0, elem type=char[])
ARR 5000124e (sz=104, trace=300227, nelems=0, elem type=char[])
ARR 5000124f (sz=152, trace=300228, nelems=0, elem type=byte[])
ARR 50001250 (sz=64, trace=300229, nelems=0, elem type=byte[])
ARR 50001251 (sz=104, trace=300227, nelems=0, elem type=char[])
ARR 50001252 (sz=152, trace=300228, nelems=0, elem type=byte[])
ARR 50001253 (sz=64, trace=300229, nelems=0, elem type=byte[])
OBJ 50001254 (sz=16, trace=300287, class=java.util.HashSet@50000005)
OBJ 50001255 (sz=48, trace=300288, class=java.util.HashMap@500000ba)
OBJ 50001256 (sz=24, trace=300289, class=java.lang.String@5000016f)
ARR 50001257 (sz=64, trace=300290, nelems=0, elem type=char[])
ARR 50001258 (sz=104, trace=300227, nelems=0, elem type=char[])
ARR 50001259 (sz=152, trace=300228, nelems=0, elem type=byte[])
ARR 5000125a (sz=64, trace=300229, nelems=0, elem type=byte[])
OBJ 5000125b (sz=16, trace=300287, class=java.util.HashSet@50000005)
OBJ 5000125c (sz=48, trace=300288, class=java.util.HashMap@500000ba)
OBJ 5000125d (sz=24, trace=300289, class=java.lang.String@5000016f)
ARR 5000125e (sz=64, trace=300290, nelems=0, elem type=char[])
ARR 5000125f (sz=104, trace=300227, nelems=0, elem type=char[])
ARR 50001260 (sz=152, trace=300228, nelems=0, elem type=byte[])
ARR 50001261 (sz=64, trace=300229, nelems=0, elem type=byte[])
OBJ 50001262 (sz=16, trace=300287, class=java.util.HashSet@50000005)
OBJ 50001263 (sz=48, trace=300288, class=java.util.HashMap@500000ba)
OBJ 50001264 (sz=24, trace=300289, class=java.lang.String@5000016f)
ARR 50001265 (sz=64, trace=300290, nelems=0, elem type=char[])
ARR 50001266 (sz=104, trace=300227, nelems=0, elem type=char[])
ARR 50001267 (sz=152, trace=300228, nelems=0, elem type=byte[])
ARR 50001268 (sz=64, trace=300229, nelems=0, elem type=byte[])
OBJ 50001269 (sz=16, trace=300287, class=java.util.HashSet@50000005)
OBJ 5000126a (sz=48, trace=300288, class=java.util.HashMap@500000ba)
OBJ 5000126b (sz=24, trace=300289, class=java.lang.String@5000016f)
ARR 5000126c (sz=64, trace=300290, nelems=0, elem type=char[])
ARR 5000126d (sz=104, trace=300227, nelems=0, elem type=char[])
ARR 5000126e (sz=152, trace=300228, nelems=0, elem type=byte[])
ARR 5000126f (sz=64, trace=300229, nelems=0, elem type=byte[])
OBJ 50001270 (sz=16, trace=300287, class=java.util.HashSet@50000005)
OBJ 50001271 (sz=48, trace=300288, class=java.util.HashMap@500000ba)
OBJ 50001272 (sz=24, trace=300289, class=java.lang.String@5000016f)
ARR 50001273 (sz=64, trace=300290, nelems=0, elem type=char[])
ARR 50001274 (sz=104, trace=300227, nelems=0, elem type=char[])
ARR 50001275 (sz=152, trace=300228, nelems=0, elem type=byte[])
ARR 50001276 (sz=64, trace=300229, nelems=0, elem type=byte[])
ARR 50001277 (sz=104, trace=300227, nelems=0, elem type=char[])
ARR 50001278 (sz=152, trace=300228, nelems=0, elem type=byte[])
ARR 50001279 (sz=64, trace=300229, nelems=0, elem type=byte[])
OBJ 5000127a (sz=16, trace=300287, class=java.util.HashSet@50000005)
OBJ 5000127b (sz=48, trace=300288, class=java.util.HashMap@500000ba)
OBJ 5000127c (sz=24, trace=300289, class=java.lang.String@5000016f)
ARR 5000127d (sz=64, trace=300290, nelems=0, elem type=char[])
ARR 5000127e (sz=104, trace=300227, nelems=0, elem type=char[])
ARR 5000127f (sz=152, trace=300228, nelems=0, elem type=byte[])
ARR 50001280 (sz=64, trace=300229, nelems=0, elem type=byte[])
OBJ 50001281 (sz=16, trace=300287, class=java.util.HashSet@50000005)
OBJ 50001282 (sz=48, trace=300288, class=java.util.HashMap@500000ba)
OBJ 50001283 (sz=24, trace=300289, class=java.lang.String@5000016f)
ARR 50001284 (sz=64, trace=300290, nelems=0, elem type=char[])
OBJ 50001285 (sz=40, trace=300352, class=java.lang.ClassNotFoundException@5000015d)
OBJ 50001286 (sz=24, trace=300353, class=java.net.URLClassLoader$1@50000222)
ARR 50001287 (sz=96, trace=300121, nelems=0, elem type=char[])
OBJ 50001288 (sz=24, trace=300122, class=java.lang.String@5000016f)
ARR 50001289 (sz=104, trace=300123, nelems=0, elem type=char[])
OBJ 5000128a (sz=24, trace=300124, class=java.lang.String@5000016f)
OBJ 5000128b (sz=64, trace=300385, class=java.net.URL@5000011b)
OBJ 5000128c (sz=24, trace=300278, class=java.lang.StringBuilder@50000123)
ARR 5000128d (sz=48, trace=300279, nelems=0, elem type=char[])
ARR 5000128e (sz=168, trace=300011, nelems=0, elem type=char[])
ARR 5000128f (sz=320, trace=300011, nelems=0, elem type=char[])
OBJ 50001290 (sz=24, trace=300282, class=java.lang.String@5000016f)
ARR 50001291 (sz=168, trace=300283, nelems=0, elem type=char[])
OBJ 50001292 (sz=24, trace=300386, class=java.lang.String@5000016f)
ARR 50001293 (sz=168, trace=300387, nelems=0, elem type=char[])
ARR 50001294 (sz=224, trace=300388, nelems=0, elem type=char[])
ARR 50001295 (sz=104, trace=300389, nelems=0, elem type=char[])
OBJ 50001296 (sz=24, trace=300390, class=java.lang.String@5000016f)
ARR 50001297 (sz=104, trace=300391, nelems=0, elem type=char[])
OBJ 50001298 (sz=64, trace=300392, class=java.net.URL@5000011b)
OBJ 50001299 (sz=24, trace=300278, class=java.lang.StringBuilder@50000123)
ARR 5000129a (sz=48, trace=300279, nelems=0, elem type=char[])
ARR 5000129b (sz=168, trace=300011, nelems=0, elem type=char[])
ARR 5000129c (sz=320, trace=300011, nelems=0, elem type=char[])
OBJ 5000129d (sz=24, trace=300282, class=java.lang.String@5000016f)
ARR 5000129e (sz=256, trace=300283, nelems=0, elem type=char[])
OBJ 5000129f (sz=32, trace=300393, class=java.io.File@5000011d)
OBJ 500012a0 (sz=24, trace=300394, class=java.lang.StringBuilder@50000123)
ARR 500012a1 (sz=48, trace=300395, nelems=0, elem type=char[])
ARR 500012a2 (sz=160, trace=300011, nelems=0, elem type=char[])
ARR 500012a3 (sz=304, trace=300094, nelems=0, elem type=char[])
OBJ 500012a4 (sz=24, trace=300396, class=java.lang.String@5000016f)
ARR 500012a5 (sz=248, trace=300096, nelems=0, elem type=char[])
ARR 500012a6 (sz=368, trace=300071, nelems=0, elem type=byte[])
ARR 500012a7 (sz=136, trace=300072, nelems=0, elem type=byte[])
OBJ 500012a8 (sz=24, trace=300073, class=java.lang.String@5000016f)
ARR 500012a9 (sz=56, trace=300074, nelems=0, elem type=char[])
OBJ 500012aa (sz=40, trace=300352, class=java.lang.ClassNotFoundException@5000015d)
OBJ 500012ab (sz=24, trace=300733, class=java.lang.StringBuilder@50000123)
ARR 500012ac (sz=112, trace=300734, nelems=0, elem type=char[])
OBJ 500012ad (sz=24, trace=300735, class=java.lang.String@5000016f)
ARR 500012ae (sz=96, trace=300736, nelems=0, elem type=char[])
OBJ 500012af (sz=24, trace=300737, class=java.lang.StringBuilder@50000123)
ARR 500012b0 (sz=112, trace=300738, nelems=0, elem type=char[])
ARR 500012b1 (sz=96, trace=300739, nelems=0, elem type=char[])
OBJ 500012b2 (sz=24, trace=300740, class=java.lang.String@5000016f)
OBJ 500012b3 (sz=24, trace=300741, class=java.lang.String@5000016f)
ARR 500012b4 (sz=112, trace=300742, nelems=0, elem type=char[])
OBJ 500012b5 (sz=32, trace=300744, class=java.util.ResourceBundle$Control$1@500011d4)
OBJ 500012b6 (sz=24, trace=300746, class=java.net.URLClassLoader$2@500011d6)
ARR 500012b7 (sz=112, trace=300227, nelems=0, elem type=char[])
ARR 500012b8 (sz=160, trace=300228, nelems=0, elem type=byte[])
ARR 500012b9 (sz=64, trace=300229, nelems=0, elem type=byte[])
OBJ 500012ba (sz=16, trace=300287, class=java.util.HashSet@50000005)
OBJ 500012bb (sz=48, trace=300288, class=java.util.HashMap@500000ba)
OBJ 500012bc (sz=24, trace=300289, class=java.lang.String@5000016f)
ARR 500012bd (sz=64, trace=300290, nelems=0, elem type=char[])
ARR 500012be (sz=112, trace=300227, nelems=0, elem type=char[])
ARR 500012bf (sz=160, trace=300228, nelems=0, elem type=byte[])
ARR 500012c0 (sz=64, trace=300229, nelems=0, elem type=byte[])
ARR 500012c1 (sz=112, trace=300227, nelems=0, elem type=char[])
ARR 500012c2 (sz=160, trace=300228, nelems=0, elem type=byte[])
ARR 500012c3 (sz=64, trace=300229, nelems=0, elem type=byte[])
OBJ 500012c4 (sz=16, trace=300287, class=java.util.HashSet@50000005)
OBJ 500012c5 (sz=48, trace=300288, class=java.util.HashMap@500000ba)
OBJ 500012c6 (sz=24, trace=300289, class=java.lang.String@5000016f)
ARR 500012c7 (sz=64, trace=300290, nelems=0, elem type=char[])
ARR 500012c8 (sz=112, trace=300227, nelems=0, elem type=char[])
ARR 500012c9 (sz=160, trace=300228, nelems=0, elem type=byte[])
ARR 500012ca (sz=64, trace=300229, nelems=0, elem type=byte[])
OBJ 500012cb (sz=16, trace=300287, class=java.util.HashSet@50000005)
OBJ 500012cc (sz=48, trace=300288, class=java.util.HashMap@500000ba)
OBJ 500012cd (sz=24, trace=300289, class=java.lang.String@5000016f)
ARR 500012ce (sz=64, trace=300290, nelems=0, elem type=char[])
ARR 500012cf (sz=112, trace=300227, nelems=0, elem type=char[])
ARR 500012d0 (sz=160, trace=300228, nelems=0, elem type=byte[])
ARR 500012d1 (sz=64, trace=300229, nelems=0, elem type=byte[])
OBJ 500012d2 (sz=16, trace=300287, class=java.util.HashSet@50000005)
OBJ 500012d3 (sz=48, trace=300288, class=java.util.HashMap@500000ba)
OBJ 500012d4 (sz=24, trace=300289, class=java.lang.String@5000016f)
ARR 500012d5 (sz=64, trace=300290, nelems=0, elem type=char[])
ARR 500012d6 (sz=112, trace=300227, nelems=0, elem type=char[])
ARR 500012d7 (sz=160, trace=300228, nelems=0, elem type=byte[])
ARR 500012d8 (sz=64, trace=300229, nelems=0, elem type=byte[])
OBJ 500012d9 (sz=16, trace=300287, class=java.util.HashSet@50000005)
OBJ 500012da (sz=48, trace=300288, class=java.util.HashMap@500000ba)
OBJ 500012db (sz=24, trace=300289, class=java.lang.String@5000016f)
ARR 500012dc (sz=64, trace=300290, nelems=0, elem type=char[])
ARR 500012dd (sz=112, trace=300227, nelems=0, elem type=char[])
ARR 500012de (sz=160, trace=300228, nelems=0, elem type=byte[])
ARR 500012df (sz=64, trace=300229, nelems=0, elem type=byte[])
OBJ 500012e0 (sz=16, trace=300287, class=java.util.HashSet@50000005)
OBJ 500012e1 (sz=48, trace=300288, class=java.util.HashMap@500000ba)
OBJ 500012e2 (sz=24, trace=300289, class=java.lang.String@5000016f)
ARR 500012e3 (sz=64, trace=300290, nelems=0, elem type=char[])
ARR 500012e4 (sz=112, trace=300227, nelems=0, elem type=char[])
ARR 500012e5 (sz=160, trace=300228, nelems=0, elem type=byte[])
ARR 500012e6 (sz=64, trace=300229, nelems=0, elem type=byte[])
ARR 500012e7 (sz=112, trace=300227, nelems=0, elem type=char[])
ARR 500012e8 (sz=160, trace=300228, nelems=0, elem type=byte[])
ARR 500012e9 (sz=64, trace=300229, nelems=0, elem type=byte[])
OBJ 500012ea (sz=16, trace=300287, class=java.util.HashSet@50000005)
OBJ 500012eb (sz=48, trace=300288, class=java.util.HashMap@500000ba)
OBJ 500012ec (sz=24, trace=300289, class=java.lang.String@5000016f)
ARR 500012ed (sz=64, trace=300290, nelems=0, elem type=char[])
ARR 500012ee (sz=112, trace=300227, nelems=0, elem type=char[])
ARR 500012ef (sz=160, trace=300228, nelems=0, elem type=byte[])
ARR 500012f0 (sz=64, trace=300229, nelems=0, elem type=byte[])
OBJ 500012f1 (sz=16, trace=300287, class=java.util.HashSet@50000005)
OBJ 500012f2 (sz=48, trace=300288, class=java.util.HashMap@500000ba)
OBJ 500012f3 (sz=24, trace=300289, class=java.lang.String@5000016f)
ARR 500012f4 (sz=64, trace=300290, nelems=0, elem type=char[])
OBJ 500012f5 (sz=24, trace=300747, class=java.net.URLClassLoader$2@500011d6)
OBJ 500012f6 (sz=64, trace=300748, class=java.net.URL@5000011b)
OBJ 500012f7 (sz=24, trace=300278, class=java.lang.StringBuilder@50000123)
ARR 500012f8 (sz=48, trace=300279, nelems=0, elem type=char[])
ARR 500012f9 (sz=168, trace=300011, nelems=0, elem type=char[])
ARR 500012fa (sz=320, trace=300011, nelems=0, elem type=char[])
OBJ 500012fb (sz=24, trace=300282, class=java.lang.String@5000016f)
ARR 500012fc (sz=168, trace=300283, nelems=0, elem type=char[])
OBJ 500012fd (sz=24, trace=300386, class=java.lang.String@5000016f)
ARR 500012fe (sz=168, trace=300387, nelems=0, elem type=char[])
ARR 500012ff (sz=240, trace=300749, nelems=0, elem type=char[])
ARR 50001300 (sz=112, trace=300750, nelems=0, elem type=char[])
OBJ 50001301 (sz=24, trace=300751, class=java.lang.String@5000016f)
ARR 50001302 (sz=112, trace=300391, nelems=0, elem type=char[])
OBJ 50001303 (sz=64, trace=300752, class=java.net.URL@5000011b)
OBJ 50001304 (sz=24, trace=300278, class=java.lang.StringBuilder@50000123)
ARR 50001305 (sz=48, trace=300279, nelems=0, elem type=char[])
ARR 50001306 (sz=168, trace=300011, nelems=0, elem type=char[])
ARR 50001307 (sz=320, trace=300011, nelems=0, elem type=char[])
OBJ 50001308 (sz=24, trace=300282, class=java.lang.String@5000016f)
ARR 50001309 (sz=264, trace=300283, nelems=0, elem type=char[])
OBJ 5000130a (sz=32, trace=300753, class=java.io.File@5000011d)
OBJ 5000130b (sz=24, trace=300394, class=java.lang.StringBuilder@50000123)
ARR 5000130c (sz=48, trace=300395, nelems=0, elem type=char[])
ARR 5000130d (sz=160, trace=300011, nelems=0, elem type=char[])
ARR 5000130e (sz=304, trace=300094, nelems=0, elem type=char[])
OBJ 5000130f (sz=24, trace=300396, class=java.lang.String@5000016f)
ARR 50001310 (sz=256, trace=300096, nelems=0, elem type=char[])
ARR 50001311 (sz=376, trace=300071, nelems=0, elem type=byte[])
ARR 50001312 (sz=136, trace=300072, nelems=0, elem type=byte[])
OBJ 50001313 (sz=24, trace=300073, class=java.lang.String@5000016f)
ARR 50001314 (sz=72, trace=300074, nelems=0, elem type=char[])
OBJ 50001315 (sz=32, trace=300724, class=java.util.ResourceBundle$LoaderReference@5000112d)
	referent	5000110b
	queue		50000fed
	cacheKey	50002165
OBJ 50001316 (sz=48, trace=300730, class=java.util.ResourceBundle$BundleReference@50001154)
	referent	50000feb
	queue		50000fed
	cacheKey	50002165
OBJ 50001317 (sz=32, trace=300732, class=java.util.concurrent.ConcurrentHashMap$Node@50000020)
	key		50002165
	val		50001316
ARR 50001319 (sz=96, trace=300755, nelems=0, elem type=java.lang.Object[][]@50001318)
ARR 5000131a (sz=24, trace=300756, nelems=0, elem type=java.lang.Object[]@5000010a)
ARR 5000131b (sz=24, trace=300757, nelems=0, elem type=java.lang.Object[]@5000010a)
ARR 5000131c (sz=24, trace=300758, nelems=0, elem type=java.lang.Object[]@5000010a)
ARR 5000131d (sz=24, trace=300759, nelems=0, elem type=java.lang.Object[]@5000010a)
ARR 5000131e (sz=24, trace=300760, nelems=0, elem type=java.lang.Object[]@5000010a)
ARR 5000131f (sz=24, trace=300761, nelems=0, elem type=java.lang.Object[]@5000010a)
ARR 50001320 (sz=24, trace=300762, nelems=0, elem type=java.lang.Object[]@5000010a)
ARR 50001321 (sz=24, trace=300763, nelems=0, elem type=java.lang.Object[]@5000010a)
ARR 50001322 (sz=24, trace=300764, nelems=0, elem type=java.lang.Object[]@5000010a)
ARR 50001323 (sz=24, trace=300765, nelems=0, elem type=java.lang.Object[]@5000010a)
ARR 50001324 (sz=24, trace=300766, nelems=0, elem type=java.lang.Object[]@5000010a)
ARR 50001325 (sz=24, trace=300767, nelems=0, elem type=java.lang.Object[]@5000010a)
ARR 50001326 (sz=24, trace=300768, nelems=0, elem type=java.lang.Object[]@5000010a)
ARR 50001327 (sz=24, trace=300769, nelems=0, elem type=java.lang.Object[]@5000010a)
ARR 50001328 (sz=24, trace=300770, nelems=0, elem type=java.lang.Object[]@5000010a)
ARR 50001329 (sz=24, trace=300771, nelems=0, elem type=java.lang.Object[]@5000010a)
ARR 5000132a (sz=24, trace=300772, nelems=0, elem type=java.lang.Object[]@5000010a)
ARR 5000132b (sz=24, trace=300773, nelems=0, elem type=java.lang.Object[]@5000010a)
ARR 5000132c (sz=24, trace=300774, nelems=0, elem type=java.lang.Object[]@5000010a)
OBJ 5000132d (sz=48, trace=300775, class=java.util.HashMap@500000ba)
	table		5000132e
ARR 5000132e (sz=144, trace=300776, nelems=32, elem type=java.util.HashMap$Node[]@500000b8)
	[0]		50001331
	[1]		50001339
	[5]		5000133e
	[11]		50001330
	[12]		50001336
	[13]		5000132f
	[15]		50001337
	[23]		5000133c
	[25]		5000133f
	[26]		5000133d
	[28]		50001335
	[29]		50001334
	[30]		50001333
	[31]		50001332
OBJ 5000132f (sz=32, trace=300158, class=java.util.HashMap$Node@500000b9)
	key		50002192
	value		50002191
OBJ 50001330 (sz=32, trace=300158, class=java.util.HashMap$Node@500000b9)
	key		5000219a
	value		50002199
	next		50001338
OBJ 50001331 (sz=32, trace=300158, class=java.util.HashMap$Node@500000b9)
	key		50001398
	value		500021ad
	next		5000133a
OBJ 50001332 (sz=32, trace=300158, class=java.util.HashMap$Node@500000b9)
	key		5000216a
	value		50002169
	next		5000133b
OBJ 50001333 (sz=32, trace=300158, class=java.util.HashMap$Node@500000b9)
	key		50002172
	value		50002171
OBJ 50001334 (sz=32, trace=300158, class=java.util.HashMap$Node@500000b9)
	key		50002176
	value		50002175
OBJ 50001335 (sz=32, trace=300158, class=java.util.HashMap$Node@500000b9)
	key		5000217a
	value		50002179
OBJ 50001336 (sz=32, trace=300158, class=java.util.HashMap$Node@500000b9)
	key		50002196
	value		50002195
OBJ 50001337 (sz=32, trace=300158, class=java.util.HashMap$Node@500000b9)
	key		5000218e
	value		5000218d
OBJ 50001338 (sz=32, trace=300159, class=java.util.HashMap$Node@500000b9)
	key		5000219e
	value		5000219d
	next		50001340
OBJ 50001339 (sz=32, trace=300158, class=java.util.HashMap$Node@500000b9)
	key		500021aa
	value		500021a9
OBJ 5000133a (sz=32, trace=300159, class=java.util.HashMap$Node@500000b9)
	key		500021b1
	value		500021b0
OBJ 5000133b (sz=32, trace=300159, class=java.util.HashMap$Node@500000b9)
	key		5000216e
	value		5000216d
OBJ 5000133c (sz=32, trace=300158, class=java.util.HashMap$Node@500000b9)
	key		50002186
	value		50002185
	next		50001341
OBJ 5000133d (sz=32, trace=300158, class=java.util.HashMap$Node@500000b9)
	key		5000217e
	value		5000217d
OBJ 5000133e (sz=32, trace=300158, class=java.util.HashMap$Node@500000b9)
	key		500021a6
	value		500021a5
OBJ 5000133f (sz=32, trace=300158, class=java.util.HashMap$Node@500000b9)
	key		50002182
	value		50002181
OBJ 50001340 (sz=32, trace=300159, class=java.util.HashMap$Node@500000b9)
	key		500021a2
	value		500021a1
OBJ 50001341 (sz=32, trace=300159, class=java.util.HashMap$Node@500000b9)
	key		5000218a
	value		50002189
ARR 50001344 (sz=40, trace=300778, nelems=5, elem type=java.lang.String[]@500000cf)
	[0]		5000149a
	[1]		5000214d
	[2]		5000214e
	[3]		5000214f
	[4]		50002150
ARR 50001345 (sz=32, trace=300779, nelems=4, elem type=java.lang.String[]@500000cf)
	[0]		5000149a
	[1]		50002151
	[2]		50002152
	[3]		50002153
ARR 50001346 (sz=40, trace=300780, nelems=5, elem type=java.lang.String[]@500000cf)
	[0]		5000149a
	[1]		500017b7
	[2]		50002154
	[3]		500016a5
	[4]		50002155
ARR 50001347 (sz=20, trace=300781, nelems=5, elem type=int[])
OBJ 50001348 (sz=40, trace=300782, class=java.text.MessageFormat@50001343)
ARR 5000134a (sz=56, trace=300783, nelems=0, elem type=java.text.Format[]@50001349)
ARR 5000134b (sz=56, trace=300784, nelems=0, elem type=int[])
ARR 5000134c (sz=56, trace=300785, nelems=0, elem type=int[])
OBJ 5000134e (sz=40, trace=300787, class=java.util.Locale$Category@5000134d)
	name		50001fea
	languageKey	50001feb
	scriptKey	50001fec
	countryKey	50001fed
	variantKey	50001fee
OBJ 5000134f (sz=40, trace=300788, class=java.util.Locale$Category@5000134d)
	name		50001fef
	languageKey	50001ff0
	scriptKey	50001ff1
	countryKey	50001ff2
	variantKey	50001ff3
ARR 50001351 (sz=24, trace=300789, nelems=2, elem type=java.util.Locale$Category[]@50001350)
	[0]		5000134e
	[1]		5000134f
ARR 50001353 (sz=8, trace=300791, nelems=2, elem type=int[])
OBJ 50001354 (sz=24, trace=300792, class=sun.security.action.GetPropertyAction@50000074)
OBJ 50001355 (sz=24, trace=300793, class=sun.security.action.GetPropertyAction@50000074)
OBJ 50001356 (sz=24, trace=300794, class=sun.security.action.GetPropertyAction@50000074)
OBJ 50001357 (sz=24, trace=300795, class=sun.security.action.GetPropertyAction@50000074)
OBJ 50001358 (sz=40, trace=300710, class=sun.util.locale.BaseLocale$Key@50000016)
OBJ 50001359 (sz=40, trace=300711, class=java.lang.ref.SoftReference@50000153)
OBJ 5000135a (sz=40, trace=300712, class=java.lang.ref.SoftReference@50000153)
OBJ 5000135b (sz=40, trace=300713, class=java.lang.ref.SoftReference@50000153)
OBJ 5000135c (sz=40, trace=300714, class=java.lang.ref.SoftReference@50000153)
OBJ 5000135d (sz=24, trace=300715, class=java.util.Locale$LocaleKey@50000014)
ARR 5000135f (sz=32, trace=300796, nelems=0, elem type=java.lang.StringBuilder[]@5000135e)
OBJ 50001360 (sz=24, trace=300797, class=java.lang.StringBuilder@50000123)
ARR 50001361 (sz=48, trace=300798, nelems=0, elem type=char[])
ARR 50001362 (sz=88, trace=300094, nelems=0, elem type=char[])
ARR 50001363 (sz=160, trace=300094, nelems=0, elem type=char[])
OBJ 50001364 (sz=24, trace=300799, class=java.lang.StringBuilder@50000123)
ARR 50001365 (sz=48, trace=300800, nelems=0, elem type=char[])
ARR 50001366 (sz=32, trace=300801, nelems=0, elem type=java.lang.String[]@500000cf)
OBJ 50001367 (sz=24, trace=300802, class=java.lang.String@5000016f)
ARR 50001368 (sz=104, trace=300803, nelems=0, elem type=char[])
OBJ 50001369 (sz=24, trace=300802, class=java.lang.String@5000016f)
ARR 5000136a (sz=24, trace=300803, nelems=0, elem type=char[])
OBJ 5000136b (sz=24, trace=300804, class=java.lang.String@5000016f)
ARR 5000136c (sz=104, trace=300805, nelems=0, elem type=char[])
OBJ 5000136d (sz=24, trace=300806, class=java.lang.StringBuffer@50000124)
ARR 5000136e (sz=48, trace=300807, nelems=0, elem type=char[])
OBJ 50001370 (sz=32, trace=300809, class=java.text.FieldPosition@5000136f)
ARR 50001371 (sz=104, trace=300011, nelems=0, elem type=char[])
ARR 50001373 (sz=184, trace=300011, nelems=0, elem type=char[])
OBJ 50001377 (sz=48, trace=300812, class=java.util.HashMap@500000ba)
	table		50001379
OBJ 50001378 (sz=16, trace=300813, class=java.text.AttributedCharacterIterator$Attribute@50001374)
	name		500014c4
ARR 50001379 (sz=48, trace=300814, nelems=3, elem type=java.util.HashMap$Node[]@500000b8)
	[1]		5000137c
	[2]		5000137a
OBJ 5000137a (sz=32, trace=300158, class=java.util.HashMap$Node@500000b9)
	key		500014c4
	value		50001378
	next		5000137e
OBJ 5000137b (sz=16, trace=300815, class=java.text.AttributedCharacterIterator$Attribute@50001374)
	name		50002161
OBJ 5000137c (sz=32, trace=300158, class=java.util.HashMap$Node@500000b9)
	key		50002161
	value		5000137b
OBJ 5000137d (sz=16, trace=300816, class=java.text.AttributedCharacterIterator$Attribute@50001374)
	name		50002162
OBJ 5000137e (sz=32, trace=300159, class=java.util.HashMap$Node@500000b9)
	key		50002162
	value		5000137d
OBJ 5000137f (sz=16, trace=300817, class=java.text.MessageFormat$Field@50001376)
	name		5000215f
OBJ 50001380 (sz=24, trace=300818, class=java.lang.String@5000016f)
ARR 50001381 (sz=128, trace=300819, nelems=0, elem type=char[])
OBJ 50001382 (sz=24, trace=300820, class=java.lang.String@5000016f)
OBJ 50001383 (sz=48, trace=300266, class=java.nio.HeapCharBuffer@50000035)
OBJ 50001384 (sz=48, trace=300266, class=java.nio.HeapCharBuffer@50000035)
ARR 50001386 (sz=56, trace=300822, nelems=0, elem type=java.lang.Runnable[]@500000e0)
OBJ 50001388 (sz=16, trace=300824, class=java.lang.Shutdown$Lock@50001387)
OBJ 50001389 (sz=16, trace=300825, class=java.lang.Shutdown$Lock@50001387)
OBJ 5000138e (sz=376, trace=300000, class=java.lang.Thread@5000014c)
	name		500021c5
	contextClassLoader	5000139a
	blockerLock	500021c4
OBJ 5000138f (sz=376, trace=300000, class=java.lang.Thread@5000014c)
	name		50002096
	group		50001496
	contextClassLoader	5000139a
	inheritedAccessControlContext	50002095
	blockerLock	50002094
OBJ 50001390 (sz=384, trace=300000, class=java.lang.ref.Finalizer$FinalizerThread@500000db)
	name		50002099
	group		50001496
	inheritedAccessControlContext	50002098
	blockerLock	50002097
OBJ 50001391 (sz=32, trace=300000, class=java.lang.ref.ReferenceQueue@500000de)
	lock		50001392
OBJ 50001392 (sz=16, trace=300000, class=java.lang.ref.ReferenceQueue$Lock@500000dc)
OBJ 50001393 (sz=16, trace=300000, class=java.lang.System$2@5000004e)
OBJ 50001394 (sz=376, trace=300000, class=java.lang.ref.Reference$ReferenceHandler@500000e1)
	name		500020a9
	group		50001496
	inheritedAccessControlContext	500020a8
	blockerLock	500020a7
OBJ 50001395 (sz=16, trace=300000, class=java.lang.ref.Reference$Lock@500000e2)
OBJ 50001396 (sz=376, trace=300000, class=java.lang.Thread@5000014c)
	name		500020b0
	group		50001495
	contextClassLoader	5000139a
	inheritedAccessControlContext	500020af
	threadLocals	500020ae
	blockerLock	500020ad
OBJ 50001397 (sz=16, trace=300000, class=java.lang.Runtime@5000008b)
OBJ 50001398 (sz=24, trace=300000, class=java.lang.String@5000016f)
	value		500021ae
OBJ 50001399 (sz=24, trace=300000, class=java.lang.String@5000016f)
	value		500015d8
OBJ 5000139a (sz=96, trace=300000, class=sun.misc.Launcher$AppClassLoader@50000118)
	parent		5000139c
	parallelLockMap	50001687
	package2certs	50001686
	classes		50001685
	defaultDomain	50001684
	domains		50001683
	packages	50001682
	nativeLibraries	50001681
	assertionLock	50001680
	pdcache		5000167f
	ucp		5000167c
	acc		5000167e
	closeables	5000167d
	ucp		5000167c
ARR 5000139b (sz=0, trace=300000, nelems=0, elem type=int[])
OBJ 5000139c (sz=88, trace=300000, class=sun.misc.Launcher$ExtClassLoader@50000117)
	parallelLockMap	50001693
	package2certs	50001692
	classes		50001691
	defaultDomain	50001690
	domains		5000168f
	packages	5000168e
	nativeLibraries	5000168d
	assertionLock	5000168c
	pdcache		5000168b
	ucp		5000168a
	acc		50001689
	closeables	50001688
ARR 5000139d (sz=24, trace=300000, nelems=0, elem type=java.lang.Object[]@5000010a)
ARR 5000139e (sz=32, trace=300000, nelems=0, elem type=java.lang.Object[]@5000010a)
ARR 5000139f (sz=88, trace=300000, nelems=0, elem type=java.lang.Object[]@5000010a)
ARR 500013a0 (sz=24, trace=300000, nelems=1, elem type=java.lang.Object[]@5000010a)
	[0]		50001c53
ARR 500013a1 (sz=24, trace=300000, nelems=2, elem type=java.lang.Object[]@5000010a)
	[1]		5000154b
ARR 500013a2 (sz=88, trace=300000, nelems=10, elem type=java.lang.Object[]@5000010a)
	[3]		5000149a
	[8]		50001674
	[9]		50001675
ARR 500013a3 (sz=56, trace=300000, nelems=10, elem type=java.lang.Object[]@5000010a)
	[9]		500017c9
ARR 500013a4 (sz=56, trace=300000, nelems=0, elem type=java.lang.Object[]@5000010a)
ARR 500013a5 (sz=56, trace=300000, nelems=10, elem type=java.lang.Object[]@5000010a)
	[0]		5000149a
	[1]		500014b4
	[2]		500014b5
	[3]		500014b6
	[4]		500014b7
	[5]		500014b8
	[6]		500014b9
	[7]		50001489
	[8]		500014ba
	[9]		500014bb
ARR 500013a6 (sz=208, trace=300000, nelems=0, elem type=java.lang.Object[]@5000010a)
ARR 500013a7 (sz=32, trace=300000, nelems=1, elem type=java.lang.Object[]@5000010a)
	[0]		50001498
ARR 500013a8 (sz=72, trace=300000, nelems=13, elem type=java.lang.Object[]@5000010a)
	[5]		5000149a
	[9]		5000149f
	[10]		500014a0
	[11]		500014a1
	[12]		500014a2
ARR 500013a9 (sz=48, trace=300000, nelems=1, elem type=java.lang.Object[]@5000010a)
	[0]		50001c54
ARR 500013aa (sz=64, trace=300000, nelems=12, elem type=java.lang.Object[]@5000010a)
	[11]		500014b0
ARR 500013ab (sz=32, trace=300000, nelems=0, elem type=java.lang.Object[]@5000010a)
ARR 500013ac (sz=40, trace=300000, nelems=4, elem type=java.lang.Object[]@5000010a)
	[3]		50001530
ARR 500013ad (sz=48, trace=300000, nelems=0, elem type=java.lang.Object[]@5000010a)
ARR 500013ae (sz=72, trace=300000, nelems=0, elem type=java.lang.Object[]@5000010a)
ARR 500013af (sz=80, trace=300000, nelems=0, elem type=java.lang.Object[]@5000010a)
ARR 500013b0 (sz=32, trace=300000, nelems=0, elem type=java.lang.Object[]@5000010a)
ARR 500013b1 (sz=112, trace=300000, nelems=14, elem type=java.lang.Object[]@5000010a)
	[13]		50001529
ARR 500013b2 (sz=32, trace=300000, nelems=3, elem type=java.lang.Object[]@5000010a)
	[2]		50001532
ARR 500013b3 (sz=72, trace=300000, nelems=0, elem type=java.lang.Object[]@5000010a)
ARR 500013b4 (sz=32, trace=300000, nelems=0, elem type=java.lang.Object[]@5000010a)
ARR 500013b5 (sz=32, trace=300000, nelems=0, elem type=java.lang.Object[]@5000010a)
ARR 500013b6 (sz=24, trace=300000, nelems=0, elem type=java.lang.Object[]@5000010a)
ARR 500013b7 (sz=48, trace=300000, nelems=0, elem type=java.lang.Object[]@5000010a)
ARR 500013b8 (sz=24, trace=300000, nelems=2, elem type=java.lang.Object[]@5000010a)
	[1]		5000152c
ARR 500013b9 (sz=24, trace=300000, nelems=0, elem type=java.lang.Object[]@5000010a)
ARR 500013ba (sz=24, trace=300000, nelems=1, elem type=java.lang.Object[]@5000010a)
	[0]		5000209a
ARR 500013bb (sz=40, trace=300000, nelems=0, elem type=java.lang.Object[]@5000010a)
ARR 500013bc (sz=48, trace=300000, nelems=0, elem type=java.lang.Object[]@5000010a)
ARR 500013bd (sz=32, trace=300000, nelems=3, elem type=java.lang.Object[]@5000010a)
	[2]		50001546
ARR 500013be (sz=64, trace=300000, nelems=11, elem type=java.lang.Object[]@5000010a)
	[2]		5000154d
	[3]		5000154e
	[4]		5000154f
	[5]		500014ba
	[6]		50001550
	[7]		50001551
	[8]		50001552
	[9]		50001553
	[10]		50001554
ARR 500013bf (sz=24, trace=300000, nelems=0, elem type=java.lang.Object[]@5000010a)
ARR 500013c0 (sz=56, trace=300000, nelems=10, elem type=java.lang.Object[]@5000010a)
	[9]		50001672
ARR 500013c1 (sz=152, trace=300000, nelems=0, elem type=java.lang.Object[]@5000010a)
ARR 500013c2 (sz=24, trace=300000, nelems=0, elem type=java.lang.Object[]@5000010a)
ARR 500013c3 (sz=48, trace=300000, nelems=5, elem type=java.lang.Object[]@5000010a)
	[0]		5000181e
	[1]		5000149a
	[2]		5000181f
	[4]		50001820
ARR 500013c4 (sz=24, trace=300000, nelems=0, elem type=java.lang.Object[]@5000010a)
ARR 500013c5 (sz=24, trace=300000, nelems=2, elem type=java.lang.Object[]@5000010a)
	[0]		50001879
	[1]		50001c21
ARR 500013c6 (sz=864, trace=300000, nelems=212, elem type=java.lang.Object[]@5000010a)
	[0]		50001824
	[1]		50001af7
	[2]		50001b75
	[3]		50001b76
	[4]		50001b77
	[5]		50001b78
	[6]		50001a0e
	[7]		50001b79
	[8]		50001a0a
	[9]		50001b7a
	[10]		50001a3d
	[11]		50001ac5
	[12]		500019c6
	[13]		50001b7b
	[14]		500019fa
	[15]		50001b83
	[16]		50001b20
	[17]		50001b84
	[18]		50001b85
	[19]		500018be
	[20]		50001a4f
	[21]		500019fe
	[22]		50001b86
	[23]		500018b3
	[24]		50001b87
	[25]		50001b88
	[26]		50001b89
	[27]		500018e1
	[28]		50001b8a
	[29]		50001b8b
	[30]		50001b8c
	[31]		500018de
	[32]		50001b8d
	[33]		50001842
	[34]		50001b8e
	[35]		500018ca
	[36]		50001b8f
	[37]		50001860
	[38]		50001b90
	[39]		5000184e
	[40]		50001b91
	[41]		50001a7d
	[42]		50001b92
	[43]		50001a75
	[44]		50001ab8
	[45]		50001b93
	[46]		50001b00
	[47]		50001b94
	[48]		50001b22
	[49]		50001b95
	[50]		50001b96
	[51]		50001b97
	[52]		500018ad
	[53]		50001b35
	[54]		50001b98
	[55]		50001ada
	[56]		50001b31
	[57]		50001a7b
	[58]		50001b99
	[59]		50001b9a
	[60]		50001b9b
	[61]		50001a73
	[62]		50001ab4
	[63]		50001ad0
	[64]		50001ac1
	[65]		50001b16
	[66]		50001b40
	[67]		50001b9c
	[68]		50001ad8
	[69]		500019f2
	[70]		50001b2f
	[71]		50001a6d
	[72]		50001b9d
	[73]		50001b9e
	[74]		50001a71
	[75]		50001aab
	[76]		50001ace
	[77]		50001abe
	[78]		50001b14
	[79]		50001b3e
	[80]		50001b9f
	[81]		50001ad6
	[82]		50001b2c
	[83]		50001a4d
	[84]		50001ba0
	[85]		50001ba1
	[86]		50001ba2
	[87]		50001aae
	[88]		50001acc
	[89]		50001aba
	[90]		50001b12
	[91]		50001b3c
	[92]		50001ba3
	[93]		50001ad4
	[94]		50001b28
	[95]		50001a63
	[96]		50001ba4
	[97]		50001ba5
	[98]		50001ba6
	[99]		50001ba7
	[100]		500019fc
	[101]		50001ac3
	[102]		50001ba8
	[103]		500019dd
	[104]		50001a8d
	[105]		50001a83
	[106]		50001b2a
	[107]		50001b03
	[108]		500019ee
	[109]		50001ad2
	[110]		50001b26
	[111]		50001a4b
	[112]		50001ba9
	[113]		50001baa
	[114]		50001bab
	[115]		50001a6f
	[116]		50001aa7
	[117]		50001abc
	[118]		50001a91
	[119]		50001b3a
	[120]		50001b10
	[121]		50001bac
	[122]		50001a1d
	[123]		50001a10
	[124]		50001aca
	[125]		50001bad
	[126]		50001bae
	[127]		50001a0c
	[128]		50001baf
	[129]		50001bb0
	[130]		50001bb1
	[131]		50001bb2
	[132]		50001bb3
	[133]		50001b0e
	[134]		50001b38
	[135]		50001bb4
	[136]		50001bb5
	[137]		50001bb6
	[138]		50001bb7
	[139]		50001bb8
	[140]		50001bb9
	[141]		50001b1a
	[142]		50001a97
	[143]		500019f4
	[144]		50001b18
	[145]		50001a31
	[146]		500019c4
	[147]		50001a2f
	[148]		500019c2
	[149]		50001b07
	[150]		50001a2d
	[151]		500019c0
	[152]		50001a2b
	[153]		500019be
	[154]		50001a29
	[155]		500019ba
	[156]		50001a26
	[157]		500019b8
	[158]		50001a51
	[159]		5000186a
	[160]		50001a06
	[161]		50001a79
	[162]		50001b05
	[163]		500019ce
	[164]		50001a9d
	[165]		50001a61
	[166]		50001a55
	[167]		50001af2
	[168]		50001a65
	[169]		50001881
	[170]		50001a14
	[171]		50001a95
	[172]		50001ab0
	[173]		50001a5d
	[174]		50001887
	[175]		50001afe
	[176]		500019b2
	[177]		50001aa9
	[178]		5000187e
	[179]		50001a5b
	[180]		50001afc
	[181]		50001bba
	[182]		50001aa5
	[183]		50001a59
	[184]		50001867
	[185]		50001afa
	[186]		500019d0
	[187]		50001aa0
	[188]		5000185c
	[189]		50001a57
	[190]		50001af5
	[191]		50001bbb
	[192]		50001a9b
	[193]		500019ea
	[194]		50001a12
	[195]		50001af0
	[196]		50001bbc
	[197]		50001a8b
	[198]		500018e8
	[199]		50001a49
	[200]		50001aec
	[201]		50001bbd
	[202]		500019e8
	[203]		50001a89
	[204]		500018da
	[205]		50001a47
	[206]		50001aea
	[207]		50001bbe
	[208]		50001a7f
	[209]		50001a45
	[210]		50001a41
	[211]		50001ae0
ARR 500013c7 (sz=24, trace=300000, nelems=0, elem type=java.lang.Object[]@5000010a)
ARR 500013c8 (sz=984, trace=300000, nelems=241, elem type=java.lang.Object[]@5000010a)
	[0]		50001b52
	[1]		5000186d
	[2]		50001b50
	[3]		500018ac
	[4]		50001b4e
	[5]		500018a9
	[6]		50001b4c
	[7]		500018a0
	[8]		50001b4a
	[9]		5000188f
	[10]		50001b48
	[11]		50001b46
	[12]		50001855
	[13]		50001b44
	[14]		50001878
	[15]		50001b42
	[16]		50001896
	[17]		50001b40
	[18]		50001b3e
	[19]		50001b3c
	[20]		5000189c
	[21]		50001b3a
	[22]		50001b38
	[23]		50001b33
	[24]		50001b35
	[25]		50001b31
	[26]		50001b2f
	[27]		50001b2a
	[28]		50001b2c
	[29]		50001b28
	[30]		50001b26
	[31]		50001b24
	[32]		50001b22
	[33]		50001b20
	[34]		500018a3
	[35]		50001b1e
	[36]		500018e0
	[37]		50001b1c
	[38]		50001b1a
	[39]		50001849
	[40]		50001b18
	[41]		50001845
	[42]		50001b16
	[43]		50001b14
	[44]		50001b12
	[45]		50001b10
	[46]		50001b0e
	[47]		50001b0c
	[48]		5000185f
	[49]		50001b0a
	[50]		500018b2
	[51]		50001b05
	[52]		5000186a
	[53]		50001b07
	[54]		500018d1
	[55]		50001b03
	[56]		50001afe
	[57]		50001887
	[58]		50001b00
	[59]		50001afc
	[60]		5000187e
	[61]		50001afa
	[62]		50001867
	[63]		50001af5
	[64]		5000185c
	[65]		50001af7
	[66]		50001af0
	[67]		50001859
	[68]		50001af2
	[69]		5000188b
	[70]		50001aee
	[71]		50001aec
	[72]		500018e8
	[73]		50001aea
	[74]		500018da
	[75]		50001ae8
	[76]		500018c9
	[77]		50001ae6
	[78]		50001ae4
	[79]		500018bd
	[80]		50001ae2
	[81]		50001ae0
	[82]		50001893
	[83]		50001ade
	[84]		50001adc
	[85]		50001ada
	[86]		50001ad8
	[87]		50001ad6
	[88]		50001ad4
	[89]		50001ad2
	[90]		50001ad0
	[91]		50001ace
	[92]		50001acc
	[93]		50001aca
	[94]		50001875
	[95]		50001ac8
	[96]		50001ac3
	[97]		50001ac5
	[98]		50001ac1
	[99]		50001abc
	[100]		50001abe
	[101]		50001aba
	[102]		50001ab8
	[103]		50001ab0
	[104]		50001ab2
	[105]		50001ab4
	[106]		50001aae
	[107]		50001aa9
	[108]		50001aab
	[109]		50001aa7
	[110]		50001aa5
	[111]		50001aa0
	[112]		50001aa2
	[113]		50001a9b
	[114]		50001a9d
	[115]		50001a99
	[116]		50001a97
	[117]		50001a95
	[118]		50001881
	[119]		50001a93
	[120]		50001a91
	[121]		50001a8f
	[122]		50001a8d
	[123]		50001a8b
	[124]		50001a89
	[125]		50001a87
	[126]		50001a85
	[127]		50001a83
	[128]		50001a81
	[129]		50001a7f
	[130]		50001a7d
	[131]		50001a7b
	[132]		50001a79
	[133]		50001a77
	[134]		50001a75
	[135]		50001a73
	[136]		50001a71
	[137]		50001a6f
	[138]		50001a6d
	[139]		50001a6b
	[140]		50001a69
	[141]		50001a67
	[142]		5000184d
	[143]		50001a65
	[144]		50001a63
	[145]		50001a61
	[146]		50001a5f
	[147]		50001a5d
	[148]		50001a5b
	[149]		50001a59
	[150]		50001a57
	[151]		50001a55
	[152]		50001a53
	[153]		50001a51
	[154]		50001a4f
	[155]		50001a4d
	[156]		50001a4b
	[157]		50001a49
	[158]		50001a47
	[159]		50001a45
	[160]		50001a43
	[161]		50001841
	[162]		50001a41
	[163]		50001a3f
	[164]		50001a3d
	[165]		50001a3b
	[166]		500018dd
	[167]		50001a39
	[168]		50001a37
	[169]		50001a35
	[170]		50001a33
	[171]		50001a31
	[172]		500018d4
	[173]		50001a2f
	[174]		50001a2d
	[175]		500018c6
	[176]		50001a2b
	[177]		500018c3
	[178]		50001a29
	[179]		500018ba
	[180]		50001a24
	[181]		50001a26
	[182]		500018b6
	[183]		50001a1f
	[184]		50001a21
	[185]		50001851
	[186]		50001a1d
	[187]		50001a18
	[188]		50001a1a
	[189]		50001a16
	[190]		50001a14
	[191]		50001a12
	[192]		50001a10
	[193]		50001a0e
	[194]		50001a0c
	[195]		50001a0a
	[196]		50001a08
	[197]		50001a06
	[198]		50001a04
	[199]		50001a02
	[200]		50001a00
	[201]		500019fe
	[202]		500019fc
	[203]		500019fa
	[204]		500019f8
	[205]		500019f6
	[206]		500019f4
	[207]		500019f2
	[208]		500019f0
	[209]		500019ee
	[210]		500019ec
	[211]		500019ea
	[212]		500019e8
	[213]		500019e6
	[214]		500019e4
	[215]		500019df
	[216]		500019e1
	[217]		500019dd
	[218]		500019db
	[219]		500019d9
	[220]		500019d4
	[221]		500019d6
	[222]		500019d2
	[223]		500019d0
	[224]		500019ce
	[225]		500019cc
	[226]		500019ca
	[227]		500019c8
	[228]		500019c6
	[229]		500019c4
	[230]		500019c2
	[231]		500019c0
	[232]		500019be
	[233]		500019bc
	[234]		500019ba
	[235]		500019b8
	[236]		500019b6
	[237]		500019b4
	[238]		500019b2
	[239]		500019b0
	[240]		500019ae
ARR 500013c9 (sz=328, trace=300000, nelems=78, elem type=java.lang.Object[]@5000010a)
	[0]		500018e8
	[1]		500018e9
	[2]		500018da
	[3]		500018db
	[4]		500018dd
	[5]		500018de
	[6]		500018e0
	[7]		500018e1
	[8]		500018d1
	[9]		500018d2
	[10]		500018d4
	[11]		500018d5
	[12]		500018c3
	[13]		500018c4
	[14]		500018c6
	[15]		500018c7
	[16]		500018c9
	[17]		500018ca
	[18]		500018ba
	[19]		500018bb
	[20]		500018bd
	[21]		500018be
	[22]		500018b6
	[23]		500018b7
	[24]		500018b2
	[25]		500018b3
	[26]		500018a9
	[27]		500018aa
	[28]		500018ac
	[29]		500018ad
	[30]		500018a0
	[31]		500018a1
	[32]		500018a3
	[33]		500018a4
	[34]		5000189c
	[35]		5000189d
	[36]		50001893
	[37]		50001894
	[38]		50001896
	[39]		50001897
	[40]		5000188f
	[41]		50001890
	[42]		5000188b
	[43]		5000188c
	[44]		50001887
	[45]		50001888
	[46]		5000187e
	[47]		5000187f
	[48]		50001881
	[49]		50001882
	[50]		50001875
	[51]		50001876
	[52]		50001878
	[53]		50001879
	[54]		50001867
	[55]		50001868
	[56]		5000186a
	[57]		5000186b
	[58]		5000186d
	[59]		5000186e
	[60]		50001859
	[61]		5000185a
	[62]		5000185c
	[63]		5000185d
	[64]		5000185f
	[65]		50001860
	[66]		50001855
	[67]		50001856
	[68]		50001851
	[69]		50001852
	[70]		5000184d
	[71]		5000184e
	[72]		50001849
	[73]		5000184a
	[74]		50001845
	[75]		50001846
	[76]		50001841
	[77]		50001842
ARR 500013ca (sz=176, trace=300000, nelems=39, elem type=java.lang.Object[]@5000010a)
	[0]		500018e8
	[1]		500018da
	[2]		500018dd
	[3]		500018e0
	[4]		500018d1
	[5]		500018d4
	[6]		500018c3
	[7]		500018c6
	[8]		500018c9
	[9]		500018ba
	[10]		500018bd
	[11]		500018b6
	[12]		500018b2
	[13]		500018a9
	[14]		500018ac
	[15]		500018a0
	[16]		500018a3
	[17]		5000189c
	[18]		50001893
	[19]		50001896
	[20]		5000188f
	[21]		5000188b
	[22]		50001887
	[23]		5000187e
	[24]		50001881
	[25]		50001875
	[26]		50001878
	[27]		50001867
	[28]		5000186a
	[29]		5000186d
	[30]		50001859
	[31]		5000185c
	[32]		5000185f
	[33]		50001855
	[34]		50001851
	[35]		5000184d
	[36]		50001849
	[37]		50001845
	[38]		50001841
ARR 500013cb (sz=24, trace=300000, nelems=1, elem type=java.lang.Object[]@5000010a)
	[0]		5000169d
ARR 500013cc (sz=48, trace=300000, nelems=0, elem type=java.lang.Object[]@5000010a)
ARR 500013cd (sz=24, trace=300000, nelems=0, elem type=java.lang.Object[]@5000010a)
ARR 500013ce (sz=24, trace=300000, nelems=0, elem type=java.lang.Object[]@5000010a)
ARR 500013cf (sz=56, trace=300000, nelems=10, elem type=java.lang.Object[]@5000010a)
	[6]		50001535
	[7]		50001536
	[8]		50001537
	[9]		50001538
ARR 500013d0 (sz=32, trace=300000, nelems=0, elem type=java.lang.Object[]@5000010a)
ARR 500013d1 (sz=24, trace=300000, nelems=0, elem type=java.lang.Object[]@5000010a)
ARR 500013d2 (sz=24, trace=300000, nelems=1, elem type=java.lang.Object[]@5000010a)
	[0]		50001f1d
ARR 500013d3 (sz=40, trace=300000, nelems=5, elem type=java.lang.Object[]@5000010a)
	[2]		50001f17
	[3]		50001f18
	[4]		50001f19
ARR 500013d4 (sz=32, trace=300000, nelems=0, elem type=java.lang.Object[]@5000010a)
ARR 500013d5 (sz=72, trace=300000, nelems=0, elem type=java.lang.Object[]@5000010a)
ARR 500013d6 (sz=104, trace=300000, nelems=4, elem type=java.lang.Object[]@5000010a)
	[3]		5000149d
ARR 500013d7 (sz=72, trace=300000, nelems=0, elem type=java.lang.Object[]@5000010a)
ARR 500013d8 (sz=192, trace=300000, nelems=0, elem type=java.lang.Object[]@5000010a)
ARR 500013d9 (sz=24, trace=300000, nelems=1, elem type=java.lang.Object[]@5000010a)
	[0]		50001c27
ARR 500013da (sz=32, trace=300000, nelems=0, elem type=java.lang.Object[]@5000010a)
ARR 500013db (sz=32, trace=300000, nelems=3, elem type=java.lang.Object[]@5000010a)
	[0]		50001f13
	[2]		50001f14
ARR 500013dc (sz=32, trace=300000, nelems=0, elem type=java.lang.Object[]@5000010a)
ARR 500013dd (sz=80, trace=300000, nelems=15, elem type=java.lang.Object[]@5000010a)
	[2]		5000181f
	[4]		50001c40
	[11]		50001c36
	[12]		50001c37
	[13]		50001c38
	[14]		50001c39
ARR 500013de (sz=32, trace=300000, nelems=3, elem type=java.lang.Object[]@5000010a)
	[0]		50001816
	[1]		50001817
	[2]		50001818
ARR 500013df (sz=24, trace=300000, nelems=0, elem type=java.lang.Object[]@5000010a)
ARR 500013e0 (sz=24, trace=300000, nelems=0, elem type=java.lang.Object[]@5000010a)
ARR 500013e1 (sz=24, trace=300000, nelems=0, elem type=java.lang.Object[]@5000010a)
ARR 500013e2 (sz=40, trace=300000, nelems=0, elem type=java.lang.Object[]@5000010a)
ARR 500013e3 (sz=104, trace=300000, nelems=6, elem type=java.lang.Object[]@5000010a)
	[0]		50001d45
	[1]		50001d49
	[2]		50002068
	[3]		50002067
	[4]		5000205e
	[5]		5000205d
ARR 500013e4 (sz=24, trace=300000, nelems=0, elem type=java.lang.Object[]@5000010a)
ARR 500013e5 (sz=24, trace=300000, nelems=0, elem type=java.lang.Object[]@5000010a)
ARR 500013e6 (sz=24, trace=300000, nelems=0, elem type=java.lang.Object[]@5000010a)
ARR 500013e7 (sz=40, trace=300000, nelems=5, elem type=java.lang.Object[]@5000010a)
	[0]		50001499
	[1]		50002011
	[2]		50002012
	[3]		50002013
	[4]		50002014
ARR 500013e8 (sz=40, trace=300000, nelems=0, elem type=java.lang.Object[]@5000010a)
ARR 500013e9 (sz=56, trace=300000, nelems=0, elem type=java.lang.Object[]@5000010a)
ARR 500013ea (sz=40, trace=300000, nelems=2, elem type=java.lang.Object[]@5000010a)
	[1]		50002027
ARR 500013eb (sz=24, trace=300000, nelems=0, elem type=java.lang.Object[]@5000010a)
ARR 500013ec (sz=24, trace=300000, nelems=0, elem type=java.lang.Object[]@5000010a)
ARR 500013ed (sz=32, trace=300000, nelems=0, elem type=java.lang.Object[]@5000010a)
ARR 500013ee (sz=24, trace=300000, nelems=0, elem type=java.lang.Object[]@5000010a)
ARR 500013ef (sz=80, trace=300000, nelems=15, elem type=java.lang.Object[]@5000010a)
	[2]		5000181f
	[11]		50001c36
	[12]		50001c37
	[13]		50001c38
	[14]		50001c39
ARR 500013f0 (sz=32, trace=300000, nelems=0, elem type=java.lang.Object[]@5000010a)
ARR 500013f1 (sz=32, trace=300000, nelems=0, elem type=java.lang.Object[]@5000010a)
ARR 500013f2 (sz=48, trace=300000, nelems=6, elem type=java.lang.Object[]@5000010a)
	[1]		50001800
	[2]		50001801
	[3]		50001802
	[4]		50001803
	[5]		50001804
ARR 500013f3 (sz=24, trace=300000, nelems=2, elem type=java.lang.Object[]@5000010a)
	[0]		500017fa
	[1]		500017fb
ARR 500013f4 (sz=32, trace=300000, nelems=2, elem type=java.lang.Object[]@5000010a)
	[1]		5000149f
ARR 500013f5 (sz=96, trace=300000, nelems=19, elem type=java.lang.Object[]@5000010a)
	[0]		5000149a
	[17]		50001c5b
	[18]		50001c5c
ARR 500013f6 (sz=32, trace=300000, nelems=3, elem type=java.lang.Object[]@5000010a)
	[1]		50001d2b
	[2]		50001d2c
ARR 500013f7 (sz=40, trace=300000, nelems=6, elem type=java.lang.Object[]@5000010a)
	[0]		50001d28
	[1]		50001d29
	[2]		500017db
	[3]		50001529
	[4]		5000149a
	[5]		50001d2a
ARR 500013f8 (sz=32, trace=300000, nelems=0, elem type=java.lang.Object[]@5000010a)
ARR 500013f9 (sz=24, trace=300000, nelems=2, elem type=java.lang.Object[]@5000010a)
	[0]		50001d39
	[1]		50001d3a
ARR 500013fa (sz=32, trace=300000, nelems=3, elem type=java.lang.Object[]@5000010a)
	[0]		500014ba
	[2]		5000166d
ARR 500013fb (sz=32, trace=300000, nelems=3, elem type=java.lang.Object[]@5000010a)
	[0]		50002077
	[1]		50002078
	[2]		50002079
ARR 500013fc (sz=40, trace=300000, nelems=0, elem type=java.lang.Object[]@5000010a)
ARR 500013fd (sz=80, trace=300000, nelems=16, elem type=java.lang.Object[]@5000010a)
	[15]		500016a7
ARR 500013fe (sz=24, trace=300000, nelems=1, elem type=java.lang.Object[]@5000010a)
	[0]		50001551
ARR 500013ff (sz=48, trace=300000, nelems=8, elem type=java.lang.Object[]@5000010a)
	[0]		500020e6
	[5]		500020e7
	[7]		500020e8
ARR 50001400 (sz=48, trace=300000, nelems=8, elem type=java.lang.Object[]@5000010a)
	[2]		50001ed1
	[7]		50001ed2
ARR 50001401 (sz=40, trace=300000, nelems=5, elem type=java.lang.Object[]@5000010a)
	[0]		50001c21
	[1]		50001d52
	[4]		50001d51
ARR 50001402 (sz=32, trace=300000, nelems=4, elem type=java.lang.Object[]@5000010a)
	[3]		50001d42
ARR 50001403 (sz=64, trace=300000, nelems=0, elem type=java.lang.Object[]@5000010a)
ARR 50001404 (sz=32, trace=300000, nelems=2, elem type=java.lang.Object[]@5000010a)
	[0]		50001ed0
	[1]		50001dbf
ARR 50001405 (sz=264, trace=300000, nelems=62, elem type=java.lang.Object[]@5000010a)
	[57]		500017ca
	[58]		500017cb
	[61]		500017cc
ARR 50001406 (sz=24, trace=300000, nelems=0, elem type=java.lang.Object[]@5000010a)
ARR 50001407 (sz=24, trace=300000, nelems=0, elem type=java.lang.Object[]@5000010a)
ARR 50001408 (sz=24, trace=300000, nelems=0, elem type=java.lang.Object[]@5000010a)
ARR 50001409 (sz=24, trace=300000, nelems=0, elem type=java.lang.Object[]@5000010a)
ARR 5000140a (sz=24, trace=300000, nelems=2, elem type=java.lang.Object[]@5000010a)
	[1]		500017af
ARR 5000140b (sz=32, trace=300000, nelems=3, elem type=java.lang.Object[]@5000010a)
	[0]		50001dbf
	[1]		50001dc0
	[2]		50001dc1
ARR 5000140c (sz=32, trace=300000, nelems=0, elem type=java.lang.Object[]@5000010a)
ARR 5000140d (sz=40, trace=300000, nelems=2, elem type=java.lang.Object[]@5000010a)
	[1]		50001499
ARR 5000140e (sz=32, trace=300000, nelems=0, elem type=java.lang.Object[]@5000010a)
ARR 5000140f (sz=32, trace=300000, nelems=0, elem type=java.lang.Object[]@5000010a)
ARR 50001410 (sz=48, trace=300000, nelems=0, elem type=java.lang.Object[]@5000010a)
ARR 50001411 (sz=40, trace=300000, nelems=6, elem type=java.lang.Object[]@5000010a)
	[2]		50001c29
	[3]		50001c2a
	[4]		50001c2b
	[5]		50001c2c
ARR 50001412 (sz=24, trace=300000, nelems=0, elem type=java.lang.Object[]@5000010a)
ARR 50001413 (sz=112, trace=300000, nelems=24, elem type=java.lang.Object[]@5000010a)
	[0]		50001c27
	[2]		50001d63
	[3]		50001d64
	[4]		50001d65
	[5]		50001d66
	[6]		50001529
	[7]		50001d57
	[8]		5000149a
	[16]		50001d67
	[17]		50001d68
	[18]		50001d69
	[19]		50001d6a
	[20]		50001d6b
	[21]		50001d6c
	[22]		50001d6d
	[23]		50001d6e
ARR 50001414 (sz=80, trace=300000, nelems=8, elem type=java.lang.Object[]@5000010a)
	[7]		50001d72
ARR 50001415 (sz=24, trace=300000, nelems=0, elem type=java.lang.Object[]@5000010a)
ARR 50001416 (sz=40, trace=300000, nelems=5, elem type=java.lang.Object[]@5000010a)
	[4]		500017b9
ARR 50001417 (sz=88, trace=300000, nelems=17, elem type=java.lang.Object[]@5000010a)
	[16]		500016a5
ARR 50001418 (sz=120, trace=300000, nelems=24, elem type=java.lang.Object[]@5000010a)
	[6]		50001d4e
	[7]		50001529
	[11]		50001d4f
	[12]		5000149a
	[13]		50001d50
	[14]		50001d51
	[15]		50001c21
	[16]		50001d52
	[17]		50001d53
	[18]		50001d54
	[19]		50001d55
	[20]		50001d56
	[21]		50001d57
	[22]		50001d58
	[23]		50001d59
ARR 50001419 (sz=256, trace=300000, nelems=60, elem type=java.lang.Object[]@5000010a)
	[0]		5000149a
	[2]		500014be
	[3]		500014bf
	[4]		500014c0
	[5]		500014c1
	[6]		500014c2
	[7]		500014c3
	[29]		500014c4
	[30]		500014c5
	[31]		500014c6
	[32]		500014c7
	[33]		500014c8
	[34]		500014c9
	[41]		500014ca
	[43]		500014cb
	[44]		500014cc
	[46]		500014cd
	[47]		500014ce
	[48]		500014cf
	[49]		500014d0
	[50]		500014d1
	[51]		500014d2
	[52]		500014d3
	[53]		500014d4
	[54]		500014d5
	[55]		500014d6
	[56]		500014d7
	[57]		500014d8
	[58]		500014d9
	[59]		500014da
ARR 5000141a (sz=88, trace=300000, nelems=0, elem type=java.lang.Object[]@5000010a)
ARR 5000141b (sz=56, trace=300000, nelems=9, elem type=java.lang.Object[]@5000010a)
	[1]		50001696
	[2]		50001697
	[3]		50001698
	[4]		50001699
	[5]		5000169a
	[6]		5000169b
	[7]		5000169c
	[8]		5000169d
ARR 5000141c (sz=72, trace=300000, nelems=6, elem type=java.lang.Object[]@5000010a)
	[0]		5000149a
	[1]		50001509
	[3]		5000150a
	[5]		5000150b
ARR 5000141d (sz=24, trace=300000, nelems=1, elem type=java.lang.Object[]@5000010a)
	[0]		5000149a
ARR 5000141e (sz=24, trace=300000, nelems=0, elem type=java.lang.Object[]@5000010a)
ARR 5000141f (sz=24, trace=300000, nelems=2, elem type=java.lang.Object[]@5000010a)
	[0]		500017b0
	[1]		500017b1
ARR 50001420 (sz=80, trace=300000, nelems=12, elem type=java.lang.Object[]@5000010a)
	[3]		5000149a
	[6]		50001d64
	[7]		50001d63
	[8]		50001d65
	[9]		50001d84
	[10]		50001d66
	[11]		50001d85
ARR 50001421 (sz=40, trace=300000, nelems=1, elem type=java.lang.Object[]@5000010a)
	[0]		5000149a
ARR 50001422 (sz=72, trace=300000, nelems=0, elem type=java.lang.Object[]@5000010a)
ARR 50001423 (sz=32, trace=300000, nelems=0, elem type=java.lang.Object[]@5000010a)
ARR 50001424 (sz=104, trace=300000, nelems=20, elem type=java.lang.Object[]@5000010a)
	[0]		50001d44
	[13]		50001d45
	[14]		50001d46
	[15]		50001d47
	[16]		50001d48
	[17]		500014ba
	[19]		50001554
ARR 50001425 (sz=64, trace=300000, nelems=9, elem type=java.lang.Object[]@5000010a)
	[0]		50001d44
	[2]		50001ecb
	[3]		5000149a
	[8]		50001529
ARR 50001426 (sz=24, trace=300000, nelems=1, elem type=java.lang.Object[]@5000010a)
	[0]		50001ed5
ARR 50001427 (sz=24, trace=300000, nelems=1, elem type=java.lang.Object[]@5000010a)
	[0]		50001f0b
ARR 50001428 (sz=40, trace=300000, nelems=0, elem type=java.lang.Object[]@5000010a)
ARR 50001429 (sz=80, trace=300000, nelems=13, elem type=java.lang.Object[]@5000010a)
	[12]		500020ce
ARR 5000142a (sz=120, trace=300000, nelems=0, elem type=java.lang.Object[]@5000010a)
ARR 5000142b (sz=24, trace=300000, nelems=1, elem type=java.lang.Object[]@5000010a)
	[0]		500020e3
ARR 5000142c (sz=64, trace=300000, nelems=0, elem type=java.lang.Object[]@5000010a)
ARR 5000142d (sz=24, trace=300000, nelems=0, elem type=java.lang.Object[]@5000010a)
ARR 5000142e (sz=24, trace=300000, nelems=0, elem type=java.lang.Object[]@5000010a)
ARR 5000142f (sz=40, trace=300000, nelems=0, elem type=java.lang.Object[]@5000010a)
ARR 50001430 (sz=56, trace=300000, nelems=10, elem type=java.lang.Object[]@5000010a)
	[0]		500020cf
	[1]		500020d0
	[2]		500020d1
	[3]		500020d2
	[4]		500020d3
	[5]		500020d4
	[6]		500020d5
	[7]		500020d6
	[8]		500014ba
	[9]		500020d7
ARR 50001431 (sz=144, trace=300000, nelems=0, elem type=java.lang.Object[]@5000010a)
ARR 50001432 (sz=128, trace=300000, nelems=0, elem type=java.lang.Object[]@5000010a)
ARR 50001433 (sz=24, trace=300000, nelems=2, elem type=java.lang.Object[]@5000010a)
	[0]		500020ec
	[1]		500020ed
ARR 50001434 (sz=192, trace=300000, nelems=42, elem type=java.lang.Object[]@5000010a)
	[0]		500020f0
	[1]		500020f1
	[2]		500020f2
	[3]		500020f3
	[4]		500020f4
	[5]		500020f5
	[7]		500020f6
	[8]		500020f7
	[16]		500020f8
	[25]		500020f9
	[26]		500020fa
	[38]		500017db
	[39]		500020fb
	[40]		500020fc
	[41]		50001c27
ARR 50001435 (sz=24, trace=300000, nelems=1, elem type=java.lang.Object[]@5000010a)
	[0]		5000169d
ARR 50001436 (sz=32, trace=300000, nelems=3, elem type=java.lang.Object[]@5000010a)
	[0]		5000210b
	[1]		500014ba
	[2]		50002121
ARR 50001437 (sz=296, trace=300000, nelems=68, elem type=java.lang.Object[]@5000010a)
	[44]		500020f4
	[45]		5000212c
	[52]		5000149a
	[54]		50001398
	[61]		5000212d
	[66]		5000212e
	[67]		50001553
ARR 50001438 (sz=24, trace=300000, nelems=1, elem type=java.lang.Object[]@5000010a)
	[0]		50001dc1
ARR 50001439 (sz=48, trace=300000, nelems=1, elem type=java.lang.Object[]@5000010a)
	[0]		50001d4d
ARR 5000143a (sz=24, trace=300000, nelems=2, elem type=java.lang.Object[]@5000010a)
	[0]		50001529
	[1]		50001d57
ARR 5000143b (sz=24, trace=300000, nelems=0, elem type=java.lang.Object[]@5000010a)
ARR 5000143c (sz=48, trace=300000, nelems=4, elem type=java.lang.Object[]@5000010a)
	[0]		50001d44
	[1]		5000149a
	[2]		50001dba
	[3]		50001d57
ARR 5000143d (sz=56, trace=300000, nelems=9, elem type=java.lang.Object[]@5000010a)
	[8]		50001552
ARR 5000143e (sz=32, trace=300000, nelems=3, elem type=java.lang.Object[]@5000010a)
	[0]		5000169d
	[1]		50001d30
	[2]		50001d31
ARR 5000143f (sz=40, trace=300000, nelems=5, elem type=java.lang.Object[]@5000010a)
	[4]		500017b7
ARR 50001440 (sz=24, trace=300000, nelems=0, elem type=java.lang.Object[]@5000010a)
ARR 50001441 (sz=24, trace=300000, nelems=1, elem type=java.lang.Object[]@5000010a)
	[0]		5000149a
ARR 50001442 (sz=104, trace=300000, nelems=21, elem type=java.lang.Object[]@5000010a)
	[0]		500017d6
	[1]		500017d7
	[2]		500017d8
	[3]		500017d9
	[4]		500017da
	[9]		500017db
	[10]		500017dc
	[11]		500017dd
	[12]		500017de
	[13]		500017df
	[14]		500017e0
	[15]		500017e1
	[16]		500017e2
	[17]		500017e3
	[18]		500017e4
	[19]		500017e5
	[20]		500017e6
ARR 50001443 (sz=48, trace=300000, nelems=7, elem type=java.lang.Object[]@5000010a)
	[1]		50001b73
	[2]		50001c44
	[3]		50001c27
	[4]		50001c46
	[5]		50001c50
	[6]		50001c49
ARR 50001444 (sz=24, trace=300000, nelems=1, elem type=java.lang.Object[]@5000010a)
	[0]		50001b73
ARR 50001445 (sz=24, trace=300000, nelems=1, elem type=java.lang.Object[]@5000010a)
	[0]		50001c44
ARR 50001446 (sz=24, trace=300000, nelems=1, elem type=java.lang.Object[]@5000010a)
	[0]		50001c46
ARR 50001447 (sz=24, trace=300000, nelems=1, elem type=java.lang.Object[]@5000010a)
	[0]		50001c50
ARR 50001448 (sz=24, trace=300000, nelems=1, elem type=java.lang.Object[]@5000010a)
	[0]		50001c49
ARR 50001449 (sz=64, trace=300000, nelems=0, elem type=java.lang.Object[]@5000010a)
ARR 5000144a (sz=48, trace=300000, nelems=0, elem type=java.lang.Object[]@5000010a)
ARR 5000144b (sz=24, trace=300000, nelems=0, elem type=java.lang.Object[]@5000010a)
ARR 5000144c (sz=24, trace=300000, nelems=0, elem type=java.lang.Object[]@5000010a)
ARR 5000144d (sz=24, trace=300000, nelems=0, elem type=java.lang.Object[]@5000010a)
ARR 5000144e (sz=40, trace=300000, nelems=0, elem type=java.lang.Object[]@5000010a)
ARR 5000144f (sz=40, trace=300000, nelems=6, elem type=java.lang.Object[]@5000010a)
	[0]		5000180a
	[1]		5000180b
	[2]		5000180c
	[3]		5000180d
	[4]		5000180e
	[5]		5000180f
ARR 50001450 (sz=32, trace=300000, nelems=0, elem type=java.lang.Object[]@5000010a)
ARR 50001451 (sz=56, trace=300000, nelems=10, elem type=java.lang.Object[]@5000010a)
	[0]		50001dbb
	[1]		50001529
	[4]		50001b83
	[7]		50001dbc
	[8]		500014ba
	[9]		50001dbd
ARR 50001452 (sz=64, trace=300000, nelems=3, elem type=java.lang.Object[]@5000010a)
	[2]		500017e9
ARR 50001453 (sz=24, trace=300000, nelems=0, elem type=java.lang.Object[]@5000010a)
ARR 50001454 (sz=40, trace=300000, nelems=0, elem type=java.lang.Object[]@5000010a)
ARR 50001455 (sz=24, trace=300000, nelems=0, elem type=java.lang.Object[]@5000010a)
ARR 50001456 (sz=24, trace=300000, nelems=0, elem type=java.lang.Object[]@5000010a)
ARR 50001457 (sz=24, trace=300000, nelems=0, elem type=java.lang.Object[]@5000010a)
ARR 50001458 (sz=160, trace=300000, nelems=0, elem type=java.lang.Object[]@5000010a)
ARR 50001459 (sz=24, trace=300000, nelems=0, elem type=java.lang.Object[]@5000010a)
ARR 5000145a (sz=24, trace=300000, nelems=0, elem type=java.lang.Object[]@5000010a)
ARR 5000145b (sz=32, trace=300000, nelems=4, elem type=java.lang.Object[]@5000010a)
	[0]		50001d57
	[2]		50001c21
	[3]		50001e70
ARR 5000145c (sz=32, trace=300000, nelems=4, elem type=java.lang.Object[]@5000010a)
	[0]		50002145
	[1]		50002146
	[2]		50002147
	[3]		50002148
ARR 5000145d (sz=24, trace=300000, nelems=0, elem type=java.lang.Object[]@5000010a)
ARR 5000145e (sz=32, trace=300000, nelems=1, elem type=java.lang.Object[]@5000010a)
	[0]		5000213b
ARR 5000145f (sz=24, trace=300000, nelems=0, elem type=java.lang.Object[]@5000010a)
ARR 50001460 (sz=24, trace=300000, nelems=0, elem type=java.lang.Object[]@5000010a)
ARR 50001461 (sz=144, trace=300000, nelems=0, elem type=java.lang.Object[]@5000010a)
ARR 50001462 (sz=24, trace=300000, nelems=1, elem type=java.lang.Object[]@5000010a)
	[0]		50001dba
ARR 50001463 (sz=40, trace=300000, nelems=0, elem type=java.lang.Object[]@5000010a)
ARR 50001464 (sz=24, trace=300000, nelems=0, elem type=java.lang.Object[]@5000010a)
ARR 50001465 (sz=64, trace=300000, nelems=0, elem type=java.lang.Object[]@5000010a)
ARR 50001466 (sz=56, trace=300000, nelems=10, elem type=java.lang.Object[]@5000010a)
	[6]		50001d88
	[7]		50001d89
	[8]		50001d8a
	[9]		50001d8b
ARR 50001467 (sz=56, trace=300000, nelems=0, elem type=java.lang.Object[]@5000010a)
ARR 50001468 (sz=40, trace=300000, nelems=2, elem type=java.lang.Object[]@5000010a)
	[0]		50001d57
	[1]		5000149a
ARR 50001469 (sz=32, trace=300000, nelems=0, elem type=java.lang.Object[]@5000010a)
ARR 5000146a (sz=24, trace=300000, nelems=2, elem type=java.lang.Object[]@5000010a)
	[0]		5000213d
	[1]		5000213e
ARR 5000146b (sz=24, trace=300000, nelems=0, elem type=java.lang.Object[]@5000010a)
ARR 5000146c (sz=24, trace=300000, nelems=0, elem type=java.lang.Object[]@5000010a)
ARR 5000146d (sz=24, trace=300000, nelems=0, elem type=java.lang.Object[]@5000010a)
ARR 5000146e (sz=24, trace=300000, nelems=1, elem type=java.lang.Object[]@5000010a)
	[0]		50001694
ARR 5000146f (sz=56, trace=300000, nelems=0, elem type=java.lang.Object[]@5000010a)
ARR 50001470 (sz=24, trace=300000, nelems=0, elem type=java.lang.Object[]@5000010a)
ARR 50001471 (sz=64, trace=300000, nelems=1, elem type=java.lang.Object[]@5000010a)
	[0]		500021b5
ARR 50001472 (sz=40, trace=300000, nelems=1, elem type=java.lang.Object[]@5000010a)
	[0]		500021b6
ARR 50001473 (sz=32, trace=300000, nelems=0, elem type=java.lang.Object[]@5000010a)
ARR 50001474 (sz=48, trace=300000, nelems=7, elem type=java.lang.Object[]@5000010a)
	[0]		50002166
	[2]		500021b9
	[3]		500021ba
	[5]		5000149a
	[6]		50001d4d
ARR 50001475 (sz=72, trace=300000, nelems=7, elem type=java.lang.Object[]@5000010a)
	[0]		500021bc
	[3]		5000149a
	[4]		500021bd
	[5]		500021be
	[6]		500014d1
ARR 50001476 (sz=48, trace=300000, nelems=0, elem type=java.lang.Object[]@5000010a)
ARR 50001477 (sz=168, trace=300000, nelems=38, elem type=java.lang.Object[]@5000010a)
	[0]		50002192
	[1]		50002191
	[2]		5000219a
	[3]		50002199
	[4]		50001398
	[5]		500021ad
	[6]		5000216a
	[7]		50002169
	[8]		50002172
	[9]		50002171
	[10]		50002176
	[11]		50002175
	[12]		5000217a
	[13]		50002179
	[14]		50002196
	[15]		50002195
	[16]		5000218e
	[17]		5000218d
	[18]		5000219e
	[19]		5000219d
	[20]		500021aa
	[21]		500021a9
	[22]		500021b1
	[23]		500021b0
	[24]		5000216e
	[25]		5000216d
	[26]		50002186
	[27]		50002185
	[28]		5000217e
	[29]		5000217d
	[30]		500021a6
	[31]		500021a5
	[32]		50002182
	[33]		50002181
	[34]		500021a2
	[35]		500021a1
	[36]		5000218a
	[37]		50002189
ARR 50001478 (sz=24, trace=300000, nelems=0, elem type=java.lang.Object[]@5000010a)
ARR 50001479 (sz=152, trace=300000, nelems=33, elem type=java.lang.Object[]@5000010a)
	[0]		5000149a
	[22]		5000214d
	[23]		5000214e
	[24]		5000214f
	[25]		50002150
	[26]		50002151
	[27]		50002152
	[28]		50002153
	[29]		500017b7
	[30]		50002154
	[31]		500016a5
	[32]		50002155
ARR 5000147a (sz=56, trace=300000, nelems=10, elem type=java.lang.Object[]@5000010a)
	[0]		50001fea
	[1]		50001feb
	[2]		50001fec
	[3]		50001fed
	[4]		50001fee
	[5]		50001fef
	[6]		50001ff0
	[7]		50001ff1
	[8]		50001ff2
	[9]		50001ff3
ARR 5000147b (sz=32, trace=300000, nelems=0, elem type=java.lang.Object[]@5000010a)
ARR 5000147c (sz=48, trace=300000, nelems=7, elem type=java.lang.Object[]@5000010a)
	[4]		500014c4
	[5]		50002161
	[6]		50002162
ARR 5000147d (sz=24, trace=300000, nelems=2, elem type=java.lang.Object[]@5000010a)
	[1]		5000215f
ARR 5000147e (sz=32, trace=300000, nelems=0, elem type=java.lang.Object[]@5000010a)
OBJ 5000147f (sz=104, trace=300000, class=java.lang.Class@5000016b)
OBJ 50001480 (sz=104, trace=300000, class=java.lang.Class@5000016b)
OBJ 50001481 (sz=104, trace=300000, class=java.lang.Class@5000016b)
OBJ 50001482 (sz=104, trace=300000, class=java.lang.Class@5000016b)
OBJ 50001483 (sz=104, trace=300000, class=java.lang.Class@5000016b)
OBJ 50001484 (sz=104, trace=300000, class=java.lang.Class@5000016b)
OBJ 50001485 (sz=104, trace=300000, class=java.lang.Class@5000016b)
OBJ 50001486 (sz=104, trace=300000, class=java.lang.Class@5000016b)
OBJ 50001487 (sz=104, trace=300000, class=java.lang.Class@5000016b)
ARR 50001488 (sz=16, trace=300000, nelems=0, elem type=java.lang.Class[]@50000105)
OBJ 50001489 (sz=24, trace=300000, class=java.lang.String@5000016f)
	value		50002007
OBJ 5000148a (sz=24, trace=300000, class=java.lang.String@5000016f)
	value		500020cd
OBJ 5000148b (sz=32, trace=300000, class=java.lang.OutOfMemoryError@50000157)
	detailMessage	500020cb
OBJ 5000148c (sz=32, trace=300000, class=java.lang.OutOfMemoryError@50000157)
	detailMessage	500020c9
OBJ 5000148d (sz=32, trace=300000, class=java.lang.OutOfMemoryError@50000157)
	detailMessage	500020c7
OBJ 5000148e (sz=32, trace=300000, class=java.lang.OutOfMemoryError@50000157)
	detailMessage	500020c5
OBJ 5000148f (sz=32, trace=300000, class=java.lang.OutOfMemoryError@50000157)
	detailMessage	500020c3
OBJ 50001490 (sz=32, trace=300000, class=java.lang.OutOfMemoryError@50000157)
	detailMessage	500020c1
ARR 50001491 (sz=32, trace=300000, nelems=4, elem type=java.lang.OutOfMemoryError[]@500000ff)
	[0]		500020bd
	[1]		500020be
	[2]		500020bf
	[3]		500020c0
OBJ 50001492 (sz=32, trace=300000, class=java.lang.NullPointerException@50000104)
OBJ 50001493 (sz=32, trace=300000, class=java.lang.ArithmeticException@50000103)
	detailMessage	500020bb
OBJ 50001494 (sz=32, trace=300000, class=java.lang.VirtualMachineError@50000158)
OBJ 50001495 (sz=48, trace=300000, class=java.lang.ThreadGroup@5000014a)
	parent		50001496
	name		500020ab
	threads		500020aa
OBJ 50001496 (sz=48, trace=300000, class=java.lang.ThreadGroup@5000014a)
	name		50001c54
	threads		50002093
	groups		50002092
OBJ 50001497 (sz=32, trace=300000, class=java.lang.VirtualMachineError@50000158)
OBJ 50001498 (sz=24, trace=300000, class=java.lang.String@5000016f)
	value		5000200e
OBJ 50001499 (sz=24, trace=300000, class=java.lang.String@5000016f)
	value		50001e69
OBJ 5000149a (sz=24, trace=300000, class=java.lang.String@5000016f)
	value		50001507
OBJ 5000149b (sz=16, trace=300000, class=java.nio.charset.CodingErrorAction@50000093)
	name		50001817
ARR 5000149c (sz=1024, trace=300000, nelems=256, elem type=int[])
OBJ 5000149d (sz=24, trace=300000, class=java.lang.String@5000016f)
	value		500017bb
OBJ 5000149e (sz=16, trace=300000, class=java.lang.CharacterDataLatin1@50000011)
OBJ 5000149f (sz=24, trace=300000, class=java.lang.String@5000016f)
	value		50002026
OBJ 500014a0 (sz=24, trace=300000, class=java.lang.String@5000016f)
	value		50002091
OBJ 500014a1 (sz=24, trace=300000, class=java.lang.String@5000016f)
	value		50002090
OBJ 500014a2 (sz=24, trace=300000, class=java.lang.String@5000016f)
	value		5000208f
OBJ 500014a3 (sz=24, trace=300000, class=java.lang.String@5000016f)
	value		500015cd
OBJ 500014a4 (sz=48, trace=300000, class=java.util.Properties@50000146)
	table		50002034
	entrySet	50002033
OBJ 500014a5 (sz=32, trace=300000, class=java.io.PrintStream@50000079)
	out		5000202b
	textOut		5000202a
	charOut		50002029
OBJ 500014a6 (sz=32, trace=300000, class=java.io.PrintStream@50000079)
	out		5000201e
	textOut		5000201d
	charOut		5000201c
OBJ 500014a7 (sz=40, trace=300000, class=java.io.BufferedInputStream@50000080)
	in		500014a9
	buf		500014a8
ARR 500014a8 (sz=8192, trace=300000, nelems=8192, elem type=byte[])
OBJ 500014a9 (sz=32, trace=300000, class=java.io.FileInputStream@50000089)
	fd		500014ab
	closeLock	500014aa
OBJ 500014aa (sz=16, trace=300000, class=java.lang.Object@50000173)
OBJ 500014ab (sz=32, trace=300000, class=java.io.FileDescriptor@50000088)
	parent		500014a9
OBJ 500014ac (sz=32, trace=300000, class=java.io.FileDescriptor@50000088)
	parent		5000200f
OBJ 500014ad (sz=32, trace=300000, class=java.io.FileDescriptor@50000088)
	parent		500014ae
OBJ 500014ae (sz=32, trace=300000, class=java.io.FileOutputStream@50000082)
	fd		500014ad
	closeLock	500014af
OBJ 500014af (sz=16, trace=300000, class=java.lang.Object@50000173)
OBJ 500014b0 (sz=24, trace=300000, class=java.lang.String@5000016f)
	value		500014b3
OBJ 500014b1 (sz=24, trace=300000, class=java.lang.RuntimePermission@500000f2)
	name		500014b0
	path		500014b0
ARR 500014b2 (sz=16, trace=300000, nelems=0, elem type=java.lang.StackTraceElement[]@500000f6)
ARR 500014b3 (sz=64, trace=300000, nelems=32, elem type=char[])
OBJ 500014b4 (sz=24, trace=300000, class=java.lang.String@5000016f)
	value		5000200d
OBJ 500014b5 (sz=24, trace=300000, class=java.lang.String@5000016f)
	value		5000200c
OBJ 500014b6 (sz=24, trace=300000, class=java.lang.String@5000016f)
	value		5000200b
OBJ 500014b7 (sz=24, trace=300000, class=java.lang.String@5000016f)
	value		5000200a
OBJ 500014b8 (sz=24, trace=300000, class=java.lang.String@5000016f)
	value		50002009
OBJ 500014b9 (sz=24, trace=300000, class=java.lang.String@5000016f)
	value		50002008
OBJ 500014ba (sz=24, trace=300000, class=java.lang.String@5000016f)
	value		50001671
OBJ 500014bb (sz=24, trace=300000, class=java.lang.String@5000016f)
	value		50002006
OBJ 500014bc (sz=16, trace=300000, class=java.lang.String$CaseInsensitiveComparator@500000fa)
ARR 500014bd (sz=16, trace=300000, nelems=0, elem type=java.io.ObjectStreamField[]@500000fc)
OBJ 500014be (sz=24, trace=300000, class=java.lang.String@5000016f)
	value		50002003
OBJ 500014bf (sz=24, trace=300000, class=java.lang.String@5000016f)
	value		50001506
OBJ 500014c0 (sz=24, trace=300000, class=java.lang.String@5000016f)
	value		50002002
OBJ 500014c1 (sz=24, trace=300000, class=java.lang.String@5000016f)
	value		50002001
OBJ 500014c2 (sz=24, trace=300000, class=java.lang.String@5000016f)
	value		50002000
OBJ 500014c3 (sz=24, trace=300000, class=java.lang.String@5000016f)
	value		50001fff
OBJ 500014c4 (sz=24, trace=300000, class=java.lang.String@5000016f)
	value		50001fe9
OBJ 500014c5 (sz=24, trace=300000, class=java.lang.String@5000016f)
	value		50001fe5
OBJ 500014c6 (sz=24, trace=300000, class=java.lang.String@5000016f)
	value		50001fe8
OBJ 500014c7 (sz=24, trace=300000, class=java.lang.String@5000016f)
	value		50001fe7
OBJ 500014c8 (sz=24, trace=300000, class=java.lang.String@5000016f)
	value		50001fe4
OBJ 500014c9 (sz=24, trace=300000, class=java.lang.String@5000016f)
	value		50001fe6
OBJ 500014ca (sz=24, trace=300000, class=java.lang.String@5000016f)
	value		50001f31
OBJ 500014cb (sz=24, trace=300000, class=java.lang.String@5000016f)
	value		50001f53
OBJ 500014cc (sz=24, trace=300000, class=java.lang.String@5000016f)
	value		50001ffe
OBJ 500014cd (sz=24, trace=300000, class=java.lang.String@5000016f)
	value		50001525
OBJ 500014ce (sz=24, trace=300000, class=java.lang.String@5000016f)
	value		50001f4a
OBJ 500014cf (sz=24, trace=300000, class=java.lang.String@5000016f)
	value		50001f5c
OBJ 500014d0 (sz=24, trace=300000, class=java.lang.String@5000016f)
	value		50001f28
OBJ 500014d1 (sz=24, trace=300000, class=java.lang.String@5000016f)
	value		50001f39
OBJ 500014d2 (sz=24, trace=300000, class=java.lang.String@5000016f)
	value		50001faa
OBJ 500014d3 (sz=24, trace=300000, class=java.lang.String@5000016f)
	value		50001f72
OBJ 500014d4 (sz=24, trace=300000, class=java.lang.String@5000016f)
	value		50001f7b
OBJ 500014d5 (sz=24, trace=300000, class=java.lang.String@5000016f)
	value		50001f4b
OBJ 500014d6 (sz=24, trace=300000, class=java.lang.String@5000016f)
	value		50001f93
OBJ 500014d7 (sz=24, trace=300000, class=java.lang.String@5000016f)
	value		50001f29
OBJ 500014d8 (sz=24, trace=300000, class=java.lang.String@5000016f)
	value		50001508
OBJ 500014d9 (sz=24, trace=300000, class=java.lang.String@5000016f)
	value		50001f84
OBJ 500014da (sz=24, trace=300000, class=java.lang.String@5000016f)
	value		50001f1f
ARR 500014db (sz=40, trace=300000, nelems=6, elem type=java.io.ObjectStreamField[]@500000fc)
	[0]		50001fde
	[1]		50001fdf
	[2]		50001fe0
	[3]		50001fe1
	[4]		50001fe2
	[5]		50001fe3
OBJ 500014dc (sz=32, trace=300000, class=java.util.Locale@5000002b)
	baseLocale	50001f85
OBJ 500014dd (sz=32, trace=300000, class=java.util.Locale@5000002b)
	baseLocale	50001fb2
OBJ 500014de (sz=32, trace=300000, class=java.util.Locale@5000002b)
	baseLocale	50001f20
OBJ 500014df (sz=32, trace=300000, class=java.util.Locale@5000002b)
	baseLocale	50001f8c
OBJ 500014e0 (sz=32, trace=300000, class=java.util.Locale@5000002b)
	baseLocale	50001505
OBJ 500014e1 (sz=32, trace=300000, class=java.util.Locale@5000002b)
	baseLocale	50001f73
OBJ 500014e2 (sz=32, trace=300000, class=java.util.Locale@5000002b)
	baseLocale	50001fab
OBJ 500014e3 (sz=32, trace=300000, class=java.util.Locale@5000002b)
	baseLocale	50001f2a
OBJ 500014e4 (sz=32, trace=300000, class=java.util.Locale@5000002b)
	baseLocale	50001f54
OBJ 500014e5 (sz=32, trace=300000, class=java.util.Locale@5000002b)
	baseLocale	50001f94
OBJ 500014e6 (sz=32, trace=300000, class=java.util.Locale@5000002b)
	baseLocale	50001f4c
OBJ 500014e7 (sz=32, trace=300000, class=java.util.Locale@5000002b)
	baseLocale	50001f7c
OBJ 500014e8 (sz=32, trace=300000, class=java.util.Locale@5000002b)
	baseLocale	50001f3a
OBJ 500014e9 (sz=32, trace=300000, class=java.util.Locale@5000002b)
	baseLocale	50001f9b
OBJ 500014ea (sz=32, trace=300000, class=java.util.Locale@5000002b)
	baseLocale	50001f32
OBJ 500014eb (sz=32, trace=300000, class=java.util.Locale@5000002b)
	baseLocale	50001f5d
OBJ 500014ec (sz=32, trace=300000, class=java.util.Locale@5000002b)
	baseLocale	50001fa2
OBJ 500014ed (sz=32, trace=300000, class=java.util.Locale@5000002b)
	baseLocale	50001f42
OBJ 500014ee (sz=32, trace=300000, class=java.util.Locale@5000002b)
	baseLocale	50001f6a
OBJ 500014ef (sz=24, trace=300000, class=java.util.Locale$Cache@50000029)
	map		500014f1
	queue		500014f0
OBJ 500014f0 (sz=32, trace=300000, class=java.lang.ref.ReferenceQueue@500000de)
	lock		50001fb6
OBJ 500014f1 (sz=64, trace=300000, class=java.util.concurrent.ConcurrentHashMap@50000027)
	table		500014f2
ARR 500014f2 (sz=144, trace=300000, nelems=31, elem type=java.util.concurrent.ConcurrentHashMap$Node[]@5000001f)
	[0]		500014f3
	[1]		500014f4
	[2]		500014f5
	[4]		500014f6
	[5]		500014f7
	[8]		500014f8
	[9]		500014f9
	[10]		500014fa
	[14]		500014fb
	[16]		500014fc
	[20]		500014fd
	[22]		500014fe
	[23]		500014ff
	[26]		50001500
	[27]		50001501
	[30]		50001502
OBJ 500014f3 (sz=32, trace=300000, class=java.util.concurrent.ConcurrentHashMap$Node@50000020)
	key		50001fdb
	val		50001fda
	next		50001fd9
OBJ 500014f4 (sz=32, trace=300000, class=java.util.concurrent.ConcurrentHashMap$Node@50000020)
	key		50001fd8
	val		50001fd7
OBJ 500014f5 (sz=32, trace=300000, class=java.util.concurrent.ConcurrentHashMap$Node@50000020)
	key		50001fd6
	val		50001fd5
OBJ 500014f6 (sz=32, trace=300000, class=java.util.concurrent.ConcurrentHashMap$Node@50000020)
	key		50001fd4
	val		50001fd3
OBJ 500014f7 (sz=32, trace=300000, class=java.util.concurrent.ConcurrentHashMap$Node@50000020)
	key		50001fd2
	val		50001fd1
OBJ 500014f8 (sz=32, trace=300000, class=java.util.concurrent.ConcurrentHashMap$Node@50000020)
	key		50001fce
	val		50001fcd
	next		50001fcc
OBJ 500014f9 (sz=32, trace=300000, class=java.util.concurrent.ConcurrentHashMap$Node@50000020)
	key		50001fcb
	val		50001fca
OBJ 500014fa (sz=32, trace=300000, class=java.util.concurrent.ConcurrentHashMap$Node@50000020)
	key		50001fc9
	val		50001fc8
OBJ 500014fb (sz=32, trace=300000, class=java.util.concurrent.ConcurrentHashMap$Node@50000020)
	key		50001fc7
	val		50001fc6
OBJ 500014fc (sz=32, trace=300000, class=java.util.concurrent.ConcurrentHashMap$Node@50000020)
	key		50001fc5
	val		50001fc4
OBJ 500014fd (sz=32, trace=300000, class=java.util.concurrent.ConcurrentHashMap$Node@50000020)
	key		50001fc3
	val		50001fc2
OBJ 500014fe (sz=32, trace=300000, class=java.util.concurrent.ConcurrentHashMap$Node@50000020)
	key		50001fc1
	val		50001fc0
OBJ 500014ff (sz=32, trace=300000, class=java.util.concurrent.ConcurrentHashMap$Node@50000020)
	key		50001fbf
	val		50001fbe
OBJ 50001500 (sz=32, trace=300000, class=java.util.concurrent.ConcurrentHashMap$Node@50000020)
	key		50001fbd
	val		50001fbc
OBJ 50001501 (sz=32, trace=300000, class=java.util.concurrent.ConcurrentHashMap$Node@50000020)
	key		50001fb9
	val		50001fb8
	next		50001fb7
OBJ 50001502 (sz=32, trace=300000, class=java.util.concurrent.ConcurrentHashMap$Node@50000020)
	key		50001504
	val		50001503
OBJ 50001503 (sz=48, trace=300000, class=sun.util.locale.LocaleObjectCache$CacheEntry@50000015)
	referent	500014e0
	queue		500014f0
	key		50001504
OBJ 50001504 (sz=24, trace=300000, class=java.util.Locale$LocaleKey@50000014)
	base		50001505
OBJ 50001505 (sz=32, trace=300000, class=sun.util.locale.BaseLocale@50000018)
	language	500014bf
	script		5000149a
	region		500014d8
	variant		5000149a
ARR 50001506 (sz=4, trace=300000, nelems=2, elem type=char[])
ARR 50001507 (sz=0, trace=300000, nelems=0, elem type=char[])
ARR 50001508 (sz=4, trace=300000, nelems=2, elem type=char[])
OBJ 50001509 (sz=24, trace=300000, class=java.lang.String@5000016f)
	value		50001fb5
OBJ 5000150a (sz=24, trace=300000, class=java.lang.String@5000016f)
	value		50001fb4
OBJ 5000150b (sz=24, trace=300000, class=java.lang.String@5000016f)
	value		50001fb3
OBJ 5000150c (sz=24, trace=300000, class=sun.util.locale.BaseLocale$Cache@50000017)
	map		50001510
	queue		5000150f
OBJ 5000150d (sz=24, trace=300000, class=java.lang.String@5000016f)
	value		5000150e
ARR 5000150e (sz=2, trace=300000, nelems=1, elem type=char[])
OBJ 5000150f (sz=32, trace=300000, class=java.lang.ref.ReferenceQueue@500000de)
	lock		50001f21
OBJ 50001510 (sz=64, trace=300000, class=java.util.concurrent.ConcurrentHashMap@50000027)
	table		50001511
ARR 50001511 (sz=144, trace=300000, nelems=27, elem type=java.util.concurrent.ConcurrentHashMap$Node[]@5000001f)
	[0]		50001512
	[1]		50001513
	[4]		50001514
	[7]		50001515
	[8]		50001516
	[9]		50001517
	[11]		50001518
	[12]		50001519
	[14]		5000151a
	[23]		5000151b
	[25]		5000151c
	[26]		5000151d
OBJ 50001512 (sz=32, trace=300000, class=java.util.concurrent.ConcurrentHashMap$Node@50000020)
	key		50001fa5
	val		50001fa4
	next		50001fa3
OBJ 50001513 (sz=32, trace=300000, class=java.util.concurrent.ConcurrentHashMap$Node@50000020)
	key		50001f9d
	val		50001f9c
OBJ 50001514 (sz=32, trace=300000, class=java.util.concurrent.ConcurrentHashMap$Node@50000020)
	key		50001f96
	val		50001f95
OBJ 50001515 (sz=32, trace=300000, class=java.util.concurrent.ConcurrentHashMap$Node@50000020)
	key		50001f8e
	val		50001f8d
OBJ 50001516 (sz=32, trace=300000, class=java.util.concurrent.ConcurrentHashMap$Node@50000020)
	key		50001f6d
	val		50001f6c
	next		50001f6b
OBJ 50001517 (sz=32, trace=300000, class=java.util.concurrent.ConcurrentHashMap$Node@50000020)
	key		50001f65
	val		50001f64
OBJ 50001518 (sz=32, trace=300000, class=java.util.concurrent.ConcurrentHashMap$Node@50000020)
	key		50001f57
	val		50001f56
	next		50001f55
OBJ 50001519 (sz=32, trace=300000, class=java.util.concurrent.ConcurrentHashMap$Node@50000020)
	key		50001f3d
	val		50001f3c
	next		50001f3b
OBJ 5000151a (sz=32, trace=300000, class=java.util.concurrent.ConcurrentHashMap$Node@50000020)
	key		50001f34
	val		50001f33
OBJ 5000151b (sz=32, trace=300000, class=java.util.concurrent.ConcurrentHashMap$Node@50000020)
	key		50001f2c
	val		50001f2b
OBJ 5000151c (sz=32, trace=300000, class=java.util.concurrent.ConcurrentHashMap$Node@50000020)
	key		50001f23
	val		50001f22
OBJ 5000151d (sz=32, trace=300000, class=java.util.concurrent.ConcurrentHashMap$Node@50000020)
	key		5000151f
	val		5000151e
OBJ 5000151e (sz=48, trace=300000, class=sun.util.locale.LocaleObjectCache$CacheEntry@50000015)
	referent	50001f20
	queue		5000150f
	key		5000151f
OBJ 5000151f (sz=40, trace=300000, class=sun.util.locale.BaseLocale$Key@50000016)
	lang		50001523
	scrt		50001522
	regn		50001521
	vart		50001520
OBJ 50001520 (sz=40, trace=300000, class=java.lang.ref.SoftReference@50000153)
	referent	5000149a
	queue		50001524
OBJ 50001521 (sz=40, trace=300000, class=java.lang.ref.SoftReference@50000153)
	referent	500014da
	queue		50001524
OBJ 50001522 (sz=40, trace=300000, class=java.lang.ref.SoftReference@50000153)
	referent	5000149a
	queue		50001524
OBJ 50001523 (sz=40, trace=300000, class=java.lang.ref.SoftReference@50000153)
	referent	500014cd
	queue		50001524
OBJ 50001524 (sz=32, trace=300000, class=java.lang.ref.ReferenceQueue$Null@500000dd)
	lock		50001526
ARR 50001525 (sz=4, trace=300000, nelems=2, elem type=char[])
OBJ 50001526 (sz=16, trace=300000, class=java.lang.ref.ReferenceQueue$Lock@500000dc)
OBJ 50001527 (sz=32, trace=300000, class=java.lang.ref.ReferenceQueue$Null@500000dd)
	lock		50001528
OBJ 50001528 (sz=16, trace=300000, class=java.lang.ref.ReferenceQueue$Lock@500000dc)
OBJ 50001529 (sz=24, trace=300000, class=java.lang.String@5000016f)
	value		50001d34
OBJ 5000152a (sz=16, trace=300000, class=sun.reflect.ReflectionFactory@500000e3)
ARR 5000152b (sz=16, trace=300000, nelems=0, elem type=java.io.ObjectStreamField[]@500000fc)
OBJ 5000152c (sz=24, trace=300000, class=java.lang.String@5000016f)
	value		5000152f
OBJ 5000152d (sz=16, trace=300000, class=java.lang.reflect.ReflectAccess@500000a8)
OBJ 5000152e (sz=24, trace=300000, class=java.lang.RuntimePermission@500000f2)
	name		5000152c
	path		5000152c
ARR 5000152f (sz=46, trace=300000, nelems=23, elem type=char[])
OBJ 50001530 (sz=24, trace=300000, class=java.lang.String@5000016f)
	value		50001531
ARR 50001531 (sz=12, trace=300000, nelems=6, elem type=char[])
OBJ 50001532 (sz=24, trace=300000, class=java.lang.String@5000016f)
	value		50001534
OBJ 50001533 (sz=24, trace=300000, class=java.lang.reflect.ReflectPermission@500000f0)
	name		50001532
	path		50001532
ARR 50001534 (sz=40, trace=300000, nelems=20, elem type=char[])
OBJ 50001535 (sz=24, trace=300000, class=java.lang.String@5000016f)
	value		50001545
OBJ 50001536 (sz=24, trace=300000, class=java.lang.String@5000016f)
	value		50001544
OBJ 50001537 (sz=24, trace=300000, class=java.lang.String@5000016f)
	value		50001542
OBJ 50001538 (sz=24, trace=300000, class=java.lang.String@5000016f)
	value		50001540
OBJ 50001539 (sz=48, trace=300000, class=java.util.HashMap@500000ba)
	table		50001548
OBJ 5000153a (sz=48, trace=300000, class=java.util.HashMap@500000ba)
	table		5000153b
ARR 5000153b (sz=80, trace=300000, nelems=11, elem type=java.util.HashMap$Node[]@500000b8)
	[2]		5000153c
	[5]		5000153d
	[10]		5000153e
OBJ 5000153c (sz=32, trace=300000, class=java.util.HashMap$Node@500000b9)
	key		500000bb
	value		50001543
OBJ 5000153d (sz=32, trace=300000, class=java.util.HashMap$Node@500000b9)
	key		50000168
	value		50001541
OBJ 5000153e (sz=32, trace=300000, class=java.util.HashMap$Node@500000b9)
	key		5000016b
	value		5000153f
ARR 5000153f (sz=24, trace=300000, nelems=1, elem type=java.lang.String[]@500000cf)
	[0]		50001538
ARR 50001540 (sz=22, trace=300000, nelems=11, elem type=char[])
ARR 50001541 (sz=24, trace=300000, nelems=1, elem type=java.lang.String[]@500000cf)
	[0]		50001537
ARR 50001542 (sz=16, trace=300000, nelems=8, elem type=char[])
ARR 50001543 (sz=24, trace=300000, nelems=2, elem type=java.lang.String[]@500000cf)
	[0]		50001535
	[1]		50001536
ARR 50001544 (sz=30, trace=300000, nelems=15, elem type=char[])
ARR 50001545 (sz=28, trace=300000, nelems=14, elem type=char[])
OBJ 50001546 (sz=24, trace=300000, class=java.lang.String@5000016f)
	value		50001547
ARR 50001547 (sz=10, trace=300000, nelems=5, elem type=char[])
ARR 50001548 (sz=80, trace=300000, nelems=4, elem type=java.util.HashMap$Node[]@500000b8)
	[3]		50001549
OBJ 50001549 (sz=32, trace=300000, class=java.util.HashMap$Node@500000b9)
	key		50000122
	value		5000154a
ARR 5000154a (sz=24, trace=300000, nelems=1, elem type=java.lang.String[]@500000cf)
	[0]		5000154b
OBJ 5000154b (sz=24, trace=300000, class=java.lang.String@5000016f)
	value		50001f12
OBJ 5000154c (sz=16, trace=300000, class=sun.misc.Unsafe@50000122)
OBJ 5000154d (sz=24, trace=300000, class=java.lang.String@5000016f)
	value		50001f11
OBJ 5000154e (sz=24, trace=300000, class=java.lang.String@5000016f)
	value		50001f10
OBJ 5000154f (sz=24, trace=300000, class=java.lang.String@5000016f)
	value		50001f0f
OBJ 50001550 (sz=24, trace=300000, class=java.lang.String@5000016f)
	value		50001f0e
OBJ 50001551 (sz=24, trace=300000, class=java.lang.String@5000016f)
	value		500017ae
OBJ 50001552 (sz=24, trace=300000, class=java.lang.String@5000016f)
	value		50001c59
OBJ 50001553 (sz=24, trace=300000, class=java.lang.String@5000016f)
	value		50001f0d
OBJ 50001554 (sz=24, trace=300000, class=java.lang.String@5000016f)
	value		50001da7
OBJ 50001555 (sz=48, trace=300000, class=java.util.Properties@50000146)
	table		50001557
OBJ 50001556 (sz=16, trace=300000, class=java.lang.Object@50000173)
ARR 50001557 (sz=400, trace=300000, nelems=89, elem type=java.util.Hashtable$Entry[]@500000d6)
	[0]		50001558
	[1]		50001559
	[4]		5000155a
	[9]		5000155b
	[10]		5000155c
	[11]		5000155d
	[13]		5000155e
	[16]		5000155f
	[17]		50001560
	[18]		50001561
	[19]		50001562
	[21]		50001563
	[22]		50001564
	[24]		50001565
	[26]		50001566
	[27]		50001567
	[33]		50001568
	[38]		50001569
	[39]		5000156a
	[40]		5000156b
	[41]		5000156c
	[42]		5000156d
	[44]		5000156e
	[47]		5000156f
	[49]		50001570
	[54]		50001571
	[57]		50001572
	[63]		50001573
	[65]		50001574
	[67]		50001575
	[70]		50001576
	[72]		50001577
	[76]		50001578
	[79]		50001579
	[80]		5000157a
	[81]		5000157b
	[82]		5000157c
	[85]		5000157d
	[88]		5000157e
OBJ 50001558 (sz=32, trace=300000, class=java.util.Hashtable$Entry@500000d8)
	key		50001666
	value		50001665
OBJ 50001559 (sz=32, trace=300000, class=java.util.Hashtable$Entry@500000d8)
	key		50001662
	value		50001661
OBJ 5000155a (sz=32, trace=300000, class=java.util.Hashtable$Entry@500000d8)
	key		5000165e
	value		5000165d
OBJ 5000155b (sz=32, trace=300000, class=java.util.Hashtable$Entry@500000d8)
	key		50001656
	value		50001655
	next		50001654
OBJ 5000155c (sz=32, trace=300000, class=java.util.Hashtable$Entry@500000d8)
	key		50001651
	value		50001650
OBJ 5000155d (sz=32, trace=300000, class=java.util.Hashtable$Entry@500000d8)
	key		5000164d
	value		5000164c
OBJ 5000155e (sz=32, trace=300000, class=java.util.Hashtable$Entry@500000d8)
	key		50001649
	value		50001648
OBJ 5000155f (sz=32, trace=300000, class=java.util.Hashtable$Entry@500000d8)
	key		50001645
	value		50001644
OBJ 50001560 (sz=32, trace=300000, class=java.util.Hashtable$Entry@500000d8)
	key		50001641
	value		50001640
OBJ 50001561 (sz=32, trace=300000, class=java.util.Hashtable$Entry@500000d8)
	key		5000163d
	value		5000163c
OBJ 50001562 (sz=32, trace=300000, class=java.util.Hashtable$Entry@500000d8)
	key		50001639
	value		50001638
OBJ 50001563 (sz=32, trace=300000, class=java.util.Hashtable$Entry@500000d8)
	key		50001631
	value		50001630
	next		5000162f
OBJ 50001564 (sz=32, trace=300000, class=java.util.Hashtable$Entry@500000d8)
	key		5000162c
	value		5000162b
OBJ 50001565 (sz=32, trace=300000, class=java.util.Hashtable$Entry@500000d8)
	key		50001624
	value		50001623
	next		50001622
OBJ 50001566 (sz=32, trace=300000, class=java.util.Hashtable$Entry@500000d8)
	key		50001616
	value		50001615
	next		50001614
OBJ 50001567 (sz=32, trace=300000, class=java.util.Hashtable$Entry@500000d8)
	key		50001611
	value		50001610
OBJ 50001568 (sz=32, trace=300000, class=java.util.Hashtable$Entry@500000d8)
	key		50001609
	value		50001608
	next		50001607
OBJ 50001569 (sz=32, trace=300000, class=java.util.Hashtable$Entry@500000d8)
	key		50001600
	value		500015ff
	next		500015fe
OBJ 5000156a (sz=32, trace=300000, class=java.util.Hashtable$Entry@500000d8)
	key		500015fb
	value		500015fa
OBJ 5000156b (sz=32, trace=300000, class=java.util.Hashtable$Entry@500000d8)
	key		500015f7
	value		500015f6
OBJ 5000156c (sz=32, trace=300000, class=java.util.Hashtable$Entry@500000d8)
	key		500015f3
	value		500015f2
OBJ 5000156d (sz=32, trace=300000, class=java.util.Hashtable$Entry@500000d8)
	key		500015ef
	value		500015ee
OBJ 5000156e (sz=32, trace=300000, class=java.util.Hashtable$Entry@500000d8)
	key		500015eb
	value		500015ea
OBJ 5000156f (sz=32, trace=300000, class=java.util.Hashtable$Entry@500000d8)
	key		500015e7
	value		500015e6
OBJ 50001570 (sz=32, trace=300000, class=java.util.Hashtable$Entry@500000d8)
	key		500015df
	value		500015de
	next		500015dd
OBJ 50001571 (sz=32, trace=300000, class=java.util.Hashtable$Entry@500000d8)
	key		500015da
	value		500015d9
OBJ 50001572 (sz=32, trace=300000, class=java.util.Hashtable$Entry@500000d8)
	key		500015d6
	value		50001399
OBJ 50001573 (sz=32, trace=300000, class=java.util.Hashtable$Entry@500000d8)
	key		500015d3
	value		500015d2
OBJ 50001574 (sz=32, trace=300000, class=java.util.Hashtable$Entry@500000d8)
	key		500015cf
	value		500015ce
OBJ 50001575 (sz=32, trace=300000, class=java.util.Hashtable$Entry@500000d8)
	key		500015c8
	value		500015c7
	next		500015c6
OBJ 50001576 (sz=32, trace=300000, class=java.util.Hashtable$Entry@500000d8)
	key		500015bf
	value		500015be
	next		500015bd
OBJ 50001577 (sz=32, trace=300000, class=java.util.Hashtable$Entry@500000d8)
	key		500015ba
	value		500015b9
OBJ 50001578 (sz=32, trace=300000, class=java.util.Hashtable$Entry@500000d8)
	key		500015b2
	value		500015b1
	next		500015b0
OBJ 50001579 (sz=32, trace=300000, class=java.util.Hashtable$Entry@500000d8)
	key		500015a4
	value		500015a3
	next		500015a2
OBJ 5000157a (sz=32, trace=300000, class=java.util.Hashtable$Entry@500000d8)
	key		5000159b
	value		5000159a
	next		50001599
OBJ 5000157b (sz=32, trace=300000, class=java.util.Hashtable$Entry@500000d8)
	key		50001596
	value		50001595
OBJ 5000157c (sz=32, trace=300000, class=java.util.Hashtable$Entry@500000d8)
	key		5000158e
	value		5000158d
	next		5000158c
OBJ 5000157d (sz=32, trace=300000, class=java.util.Hashtable$Entry@500000d8)
	key		50001589
	value		50001588
OBJ 5000157e (sz=32, trace=300000, class=java.util.Hashtable$Entry@500000d8)
	key		50001581
	value		50001580
	next		5000157f
OBJ 5000157f (sz=32, trace=300000, class=java.util.Hashtable$Entry@500000d8)
	key		50001585
	value		50001584
OBJ 50001580 (sz=24, trace=300000, class=java.lang.String@5000016f)
	value		50001583
OBJ 50001581 (sz=24, trace=300000, class=java.lang.String@5000016f)
	value		50001582
ARR 50001582 (sz=42, trace=300000, nelems=21, elem type=char[])
ARR 50001583 (sz=142, trace=300000, nelems=71, elem type=char[])
OBJ 50001584 (sz=24, trace=300000, class=java.lang.String@5000016f)
	value		50001587
OBJ 50001585 (sz=24, trace=300000, class=java.lang.String@5000016f)
	value		50001586
ARR 50001586 (sz=30, trace=300000, nelems=15, elem type=char[])
ARR 50001587 (sz=18, trace=300000, nelems=9, elem type=char[])
OBJ 50001588 (sz=24, trace=300000, class=java.lang.String@5000016f)
	value		5000158b
OBJ 50001589 (sz=24, trace=300000, class=java.lang.String@5000016f)
	value		5000158a
ARR 5000158a (sz=28, trace=300000, nelems=14, elem type=char[])
ARR 5000158b (sz=10, trace=300000, nelems=5, elem type=char[])
OBJ 5000158c (sz=32, trace=300000, class=java.util.Hashtable$Entry@500000d8)
	key		50001592
	value		50001591
OBJ 5000158d (sz=24, trace=300000, class=java.lang.String@5000016f)
	value		50001590
OBJ 5000158e (sz=24, trace=300000, class=java.lang.String@5000016f)
	value		5000158f
ARR 5000158f (sz=28, trace=300000, nelems=14, elem type=char[])
ARR 50001590 (sz=36, trace=300000, nelems=18, elem type=char[])
OBJ 50001591 (sz=24, trace=300000, class=java.lang.String@5000016f)
	value		50001594
OBJ 50001592 (sz=24, trace=300000, class=java.lang.String@5000016f)
	value		50001593
ARR 50001593 (sz=30, trace=300000, nelems=15, elem type=char[])
ARR 50001594 (sz=46, trace=300000, nelems=23, elem type=char[])
OBJ 50001595 (sz=24, trace=300000, class=java.lang.String@5000016f)
	value		50001598
OBJ 50001596 (sz=24, trace=300000, class=java.lang.String@5000016f)
	value		50001597
ARR 50001597 (sz=28, trace=300000, nelems=14, elem type=char[])
ARR 50001598 (sz=2, trace=300000, nelems=1, elem type=char[])
OBJ 50001599 (sz=32, trace=300000, class=java.util.Hashtable$Entry@500000d8)
	key		5000159f
	value		5000159e
OBJ 5000159a (sz=24, trace=300000, class=java.lang.String@5000016f)
	value		5000159d
OBJ 5000159b (sz=24, trace=300000, class=java.lang.String@5000016f)
	value		5000159c
ARR 5000159c (sz=24, trace=300000, nelems=12, elem type=char[])
ARR 5000159d (sz=66, trace=300000, nelems=33, elem type=char[])
OBJ 5000159e (sz=24, trace=300000, class=java.lang.String@5000016f)
	value		500015a1
OBJ 5000159f (sz=24, trace=300000, class=java.lang.String@5000016f)
	value		500015a0
ARR 500015a0 (sz=34, trace=300000, nelems=17, elem type=char[])
ARR 500015a1 (sz=12, trace=300000, nelems=6, elem type=char[])
OBJ 500015a2 (sz=32, trace=300000, class=java.util.Hashtable$Entry@500000d8)
	key		500015a9
	value		500015a8
	next		500015a7
OBJ 500015a3 (sz=24, trace=300000, class=java.lang.String@5000016f)
	value		500015a6
OBJ 500015a4 (sz=24, trace=300000, class=java.lang.String@5000016f)
	value		500015a5
ARR 500015a5 (sz=24, trace=300000, nelems=12, elem type=char[])
ARR 500015a6 (sz=4, trace=300000, nelems=2, elem type=char[])
OBJ 500015a7 (sz=32, trace=300000, class=java.util.Hashtable$Entry@500000d8)
	key		500015ad
	value		500015ac
OBJ 500015a8 (sz=24, trace=300000, class=java.lang.String@5000016f)
	value		500015ab
OBJ 500015a9 (sz=24, trace=300000, class=java.lang.String@5000016f)
	value		500015aa
ARR 500015aa (sz=34, trace=300000, nelems=17, elem type=char[])
ARR 500015ab (sz=24, trace=300000, nelems=12, elem type=char[])
OBJ 500015ac (sz=24, trace=300000, class=java.lang.String@5000016f)
	value		500015af
OBJ 500015ad (sz=24, trace=300000, class=java.lang.String@5000016f)
	value		500015ae
ARR 500015ae (sz=36, trace=300000, nelems=18, elem type=char[])
ARR 500015af (sz=14, trace=300000, nelems=7, elem type=char[])
OBJ 500015b0 (sz=32, trace=300000, class=java.util.Hashtable$Entry@500000d8)
	key		500015b6
	value		500015b5
OBJ 500015b1 (sz=24, trace=300000, class=java.lang.String@5000016f)
	value		500015b4
OBJ 500015b2 (sz=24, trace=300000, class=java.lang.String@5000016f)
	value		500015b3
ARR 500015b3 (sz=52, trace=300000, nelems=26, elem type=char[])
ARR 500015b4 (sz=68, trace=300000, nelems=34, elem type=char[])
OBJ 500015b5 (sz=24, trace=300000, class=java.lang.String@5000016f)
	value		500015b8
OBJ 500015b6 (sz=24, trace=300000, class=java.lang.String@5000016f)
	value		500015b7
ARR 500015b7 (sz=16, trace=300000, nelems=8, elem type=char[])
ARR 500015b8 (sz=142, trace=300000, nelems=71, elem type=char[])
OBJ 500015b9 (sz=24, trace=300000, class=java.lang.String@5000016f)
	value		500015bc
OBJ 500015ba (sz=24, trace=300000, class=java.lang.String@5000016f)
	value		500015bb
ARR 500015bb (sz=40, trace=300000, nelems=20, elem type=char[])
ARR 500015bc (sz=56, trace=300000, nelems=28, elem type=char[])
OBJ 500015bd (sz=32, trace=300000, class=java.util.Hashtable$Entry@500000d8)
	key		500015c3
	value		500015c2
OBJ 500015be (sz=24, trace=300000, class=java.lang.String@5000016f)
	value		500015c1
OBJ 500015bf (sz=24, trace=300000, class=java.lang.String@5000016f)
	value		500015c0
ARR 500015c0 (sz=36, trace=300000, nelems=18, elem type=char[])
ARR 500015c1 (sz=160, trace=300000, nelems=80, elem type=char[])
OBJ 500015c2 (sz=24, trace=300000, class=java.lang.String@5000016f)
	value		500015c5
OBJ 500015c3 (sz=24, trace=300000, class=java.lang.String@5000016f)
	value		500015c4
ARR 500015c4 (sz=14, trace=300000, nelems=7, elem type=char[])
ARR 500015c5 (sz=12, trace=300000, nelems=6, elem type=char[])
OBJ 500015c6 (sz=32, trace=300000, class=java.util.Hashtable$Entry@500000d8)
	key		500015cb
	value		500014a3
OBJ 500015c7 (sz=24, trace=300000, class=java.lang.String@5000016f)
	value		500015ca
OBJ 500015c8 (sz=24, trace=300000, class=java.lang.String@5000016f)
	value		500015c9
ARR 500015c9 (sz=28, trace=300000, nelems=14, elem type=char[])
ARR 500015ca (sz=98, trace=300000, nelems=49, elem type=char[])
OBJ 500015cb (sz=24, trace=300000, class=java.lang.String@5000016f)
	value		500015cc
ARR 500015cc (sz=28, trace=300000, nelems=14, elem type=char[])
ARR 500015cd (sz=2, trace=300000, nelems=1, elem type=char[])
OBJ 500015ce (sz=24, trace=300000, class=java.lang.String@5000016f)
	value		500015d1
OBJ 500015cf (sz=24, trace=300000, class=java.lang.String@5000016f)
	value		500015d0
ARR 500015d0 (sz=56, trace=300000, nelems=28, elem type=char[])
ARR 500015d1 (sz=36, trace=300000, nelems=18, elem type=char[])
OBJ 500015d2 (sz=24, trace=300000, class=java.lang.String@5000016f)
	value		500015d5
OBJ 500015d3 (sz=24, trace=300000, class=java.lang.String@5000016f)
	value		500015d4
ARR 500015d4 (sz=14, trace=300000, nelems=7, elem type=char[])
ARR 500015d5 (sz=16, trace=300000, nelems=8, elem type=char[])
OBJ 500015d6 (sz=24, trace=300000, class=java.lang.String@5000016f)
	value		500015d7
ARR 500015d7 (sz=32, trace=300000, nelems=16, elem type=char[])
ARR 500015d8 (sz=10, trace=300000, nelems=5, elem type=char[])
OBJ 500015d9 (sz=24, trace=300000, class=java.lang.String@5000016f)
	value		500015dc
OBJ 500015da (sz=24, trace=300000, class=java.lang.String@5000016f)
	value		500015db
ARR 500015db (sz=34, trace=300000, nelems=17, elem type=char[])
ARR 500015dc (sz=296, trace=300000, nelems=148, elem type=char[])
OBJ 500015dd (sz=32, trace=300000, class=java.util.Hashtable$Entry@500000d8)
	key		500015e3
	value		500015e2
OBJ 500015de (sz=24, trace=300000, class=java.lang.String@5000016f)
	value		500015e1
OBJ 500015df (sz=24, trace=300000, class=java.lang.String@5000016f)
	value		500015e0
ARR 500015e0 (sz=46, trace=300000, nelems=23, elem type=char[])
ARR 500015e1 (sz=62, trace=300000, nelems=31, elem type=char[])
OBJ 500015e2 (sz=24, trace=300000, class=java.lang.String@5000016f)
	value		500015e5
OBJ 500015e3 (sz=24, trace=300000, class=java.lang.String@5000016f)
	value		500015e4
ARR 500015e4 (sz=36, trace=300000, nelems=18, elem type=char[])
ARR 500015e5 (sz=8, trace=300000, nelems=4, elem type=char[])
OBJ 500015e6 (sz=24, trace=300000, class=java.lang.String@5000016f)
	value		500015e9
OBJ 500015e7 (sz=24, trace=300000, class=java.lang.String@5000016f)
	value		500015e8
ARR 500015e8 (sz=46, trace=300000, nelems=23, elem type=char[])
ARR 500015e9 (sz=62, trace=300000, nelems=31, elem type=char[])
OBJ 500015ea (sz=24, trace=300000, class=java.lang.String@5000016f)
	value		500015ed
OBJ 500015eb (sz=24, trace=300000, class=java.lang.String@5000016f)
	value		500015ec
ARR 500015ec (sz=20, trace=300000, nelems=10, elem type=char[])
ARR 500015ed (sz=14, trace=300000, nelems=7, elem type=char[])
OBJ 500015ee (sz=24, trace=300000, class=java.lang.String@5000016f)
	value		500015f1
OBJ 500015ef (sz=24, trace=300000, class=java.lang.String@5000016f)
	value		500015f0
ARR 500015f0 (sz=36, trace=300000, nelems=18, elem type=char[])
ARR 500015f1 (sz=74, trace=300000, nelems=37, elem type=char[])
OBJ 500015f2 (sz=24, trace=300000, class=java.lang.String@5000016f)
	value		500015f5
OBJ 500015f3 (sz=24, trace=300000, class=java.lang.String@5000016f)
	value		500015f4
ARR 500015f4 (sz=18, trace=300000, nelems=9, elem type=char[])
ARR 500015f5 (sz=36, trace=300000, nelems=18, elem type=char[])
OBJ 500015f6 (sz=24, trace=300000, class=java.lang.String@5000016f)
	value		500015f9
OBJ 500015f7 (sz=24, trace=300000, class=java.lang.String@5000016f)
	value		500015f8
ARR 500015f8 (sz=26, trace=300000, nelems=13, elem type=char[])
ARR 500015f9 (sz=0, trace=300000, nelems=0, elem type=char[])
OBJ 500015fa (sz=24, trace=300000, class=java.lang.String@5000016f)
	value		500015fd
OBJ 500015fb (sz=24, trace=300000, class=java.lang.String@5000016f)
	value		500015fc
ARR 500015fc (sz=38, trace=300000, nelems=19, elem type=char[])
ARR 500015fd (sz=56, trace=300000, nelems=28, elem type=char[])
OBJ 500015fe (sz=32, trace=300000, class=java.util.Hashtable$Entry@500000d8)
	key		50001604
	value		50001603
OBJ 500015ff (sz=24, trace=300000, class=java.lang.String@5000016f)
	value		50001602
OBJ 50001600 (sz=24, trace=300000, class=java.lang.String@5000016f)
	value		50001601
ARR 50001601 (sz=26, trace=300000, nelems=13, elem type=char[])
ARR 50001602 (sz=10, trace=300000, nelems=5, elem type=char[])
OBJ 50001603 (sz=24, trace=300000, class=java.lang.String@5000016f)
	value		50001606
OBJ 50001604 (sz=24, trace=300000, class=java.lang.String@5000016f)
	value		50001605
ARR 50001605 (sz=52, trace=300000, nelems=26, elem type=char[])
ARR 50001606 (sz=6, trace=300000, nelems=3, elem type=char[])
OBJ 50001607 (sz=32, trace=300000, class=java.util.Hashtable$Entry@500000d8)
	key		5000160d
	value		5000160c
OBJ 50001608 (sz=24, trace=300000, class=java.lang.String@5000016f)
	value		5000160b
OBJ 50001609 (sz=24, trace=300000, class=java.lang.String@5000016f)
	value		5000160a
ARR 5000160a (sz=18, trace=300000, nelems=9, elem type=char[])
ARR 5000160b (sz=6, trace=300000, nelems=3, elem type=char[])
OBJ 5000160c (sz=24, trace=300000, class=java.lang.String@5000016f)
	value		5000160f
OBJ 5000160d (sz=24, trace=300000, class=java.lang.String@5000016f)
	value		5000160e
ARR 5000160e (sz=30, trace=300000, nelems=15, elem type=char[])
ARR 5000160f (sz=2, trace=300000, nelems=1, elem type=char[])
OBJ 50001610 (sz=24, trace=300000, class=java.lang.String@5000016f)
	value		50001613
OBJ 50001611 (sz=24, trace=300000, class=java.lang.String@5000016f)
	value		50001612
ARR 50001612 (sz=58, trace=300000, nelems=29, elem type=char[])
ARR 50001613 (sz=6, trace=300000, nelems=3, elem type=char[])
OBJ 50001614 (sz=32, trace=300000, class=java.util.Hashtable$Entry@500000d8)
	key		5000161b
	value		5000161a
	next		50001619
OBJ 50001615 (sz=24, trace=300000, class=java.lang.String@5000016f)
	value		50001618
OBJ 50001616 (sz=24, trace=300000, class=java.lang.String@5000016f)
	value		50001617
ARR 50001617 (sz=38, trace=300000, nelems=19, elem type=char[])
ARR 50001618 (sz=4, trace=300000, nelems=2, elem type=char[])
OBJ 50001619 (sz=32, trace=300000, class=java.util.Hashtable$Entry@500000d8)
	key		5000161f
	value		5000161e
OBJ 5000161a (sz=24, trace=300000, class=java.lang.String@5000016f)
	value		5000161d
OBJ 5000161b (sz=24, trace=300000, class=java.lang.String@5000016f)
	value		5000161c
ARR 5000161c (sz=18, trace=300000, nelems=9, elem type=char[])
ARR 5000161d (sz=134, trace=300000, nelems=67, elem type=char[])
OBJ 5000161e (sz=24, trace=300000, class=java.lang.String@5000016f)
	value		50001621
OBJ 5000161f (sz=24, trace=300000, class=java.lang.String@5000016f)
	value		50001620
ARR 50001620 (sz=32, trace=300000, nelems=16, elem type=char[])
ARR 50001621 (sz=30, trace=300000, nelems=15, elem type=char[])
OBJ 50001622 (sz=32, trace=300000, class=java.util.Hashtable$Entry@500000d8)
	key		50001628
	value		50001627
OBJ 50001623 (sz=24, trace=300000, class=java.lang.String@5000016f)
	value		50001626
OBJ 50001624 (sz=24, trace=300000, class=java.lang.String@5000016f)
	value		50001625
ARR 50001625 (sz=50, trace=300000, nelems=25, elem type=char[])
ARR 50001626 (sz=36, trace=300000, nelems=18, elem type=char[])
OBJ 50001627 (sz=24, trace=300000, class=java.lang.String@5000016f)
	value		5000162a
OBJ 50001628 (sz=24, trace=300000, class=java.lang.String@5000016f)
	value		50001629
ARR 50001629 (sz=26, trace=300000, nelems=13, elem type=char[])
ARR 5000162a (sz=4, trace=300000, nelems=2, elem type=char[])
OBJ 5000162b (sz=24, trace=300000, class=java.lang.String@5000016f)
	value		5000162e
OBJ 5000162c (sz=24, trace=300000, class=java.lang.String@5000016f)
	value		5000162d
ARR 5000162d (sz=22, trace=300000, nelems=11, elem type=char[])
ARR 5000162e (sz=54, trace=300000, nelems=27, elem type=char[])
OBJ 5000162f (sz=32, trace=300000, class=java.util.Hashtable$Entry@500000d8)
	key		50001635
	value		50001634
OBJ 50001630 (sz=24, trace=300000, class=java.lang.String@5000016f)
	value		50001633
OBJ 50001631 (sz=24, trace=300000, class=java.lang.String@5000016f)
	value		50001632
ARR 50001632 (sz=24, trace=300000, nelems=12, elem type=char[])
ARR 50001633 (sz=38, trace=300000, nelems=19, elem type=char[])
OBJ 50001634 (sz=24, trace=300000, class=java.lang.String@5000016f)
	value		50001637
OBJ 50001635 (sz=24, trace=300000, class=java.lang.String@5000016f)
	value		50001636
ARR 50001636 (sz=54, trace=300000, nelems=27, elem type=char[])
ARR 50001637 (sz=4, trace=300000, nelems=2, elem type=char[])
OBJ 50001638 (sz=24, trace=300000, class=java.lang.String@5000016f)
	value		5000163b
OBJ 50001639 (sz=24, trace=300000, class=java.lang.String@5000016f)
	value		5000163a
ARR 5000163a (sz=24, trace=300000, nelems=12, elem type=char[])
ARR 5000163b (sz=16, trace=300000, nelems=8, elem type=char[])
OBJ 5000163c (sz=24, trace=300000, class=java.lang.String@5000016f)
	value		5000163f
OBJ 5000163d (sz=24, trace=300000, class=java.lang.String@5000016f)
	value		5000163e
ARR 5000163e (sz=26, trace=300000, nelems=13, elem type=char[])
ARR 5000163f (sz=444, trace=300000, nelems=222, elem type=char[])
OBJ 50001640 (sz=24, trace=300000, class=java.lang.String@5000016f)
	value		50001643
OBJ 50001641 (sz=24, trace=300000, class=java.lang.String@5000016f)
	value		50001642
ARR 50001642 (sz=38, trace=300000, nelems=19, elem type=char[])
ARR 50001643 (sz=1306, trace=300000, nelems=653, elem type=char[])
OBJ 50001644 (sz=24, trace=300000, class=java.lang.String@5000016f)
	value		50001647
OBJ 50001645 (sz=24, trace=300000, class=java.lang.String@5000016f)
	value		50001646
ARR 50001646 (sz=22, trace=300000, nelems=11, elem type=char[])
ARR 50001647 (sz=36, trace=300000, nelems=18, elem type=char[])
OBJ 50001648 (sz=24, trace=300000, class=java.lang.String@5000016f)
	value		5000164b
OBJ 50001649 (sz=24, trace=300000, class=java.lang.String@5000016f)
	value		5000164a
ARR 5000164a (sz=28, trace=300000, nelems=14, elem type=char[])
ARR 5000164b (sz=2, trace=300000, nelems=1, elem type=char[])
OBJ 5000164c (sz=24, trace=300000, class=java.lang.String@5000016f)
	value		5000164f
OBJ 5000164d (sz=24, trace=300000, class=java.lang.String@5000016f)
	value		5000164e
ARR 5000164e (sz=38, trace=300000, nelems=19, elem type=char[])
ARR 5000164f (sz=70, trace=300000, nelems=35, elem type=char[])
OBJ 50001650 (sz=24, trace=300000, class=java.lang.String@5000016f)
	value		50001653
OBJ 50001651 (sz=24, trace=300000, class=java.lang.String@5000016f)
	value		50001652
ARR 50001652 (sz=62, trace=300000, nelems=31, elem type=char[])
ARR 50001653 (sz=10, trace=300000, nelems=5, elem type=char[])
OBJ 50001654 (sz=32, trace=300000, class=java.util.Hashtable$Entry@500000d8)
	key		5000165a
	value		50001659
OBJ 50001655 (sz=24, trace=300000, class=java.lang.String@5000016f)
	value		50001658
OBJ 50001656 (sz=24, trace=300000, class=java.lang.String@5000016f)
	value		50001657
ARR 50001657 (sz=28, trace=300000, nelems=14, elem type=char[])
ARR 50001658 (sz=12, trace=300000, nelems=6, elem type=char[])
OBJ 50001659 (sz=24, trace=300000, class=java.lang.String@5000016f)
	value		5000165c
OBJ 5000165a (sz=24, trace=300000, class=java.lang.String@5000016f)
	value		5000165b
ARR 5000165b (sz=46, trace=300000, nelems=23, elem type=char[])
ARR 5000165c (sz=20, trace=300000, nelems=10, elem type=char[])
OBJ 5000165d (sz=24, trace=300000, class=java.lang.String@5000016f)
	value		50001660
OBJ 5000165e (sz=24, trace=300000, class=java.lang.String@5000016f)
	value		5000165f
ARR 5000165f (sz=36, trace=300000, nelems=18, elem type=char[])
ARR 50001660 (sz=74, trace=300000, nelems=37, elem type=char[])
OBJ 50001661 (sz=24, trace=300000, class=java.lang.String@5000016f)
	value		50001664
OBJ 50001662 (sz=24, trace=300000, class=java.lang.String@5000016f)
	value		50001663
ARR 50001663 (sz=34, trace=300000, nelems=17, elem type=char[])
ARR 50001664 (sz=74, trace=300000, nelems=37, elem type=char[])
OBJ 50001665 (sz=24, trace=300000, class=java.lang.String@5000016f)
	value		50001668
OBJ 50001666 (sz=24, trace=300000, class=java.lang.String@5000016f)
	value		50001667
ARR 50001667 (sz=30, trace=300000, nelems=15, elem type=char[])
ARR 50001668 (sz=0, trace=300000, nelems=0, elem type=char[])
ARR 50001669 (sz=32, trace=300000, nelems=16, elem type=char[])
OBJ 5000166a (sz=24, trace=300000, class=java.util.Collections$EmptyMap@500000bf)
OBJ 5000166b (sz=16, trace=300000, class=java.util.Collections$EmptyList@500000c0)
OBJ 5000166c (sz=16, trace=300000, class=java.util.Collections$EmptySet@500000c1)
OBJ 5000166d (sz=24, trace=300000, class=java.lang.String@5000016f)
	value		50001670
OBJ 5000166e (sz=16, trace=300000, class=java.lang.Boolean@50000113)
OBJ 5000166f (sz=16, trace=300000, class=java.lang.Boolean@50000113)
ARR 50001670 (sz=14, trace=300000, nelems=7, elem type=char[])
ARR 50001671 (sz=8, trace=300000, nelems=4, elem type=char[])
OBJ 50001672 (sz=24, trace=300000, class=java.lang.String@5000016f)
	value		50001673
ARR 50001673 (sz=12, trace=300000, nelems=6, elem type=char[])
OBJ 50001674 (sz=24, trace=300000, class=java.lang.String@5000016f)
	value		50001f0a
OBJ 50001675 (sz=24, trace=300000, class=java.lang.String@5000016f)
	value		50001f09
ARR 50001676 (sz=24, trace=300000, nelems=1, elem type=java.lang.String[]@500000cf)
	[0]		50001580
ARR 50001677 (sz=40, trace=300000, nelems=6, elem type=java.lang.String[]@500000cf)
	[0]		50001ef2
	[1]		50001ef3
	[2]		50001ef4
	[3]		50001ef5
	[4]		50001ef6
	[5]		50001ef7
OBJ 50001678 (sz=32, trace=300000, class=java.util.Stack@500000e4)
	elementData	50001ef1
OBJ 50001679 (sz=32, trace=300000, class=java.util.Vector@500000e5)
	elementData	50001eef
OBJ 5000167a (sz=32, trace=300000, class=java.util.Vector@500000e5)
	elementData	50001eee
ARR 5000167b (sz=16, trace=300000, nelems=0, elem type=java.security.cert.Certificate[]@500000ec)
OBJ 5000167c (sz=48, trace=300000, class=sun.misc.URLClassPath@50000004)
	path		50001ee5
	urls		50001ee4
	loaders		50001ee3
	lmap		50001ee2
	jarHandler	50001ee1
OBJ 5000167d (sz=48, trace=300000, class=java.util.WeakHashMap@500000ac)
	table		50001eec
	queue		50001eeb
OBJ 5000167e (sz=40, trace=300000, class=java.security.AccessControlContext@50000160)
OBJ 5000167f (sz=48, trace=300000, class=java.util.HashMap@500000ba)
OBJ 50001680 (sz=16, trace=300000, class=java.lang.Object@50000173)
OBJ 50001681 (sz=32, trace=300000, class=java.util.Vector@500000e5)
	elementData	50001ee0
OBJ 50001682 (sz=48, trace=300000, class=java.util.HashMap@500000ba)
OBJ 50001683 (sz=24, trace=300000, class=java.util.Collections$SynchronizedSet@50000090)
	c		50001ede
	mutex		50001683
OBJ 50001684 (sz=40, trace=300000, class=java.security.ProtectionDomain@50000161)
	codesource	50001edd
	classloader	5000139a
	principals	50001edc
	key		50001edb
OBJ 50001685 (sz=32, trace=300000, class=java.util.Vector@500000e5)
	elementData	50001eda
OBJ 50001686 (sz=64, trace=300000, class=java.util.concurrent.ConcurrentHashMap@50000027)
OBJ 50001687 (sz=64, trace=300000, class=java.util.concurrent.ConcurrentHashMap@50000027)
	table		5000021d
OBJ 50001688 (sz=48, trace=300000, class=java.util.WeakHashMap@500000ac)
	table		50001ece
	queue		50001ecd
OBJ 50001689 (sz=40, trace=300000, class=java.security.AccessControlContext@50000160)
OBJ 5000168a (sz=48, trace=300000, class=sun.misc.URLClassPath@50000004)
	path		50001e7a
	urls		50001e79
	loaders		50001e78
	lmap		50001e77
	jarHandler	50001e76
OBJ 5000168b (sz=48, trace=300000, class=java.util.HashMap@500000ba)
OBJ 5000168c (sz=16, trace=300000, class=java.lang.Object@50000173)
OBJ 5000168d (sz=32, trace=300000, class=java.util.Vector@500000e5)
	elementData	50001e75
OBJ 5000168e (sz=48, trace=300000, class=java.util.HashMap@500000ba)
OBJ 5000168f (sz=24, trace=300000, class=java.util.Collections$SynchronizedSet@50000090)
	c		50001e73
	mutex		5000168f
OBJ 50001690 (sz=40, trace=300000, class=java.security.ProtectionDomain@50000161)
	codesource	500017c8
	classloader	5000139c
	principals	500017c7
	key		500017c6
OBJ 50001691 (sz=32, trace=300000, class=java.util.Vector@500000e5)
	elementData	500017c5
OBJ 50001692 (sz=64, trace=300000, class=java.util.concurrent.ConcurrentHashMap@50000027)
OBJ 50001693 (sz=64, trace=300000, class=java.util.concurrent.ConcurrentHashMap@50000027)
	table		50000220
OBJ 50001694 (sz=24, trace=300000, class=java.lang.String@5000016f)
	value		50001695
ARR 50001695 (sz=62, trace=300000, nelems=31, elem type=char[])
OBJ 50001696 (sz=24, trace=300000, class=java.lang.String@5000016f)
	value		500017be
OBJ 50001697 (sz=24, trace=300000, class=java.lang.String@5000016f)
	value		500016a3
OBJ 50001698 (sz=24, trace=300000, class=java.lang.String@5000016f)
	value		500017bc
OBJ 50001699 (sz=24, trace=300000, class=java.lang.String@5000016f)
	value		500017c4
OBJ 5000169a (sz=24, trace=300000, class=java.lang.String@5000016f)
	value		500017c3
OBJ 5000169b (sz=24, trace=300000, class=java.lang.String@5000016f)
	value		500017c2
OBJ 5000169c (sz=24, trace=300000, class=java.lang.String@5000016f)
	value		500017c1
OBJ 5000169d (sz=24, trace=300000, class=java.lang.String@5000016f)
	value		500017c0
ARR 5000169e (sz=32, trace=300000, nelems=3, elem type=java.io.ObjectStreamField[]@500000fc)
	[0]		5000169f
	[1]		500016a0
	[2]		500016a1
OBJ 5000169f (sz=40, trace=300000, class=java.io.ObjectStreamField@500000fe)
	name		50001696
	signature	500017bd
	type		50000021
OBJ 500016a0 (sz=40, trace=300000, class=java.io.ObjectStreamField@500000fe)
	name		50001698
	signature	500016a2
	type		50001480
OBJ 500016a1 (sz=40, trace=300000, class=java.io.ObjectStreamField@500000fe)
	name		50001697
	signature	500016a2
	type		50001480
OBJ 500016a2 (sz=24, trace=300000, class=java.lang.String@5000016f)
	value		500016a4
ARR 500016a3 (sz=24, trace=300000, nelems=12, elem type=char[])
ARR 500016a4 (sz=2, trace=300000, nelems=1, elem type=char[])
OBJ 500016a5 (sz=24, trace=300000, class=java.lang.String@5000016f)
	value		500016a6
ARR 500016a6 (sz=8, trace=300000, nelems=4, elem type=char[])
OBJ 500016a7 (sz=24, trace=300000, class=java.lang.String@5000016f)
	value		500016ac
ARR 500016a8 (sz=40, trace=300000, nelems=10, elem type=int[])
ARR 500016a9 (sz=200, trace=300000, nelems=100, elem type=char[])
ARR 500016aa (sz=200, trace=300000, nelems=100, elem type=char[])
ARR 500016ab (sz=72, trace=300000, nelems=36, elem type=char[])
ARR 500016ac (sz=6, trace=300000, nelems=3, elem type=char[])
ARR 500016ad (sz=1040, trace=300000, nelems=256, elem type=java.lang.Integer[]@50000051)
	[0]		500016ae
	[1]		500016af
	[2]		500016b0
	[3]		500016b1
	[4]		500016b2
	[5]		500016b3
	[6]		500016b4
	[7]		500016b5
	[8]		500016b6
	[9]		500016b7
	[10]		500016b8
	[11]		500016b9
	[12]		500016ba
	[13]		500016bb
	[14]		500016bc
	[15]		500016bd
	[16]		500016be
	[17]		500016bf
	[18]		500016c0
	[19]		500016c1
	[20]		500016c2
	[21]		500016c3
	[22]		500016c4
	[23]		500016c5
	[24]		500016c6
	[25]		500016c7
	[26]		500016c8
	[27]		500016c9
	[28]		500016ca
	[29]		500016cb
	[30]		500016cc
	[31]		500016cd
	[32]		500016ce
	[33]		500016cf
	[34]		500016d0
	[35]		500016d1
	[36]		500016d2
	[37]		500016d3
	[38]		500016d4
	[39]		500016d5
	[40]		500016d6
	[41]		500016d7
	[42]		500016d8
	[43]		500016d9
	[44]		500016da
	[45]		500016db
	[46]		500016dc
	[47]		500016dd
	[48]		500016de
	[49]		500016df
	[50]		500016e0
	[51]		500016e1
	[52]		500016e2
	[53]		500016e3
	[54]		500016e4
	[55]		500016e5
	[56]		500016e6
	[57]		500016e7
	[58]		500016e8
	[59]		500016e9
	[60]		500016ea
	[61]		500016eb
	[62]		500016ec
	[63]		500016ed
	[64]		500016ee
	[65]		500016ef
	[66]		500016f0
	[67]		500016f1
	[68]		500016f2
	[69]		500016f3
	[70]		500016f4
	[71]		500016f5
	[72]		500016f6
	[73]		500016f7
	[74]		500016f8
	[75]		500016f9
	[76]		500016fa
	[77]		500016fb
	[78]		500016fc
	[79]		500016fd
	[80]		500016fe
	[81]		500016ff
	[82]		50001700
	[83]		50001701
	[84]		50001702
	[85]		50001703
	[86]		50001704
	[87]		50001705
	[88]		50001706
	[89]		50001707
	[90]		50001708
	[91]		50001709
	[92]		5000170a
	[93]		5000170b
	[94]		5000170c
	[95]		5000170d
	[96]		5000170e
	[97]		5000170f
	[98]		50001710
	[99]		50001711
	[100]		50001712
	[101]		50001713
	[102]		50001714
	[103]		50001715
	[104]		50001716
	[105]		50001717
	[106]		50001718
	[107]		50001719
	[108]		5000171a
	[109]		5000171b
	[110]		5000171c
	[111]		5000171d
	[112]		5000171e
	[113]		5000171f
	[114]		50001720
	[115]		50001721
	[116]		50001722
	[117]		50001723
	[118]		50001724
	[119]		50001725
	[120]		50001726
	[121]		50001727
	[122]		50001728
	[123]		50001729
	[124]		5000172a
	[125]		5000172b
	[126]		5000172c
	[127]		5000172d
	[128]		5000172e
	[129]		5000172f
	[130]		50001730
	[131]		50001731
	[132]		50001732
	[133]		50001733
	[134]		50001734
	[135]		50001735
	[136]		50001736
	[137]		50001737
	[138]		50001738
	[139]		50001739
	[140]		5000173a
	[141]		5000173b
	[142]		5000173c
	[143]		5000173d
	[144]		5000173e
	[145]		5000173f
	[146]		50001740
	[147]		50001741
	[148]		50001742
	[149]		50001743
	[150]		50001744
	[151]		50001745
	[152]		50001746
	[153]		50001747
	[154]		50001748
	[155]		50001749
	[156]		5000174a
	[157]		5000174b
	[158]		5000174c
	[159]		5000174d
	[160]		5000174e
	[161]		5000174f
	[162]		50001750
	[163]		50001751
	[164]		50001752
	[165]		50001753
	[166]		50001754
	[167]		50001755
	[168]		50001756
	[169]		50001757
	[170]		50001758
	[171]		50001759
	[172]		5000175a
	[173]		5000175b
	[174]		5000175c
	[175]		5000175d
	[176]		5000175e
	[177]		5000175f
	[178]		50001760
	[179]		50001761
	[180]		50001762
	[181]		50001763
	[182]		50001764
	[183]		50001765
	[184]		50001766
	[185]		50001767
	[186]		50001768
	[187]		50001769
	[188]		5000176a
	[189]		5000176b
	[190]		5000176c
	[191]		5000176d
	[192]		5000176e
	[193]		5000176f
	[194]		50001770
	[195]		50001771
	[196]		50001772
	[197]		50001773
	[198]		50001774
	[199]		50001775
	[200]		50001776
	[201]		50001777
	[202]		50001778
	[203]		50001779
	[204]		5000177a
	[205]		5000177b
	[206]		5000177c
	[207]		5000177d
	[208]		5000177e
	[209]		5000177f
	[210]		50001780
	[211]		50001781
	[212]		50001782
	[213]		50001783
	[214]		50001784
	[215]		50001785
	[216]		50001786
	[217]		50001787
	[218]		50001788
	[219]		50001789
	[220]		5000178a
	[221]		5000178b
	[222]		5000178c
	[223]		5000178d
	[224]		5000178e
	[225]		5000178f
	[226]		50001790
	[227]		50001791
	[228]		50001792
	[229]		50001793
	[230]		50001794
	[231]		50001795
	[232]		50001796
	[233]		50001797
	[234]		50001798
	[235]		50001799
	[236]		5000179a
	[237]		5000179b
	[238]		5000179c
	[239]		5000179d
	[240]		5000179e
	[241]		5000179f
	[242]		500017a0
	[243]		500017a1
	[244]		500017a2
	[245]		500017a3
	[246]		500017a4
	[247]		500017a5
	[248]		500017a6
	[249]		500017a7
	[250]		500017a8
	[251]		500017a9
	[252]		500017aa
	[253]		500017ab
	[254]		500017ac
	[255]		500017ad
OBJ 500016ae (sz=16, trace=300000, class=java.lang.Integer@5000010c)
OBJ 500016af (sz=16, trace=300000, class=java.lang.Integer@5000010c)
OBJ 500016b0 (sz=16, trace=300000, class=java.lang.Integer@5000010c)
OBJ 500016b1 (sz=16, trace=300000, class=java.lang.Integer@5000010c)
OBJ 500016b2 (sz=16, trace=300000, class=java.lang.Integer@5000010c)
OBJ 500016b3 (sz=16, trace=300000, class=java.lang.Integer@5000010c)
OBJ 500016b4 (sz=16, trace=300000, class=java.lang.Integer@5000010c)
OBJ 500016b5 (sz=16, trace=300000, class=java.lang.Integer@5000010c)
OBJ 500016b6 (sz=16, trace=300000, class=java.lang.Integer@5000010c)
OBJ 500016b7 (sz=16, trace=300000, class=java.lang.Integer@5000010c)
OBJ 500016b8 (sz=16, trace=300000, class=java.lang.Integer@5000010c)
OBJ 500016b9 (sz=16, trace=300000, class=java.lang.Integer@5000010c)
OBJ 500016ba (sz=16, trace=300000, class=java.lang.Integer@5000010c)
OBJ 500016bb (sz=16, trace=300000, class=java.lang.Integer@5000010c)
OBJ 500016bc (sz=16, trace=300000, class=java.lang.Integer@5000010c)
OBJ 500016bd (sz=16, trace=300000, class=java.lang.Integer@5000010c)
OBJ 500016be (sz=16, trace=300000, class=java.lang.Integer@5000010c)
OBJ 500016bf (sz=16, trace=300000, class=java.lang.Integer@5000010c)
OBJ 500016c0 (sz=16, trace=300000, class=java.lang.Integer@5000010c)
OBJ 500016c1 (sz=16, trace=300000, class=java.lang.Integer@5000010c)
OBJ 500016c2 (sz=16, trace=300000, class=java.lang.Integer@5000010c)
OBJ 500016c3 (sz=16, trace=300000, class=java.lang.Integer@5000010c)
OBJ 500016c4 (sz=16, trace=300000, class=java.lang.Integer@5000010c)
OBJ 500016c5 (sz=16, trace=300000, class=java.lang.Integer@5000010c)
OBJ 500016c6 (sz=16, trace=300000, class=java.lang.Integer@5000010c)
OBJ 500016c7 (sz=16, trace=300000, class=java.lang.Integer@5000010c)
OBJ 500016c8 (sz=16, trace=300000, class=java.lang.Integer@5000010c)
OBJ 500016c9 (sz=16, trace=300000, class=java.lang.Integer@5000010c)
OBJ 500016ca (sz=16, trace=300000, class=java.lang.Integer@5000010c)
OBJ 500016cb (sz=16, trace=300000, class=java.lang.Integer@5000010c)
OBJ 500016cc (sz=16, trace=300000, class=java.lang.Integer@5000010c)
OBJ 500016cd (sz=16, trace=300000, class=java.lang.Integer@5000010c)
OBJ 500016ce (sz=16, trace=300000, class=java.lang.Integer@5000010c)
OBJ 500016cf (sz=16, trace=300000, class=java.lang.Integer@5000010c)
OBJ 500016d0 (sz=16, trace=300000, class=java.lang.Integer@5000010c)
OBJ 500016d1 (sz=16, trace=300000, class=java.lang.Integer@5000010c)
OBJ 500016d2 (sz=16, trace=300000, class=java.lang.Integer@5000010c)
OBJ 500016d3 (sz=16, trace=300000, class=java.lang.Integer@5000010c)
OBJ 500016d4 (sz=16, trace=300000, class=java.lang.Integer@5000010c)
OBJ 500016d5 (sz=16, trace=300000, class=java.lang.Integer@5000010c)
OBJ 500016d6 (sz=16, trace=300000, class=java.lang.Integer@5000010c)
OBJ 500016d7 (sz=16, trace=300000, class=java.lang.Integer@5000010c)
OBJ 500016d8 (sz=16, trace=300000, class=java.lang.Integer@5000010c)
OBJ 500016d9 (sz=16, trace=300000, class=java.lang.Integer@5000010c)
OBJ 500016da (sz=16, trace=300000, class=java.lang.Integer@5000010c)
OBJ 500016db (sz=16, trace=300000, class=java.lang.Integer@5000010c)
OBJ 500016dc (sz=16, trace=300000, class=java.lang.Integer@5000010c)
OBJ 500016dd (sz=16, trace=300000, class=java.lang.Integer@5000010c)
OBJ 500016de (sz=16, trace=300000, class=java.lang.Integer@5000010c)
OBJ 500016df (sz=16, trace=300000, class=java.lang.Integer@5000010c)
OBJ 500016e0 (sz=16, trace=300000, class=java.lang.Integer@5000010c)
OBJ 500016e1 (sz=16, trace=300000, class=java.lang.Integer@5000010c)
OBJ 500016e2 (sz=16, trace=300000, class=java.lang.Integer@5000010c)
OBJ 500016e3 (sz=16, trace=300000, class=java.lang.Integer@5000010c)
OBJ 500016e4 (sz=16, trace=300000, class=java.lang.Integer@5000010c)
OBJ 500016e5 (sz=16, trace=300000, class=java.lang.Integer@5000010c)
OBJ 500016e6 (sz=16, trace=300000, class=java.lang.Integer@5000010c)
OBJ 500016e7 (sz=16, trace=300000, class=java.lang.Integer@5000010c)
OBJ 500016e8 (sz=16, trace=300000, class=java.lang.Integer@5000010c)
OBJ 500016e9 (sz=16, trace=300000, class=java.lang.Integer@5000010c)
OBJ 500016ea (sz=16, trace=300000, class=java.lang.Integer@5000010c)
OBJ 500016eb (sz=16, trace=300000, class=java.lang.Integer@5000010c)
OBJ 500016ec (sz=16, trace=300000, class=java.lang.Integer@5000010c)
OBJ 500016ed (sz=16, trace=300000, class=java.lang.Integer@5000010c)
OBJ 500016ee (sz=16, trace=300000, class=java.lang.Integer@5000010c)
OBJ 500016ef (sz=16, trace=300000, class=java.lang.Integer@5000010c)
OBJ 500016f0 (sz=16, trace=300000, class=java.lang.Integer@5000010c)
OBJ 500016f1 (sz=16, trace=300000, class=java.lang.Integer@5000010c)
OBJ 500016f2 (sz=16, trace=300000, class=java.lang.Integer@5000010c)
OBJ 500016f3 (sz=16, trace=300000, class=java.lang.Integer@5000010c)
OBJ 500016f4 (sz=16, trace=300000, class=java.lang.Integer@5000010c)
OBJ 500016f5 (sz=16, trace=300000, class=java.lang.Integer@5000010c)
OBJ 500016f6 (sz=16, trace=300000, class=java.lang.Integer@5000010c)
OBJ 500016f7 (sz=16, trace=300000, class=java.lang.Integer@5000010c)
OBJ 500016f8 (sz=16, trace=300000, class=java.lang.Integer@5000010c)
OBJ 500016f9 (sz=16, trace=300000, class=java.lang.Integer@5000010c)
OBJ 500016fa (sz=16, trace=300000, class=java.lang.Integer@5000010c)
OBJ 500016fb (sz=16, trace=300000, class=java.lang.Integer@5000010c)
OBJ 500016fc (sz=16, trace=300000, class=java.lang.Integer@5000010c)
OBJ 500016fd (sz=16, trace=300000, class=java.lang.Integer@5000010c)
OBJ 500016fe (sz=16, trace=300000, class=java.lang.Integer@5000010c)
OBJ 500016ff (sz=16, trace=300000, class=java.lang.Integer@5000010c)
OBJ 50001700 (sz=16, trace=300000, class=java.lang.Integer@5000010c)
OBJ 50001701 (sz=16, trace=300000, class=java.lang.Integer@5000010c)
OBJ 50001702 (sz=16, trace=300000, class=java.lang.Integer@5000010c)
OBJ 50001703 (sz=16, trace=300000, class=java.lang.Integer@5000010c)
OBJ 50001704 (sz=16, trace=300000, class=java.lang.Integer@5000010c)
OBJ 50001705 (sz=16, trace=300000, class=java.lang.Integer@5000010c)
OBJ 50001706 (sz=16, trace=300000, class=java.lang.Integer@5000010c)
OBJ 50001707 (sz=16, trace=300000, class=java.lang.Integer@5000010c)
OBJ 50001708 (sz=16, trace=300000, class=java.lang.Integer@5000010c)
OBJ 50001709 (sz=16, trace=300000, class=java.lang.Integer@5000010c)
OBJ 5000170a (sz=16, trace=300000, class=java.lang.Integer@5000010c)
OBJ 5000170b (sz=16, trace=300000, class=java.lang.Integer@5000010c)
OBJ 5000170c (sz=16, trace=300000, class=java.lang.Integer@5000010c)
OBJ 5000170d (sz=16, trace=300000, class=java.lang.Integer@5000010c)
OBJ 5000170e (sz=16, trace=300000, class=java.lang.Integer@5000010c)
OBJ 5000170f (sz=16, trace=300000, class=java.lang.Integer@5000010c)
OBJ 50001710 (sz=16, trace=300000, class=java.lang.Integer@5000010c)
OBJ 50001711 (sz=16, trace=300000, class=java.lang.Integer@5000010c)
OBJ 50001712 (sz=16, trace=300000, class=java.lang.Integer@5000010c)
OBJ 50001713 (sz=16, trace=300000, class=java.lang.Integer@5000010c)
OBJ 50001714 (sz=16, trace=300000, class=java.lang.Integer@5000010c)
OBJ 50001715 (sz=16, trace=300000, class=java.lang.Integer@5000010c)
OBJ 50001716 (sz=16, trace=300000, class=java.lang.Integer@5000010c)
OBJ 50001717 (sz=16, trace=300000, class=java.lang.Integer@5000010c)
OBJ 50001718 (sz=16, trace=300000, class=java.lang.Integer@5000010c)
OBJ 50001719 (sz=16, trace=300000, class=java.lang.Integer@5000010c)
OBJ 5000171a (sz=16, trace=300000, class=java.lang.Integer@5000010c)
OBJ 5000171b (sz=16, trace=300000, class=java.lang.Integer@5000010c)
OBJ 5000171c (sz=16, trace=300000, class=java.lang.Integer@5000010c)
OBJ 5000171d (sz=16, trace=300000, class=java.lang.Integer@5000010c)
OBJ 5000171e (sz=16, trace=300000, class=java.lang.Integer@5000010c)
OBJ 5000171f (sz=16, trace=300000, class=java.lang.Integer@5000010c)
OBJ 50001720 (sz=16, trace=300000, class=java.lang.Integer@5000010c)
OBJ 50001721 (sz=16, trace=300000, class=java.lang.Integer@5000010c)
OBJ 50001722 (sz=16, trace=300000, class=java.lang.Integer@5000010c)
OBJ 50001723 (sz=16, trace=300000, class=java.lang.Integer@5000010c)
OBJ 50001724 (sz=16, trace=300000, class=java.lang.Integer@5000010c)
OBJ 50001725 (sz=16, trace=300000, class=java.lang.Integer@5000010c)
OBJ 50001726 (sz=16, trace=300000, class=java.lang.Integer@5000010c)
OBJ 50001727 (sz=16, trace=300000, class=java.lang.Integer@5000010c)
OBJ 50001728 (sz=16, trace=300000, class=java.lang.Integer@5000010c)
OBJ 50001729 (sz=16, trace=300000, class=java.lang.Integer@5000010c)
OBJ 5000172a (sz=16, trace=300000, class=java.lang.Integer@5000010c)
OBJ 5000172b (sz=16, trace=300000, class=java.lang.Integer@5000010c)
OBJ 5000172c (sz=16, trace=300000, class=java.lang.Integer@5000010c)
OBJ 5000172d (sz=16, trace=300000, class=java.lang.Integer@5000010c)
OBJ 5000172e (sz=16, trace=300000, class=java.lang.Integer@5000010c)
OBJ 5000172f (sz=16, trace=300000, class=java.lang.Integer@5000010c)
OBJ 50001730 (sz=16, trace=300000, class=java.lang.Integer@5000010c)
OBJ 50001731 (sz=16, trace=300000, class=java.lang.Integer@5000010c)
OBJ 50001732 (sz=16, trace=300000, class=java.lang.Integer@5000010c)
OBJ 50001733 (sz=16, trace=300000, class=java.lang.Integer@5000010c)
OBJ 50001734 (sz=16, trace=300000, class=java.lang.Integer@5000010c)
OBJ 50001735 (sz=16, trace=300000, class=java.lang.Integer@5000010c)
OBJ 50001736 (sz=16, trace=300000, class=java.lang.Integer@5000010c)
OBJ 50001737 (sz=16, trace=300000, class=java.lang.Integer@5000010c)
OBJ 50001738 (sz=16, trace=300000, class=java.lang.Integer@5000010c)
OBJ 50001739 (sz=16, trace=300000, class=java.lang.Integer@5000010c)
OBJ 5000173a (sz=16, trace=300000, class=java.lang.Integer@5000010c)
OBJ 5000173b (sz=16, trace=300000, class=java.lang.Integer@5000010c)
OBJ 5000173c (sz=16, trace=300000, class=java.lang.Integer@5000010c)
OBJ 5000173d (sz=16, trace=300000, class=java.lang.Integer@5000010c)
OBJ 5000173e (sz=16, trace=300000, class=java.lang.Integer@5000010c)
OBJ 5000173f (sz=16, trace=300000, class=java.lang.Integer@5000010c)
OBJ 50001740 (sz=16, trace=300000, class=java.lang.Integer@5000010c)
OBJ 50001741 (sz=16, trace=300000, class=java.lang.Integer@5000010c)
OBJ 50001742 (sz=16, trace=300000, class=java.lang.Integer@5000010c)
OBJ 50001743 (sz=16, trace=300000, class=java.lang.Integer@5000010c)
OBJ 50001744 (sz=16, trace=300000, class=java.lang.Integer@5000010c)
OBJ 50001745 (sz=16, trace=300000, class=java.lang.Integer@5000010c)
OBJ 50001746 (sz=16, trace=300000, class=java.lang.Integer@5000010c)
OBJ 50001747 (sz=16, trace=300000, class=java.lang.Integer@5000010c)
OBJ 50001748 (sz=16, trace=300000, class=java.lang.Integer@5000010c)
OBJ 50001749 (sz=16, trace=300000, class=java.lang.Integer@5000010c)
OBJ 5000174a (sz=16, trace=300000, class=java.lang.Integer@5000010c)
OBJ 5000174b (sz=16, trace=300000, class=java.lang.Integer@5000010c)
OBJ 5000174c (sz=16, trace=300000, class=java.lang.Integer@5000010c)
OBJ 5000174d (sz=16, trace=300000, class=java.lang.Integer@5000010c)
OBJ 5000174e (sz=16, trace=300000, class=java.lang.Integer@5000010c)
OBJ 5000174f (sz=16, trace=300000, class=java.lang.Integer@5000010c)
OBJ 50001750 (sz=16, trace=300000, class=java.lang.Integer@5000010c)
OBJ 50001751 (sz=16, trace=300000, class=java.lang.Integer@5000010c)
OBJ 50001752 (sz=16, trace=300000, class=java.lang.Integer@5000010c)
OBJ 50001753 (sz=16, trace=300000, class=java.lang.Integer@5000010c)
OBJ 50001754 (sz=16, trace=300000, class=java.lang.Integer@5000010c)
OBJ 50001755 (sz=16, trace=300000, class=java.lang.Integer@5000010c)
OBJ 50001756 (sz=16, trace=300000, class=java.lang.Integer@5000010c)
OBJ 50001757 (sz=16, trace=300000, class=java.lang.Integer@5000010c)
OBJ 50001758 (sz=16, trace=300000, class=java.lang.Integer@5000010c)
OBJ 50001759 (sz=16, trace=300000, class=java.lang.Integer@5000010c)
OBJ 5000175a (sz=16, trace=300000, class=java.lang.Integer@5000010c)
OBJ 5000175b (sz=16, trace=300000, class=java.lang.Integer@5000010c)
OBJ 5000175c (sz=16, trace=300000, class=java.lang.Integer@5000010c)
OBJ 5000175d (sz=16, trace=300000, class=java.lang.Integer@5000010c)
OBJ 5000175e (sz=16, trace=300000, class=java.lang.Integer@5000010c)
OBJ 5000175f (sz=16, trace=300000, class=java.lang.Integer@5000010c)
OBJ 50001760 (sz=16, trace=300000, class=java.lang.Integer@5000010c)
OBJ 50001761 (sz=16, trace=300000, class=java.lang.Integer@5000010c)
OBJ 50001762 (sz=16, trace=300000, class=java.lang.Integer@5000010c)
OBJ 50001763 (sz=16, trace=300000, class=java.lang.Integer@5000010c)
OBJ 50001764 (sz=16, trace=300000, class=java.lang.Integer@5000010c)
OBJ 50001765 (sz=16, trace=300000, class=java.lang.Integer@5000010c)
OBJ 50001766 (sz=16, trace=300000, class=java.lang.Integer@5000010c)
OBJ 50001767 (sz=16, trace=300000, class=java.lang.Integer@5000010c)
OBJ 50001768 (sz=16, trace=300000, class=java.lang.Integer@5000010c)
OBJ 50001769 (sz=16, trace=300000, class=java.lang.Integer@5000010c)
OBJ 5000176a (sz=16, trace=300000, class=java.lang.Integer@5000010c)
OBJ 5000176b (sz=16, trace=300000, class=java.lang.Integer@5000010c)
OBJ 5000176c (sz=16, trace=300000, class=java.lang.Integer@5000010c)
OBJ 5000176d (sz=16, trace=300000, class=java.lang.Integer@5000010c)
OBJ 5000176e (sz=16, trace=300000, class=java.lang.Integer@5000010c)
OBJ 5000176f (sz=16, trace=300000, class=java.lang.Integer@5000010c)
OBJ 50001770 (sz=16, trace=300000, class=java.lang.Integer@5000010c)
OBJ 50001771 (sz=16, trace=300000, class=java.lang.Integer@5000010c)
OBJ 50001772 (sz=16, trace=300000, class=java.lang.Integer@5000010c)
OBJ 50001773 (sz=16, trace=300000, class=java.lang.Integer@5000010c)
OBJ 50001774 (sz=16, trace=300000, class=java.lang.Integer@5000010c)
OBJ 50001775 (sz=16, trace=300000, class=java.lang.Integer@5000010c)
OBJ 50001776 (sz=16, trace=300000, class=java.lang.Integer@5000010c)
OBJ 50001777 (sz=16, trace=300000, class=java.lang.Integer@5000010c)
OBJ 50001778 (sz=16, trace=300000, class=java.lang.Integer@5000010c)
OBJ 50001779 (sz=16, trace=300000, class=java.lang.Integer@5000010c)
OBJ 5000177a (sz=16, trace=300000, class=java.lang.Integer@5000010c)
OBJ 5000177b (sz=16, trace=300000, class=java.lang.Integer@5000010c)
OBJ 5000177c (sz=16, trace=300000, class=java.lang.Integer@5000010c)
OBJ 5000177d (sz=16, trace=300000, class=java.lang.Integer@5000010c)
OBJ 5000177e (sz=16, trace=300000, class=java.lang.Integer@5000010c)
OBJ 5000177f (sz=16, trace=300000, class=java.lang.Integer@5000010c)
OBJ 50001780 (sz=16, trace=300000, class=java.lang.Integer@5000010c)
OBJ 50001781 (sz=16, trace=300000, class=java.lang.Integer@5000010c)
OBJ 50001782 (sz=16, trace=300000, class=java.lang.Integer@5000010c)
OBJ 50001783 (sz=16, trace=300000, class=java.lang.Integer@5000010c)
OBJ 50001784 (sz=16, trace=300000, class=java.lang.Integer@5000010c)
OBJ 50001785 (sz=16, trace=300000, class=java.lang.Integer@5000010c)
OBJ 50001786 (sz=16, trace=300000, class=java.lang.Integer@5000010c)
OBJ 50001787 (sz=16, trace=300000, class=java.lang.Integer@5000010c)
OBJ 50001788 (sz=16, trace=300000, class=java.lang.Integer@5000010c)
OBJ 50001789 (sz=16, trace=300000, class=java.lang.Integer@5000010c)
OBJ 5000178a (sz=16, trace=300000, class=java.lang.Integer@5000010c)
OBJ 5000178b (sz=16, trace=300000, class=java.lang.Integer@5000010c)
OBJ 5000178c (sz=16, trace=300000, class=java.lang.Integer@5000010c)
OBJ 5000178d (sz=16, trace=300000, class=java.lang.Integer@5000010c)
OBJ 5000178e (sz=16, trace=300000, class=java.lang.Integer@5000010c)
OBJ 5000178f (sz=16, trace=300000, class=java.lang.Integer@5000010c)
OBJ 50001790 (sz=16, trace=300000, class=java.lang.Integer@5000010c)
OBJ 50001791 (sz=16, trace=300000, class=java.lang.Integer@5000010c)
OBJ 50001792 (sz=16, trace=300000, class=java.lang.Integer@5000010c)
OBJ 50001793 (sz=16, trace=300000, class=java.lang.Integer@5000010c)
OBJ 50001794 (sz=16, trace=300000, class=java.lang.Integer@5000010c)
OBJ 50001795 (sz=16, trace=300000, class=java.lang.Integer@5000010c)
OBJ 50001796 (sz=16, trace=300000, class=java.lang.Integer@5000010c)
OBJ 50001797 (sz=16, trace=300000, class=java.lang.Integer@5000010c)
OBJ 50001798 (sz=16, trace=300000, class=java.lang.Integer@5000010c)
OBJ 50001799 (sz=16, trace=300000, class=java.lang.Integer@5000010c)
OBJ 5000179a (sz=16, trace=300000, class=java.lang.Integer@5000010c)
OBJ 5000179b (sz=16, trace=300000, class=java.lang.Integer@5000010c)
OBJ 5000179c (sz=16, trace=300000, class=java.lang.Integer@5000010c)
OBJ 5000179d (sz=16, trace=300000, class=java.lang.Integer@5000010c)
OBJ 5000179e (sz=16, trace=300000, class=java.lang.Integer@5000010c)
OBJ 5000179f (sz=16, trace=300000, class=java.lang.Integer@5000010c)
OBJ 500017a0 (sz=16, trace=300000, class=java.lang.Integer@5000010c)
OBJ 500017a1 (sz=16, trace=300000, class=java.lang.Integer@5000010c)
OBJ 500017a2 (sz=16, trace=300000, class=java.lang.Integer@5000010c)
OBJ 500017a3 (sz=16, trace=300000, class=java.lang.Integer@5000010c)
OBJ 500017a4 (sz=16, trace=300000, class=java.lang.Integer@5000010c)
OBJ 500017a5 (sz=16, trace=300000, class=java.lang.Integer@5000010c)
OBJ 500017a6 (sz=16, trace=300000, class=java.lang.Integer@5000010c)
OBJ 500017a7 (sz=16, trace=300000, class=java.lang.Integer@5000010c)
OBJ 500017a8 (sz=16, trace=300000, class=java.lang.Integer@5000010c)
OBJ 500017a9 (sz=16, trace=300000, class=java.lang.Integer@5000010c)
OBJ 500017aa (sz=16, trace=300000, class=java.lang.Integer@5000010c)
OBJ 500017ab (sz=16, trace=300000, class=java.lang.Integer@5000010c)
OBJ 500017ac (sz=16, trace=300000, class=java.lang.Integer@5000010c)
OBJ 500017ad (sz=16, trace=300000, class=java.lang.Integer@5000010c)
ARR 500017ae (sz=70, trace=300000, nelems=35, elem type=char[])
OBJ 500017af (sz=24, trace=300000, class=java.lang.String@5000016f)
	value		500017b6
OBJ 500017b0 (sz=24, trace=300000, class=java.lang.String@5000016f)
	value		500017b5
OBJ 500017b1 (sz=24, trace=300000, class=java.lang.String@5000016f)
	value		500017b4
ARR 500017b2 (sz=512, trace=300000, nelems=256, elem type=char[])
ARR 500017b3 (sz=4, trace=300000, nelems=2, elem type=char[])
ARR 500017b4 (sz=1024, trace=300000, nelems=512, elem type=char[])
ARR 500017b5 (sz=512, trace=300000, nelems=256, elem type=char[])
ARR 500017b6 (sz=8, trace=300000, nelems=4, elem type=char[])
OBJ 500017b7 (sz=24, trace=300000, class=java.lang.String@5000016f)
	value		500017b8
ARR 500017b8 (sz=10, trace=300000, nelems=5, elem type=char[])
OBJ 500017b9 (sz=24, trace=300000, class=java.lang.String@5000016f)
	value		500017ba
ARR 500017ba (sz=8, trace=300000, nelems=4, elem type=char[])
ARR 500017bb (sz=6, trace=300000, nelems=3, elem type=char[])
ARR 500017bc (sz=22, trace=300000, nelems=11, elem type=char[])
OBJ 500017bd (sz=24, trace=300000, class=java.lang.String@5000016f)
	value		500017bf
ARR 500017be (sz=16, trace=300000, nelems=8, elem type=char[])
ARR 500017bf (sz=98, trace=300000, nelems=49, elem type=char[])
ARR 500017c0 (sz=10, trace=300000, nelems=5, elem type=char[])
ARR 500017c1 (sz=18, trace=300000, nelems=9, elem type=char[])
ARR 500017c2 (sz=18, trace=300000, nelems=9, elem type=char[])
ARR 500017c3 (sz=26, trace=300000, nelems=13, elem type=char[])
ARR 500017c4 (sz=14, trace=300000, nelems=7, elem type=char[])
ARR 500017c5 (sz=56, trace=300000, nelems=0, elem type=java.lang.Object[]@5000010a)
OBJ 500017c6 (sz=16, trace=300000, class=java.security.ProtectionDomain$Key@50000008)
	this$0		50001690
ARR 500017c7 (sz=16, trace=300000, nelems=0, elem type=java.security.Principal[]@50000006)
OBJ 500017c8 (sz=32, trace=300000, class=java.security.CodeSource@50000116)
OBJ 500017c9 (sz=24, trace=300000, class=java.lang.String@5000016f)
	value		50001e72
OBJ 500017ca (sz=24, trace=300000, class=java.lang.String@5000016f)
	value		500017d0
OBJ 500017cb (sz=24, trace=300000, class=java.lang.String@5000016f)
	value		500017cf
OBJ 500017cc (sz=24, trace=300000, class=java.lang.String@5000016f)
	value		500017ce
ARR 500017cd (sz=32, trace=300000, nelems=16, elem type=char[])
ARR 500017ce (sz=32, trace=300000, nelems=16, elem type=char[])
ARR 500017cf (sz=48, trace=300000, nelems=24, elem type=char[])
ARR 500017d0 (sz=38, trace=300000, nelems=19, elem type=char[])
OBJ 500017d1 (sz=16, trace=300000, class=java.security.ProtectionDomain$JavaSecurityAccessImpl@5000000b)
OBJ 500017d2 (sz=16, trace=300000, class=java.security.ProtectionDomain$2@50000009)
OBJ 500017d3 (sz=16, trace=300000, class=java.io.FileDescriptor$1@50000086)
OBJ 500017d4 (sz=16, trace=300000, class=java.nio.Bits$1@5000006b)
OBJ 500017d5 (sz=16, trace=300000, class=java.net.URLClassLoader$7@50000041)
OBJ 500017d6 (sz=24, trace=300000, class=java.lang.String@5000016f)
	value		500017f9
OBJ 500017d7 (sz=24, trace=300000, class=java.lang.String@5000016f)
	value		500017f8
OBJ 500017d8 (sz=24, trace=300000, class=java.lang.String@5000016f)
	value		500017f7
OBJ 500017d9 (sz=24, trace=300000, class=java.lang.String@5000016f)
	value		500017f6
OBJ 500017da (sz=24, trace=300000, class=java.lang.String@5000016f)
	value		500017e7
OBJ 500017db (sz=24, trace=300000, class=java.lang.String@5000016f)
	value		500017f5
OBJ 500017dc (sz=24, trace=300000, class=java.lang.String@5000016f)
	value		500017f4
OBJ 500017dd (sz=24, trace=300000, class=java.lang.String@5000016f)
	value		500017f3
OBJ 500017de (sz=24, trace=300000, class=java.lang.String@5000016f)
	value		500017f2
OBJ 500017df (sz=24, trace=300000, class=java.lang.String@5000016f)
	value		500017f1
OBJ 500017e0 (sz=24, trace=300000, class=java.lang.String@5000016f)
	value		500017f0
OBJ 500017e1 (sz=24, trace=300000, class=java.lang.String@5000016f)
	value		500017ef
OBJ 500017e2 (sz=24, trace=300000, class=java.lang.String@5000016f)
	value		500017ee
OBJ 500017e3 (sz=24, trace=300000, class=java.lang.String@5000016f)
	value		500017e8
OBJ 500017e4 (sz=24, trace=300000, class=java.lang.String@5000016f)
	value		500017ed
OBJ 500017e5 (sz=24, trace=300000, class=java.lang.String@5000016f)
	value		500017ec
OBJ 500017e6 (sz=24, trace=300000, class=java.lang.String@5000016f)
	value		500017eb
ARR 500017e7 (sz=40, trace=300000, nelems=20, elem type=char[])
ARR 500017e8 (sz=24, trace=300000, nelems=12, elem type=char[])
OBJ 500017e9 (sz=24, trace=300000, class=java.lang.String@5000016f)
	value		500017ea
ARR 500017ea (sz=10, trace=300000, nelems=5, elem type=char[])
ARR 500017eb (sz=18, trace=300000, nelems=9, elem type=char[])
ARR 500017ec (sz=26, trace=300000, nelems=13, elem type=char[])
ARR 500017ed (sz=38, trace=300000, nelems=19, elem type=char[])
ARR 500017ee (sz=28, trace=300000, nelems=14, elem type=char[])
ARR 500017ef (sz=18, trace=300000, nelems=9, elem type=char[])
ARR 500017f0 (sz=18, trace=300000, nelems=9, elem type=char[])
ARR 500017f1 (sz=24, trace=300000, nelems=12, elem type=char[])
ARR 500017f2 (sz=14, trace=300000, nelems=7, elem type=char[])
ARR 500017f3 (sz=16, trace=300000, nelems=8, elem type=char[])
ARR 500017f4 (sz=12, trace=300000, nelems=6, elem type=char[])
ARR 500017f5 (sz=18, trace=300000, nelems=9, elem type=char[])
ARR 500017f6 (sz=6, trace=300000, nelems=3, elem type=char[])
ARR 500017f7 (sz=6, trace=300000, nelems=3, elem type=char[])
ARR 500017f8 (sz=8, trace=300000, nelems=4, elem type=char[])
ARR 500017f9 (sz=8, trace=300000, nelems=4, elem type=char[])
OBJ 500017fa (sz=24, trace=300000, class=java.lang.String@5000016f)
	value		500017fe
OBJ 500017fb (sz=24, trace=300000, class=java.lang.String@5000016f)
	value		500017ff
OBJ 500017fc (sz=16, trace=300000, class=java.nio.ByteOrder@5000006d)
	name		500017fb
OBJ 500017fd (sz=16, trace=300000, class=java.nio.ByteOrder@5000006d)
	name		500017fa
ARR 500017fe (sz=20, trace=300000, nelems=10, elem type=char[])
ARR 500017ff (sz=26, trace=300000, nelems=13, elem type=char[])
OBJ 50001800 (sz=24, trace=300000, class=java.lang.String@5000016f)
	value		50001809
OBJ 50001801 (sz=24, trace=300000, class=java.lang.String@5000016f)
	value		50001808
OBJ 50001802 (sz=24, trace=300000, class=java.lang.String@5000016f)
	value		50001807
OBJ 50001803 (sz=24, trace=300000, class=java.lang.String@5000016f)
	value		50001806
OBJ 50001804 (sz=24, trace=300000, class=java.lang.String@5000016f)
	value		50001805
ARR 50001805 (sz=12, trace=300000, nelems=6, elem type=char[])
ARR 50001806 (sz=10, trace=300000, nelems=5, elem type=char[])
ARR 50001807 (sz=6, trace=300000, nelems=3, elem type=char[])
ARR 50001808 (sz=8, trace=300000, nelems=4, elem type=char[])
ARR 50001809 (sz=14, trace=300000, nelems=7, elem type=char[])
OBJ 5000180a (sz=24, trace=300000, class=java.lang.String@5000016f)
	value		50001810
OBJ 5000180b (sz=24, trace=300000, class=java.lang.String@5000016f)
	value		50001811
OBJ 5000180c (sz=24, trace=300000, class=java.lang.String@5000016f)
	value		50001812
OBJ 5000180d (sz=24, trace=300000, class=java.lang.String@5000016f)
	value		50001813
OBJ 5000180e (sz=24, trace=300000, class=java.lang.String@5000016f)
	value		50001814
OBJ 5000180f (sz=24, trace=300000, class=java.lang.String@5000016f)
	value		50001815
ARR 50001810 (sz=72, trace=300000, nelems=36, elem type=char[])
ARR 50001811 (sz=54, trace=300000, nelems=27, elem type=char[])
ARR 50001812 (sz=58, trace=300000, nelems=29, elem type=char[])
ARR 50001813 (sz=74, trace=300000, nelems=37, elem type=char[])
ARR 50001814 (sz=32, trace=300000, nelems=16, elem type=char[])
ARR 50001815 (sz=48, trace=300000, nelems=24, elem type=char[])
OBJ 50001816 (sz=24, trace=300000, class=java.lang.String@5000016f)
	value		5000181b
OBJ 50001817 (sz=24, trace=300000, class=java.lang.String@5000016f)
	value		5000181c
OBJ 50001818 (sz=24, trace=300000, class=java.lang.String@5000016f)
	value		5000181d
OBJ 50001819 (sz=16, trace=300000, class=java.nio.charset.CodingErrorAction@50000093)
	name		50001818
OBJ 5000181a (sz=16, trace=300000, class=java.nio.charset.CodingErrorAction@50000093)
	name		50001816
ARR 5000181b (sz=12, trace=300000, nelems=6, elem type=char[])
ARR 5000181c (sz=14, trace=300000, nelems=7, elem type=char[])
ARR 5000181d (sz=12, trace=300000, nelems=6, elem type=char[])
OBJ 5000181e (sz=24, trace=300000, class=java.lang.String@5000016f)
	value		50001c58
OBJ 5000181f (sz=24, trace=300000, class=java.lang.String@5000016f)
	value		50001c3f
OBJ 50001820 (sz=24, trace=300000, class=java.lang.String@5000016f)
	value		50001c57
OBJ 50001821 (sz=24, trace=300000, class=sun.nio.cs.UTF_8@500000a4)
	name		50001c27
	aliases		50001be4
OBJ 50001822 (sz=16, trace=300000, class=java.lang.ThreadLocal@500000c9)
OBJ 50001823 (sz=32, trace=300000, class=sun.nio.cs.StandardCharsets@500000d1)
	classMap	50001827
	aliasMap	50001826
	cache		50001825
	packagePrefix	50001824
OBJ 50001824 (sz=24, trace=300000, class=java.lang.String@5000016f)
	value		50001c23
OBJ 50001825 (sz=40, trace=300000, class=sun.nio.cs.StandardCharsets$Cache@500000ca)
	ht		50001b54
OBJ 50001826 (sz=40, trace=300000, class=sun.nio.cs.StandardCharsets$Aliases@500000cc)
	ht		500018ec
OBJ 50001827 (sz=40, trace=300000, class=sun.nio.cs.StandardCharsets$Classes@500000cb)
	ht		50001828
ARR 50001828 (sz=144, trace=300000, nelems=32, elem type=java.lang.Object[]@5000010a)
	[0]		50001829
	[2]		5000182a
	[3]		5000182b
	[4]		5000182c
	[5]		5000182d
	[6]		5000182e
	[7]		5000182f
	[8]		50001830
	[9]		50001831
	[10]		50001832
	[11]		50001833
	[12]		50001834
	[14]		50001835
	[15]		50001836
	[16]		50001837
	[17]		50001838
	[18]		50001839
	[19]		5000183a
	[22]		5000183b
	[23]		5000183c
	[24]		5000183d
	[28]		5000183e
	[29]		5000183f
	[31]		50001840
ARR 50001829 (sz=24, trace=300000, nelems=2, elem type=java.lang.Object[]@5000010a)
	[0]		500018e8
	[1]		500018e9
ARR 5000182a (sz=32, trace=300000, nelems=3, elem type=java.lang.Object[]@5000010a)
	[0]		500018da
	[1]		500018db
	[2]		500018dc
ARR 5000182b (sz=32, trace=300000, nelems=3, elem type=java.lang.Object[]@5000010a)
	[0]		500018d1
	[1]		500018d2
	[2]		500018d3
ARR 5000182c (sz=32, trace=300000, nelems=3, elem type=java.lang.Object[]@5000010a)
	[0]		500018c3
	[1]		500018c4
	[2]		500018c5
ARR 5000182d (sz=32, trace=300000, nelems=3, elem type=java.lang.Object[]@5000010a)
	[0]		500018ba
	[1]		500018bb
	[2]		500018bc
ARR 5000182e (sz=24, trace=300000, nelems=2, elem type=java.lang.Object[]@5000010a)
	[0]		500018b6
	[1]		500018b7
ARR 5000182f (sz=24, trace=300000, nelems=2, elem type=java.lang.Object[]@5000010a)
	[0]		500018b2
	[1]		500018b3
ARR 50001830 (sz=32, trace=300000, nelems=3, elem type=java.lang.Object[]@5000010a)
	[0]		500018a9
	[1]		500018aa
	[2]		500018ab
ARR 50001831 (sz=32, trace=300000, nelems=3, elem type=java.lang.Object[]@5000010a)
	[0]		500018a0
	[1]		500018a1
	[2]		500018a2
ARR 50001832 (sz=24, trace=300000, nelems=2, elem type=java.lang.Object[]@5000010a)
	[0]		5000189c
	[1]		5000189d
ARR 50001833 (sz=32, trace=300000, nelems=3, elem type=java.lang.Object[]@5000010a)
	[0]		50001893
	[1]		50001894
	[2]		50001895
ARR 50001834 (sz=24, trace=300000, nelems=2, elem type=java.lang.Object[]@5000010a)
	[0]		5000188f
	[1]		50001890
ARR 50001835 (sz=24, trace=300000, nelems=2, elem type=java.lang.Object[]@5000010a)
	[0]		5000188b
	[1]		5000188c
ARR 50001836 (sz=24, trace=300000, nelems=2, elem type=java.lang.Object[]@5000010a)
	[0]		50001887
	[1]		50001888
ARR 50001837 (sz=32, trace=300000, nelems=3, elem type=java.lang.Object[]@5000010a)
	[0]		5000187e
	[1]		5000187f
	[2]		50001880
ARR 50001838 (sz=32, trace=300000, nelems=3, elem type=java.lang.Object[]@5000010a)
	[0]		50001875
	[1]		50001876
	[2]		50001877
ARR 50001839 (sz=32, trace=300000, nelems=3, elem type=java.lang.Object[]@5000010a)
	[0]		50001867
	[1]		50001868
	[2]		50001869
ARR 5000183a (sz=32, trace=300000, nelems=3, elem type=java.lang.Object[]@5000010a)
	[0]		50001859
	[1]		5000185a
	[2]		5000185b
ARR 5000183b (sz=24, trace=300000, nelems=2, elem type=java.lang.Object[]@5000010a)
	[0]		50001855
	[1]		50001856
ARR 5000183c (sz=24, trace=300000, nelems=2, elem type=java.lang.Object[]@5000010a)
	[0]		50001851
	[1]		50001852
ARR 5000183d (sz=24, trace=300000, nelems=2, elem type=java.lang.Object[]@5000010a)
	[0]		5000184d
	[1]		5000184e
ARR 5000183e (sz=24, trace=300000, nelems=2, elem type=java.lang.Object[]@5000010a)
	[0]		50001849
	[1]		5000184a
ARR 5000183f (sz=24, trace=300000, nelems=2, elem type=java.lang.Object[]@5000010a)
	[0]		50001845
	[1]		50001846
ARR 50001840 (sz=24, trace=300000, nelems=2, elem type=java.lang.Object[]@5000010a)
	[0]		50001841
	[1]		50001842
OBJ 50001841 (sz=24, trace=300000, class=java.lang.String@5000016f)
	value		50001844
OBJ 50001842 (sz=24, trace=300000, class=java.lang.String@5000016f)
	value		50001843
ARR 50001843 (sz=16, trace=300000, nelems=8, elem type=char[])
ARR 50001844 (sz=16, trace=300000, nelems=8, elem type=char[])
OBJ 50001845 (sz=24, trace=300000, class=java.lang.String@5000016f)
	value		50001848
OBJ 50001846 (sz=24, trace=300000, class=java.lang.String@5000016f)
	value		50001847
ARR 50001847 (sz=12, trace=300000, nelems=6, elem type=char[])
ARR 50001848 (sz=12, trace=300000, nelems=6, elem type=char[])
OBJ 50001849 (sz=24, trace=300000, class=java.lang.String@5000016f)
	value		5000184c
OBJ 5000184a (sz=24, trace=300000, class=java.lang.String@5000016f)
	value		5000184b
ARR 5000184b (sz=12, trace=300000, nelems=6, elem type=char[])
ARR 5000184c (sz=12, trace=300000, nelems=6, elem type=char[])
OBJ 5000184d (sz=24, trace=300000, class=java.lang.String@5000016f)
	value		50001850
OBJ 5000184e (sz=24, trace=300000, class=java.lang.String@5000016f)
	value		5000184f
ARR 5000184f (sz=24, trace=300000, nelems=12, elem type=char[])
ARR 50001850 (sz=28, trace=300000, nelems=14, elem type=char[])
OBJ 50001851 (sz=24, trace=300000, class=java.lang.String@5000016f)
	value		50001854
OBJ 50001852 (sz=24, trace=300000, class=java.lang.String@5000016f)
	value		50001853
ARR 50001853 (sz=12, trace=300000, nelems=6, elem type=char[])
ARR 50001854 (sz=12, trace=300000, nelems=6, elem type=char[])
OBJ 50001855 (sz=24, trace=300000, class=java.lang.String@5000016f)
	value		50001858
OBJ 50001856 (sz=24, trace=300000, class=java.lang.String@5000016f)
	value		50001857
ARR 50001857 (sz=24, trace=300000, nelems=12, elem type=char[])
ARR 50001858 (sz=28, trace=300000, nelems=14, elem type=char[])
OBJ 50001859 (sz=24, trace=300000, class=java.lang.String@5000016f)
	value		50001866
OBJ 5000185a (sz=24, trace=300000, class=java.lang.String@5000016f)
	value		50001865
ARR 5000185b (sz=32, trace=300000, nelems=3, elem type=java.lang.Object[]@5000010a)
	[0]		5000185c
	[1]		5000185d
	[2]		5000185e
OBJ 5000185c (sz=24, trace=300000, class=java.lang.String@5000016f)
	value		50001864
OBJ 5000185d (sz=24, trace=300000, class=java.lang.String@5000016f)
	value		50001863
ARR 5000185e (sz=24, trace=300000, nelems=2, elem type=java.lang.Object[]@5000010a)
	[0]		5000185f
	[1]		50001860
OBJ 5000185f (sz=24, trace=300000, class=java.lang.String@5000016f)
	value		50001862
OBJ 50001860 (sz=24, trace=300000, class=java.lang.String@5000016f)
	value		50001861
ARR 50001861 (sz=24, trace=300000, nelems=12, elem type=char[])
ARR 50001862 (sz=28, trace=300000, nelems=14, elem type=char[])
ARR 50001863 (sz=12, trace=300000, nelems=6, elem type=char[])
ARR 50001864 (sz=12, trace=300000, nelems=6, elem type=char[])
ARR 50001865 (sz=12, trace=300000, nelems=6, elem type=char[])
ARR 50001866 (sz=16, trace=300000, nelems=8, elem type=char[])
OBJ 50001867 (sz=24, trace=300000, class=java.lang.String@5000016f)
	value		50001874
OBJ 50001868 (sz=24, trace=300000, class=java.lang.String@5000016f)
	value		50001873
ARR 50001869 (sz=32, trace=300000, nelems=3, elem type=java.lang.Object[]@5000010a)
	[0]		5000186a
	[1]		5000186b
	[2]		5000186c
OBJ 5000186a (sz=24, trace=300000, class=java.lang.String@5000016f)
	value		50001872
OBJ 5000186b (sz=24, trace=300000, class=java.lang.String@5000016f)
	value		50001871
ARR 5000186c (sz=24, trace=300000, nelems=2, elem type=java.lang.Object[]@5000010a)
	[0]		5000186d
	[1]		5000186e
OBJ 5000186d (sz=24, trace=300000, class=java.lang.String@5000016f)
	value		50001870
OBJ 5000186e (sz=24, trace=300000, class=java.lang.String@5000016f)
	value		5000186f
ARR 5000186f (sz=22, trace=300000, nelems=11, elem type=char[])
ARR 50001870 (sz=22, trace=300000, nelems=11, elem type=char[])
ARR 50001871 (sz=12, trace=300000, nelems=6, elem type=char[])
ARR 50001872 (sz=12, trace=300000, nelems=6, elem type=char[])
ARR 50001873 (sz=12, trace=300000, nelems=6, elem type=char[])
ARR 50001874 (sz=12, trace=300000, nelems=6, elem type=char[])
OBJ 50001875 (sz=24, trace=300000, class=java.lang.String@5000016f)
	value		5000187d
OBJ 50001876 (sz=24, trace=300000, class=java.lang.String@5000016f)
	value		5000187c
ARR 50001877 (sz=24, trace=300000, nelems=2, elem type=java.lang.Object[]@5000010a)
	[0]		50001878
	[1]		50001879
OBJ 50001878 (sz=24, trace=300000, class=java.lang.String@5000016f)
	value		5000187b
OBJ 50001879 (sz=24, trace=300000, class=java.lang.String@5000016f)
	value		5000187a
ARR 5000187a (sz=16, trace=300000, nelems=8, elem type=char[])
ARR 5000187b (sz=16, trace=300000, nelems=8, elem type=char[])
ARR 5000187c (sz=22, trace=300000, nelems=11, elem type=char[])
ARR 5000187d (sz=22, trace=300000, nelems=11, elem type=char[])
OBJ 5000187e (sz=24, trace=300000, class=java.lang.String@5000016f)
	value		50001886
OBJ 5000187f (sz=24, trace=300000, class=java.lang.String@5000016f)
	value		50001885
ARR 50001880 (sz=24, trace=300000, nelems=2, elem type=java.lang.Object[]@5000010a)
	[0]		50001881
	[1]		50001882
OBJ 50001881 (sz=24, trace=300000, class=java.lang.String@5000016f)
	value		50001884
OBJ 50001882 (sz=24, trace=300000, class=java.lang.String@5000016f)
	value		50001883
ARR 50001883 (sz=12, trace=300000, nelems=6, elem type=char[])
ARR 50001884 (sz=12, trace=300000, nelems=6, elem type=char[])
ARR 50001885 (sz=12, trace=300000, nelems=6, elem type=char[])
ARR 50001886 (sz=12, trace=300000, nelems=6, elem type=char[])
OBJ 50001887 (sz=24, trace=300000, class=java.lang.String@5000016f)
	value		5000188a
OBJ 50001888 (sz=24, trace=300000, class=java.lang.String@5000016f)
	value		50001889
ARR 50001889 (sz=12, trace=300000, nelems=6, elem type=char[])
ARR 5000188a (sz=12, trace=300000, nelems=6, elem type=char[])
OBJ 5000188b (sz=24, trace=300000, class=java.lang.String@5000016f)
	value		5000188e
OBJ 5000188c (sz=24, trace=300000, class=java.lang.String@5000016f)
	value		5000188d
ARR 5000188d (sz=12, trace=300000, nelems=6, elem type=char[])
ARR 5000188e (sz=16, trace=300000, nelems=8, elem type=char[])
OBJ 5000188f (sz=24, trace=300000, class=java.lang.String@5000016f)
	value		50001892
OBJ 50001890 (sz=24, trace=300000, class=java.lang.String@5000016f)
	value		50001891
ARR 50001891 (sz=20, trace=300000, nelems=10, elem type=char[])
ARR 50001892 (sz=20, trace=300000, nelems=10, elem type=char[])
OBJ 50001893 (sz=24, trace=300000, class=java.lang.String@5000016f)
	value		5000189b
OBJ 50001894 (sz=24, trace=300000, class=java.lang.String@5000016f)
	value		5000189a
ARR 50001895 (sz=24, trace=300000, nelems=2, elem type=java.lang.Object[]@5000010a)
	[0]		50001896
	[1]		50001897
OBJ 50001896 (sz=24, trace=300000, class=java.lang.String@5000016f)
	value		50001899
OBJ 50001897 (sz=24, trace=300000, class=java.lang.String@5000016f)
	value		50001898
ARR 50001898 (sz=20, trace=300000, nelems=10, elem type=char[])
ARR 50001899 (sz=20, trace=300000, nelems=10, elem type=char[])
ARR 5000189a (sz=12, trace=300000, nelems=6, elem type=char[])
ARR 5000189b (sz=16, trace=300000, nelems=8, elem type=char[])
OBJ 5000189c (sz=24, trace=300000, class=java.lang.String@5000016f)
	value		5000189f
OBJ 5000189d (sz=24, trace=300000, class=java.lang.String@5000016f)
	value		5000189e
ARR 5000189e (sz=20, trace=300000, nelems=10, elem type=char[])
ARR 5000189f (sz=20, trace=300000, nelems=10, elem type=char[])
OBJ 500018a0 (sz=24, trace=300000, class=java.lang.String@5000016f)
	value		500018a8
OBJ 500018a1 (sz=24, trace=300000, class=java.lang.String@5000016f)
	value		500018a7
ARR 500018a2 (sz=24, trace=300000, nelems=2, elem type=java.lang.Object[]@5000010a)
	[0]		500018a3
	[1]		500018a4
OBJ 500018a3 (sz=24, trace=300000, class=java.lang.String@5000016f)
	value		500018a6
OBJ 500018a4 (sz=24, trace=300000, class=java.lang.String@5000016f)
	value		500018a5
ARR 500018a5 (sz=10, trace=300000, nelems=5, elem type=char[])
ARR 500018a6 (sz=10, trace=300000, nelems=5, elem type=char[])
ARR 500018a7 (sz=20, trace=300000, nelems=10, elem type=char[])
ARR 500018a8 (sz=20, trace=300000, nelems=10, elem type=char[])
OBJ 500018a9 (sz=24, trace=300000, class=java.lang.String@5000016f)
	value		500018b1
OBJ 500018aa (sz=24, trace=300000, class=java.lang.String@5000016f)
	value		500018b0
ARR 500018ab (sz=24, trace=300000, nelems=2, elem type=java.lang.Object[]@5000010a)
	[0]		500018ac
	[1]		500018ad
OBJ 500018ac (sz=24, trace=300000, class=java.lang.String@5000016f)
	value		500018af
OBJ 500018ad (sz=24, trace=300000, class=java.lang.String@5000016f)
	value		500018ae
ARR 500018ae (sz=20, trace=300000, nelems=10, elem type=char[])
ARR 500018af (sz=20, trace=300000, nelems=10, elem type=char[])
ARR 500018b0 (sz=20, trace=300000, nelems=10, elem type=char[])
ARR 500018b1 (sz=20, trace=300000, nelems=10, elem type=char[])
OBJ 500018b2 (sz=24, trace=300000, class=java.lang.String@5000016f)
	value		500018b5
OBJ 500018b3 (sz=24, trace=300000, class=java.lang.String@5000016f)
	value		500018b4
ARR 500018b4 (sz=16, trace=300000, nelems=8, elem type=char[])
ARR 500018b5 (sz=16, trace=300000, nelems=8, elem type=char[])
OBJ 500018b6 (sz=24, trace=300000, class=java.lang.String@5000016f)
	value		500018b9
OBJ 500018b7 (sz=24, trace=300000, class=java.lang.String@5000016f)
	value		500018b8
ARR 500018b8 (sz=12, trace=300000, nelems=6, elem type=char[])
ARR 500018b9 (sz=24, trace=300000, nelems=12, elem type=char[])
OBJ 500018ba (sz=24, trace=300000, class=java.lang.String@5000016f)
	value		500018c2
OBJ 500018bb (sz=24, trace=300000, class=java.lang.String@5000016f)
	value		500018c1
ARR 500018bc (sz=24, trace=300000, nelems=2, elem type=java.lang.Object[]@5000010a)
	[0]		500018bd
	[1]		500018be
OBJ 500018bd (sz=24, trace=300000, class=java.lang.String@5000016f)
	value		500018c0
OBJ 500018be (sz=24, trace=300000, class=java.lang.String@5000016f)
	value		500018bf
ARR 500018bf (sz=12, trace=300000, nelems=6, elem type=char[])
ARR 500018c0 (sz=12, trace=300000, nelems=6, elem type=char[])
ARR 500018c1 (sz=12, trace=300000, nelems=6, elem type=char[])
ARR 500018c2 (sz=24, trace=300000, nelems=12, elem type=char[])
OBJ 500018c3 (sz=24, trace=300000, class=java.lang.String@5000016f)
	value		500018d0
OBJ 500018c4 (sz=24, trace=300000, class=java.lang.String@5000016f)
	value		500018cf
ARR 500018c5 (sz=32, trace=300000, nelems=3, elem type=java.lang.Object[]@5000010a)
	[0]		500018c6
	[1]		500018c7
	[2]		500018c8
OBJ 500018c6 (sz=24, trace=300000, class=java.lang.String@5000016f)
	value		500018ce
OBJ 500018c7 (sz=24, trace=300000, class=java.lang.String@5000016f)
	value		500018cd
ARR 500018c8 (sz=24, trace=300000, nelems=2, elem type=java.lang.Object[]@5000010a)
	[0]		500018c9
	[1]		500018ca
OBJ 500018c9 (sz=24, trace=300000, class=java.lang.String@5000016f)
	value		500018cc
OBJ 500018ca (sz=24, trace=300000, class=java.lang.String@5000016f)
	value		500018cb
ARR 500018cb (sz=16, trace=300000, nelems=8, elem type=char[])
ARR 500018cc (sz=16, trace=300000, nelems=8, elem type=char[])
ARR 500018cd (sz=12, trace=300000, nelems=6, elem type=char[])
ARR 500018ce (sz=24, trace=300000, nelems=12, elem type=char[])
ARR 500018cf (sz=12, trace=300000, nelems=6, elem type=char[])
ARR 500018d0 (sz=24, trace=300000, nelems=12, elem type=char[])
OBJ 500018d1 (sz=24, trace=300000, class=java.lang.String@5000016f)
	value		500018d9
OBJ 500018d2 (sz=24, trace=300000, class=java.lang.String@5000016f)
	value		500018d8
ARR 500018d3 (sz=24, trace=300000, nelems=2, elem type=java.lang.Object[]@5000010a)
	[0]		500018d4
	[1]		500018d5
OBJ 500018d4 (sz=24, trace=300000, class=java.lang.String@5000016f)
	value		500018d7
OBJ 500018d5 (sz=24, trace=300000, class=java.lang.String@5000016f)
	value		500018d6
ARR 500018d6 (sz=12, trace=300000, nelems=6, elem type=char[])
ARR 500018d7 (sz=24, trace=300000, nelems=12, elem type=char[])
ARR 500018d8 (sz=12, trace=300000, nelems=6, elem type=char[])
ARR 500018d9 (sz=24, trace=300000, nelems=12, elem type=char[])
OBJ 500018da (sz=24, trace=300000, class=java.lang.String@5000016f)
	value		500018e7
OBJ 500018db (sz=24, trace=300000, class=java.lang.String@5000016f)
	value		500018e6
ARR 500018dc (sz=32, trace=300000, nelems=3, elem type=java.lang.Object[]@5000010a)
	[0]		500018dd
	[1]		500018de
	[2]		500018df
OBJ 500018dd (sz=24, trace=300000, class=java.lang.String@5000016f)
	value		500018e5
OBJ 500018de (sz=24, trace=300000, class=java.lang.String@5000016f)
	value		500018e4
ARR 500018df (sz=24, trace=300000, nelems=2, elem type=java.lang.Object[]@5000010a)
	[0]		500018e0
	[1]		500018e1
OBJ 500018e0 (sz=24, trace=300000, class=java.lang.String@5000016f)
	value		500018e3
OBJ 500018e1 (sz=24, trace=300000, class=java.lang.String@5000016f)
	value		500018e2
ARR 500018e2 (sz=16, trace=300000, nelems=8, elem type=char[])
ARR 500018e3 (sz=16, trace=300000, nelems=8, elem type=char[])
ARR 500018e4 (sz=12, trace=300000, nelems=6, elem type=char[])
ARR 500018e5 (sz=12, trace=300000, nelems=6, elem type=char[])
ARR 500018e6 (sz=12, trace=300000, nelems=6, elem type=char[])
ARR 500018e7 (sz=12, trace=300000, nelems=6, elem type=char[])
OBJ 500018e8 (sz=24, trace=300000, class=java.lang.String@5000016f)
	value		500018eb
OBJ 500018e9 (sz=24, trace=300000, class=java.lang.String@5000016f)
	value		500018ea
ARR 500018ea (sz=12, trace=300000, nelems=6, elem type=char[])
ARR 500018eb (sz=12, trace=300000, nelems=6, elem type=char[])
ARR 500018ec (sz=4112, trace=300000, nelems=1016, elem type=java.lang.Object[]@5000010a)
	[1]		500018ed
	[2]		500018ee
	[3]		500018ef
	[5]		500018f0
	[6]		500018f1
	[10]		500018f2
	[19]		500018f3
	[24]		500018f4
	[25]		500018f5
	[26]		500018f6
	[28]		500018f7
	[29]		500018f8
	[55]		500018f9
	[58]		500018fa
	[86]		500018fb
	[87]		500018fc
	[89]		500018fd
	[90]		500018fe
	[92]		500018ff
	[94]		50001900
	[95]		50001901
	[96]		50001902
	[106]		50001903
	[121]		50001904
	[125]		50001905
	[134]		50001906
	[137]		50001907
	[141]		50001908
	[143]		50001909
	[144]		5000190a
	[170]		5000190b
	[173]		5000190c
	[177]		5000190d
	[192]		5000190e
	[199]		5000190f
	[205]		50001910
	[211]		50001911
	[213]		50001912
	[216]		50001913
	[218]		50001914
	[219]		50001915
	[225]		50001916
	[244]		50001917
	[248]		50001918
	[253]		50001919
	[254]		5000191a
	[259]		5000191b
	[269]		5000191c
	[277]		5000191d
	[280]		5000191e
	[283]		5000191f
	[284]		50001920
	[286]		50001921
	[287]		50001922
	[289]		50001923
	[291]		50001924
	[294]		50001925
	[296]		50001926
	[297]		50001927
	[305]		50001928
	[307]		50001929
	[312]		5000192a
	[321]		5000192b
	[323]		5000192c
	[324]		5000192d
	[325]		5000192e
	[326]		5000192f
	[327]		50001930
	[328]		50001931
	[329]		50001932
	[331]		50001933
	[333]		50001934
	[334]		50001935
	[336]		50001936
	[339]		50001937
	[341]		50001938
	[345]		50001939
	[350]		5000193a
	[353]		5000193b
	[358]		5000193c
	[359]		5000193d
	[363]		5000193e
	[364]		5000193f
	[378]		50001940
	[385]		50001941
	[391]		50001942
	[392]		50001943
	[405]		50001944
	[406]		50001945
	[408]		50001946
	[421]		50001947
	[428]		50001948
	[429]		50001949
	[430]		5000194a
	[432]		5000194b
	[433]		5000194c
	[436]		5000194d
	[437]		5000194e
	[438]		5000194f
	[443]		50001950
	[456]		50001951
	[473]		50001952
	[479]		50001953
	[481]		50001954
	[484]		50001955
	[486]		50001956
	[487]		50001957
	[502]		50001958
	[506]		50001959
	[508]		5000195a
	[511]		5000195b
	[512]		5000195c
	[513]		5000195d
	[514]		5000195e
	[516]		5000195f
	[520]		50001960
	[523]		50001961
	[524]		50001962
	[533]		50001963
	[537]		50001964
	[539]		50001965
	[543]		50001966
	[545]		50001967
	[563]		50001968
	[572]		50001969
	[573]		5000196a
	[577]		5000196b
	[582]		5000196c
	[583]		5000196d
	[588]		5000196e
	[593]		5000196f
	[598]		50001970
	[609]		50001971
	[617]		50001972
	[618]		50001973
	[619]		50001974
	[620]		50001975
	[621]		50001976
	[624]		50001977
	[628]		50001978
	[632]		50001979
	[634]		5000197a
	[635]		5000197b
	[636]		5000197c
	[654]		5000197d
	[669]		5000197e
	[670]		5000197f
	[671]		50001980
	[676]		50001981
	[679]		50001982
	[686]		50001983
	[703]		50001984
	[710]		50001985
	[712]		50001986
	[732]		50001987
	[733]		50001988
	[768]		50001989
	[774]		5000198a
	[781]		5000198b
	[782]		5000198c
	[783]		5000198d
	[784]		5000198e
	[785]		5000198f
	[787]		50001990
	[789]		50001991
	[813]		50001992
	[818]		50001993
	[832]		50001994
	[834]		50001995
	[835]		50001996
	[836]		50001997
	[837]		50001998
	[838]		50001999
	[840]		5000199a
	[842]		5000199b
	[843]		5000199c
	[846]		5000199d
	[849]		5000199e
	[863]		5000199f
	[881]		500019a0
	[896]		500019a1
	[909]		500019a2
	[910]		500019a3
	[911]		500019a4
	[912]		500019a5
	[925]		500019a6
	[934]		500019a7
	[937]		500019a8
	[944]		500019a9
	[957]		500019aa
	[993]		500019ab
	[1009]		500019ac
	[1015]		500019ad
ARR 500018ed (sz=24, trace=300000, nelems=2, elem type=java.lang.Object[]@5000010a)
	[0]		50001b52
	[1]		5000186d
ARR 500018ee (sz=24, trace=300000, nelems=2, elem type=java.lang.Object[]@5000010a)
	[0]		50001b50
	[1]		500018ac
ARR 500018ef (sz=24, trace=300000, nelems=2, elem type=java.lang.Object[]@5000010a)
	[0]		50001b4e
	[1]		500018a9
ARR 500018f0 (sz=24, trace=300000, nelems=2, elem type=java.lang.Object[]@5000010a)
	[0]		50001b4c
	[1]		500018a0
ARR 500018f1 (sz=24, trace=300000, nelems=2, elem type=java.lang.Object[]@5000010a)
	[0]		50001b4a
	[1]		5000188f
ARR 500018f2 (sz=24, trace=300000, nelems=2, elem type=java.lang.Object[]@5000010a)
	[0]		50001b48
	[1]		5000186d
ARR 500018f3 (sz=24, trace=300000, nelems=2, elem type=java.lang.Object[]@5000010a)
	[0]		50001b46
	[1]		50001855
ARR 500018f4 (sz=24, trace=300000, nelems=2, elem type=java.lang.Object[]@5000010a)
	[0]		50001b44
	[1]		50001878
ARR 500018f5 (sz=24, trace=300000, nelems=2, elem type=java.lang.Object[]@5000010a)
	[0]		50001b42
	[1]		50001896
ARR 500018f6 (sz=24, trace=300000, nelems=2, elem type=java.lang.Object[]@5000010a)
	[0]		50001b40
	[1]		500018a9
ARR 500018f7 (sz=24, trace=300000, nelems=2, elem type=java.lang.Object[]@5000010a)
	[0]		50001b3e
	[1]		500018a0
ARR 500018f8 (sz=24, trace=300000, nelems=2, elem type=java.lang.Object[]@5000010a)
	[0]		50001b3c
	[1]		5000189c
ARR 500018f9 (sz=24, trace=300000, nelems=2, elem type=java.lang.Object[]@5000010a)
	[0]		50001b3a
	[1]		5000188f
ARR 500018fa (sz=24, trace=300000, nelems=2, elem type=java.lang.Object[]@5000010a)
	[0]		50001b38
	[1]		5000186d
ARR 500018fb (sz=32, trace=300000, nelems=3, elem type=java.lang.Object[]@5000010a)
	[0]		50001b33
	[1]		5000189c
	[2]		50001b34
ARR 500018fc (sz=24, trace=300000, nelems=2, elem type=java.lang.Object[]@5000010a)
	[0]		50001b31
	[1]		500018a9
ARR 500018fd (sz=24, trace=300000, nelems=2, elem type=java.lang.Object[]@5000010a)
	[0]		50001b2f
	[1]		500018a0
ARR 500018fe (sz=32, trace=300000, nelems=3, elem type=java.lang.Object[]@5000010a)
	[0]		50001b2a
	[1]		50001896
	[2]		50001b2b
ARR 500018ff (sz=24, trace=300000, nelems=2, elem type=java.lang.Object[]@5000010a)
	[0]		50001b28
	[1]		50001896
ARR 50001900 (sz=24, trace=300000, nelems=2, elem type=java.lang.Object[]@5000010a)
	[0]		50001b26
	[1]		5000188f
ARR 50001901 (sz=24, trace=300000, nelems=2, elem type=java.lang.Object[]@5000010a)
	[0]		50001b24
	[1]		500018ac
ARR 50001902 (sz=24, trace=300000, nelems=2, elem type=java.lang.Object[]@5000010a)
	[0]		50001b22
	[1]		500018ac
ARR 50001903 (sz=24, trace=300000, nelems=2, elem type=java.lang.Object[]@5000010a)
	[0]		50001b20
	[1]		500018a3
ARR 50001904 (sz=24, trace=300000, nelems=2, elem type=java.lang.Object[]@5000010a)
	[0]		50001b1e
	[1]		500018e0
ARR 50001905 (sz=24, trace=300000, nelems=2, elem type=java.lang.Object[]@5000010a)
	[0]		50001b1c
	[1]		50001896
ARR 50001906 (sz=24, trace=300000, nelems=2, elem type=java.lang.Object[]@5000010a)
	[0]		50001b1a
	[1]		50001849
ARR 50001907 (sz=24, trace=300000, nelems=2, elem type=java.lang.Object[]@5000010a)
	[0]		50001b18
	[1]		50001845
ARR 50001908 (sz=24, trace=300000, nelems=2, elem type=java.lang.Object[]@5000010a)
	[0]		50001b16
	[1]		500018a9
ARR 50001909 (sz=24, trace=300000, nelems=2, elem type=java.lang.Object[]@5000010a)
	[0]		50001b14
	[1]		500018a0
ARR 5000190a (sz=24, trace=300000, nelems=2, elem type=java.lang.Object[]@5000010a)
	[0]		50001b12
	[1]		5000189c
ARR 5000190b (sz=24, trace=300000, nelems=2, elem type=java.lang.Object[]@5000010a)
	[0]		50001b10
	[1]		5000188f
ARR 5000190c (sz=24, trace=300000, nelems=2, elem type=java.lang.Object[]@5000010a)
	[0]		50001b0e
	[1]		5000186d
ARR 5000190d (sz=24, trace=300000, nelems=2, elem type=java.lang.Object[]@5000010a)
	[0]		50001b0c
	[1]		5000185f
ARR 5000190e (sz=24, trace=300000, nelems=2, elem type=java.lang.Object[]@5000010a)
	[0]		50001b0a
	[1]		500018b2
ARR 5000190f (sz=32, trace=300000, nelems=3, elem type=java.lang.Object[]@5000010a)
	[0]		50001b05
	[1]		5000186a
	[2]		50001b06
ARR 50001910 (sz=24, trace=300000, nelems=2, elem type=java.lang.Object[]@5000010a)
	[0]		50001b03
	[1]		50001896
ARR 50001911 (sz=32, trace=300000, nelems=3, elem type=java.lang.Object[]@5000010a)
	[0]		50001afe
	[1]		50001887
	[2]		50001aff
ARR 50001912 (sz=24, trace=300000, nelems=2, elem type=java.lang.Object[]@5000010a)
	[0]		50001afc
	[1]		5000187e
ARR 50001913 (sz=24, trace=300000, nelems=2, elem type=java.lang.Object[]@5000010a)
	[0]		50001afa
	[1]		50001867
ARR 50001914 (sz=32, trace=300000, nelems=3, elem type=java.lang.Object[]@5000010a)
	[0]		50001af5
	[1]		5000185c
	[2]		50001af6
ARR 50001915 (sz=32, trace=300000, nelems=3, elem type=java.lang.Object[]@5000010a)
	[0]		50001af0
	[1]		50001859
	[2]		50001af1
ARR 50001916 (sz=24, trace=300000, nelems=2, elem type=java.lang.Object[]@5000010a)
	[0]		50001aee
	[1]		50001878
ARR 50001917 (sz=24, trace=300000, nelems=2, elem type=java.lang.Object[]@5000010a)
	[0]		50001aec
	[1]		500018e8
ARR 50001918 (sz=24, trace=300000, nelems=2, elem type=java.lang.Object[]@5000010a)
	[0]		50001aea
	[1]		500018da
ARR 50001919 (sz=24, trace=300000, nelems=2, elem type=java.lang.Object[]@5000010a)
	[0]		50001ae8
	[1]		500018c9
ARR 5000191a (sz=24, trace=300000, nelems=2, elem type=java.lang.Object[]@5000010a)
	[0]		50001ae6
	[1]		500018a9
ARR 5000191b (sz=24, trace=300000, nelems=2, elem type=java.lang.Object[]@5000010a)
	[0]		50001ae4
	[1]		500018bd
ARR 5000191c (sz=24, trace=300000, nelems=2, elem type=java.lang.Object[]@5000010a)
	[0]		50001ae2
	[1]		5000186d
ARR 5000191d (sz=24, trace=300000, nelems=2, elem type=java.lang.Object[]@5000010a)
	[0]		50001ae0
	[1]		50001893
ARR 5000191e (sz=24, trace=300000, nelems=2, elem type=java.lang.Object[]@5000010a)
	[0]		50001ade
	[1]		500018e0
ARR 5000191f (sz=24, trace=300000, nelems=2, elem type=java.lang.Object[]@5000010a)
	[0]		50001adc
	[1]		500018ac
ARR 50001920 (sz=24, trace=300000, nelems=2, elem type=java.lang.Object[]@5000010a)
	[0]		50001ada
	[1]		500018a9
ARR 50001921 (sz=24, trace=300000, nelems=2, elem type=java.lang.Object[]@5000010a)
	[0]		50001ad8
	[1]		500018a0
ARR 50001922 (sz=24, trace=300000, nelems=2, elem type=java.lang.Object[]@5000010a)
	[0]		50001ad6
	[1]		5000189c
ARR 50001923 (sz=24, trace=300000, nelems=2, elem type=java.lang.Object[]@5000010a)
	[0]		50001ad4
	[1]		50001896
ARR 50001924 (sz=24, trace=300000, nelems=2, elem type=java.lang.Object[]@5000010a)
	[0]		50001ad2
	[1]		5000188f
ARR 50001925 (sz=24, trace=300000, nelems=2, elem type=java.lang.Object[]@5000010a)
	[0]		50001ad0
	[1]		500018a9
ARR 50001926 (sz=24, trace=300000, nelems=2, elem type=java.lang.Object[]@5000010a)
	[0]		50001ace
	[1]		500018a0
ARR 50001927 (sz=24, trace=300000, nelems=2, elem type=java.lang.Object[]@5000010a)
	[0]		50001acc
	[1]		5000189c
ARR 50001928 (sz=24, trace=300000, nelems=2, elem type=java.lang.Object[]@5000010a)
	[0]		50001aca
	[1]		50001875
ARR 50001929 (sz=24, trace=300000, nelems=2, elem type=java.lang.Object[]@5000010a)
	[0]		50001ac8
	[1]		5000186d
ARR 5000192a (sz=32, trace=300000, nelems=3, elem type=java.lang.Object[]@5000010a)
	[0]		50001ac3
	[1]		50001896
	[2]		50001ac4
ARR 5000192b (sz=24, trace=300000, nelems=2, elem type=java.lang.Object[]@5000010a)
	[0]		50001ac1
	[1]		500018a9
ARR 5000192c (sz=32, trace=300000, nelems=3, elem type=java.lang.Object[]@5000010a)
	[0]		50001abc
	[1]		5000188f
	[2]		50001abd
ARR 5000192d (sz=24, trace=300000, nelems=2, elem type=java.lang.Object[]@5000010a)
	[0]		50001aba
	[1]		5000189c
ARR 5000192e (sz=24, trace=300000, nelems=2, elem type=java.lang.Object[]@5000010a)
	[0]		50001ab8
	[1]		500018ac
ARR 5000192f (sz=32, trace=300000, nelems=3, elem type=java.lang.Object[]@5000010a)
	[0]		50001ab0
	[1]		50001887
	[2]		50001ab1
ARR 50001930 (sz=24, trace=300000, nelems=2, elem type=java.lang.Object[]@5000010a)
	[0]		50001aae
	[1]		5000189c
ARR 50001931 (sz=32, trace=300000, nelems=3, elem type=java.lang.Object[]@5000010a)
	[0]		50001aa9
	[1]		5000187e
	[2]		50001aaa
ARR 50001932 (sz=24, trace=300000, nelems=2, elem type=java.lang.Object[]@5000010a)
	[0]		50001aa7
	[1]		5000188f
ARR 50001933 (sz=24, trace=300000, nelems=2, elem type=java.lang.Object[]@5000010a)
	[0]		50001aa5
	[1]		50001867
ARR 50001934 (sz=32, trace=300000, nelems=3, elem type=java.lang.Object[]@5000010a)
	[0]		50001aa0
	[1]		5000185c
	[2]		50001aa1
ARR 50001935 (sz=32, trace=300000, nelems=3, elem type=java.lang.Object[]@5000010a)
	[0]		50001a9b
	[1]		50001859
	[2]		50001a9c
ARR 50001936 (sz=24, trace=300000, nelems=2, elem type=java.lang.Object[]@5000010a)
	[0]		50001a99
	[1]		500018ac
ARR 50001937 (sz=24, trace=300000, nelems=2, elem type=java.lang.Object[]@5000010a)
	[0]		50001a97
	[1]		50001849
ARR 50001938 (sz=24, trace=300000, nelems=2, elem type=java.lang.Object[]@5000010a)
	[0]		50001a95
	[1]		50001881
ARR 50001939 (sz=24, trace=300000, nelems=2, elem type=java.lang.Object[]@5000010a)
	[0]		50001a93
	[1]		5000188f
ARR 5000193a (sz=24, trace=300000, nelems=2, elem type=java.lang.Object[]@5000010a)
	[0]		50001a91
	[1]		5000188f
ARR 5000193b (sz=24, trace=300000, nelems=2, elem type=java.lang.Object[]@5000010a)
	[0]		50001a8f
	[1]		5000186d
ARR 5000193c (sz=24, trace=300000, nelems=2, elem type=java.lang.Object[]@5000010a)
	[0]		50001a8d
	[1]		50001896
ARR 5000193d (sz=24, trace=300000, nelems=2, elem type=java.lang.Object[]@5000010a)
	[0]		50001a8b
	[1]		500018e8
ARR 5000193e (sz=24, trace=300000, nelems=2, elem type=java.lang.Object[]@5000010a)
	[0]		50001a89
	[1]		500018da
ARR 5000193f (sz=24, trace=300000, nelems=2, elem type=java.lang.Object[]@5000010a)
	[0]		50001a87
	[1]		500018ac
ARR 50001940 (sz=24, trace=300000, nelems=2, elem type=java.lang.Object[]@5000010a)
	[0]		50001a85
	[1]		50001878
ARR 50001941 (sz=24, trace=300000, nelems=2, elem type=java.lang.Object[]@5000010a)
	[0]		50001a83
	[1]		50001896
ARR 50001942 (sz=24, trace=300000, nelems=2, elem type=java.lang.Object[]@5000010a)
	[0]		50001a81
	[1]		500018ac
ARR 50001943 (sz=24, trace=300000, nelems=2, elem type=java.lang.Object[]@5000010a)
	[0]		50001a7f
	[1]		50001893
ARR 50001944 (sz=24, trace=300000, nelems=2, elem type=java.lang.Object[]@5000010a)
	[0]		50001a7d
	[1]		500018ac
ARR 50001945 (sz=24, trace=300000, nelems=2, elem type=java.lang.Object[]@5000010a)
	[0]		50001a7b
	[1]		500018a9
ARR 50001946 (sz=24, trace=300000, nelems=2, elem type=java.lang.Object[]@5000010a)
	[0]		50001a79
	[1]		5000186a
ARR 50001947 (sz=24, trace=300000, nelems=2, elem type=java.lang.Object[]@5000010a)
	[0]		5000186d
	[1]		5000186d
ARR 50001948 (sz=24, trace=300000, nelems=2, elem type=java.lang.Object[]@5000010a)
	[0]		50001a77
	[1]		5000186d
ARR 50001949 (sz=24, trace=300000, nelems=2, elem type=java.lang.Object[]@5000010a)
	[0]		50001a75
	[1]		500018ac
ARR 5000194a (sz=24, trace=300000, nelems=2, elem type=java.lang.Object[]@5000010a)
	[0]		50001a73
	[1]		500018a9
ARR 5000194b (sz=24, trace=300000, nelems=2, elem type=java.lang.Object[]@5000010a)
	[0]		50001a71
	[1]		500018a0
ARR 5000194c (sz=24, trace=300000, nelems=2, elem type=java.lang.Object[]@5000010a)
	[0]		50001a6f
	[1]		5000188f
ARR 5000194d (sz=24, trace=300000, nelems=2, elem type=java.lang.Object[]@5000010a)
	[0]		50001a6d
	[1]		500018a0
ARR 5000194e (sz=24, trace=300000, nelems=2, elem type=java.lang.Object[]@5000010a)
	[0]		50001a6b
	[1]		5000186d
ARR 5000194f (sz=24, trace=300000, nelems=2, elem type=java.lang.Object[]@5000010a)
	[0]		50001a69
	[1]		50001878
ARR 50001950 (sz=24, trace=300000, nelems=2, elem type=java.lang.Object[]@5000010a)
	[0]		50001a67
	[1]		5000184d
ARR 50001951 (sz=24, trace=300000, nelems=2, elem type=java.lang.Object[]@5000010a)
	[0]		50001a65
	[1]		50001881
ARR 50001952 (sz=24, trace=300000, nelems=2, elem type=java.lang.Object[]@5000010a)
	[0]		50001a63
	[1]		50001896
ARR 50001953 (sz=24, trace=300000, nelems=2, elem type=java.lang.Object[]@5000010a)
	[0]		50001887
	[1]		50001887
ARR 50001954 (sz=24, trace=300000, nelems=2, elem type=java.lang.Object[]@5000010a)
	[0]		5000187e
	[1]		5000187e
ARR 50001955 (sz=24, trace=300000, nelems=2, elem type=java.lang.Object[]@5000010a)
	[0]		50001867
	[1]		50001867
ARR 50001956 (sz=24, trace=300000, nelems=2, elem type=java.lang.Object[]@5000010a)
	[0]		5000185c
	[1]		5000185c
ARR 50001957 (sz=24, trace=300000, nelems=2, elem type=java.lang.Object[]@5000010a)
	[0]		50001a61
	[1]		5000188b
ARR 50001958 (sz=24, trace=300000, nelems=2, elem type=java.lang.Object[]@5000010a)
	[0]		50001a5f
	[1]		500018e0
ARR 50001959 (sz=24, trace=300000, nelems=2, elem type=java.lang.Object[]@5000010a)
	[0]		50001a5d
	[1]		50001887
ARR 5000195a (sz=24, trace=300000, nelems=2, elem type=java.lang.Object[]@5000010a)
	[0]		50001a5b
	[1]		5000187e
ARR 5000195b (sz=24, trace=300000, nelems=2, elem type=java.lang.Object[]@5000010a)
	[0]		50001a59
	[1]		50001867
ARR 5000195c (sz=24, trace=300000, nelems=2, elem type=java.lang.Object[]@5000010a)
	[0]		500018e8
	[1]		500018e8
ARR 5000195d (sz=24, trace=300000, nelems=2, elem type=java.lang.Object[]@5000010a)
	[0]		50001a57
	[1]		5000185c
ARR 5000195e (sz=24, trace=300000, nelems=2, elem type=java.lang.Object[]@5000010a)
	[0]		50001a55
	[1]		5000188b
ARR 5000195f (sz=24, trace=300000, nelems=2, elem type=java.lang.Object[]@5000010a)
	[0]		500018da
	[1]		500018da
ARR 50001960 (sz=24, trace=300000, nelems=2, elem type=java.lang.Object[]@5000010a)
	[0]		50001a53
	[1]		500018b2
ARR 50001961 (sz=24, trace=300000, nelems=2, elem type=java.lang.Object[]@5000010a)
	[0]		50001a51
	[1]		5000186a
ARR 50001962 (sz=24, trace=300000, nelems=2, elem type=java.lang.Object[]@5000010a)
	[0]		50001a4f
	[1]		500018bd
ARR 50001963 (sz=24, trace=300000, nelems=2, elem type=java.lang.Object[]@5000010a)
	[0]		50001a4d
	[1]		5000189c
ARR 50001964 (sz=24, trace=300000, nelems=2, elem type=java.lang.Object[]@5000010a)
	[0]		50001a4b
	[1]		5000188f
ARR 50001965 (sz=24, trace=300000, nelems=2, elem type=java.lang.Object[]@5000010a)
	[0]		50001a49
	[1]		500018e8
ARR 50001966 (sz=24, trace=300000, nelems=2, elem type=java.lang.Object[]@5000010a)
	[0]		50001a47
	[1]		500018da
ARR 50001967 (sz=24, trace=300000, nelems=2, elem type=java.lang.Object[]@5000010a)
	[0]		50001a45
	[1]		50001893
ARR 50001968 (sz=24, trace=300000, nelems=2, elem type=java.lang.Object[]@5000010a)
	[0]		50001a43
	[1]		50001841
ARR 50001969 (sz=24, trace=300000, nelems=2, elem type=java.lang.Object[]@5000010a)
	[0]		50001a41
	[1]		50001893
ARR 5000196a (sz=24, trace=300000, nelems=2, elem type=java.lang.Object[]@5000010a)
	[0]		50001a3f
	[1]		500018a0
ARR 5000196b (sz=24, trace=300000, nelems=2, elem type=java.lang.Object[]@5000010a)
	[0]		50001a3d
	[1]		50001878
ARR 5000196c (sz=24, trace=300000, nelems=2, elem type=java.lang.Object[]@5000010a)
	[0]		50001a3b
	[1]		500018dd
ARR 5000196d (sz=24, trace=300000, nelems=2, elem type=java.lang.Object[]@5000010a)
	[0]		50001a39
	[1]		50001859
ARR 5000196e (sz=24, trace=300000, nelems=2, elem type=java.lang.Object[]@5000010a)
	[0]		50001a37
	[1]		50001896
ARR 5000196f (sz=24, trace=300000, nelems=2, elem type=java.lang.Object[]@5000010a)
	[0]		50001a35
	[1]		50001896
ARR 50001970 (sz=24, trace=300000, nelems=2, elem type=java.lang.Object[]@5000010a)
	[0]		50001a33
	[1]		5000185c
ARR 50001971 (sz=24, trace=300000, nelems=2, elem type=java.lang.Object[]@5000010a)
	[0]		50001881
	[1]		50001881
ARR 50001972 (sz=24, trace=300000, nelems=2, elem type=java.lang.Object[]@5000010a)
	[0]		50001a31
	[1]		500018d4
ARR 50001973 (sz=24, trace=300000, nelems=2, elem type=java.lang.Object[]@5000010a)
	[0]		50001a2f
	[1]		500018d1
ARR 50001974 (sz=24, trace=300000, nelems=2, elem type=java.lang.Object[]@5000010a)
	[0]		50001a2d
	[1]		500018c6
ARR 50001975 (sz=24, trace=300000, nelems=2, elem type=java.lang.Object[]@5000010a)
	[0]		50001a2b
	[1]		500018c3
ARR 50001976 (sz=24, trace=300000, nelems=2, elem type=java.lang.Object[]@5000010a)
	[0]		50001a29
	[1]		500018ba
ARR 50001977 (sz=32, trace=300000, nelems=3, elem type=java.lang.Object[]@5000010a)
	[0]		50001a24
	[1]		500018e8
	[2]		50001a25
ARR 50001978 (sz=32, trace=300000, nelems=3, elem type=java.lang.Object[]@5000010a)
	[0]		50001a1f
	[1]		500018da
	[2]		50001a20
ARR 50001979 (sz=24, trace=300000, nelems=2, elem type=java.lang.Object[]@5000010a)
	[0]		50001a1d
	[1]		50001875
ARR 5000197a (sz=32, trace=300000, nelems=3, elem type=java.lang.Object[]@5000010a)
	[0]		50001a18
	[1]		5000186d
	[2]		50001a19
ARR 5000197b (sz=24, trace=300000, nelems=2, elem type=java.lang.Object[]@5000010a)
	[0]		50001a16
	[1]		5000184d
ARR 5000197c (sz=24, trace=300000, nelems=2, elem type=java.lang.Object[]@5000010a)
	[0]		50001a14
	[1]		50001881
ARR 5000197d (sz=24, trace=300000, nelems=2, elem type=java.lang.Object[]@5000010a)
	[0]		50001a12
	[1]		50001859
ARR 5000197e (sz=24, trace=300000, nelems=2, elem type=java.lang.Object[]@5000010a)
	[0]		50001a10
	[1]		50001875
ARR 5000197f (sz=24, trace=300000, nelems=2, elem type=java.lang.Object[]@5000010a)
	[0]		50001a0e
	[1]		50001878
ARR 50001980 (sz=24, trace=300000, nelems=2, elem type=java.lang.Object[]@5000010a)
	[0]		50001a0c
	[1]		5000186d
ARR 50001981 (sz=24, trace=300000, nelems=2, elem type=java.lang.Object[]@5000010a)
	[0]		5000186a
	[1]		5000186a
ARR 50001982 (sz=24, trace=300000, nelems=2, elem type=java.lang.Object[]@5000010a)
	[0]		50001a0a
	[1]		50001878
ARR 50001983 (sz=24, trace=300000, nelems=2, elem type=java.lang.Object[]@5000010a)
	[0]		50001a08
	[1]		500018b2
ARR 50001984 (sz=24, trace=300000, nelems=2, elem type=java.lang.Object[]@5000010a)
	[0]		50001a06
	[1]		5000186a
ARR 50001985 (sz=24, trace=300000, nelems=2, elem type=java.lang.Object[]@5000010a)
	[0]		50001a04
	[1]		50001875
ARR 50001986 (sz=24, trace=300000, nelems=2, elem type=java.lang.Object[]@5000010a)
	[0]		50001a02
	[1]		5000186d
ARR 50001987 (sz=24, trace=300000, nelems=2, elem type=java.lang.Object[]@5000010a)
	[0]		50001a00
	[1]		5000189c
ARR 50001988 (sz=24, trace=300000, nelems=2, elem type=java.lang.Object[]@5000010a)
	[0]		500019fe
	[1]		500018bd
ARR 50001989 (sz=24, trace=300000, nelems=2, elem type=java.lang.Object[]@5000010a)
	[0]		500019fc
	[1]		50001896
ARR 5000198a (sz=24, trace=300000, nelems=2, elem type=java.lang.Object[]@5000010a)
	[0]		500019fa
	[1]		50001878
ARR 5000198b (sz=24, trace=300000, nelems=2, elem type=java.lang.Object[]@5000010a)
	[0]		500019f8
	[1]		500018ac
ARR 5000198c (sz=24, trace=300000, nelems=2, elem type=java.lang.Object[]@5000010a)
	[0]		500019f6
	[1]		500018a9
ARR 5000198d (sz=24, trace=300000, nelems=2, elem type=java.lang.Object[]@5000010a)
	[0]		500019f4
	[1]		50001849
ARR 5000198e (sz=24, trace=300000, nelems=2, elem type=java.lang.Object[]@5000010a)
	[0]		500019f2
	[1]		500018a0
ARR 5000198f (sz=24, trace=300000, nelems=2, elem type=java.lang.Object[]@5000010a)
	[0]		500019f0
	[1]		5000189c
ARR 50001990 (sz=24, trace=300000, nelems=2, elem type=java.lang.Object[]@5000010a)
	[0]		500019ee
	[1]		50001896
ARR 50001991 (sz=24, trace=300000, nelems=2, elem type=java.lang.Object[]@5000010a)
	[0]		500019ec
	[1]		5000188f
ARR 50001992 (sz=24, trace=300000, nelems=2, elem type=java.lang.Object[]@5000010a)
	[0]		500019ea
	[1]		50001859
ARR 50001993 (sz=24, trace=300000, nelems=2, elem type=java.lang.Object[]@5000010a)
	[0]		500019e8
	[1]		500018e8
ARR 50001994 (sz=24, trace=300000, nelems=2, elem type=java.lang.Object[]@5000010a)
	[0]		500019e6
	[1]		50001878
ARR 50001995 (sz=24, trace=300000, nelems=2, elem type=java.lang.Object[]@5000010a)
	[0]		500019e4
	[1]		500018ac
ARR 50001996 (sz=32, trace=300000, nelems=3, elem type=java.lang.Object[]@5000010a)
	[0]		500019df
	[1]		500018a9
	[2]		500019e0
ARR 50001997 (sz=24, trace=300000, nelems=2, elem type=java.lang.Object[]@5000010a)
	[0]		500019dd
	[1]		50001896
ARR 50001998 (sz=24, trace=300000, nelems=2, elem type=java.lang.Object[]@5000010a)
	[0]		500019db
	[1]		500018a0
ARR 50001999 (sz=24, trace=300000, nelems=2, elem type=java.lang.Object[]@5000010a)
	[0]		500019d9
	[1]		5000189c
ARR 5000199a (sz=32, trace=300000, nelems=3, elem type=java.lang.Object[]@5000010a)
	[0]		500019d4
	[1]		5000187e
	[2]		500019d5
ARR 5000199b (sz=24, trace=300000, nelems=2, elem type=java.lang.Object[]@5000010a)
	[0]		500019d2
	[1]		5000188f
ARR 5000199c (sz=24, trace=300000, nelems=2, elem type=java.lang.Object[]@5000010a)
	[0]		500019d0
	[1]		50001867
ARR 5000199d (sz=24, trace=300000, nelems=2, elem type=java.lang.Object[]@5000010a)
	[0]		500019ce
	[1]		5000186a
ARR 5000199e (sz=24, trace=300000, nelems=2, elem type=java.lang.Object[]@5000010a)
	[0]		500019cc
	[1]		50001878
ARR 5000199f (sz=24, trace=300000, nelems=2, elem type=java.lang.Object[]@5000010a)
	[0]		500019ca
	[1]		50001851
ARR 500019a0 (sz=24, trace=300000, nelems=2, elem type=java.lang.Object[]@5000010a)
	[0]		500019c8
	[1]		500018a3
ARR 500019a1 (sz=24, trace=300000, nelems=2, elem type=java.lang.Object[]@5000010a)
	[0]		500019c6
	[1]		50001878
ARR 500019a2 (sz=24, trace=300000, nelems=2, elem type=java.lang.Object[]@5000010a)
	[0]		500019c4
	[1]		500018d4
ARR 500019a3 (sz=24, trace=300000, nelems=2, elem type=java.lang.Object[]@5000010a)
	[0]		500019c2
	[1]		500018d1
ARR 500019a4 (sz=24, trace=300000, nelems=2, elem type=java.lang.Object[]@5000010a)
	[0]		500019c0
	[1]		500018c6
ARR 500019a5 (sz=24, trace=300000, nelems=2, elem type=java.lang.Object[]@5000010a)
	[0]		500019be
	[1]		500018c3
ARR 500019a6 (sz=24, trace=300000, nelems=2, elem type=java.lang.Object[]@5000010a)
	[0]		500019bc
	[1]		50001878
ARR 500019a7 (sz=24, trace=300000, nelems=2, elem type=java.lang.Object[]@5000010a)
	[0]		500019ba
	[1]		500018ba
ARR 500019a8 (sz=24, trace=300000, nelems=2, elem type=java.lang.Object[]@5000010a)
	[0]		500019b8
	[1]		500018b6
ARR 500019a9 (sz=24, trace=300000, nelems=2, elem type=java.lang.Object[]@5000010a)
	[0]		500019b6
	[1]		50001841
ARR 500019aa (sz=24, trace=300000, nelems=2, elem type=java.lang.Object[]@5000010a)
	[0]		500019b4
	[1]		500018bd
ARR 500019ab (sz=24, trace=300000, nelems=2, elem type=java.lang.Object[]@5000010a)
	[0]		500019b2
	[1]		50001887
ARR 500019ac (sz=24, trace=300000, nelems=2, elem type=java.lang.Object[]@5000010a)
	[0]		500019b0
	[1]		5000185f
ARR 500019ad (sz=24, trace=300000, nelems=2, elem type=java.lang.Object[]@5000010a)
	[0]		500019ae
	[1]		500018dd
OBJ 500019ae (sz=24, trace=300000, class=java.lang.String@5000016f)
	value		500019af
ARR 500019af (sz=12, trace=300000, nelems=6, elem type=char[])
OBJ 500019b0 (sz=24, trace=300000, class=java.lang.String@5000016f)
	value		500019b1
ARR 500019b1 (sz=24, trace=300000, nelems=12, elem type=char[])
OBJ 500019b2 (sz=24, trace=300000, class=java.lang.String@5000016f)
	value		500019b3
ARR 500019b3 (sz=38, trace=300000, nelems=19, elem type=char[])
OBJ 500019b4 (sz=24, trace=300000, class=java.lang.String@5000016f)
	value		500019b5
ARR 500019b5 (sz=12, trace=300000, nelems=6, elem type=char[])
OBJ 500019b6 (sz=24, trace=300000, class=java.lang.String@5000016f)
	value		500019b7
ARR 500019b7 (sz=16, trace=300000, nelems=8, elem type=char[])
OBJ 500019b8 (sz=24, trace=300000, class=java.lang.String@5000016f)
	value		500019b9
ARR 500019b9 (sz=12, trace=300000, nelems=6, elem type=char[])
OBJ 500019ba (sz=24, trace=300000, class=java.lang.String@5000016f)
	value		500019bb
ARR 500019bb (sz=12, trace=300000, nelems=6, elem type=char[])
OBJ 500019bc (sz=24, trace=300000, class=java.lang.String@5000016f)
	value		500019bd
ARR 500019bd (sz=32, trace=300000, nelems=16, elem type=char[])
OBJ 500019be (sz=24, trace=300000, class=java.lang.String@5000016f)
	value		500019bf
ARR 500019bf (sz=12, trace=300000, nelems=6, elem type=char[])
OBJ 500019c0 (sz=24, trace=300000, class=java.lang.String@5000016f)
	value		500019c1
ARR 500019c1 (sz=12, trace=300000, nelems=6, elem type=char[])
OBJ 500019c2 (sz=24, trace=300000, class=java.lang.String@5000016f)
	value		500019c3
ARR 500019c3 (sz=12, trace=300000, nelems=6, elem type=char[])
OBJ 500019c4 (sz=24, trace=300000, class=java.lang.String@5000016f)
	value		500019c5
ARR 500019c5 (sz=12, trace=300000, nelems=6, elem type=char[])
OBJ 500019c6 (sz=24, trace=300000, class=java.lang.String@5000016f)
	value		500019c7
ARR 500019c7 (sz=32, trace=300000, nelems=16, elem type=char[])
OBJ 500019c8 (sz=24, trace=300000, class=java.lang.String@5000016f)
	value		500019c9
ARR 500019c9 (sz=8, trace=300000, nelems=4, elem type=char[])
OBJ 500019ca (sz=24, trace=300000, class=java.lang.String@5000016f)
	value		500019cb
ARR 500019cb (sz=16, trace=300000, nelems=8, elem type=char[])
OBJ 500019cc (sz=24, trace=300000, class=java.lang.String@5000016f)
	value		500019cd
ARR 500019cd (sz=10, trace=300000, nelems=5, elem type=char[])
OBJ 500019ce (sz=24, trace=300000, class=java.lang.String@5000016f)
	value		500019cf
ARR 500019cf (sz=22, trace=300000, nelems=11, elem type=char[])
OBJ 500019d0 (sz=24, trace=300000, class=java.lang.String@5000016f)
	value		500019d1
ARR 500019d1 (sz=16, trace=300000, nelems=8, elem type=char[])
OBJ 500019d2 (sz=24, trace=300000, class=java.lang.String@5000016f)
	value		500019d3
ARR 500019d3 (sz=20, trace=300000, nelems=10, elem type=char[])
OBJ 500019d4 (sz=24, trace=300000, class=java.lang.String@5000016f)
	value		500019d8
ARR 500019d5 (sz=24, trace=300000, nelems=2, elem type=java.lang.Object[]@5000010a)
	[0]		500019d6
	[1]		50001896
OBJ 500019d6 (sz=24, trace=300000, class=java.lang.String@5000016f)
	value		500019d7
ARR 500019d7 (sz=20, trace=300000, nelems=10, elem type=char[])
ARR 500019d8 (sz=16, trace=300000, nelems=8, elem type=char[])
OBJ 500019d9 (sz=24, trace=300000, class=java.lang.String@5000016f)
	value		500019da
ARR 500019da (sz=20, trace=300000, nelems=10, elem type=char[])
OBJ 500019db (sz=24, trace=300000, class=java.lang.String@5000016f)
	value		500019dc
ARR 500019dc (sz=20, trace=300000, nelems=10, elem type=char[])
OBJ 500019dd (sz=24, trace=300000, class=java.lang.String@5000016f)
	value		500019de
ARR 500019de (sz=24, trace=300000, nelems=12, elem type=char[])
OBJ 500019df (sz=24, trace=300000, class=java.lang.String@5000016f)
	value		500019e3
ARR 500019e0 (sz=24, trace=300000, nelems=2, elem type=java.lang.Object[]@5000010a)
	[0]		500019e1
	[1]		500018b2
OBJ 500019e1 (sz=24, trace=300000, class=java.lang.String@5000016f)
	value		500019e2
ARR 500019e2 (sz=20, trace=300000, nelems=10, elem type=char[])
ARR 500019e3 (sz=20, trace=300000, nelems=10, elem type=char[])
OBJ 500019e4 (sz=24, trace=300000, class=java.lang.String@5000016f)
	value		500019e5
ARR 500019e5 (sz=20, trace=300000, nelems=10, elem type=char[])
OBJ 500019e6 (sz=24, trace=300000, class=java.lang.String@5000016f)
	value		500019e7
ARR 500019e7 (sz=12, trace=300000, nelems=6, elem type=char[])
OBJ 500019e8 (sz=24, trace=300000, class=java.lang.String@5000016f)
	value		500019e9
ARR 500019e9 (sz=36, trace=300000, nelems=18, elem type=char[])
OBJ 500019ea (sz=24, trace=300000, class=java.lang.String@5000016f)
	value		500019eb
ARR 500019eb (sz=20, trace=300000, nelems=10, elem type=char[])
OBJ 500019ec (sz=24, trace=300000, class=java.lang.String@5000016f)
	value		500019ed
ARR 500019ed (sz=18, trace=300000, nelems=9, elem type=char[])
OBJ 500019ee (sz=24, trace=300000, class=java.lang.String@5000016f)
	value		500019ef
ARR 500019ef (sz=18, trace=300000, nelems=9, elem type=char[])
OBJ 500019f0 (sz=24, trace=300000, class=java.lang.String@5000016f)
	value		500019f1
ARR 500019f1 (sz=18, trace=300000, nelems=9, elem type=char[])
OBJ 500019f2 (sz=24, trace=300000, class=java.lang.String@5000016f)
	value		500019f3
ARR 500019f3 (sz=18, trace=300000, nelems=9, elem type=char[])
OBJ 500019f4 (sz=24, trace=300000, class=java.lang.String@5000016f)
	value		500019f5
ARR 500019f5 (sz=14, trace=300000, nelems=7, elem type=char[])
OBJ 500019f6 (sz=24, trace=300000, class=java.lang.String@5000016f)
	value		500019f7
ARR 500019f7 (sz=18, trace=300000, nelems=9, elem type=char[])
OBJ 500019f8 (sz=24, trace=300000, class=java.lang.String@5000016f)
	value		500019f9
ARR 500019f9 (sz=18, trace=300000, nelems=9, elem type=char[])
OBJ 500019fa (sz=24, trace=300000, class=java.lang.String@5000016f)
	value		500019fb
ARR 500019fb (sz=12, trace=300000, nelems=6, elem type=char[])
OBJ 500019fc (sz=24, trace=300000, class=java.lang.String@5000016f)
	value		500019fd
ARR 500019fd (sz=10, trace=300000, nelems=5, elem type=char[])
OBJ 500019fe (sz=24, trace=300000, class=java.lang.String@5000016f)
	value		500019ff
ARR 500019ff (sz=14, trace=300000, nelems=7, elem type=char[])
OBJ 50001a00 (sz=24, trace=300000, class=java.lang.String@5000016f)
	value		50001a01
ARR 50001a01 (sz=30, trace=300000, nelems=15, elem type=char[])
OBJ 50001a02 (sz=24, trace=300000, class=java.lang.String@5000016f)
	value		50001a03
ARR 50001a03 (sz=20, trace=300000, nelems=10, elem type=char[])
OBJ 50001a04 (sz=24, trace=300000, class=java.lang.String@5000016f)
	value		50001a05
ARR 50001a05 (sz=20, trace=300000, nelems=10, elem type=char[])
OBJ 50001a06 (sz=24, trace=300000, class=java.lang.String@5000016f)
	value		50001a07
ARR 50001a07 (sz=14, trace=300000, nelems=7, elem type=char[])
OBJ 50001a08 (sz=24, trace=300000, class=java.lang.String@5000016f)
	value		50001a09
ARR 50001a09 (sz=30, trace=300000, nelems=15, elem type=char[])
OBJ 50001a0a (sz=24, trace=300000, class=java.lang.String@5000016f)
	value		50001a0b
ARR 50001a0b (sz=10, trace=300000, nelems=5, elem type=char[])
OBJ 50001a0c (sz=24, trace=300000, class=java.lang.String@5000016f)
	value		50001a0d
ARR 50001a0d (sz=14, trace=300000, nelems=7, elem type=char[])
OBJ 50001a0e (sz=24, trace=300000, class=java.lang.String@5000016f)
	value		50001a0f
ARR 50001a0f (sz=4, trace=300000, nelems=2, elem type=char[])
OBJ 50001a10 (sz=24, trace=300000, class=java.lang.String@5000016f)
	value		50001a11
ARR 50001a11 (sz=14, trace=300000, nelems=7, elem type=char[])
OBJ 50001a12 (sz=24, trace=300000, class=java.lang.String@5000016f)
	value		50001a13
ARR 50001a13 (sz=14, trace=300000, nelems=7, elem type=char[])
OBJ 50001a14 (sz=24, trace=300000, class=java.lang.String@5000016f)
	value		50001a15
ARR 50001a15 (sz=14, trace=300000, nelems=7, elem type=char[])
OBJ 50001a16 (sz=24, trace=300000, class=java.lang.String@5000016f)
	value		50001a17
ARR 50001a17 (sz=24, trace=300000, nelems=12, elem type=char[])
OBJ 50001a18 (sz=24, trace=300000, class=java.lang.String@5000016f)
	value		50001a1c
ARR 50001a19 (sz=24, trace=300000, nelems=2, elem type=java.lang.Object[]@5000010a)
	[0]		50001a1a
	[1]		500018c9
OBJ 50001a1a (sz=24, trace=300000, class=java.lang.String@5000016f)
	value		50001a1b
ARR 50001a1b (sz=16, trace=300000, nelems=8, elem type=char[])
ARR 50001a1c (sz=20, trace=300000, nelems=10, elem type=char[])
OBJ 50001a1d (sz=24, trace=300000, class=java.lang.String@5000016f)
	value		50001a1e
ARR 50001a1e (sz=20, trace=300000, nelems=10, elem type=char[])
OBJ 50001a1f (sz=24, trace=300000, class=java.lang.String@5000016f)
	value		50001a23
ARR 50001a20 (sz=24, trace=300000, nelems=2, elem type=java.lang.Object[]@5000010a)
	[0]		50001a21
	[1]		50001851
OBJ 50001a21 (sz=24, trace=300000, class=java.lang.String@5000016f)
	value		50001a22
ARR 50001a22 (sz=10, trace=300000, nelems=5, elem type=char[])
ARR 50001a23 (sz=16, trace=300000, nelems=8, elem type=char[])
OBJ 50001a24 (sz=24, trace=300000, class=java.lang.String@5000016f)
	value		50001a28
ARR 50001a25 (sz=24, trace=300000, nelems=2, elem type=java.lang.Object[]@5000010a)
	[0]		50001a26
	[1]		500018b6
OBJ 50001a26 (sz=24, trace=300000, class=java.lang.String@5000016f)
	value		50001a27
ARR 50001a27 (sz=12, trace=300000, nelems=6, elem type=char[])
ARR 50001a28 (sz=16, trace=300000, nelems=8, elem type=char[])
OBJ 50001a29 (sz=24, trace=300000, class=java.lang.String@5000016f)
	value		50001a2a
ARR 50001a2a (sz=12, trace=300000, nelems=6, elem type=char[])
OBJ 50001a2b (sz=24, trace=300000, class=java.lang.String@5000016f)
	value		50001a2c
ARR 50001a2c (sz=12, trace=300000, nelems=6, elem type=char[])
OBJ 50001a2d (sz=24, trace=300000, class=java.lang.String@5000016f)
	value		50001a2e
ARR 50001a2e (sz=12, trace=300000, nelems=6, elem type=char[])
OBJ 50001a2f (sz=24, trace=300000, class=java.lang.String@5000016f)
	value		50001a30
ARR 50001a30 (sz=12, trace=300000, nelems=6, elem type=char[])
OBJ 50001a31 (sz=24, trace=300000, class=java.lang.String@5000016f)
	value		50001a32
ARR 50001a32 (sz=12, trace=300000, nelems=6, elem type=char[])
OBJ 50001a33 (sz=24, trace=300000, class=java.lang.String@5000016f)
	value		50001a34
ARR 50001a34 (sz=16, trace=300000, nelems=8, elem type=char[])
OBJ 50001a35 (sz=24, trace=300000, class=java.lang.String@5000016f)
	value		50001a36
ARR 50001a36 (sz=30, trace=300000, nelems=15, elem type=char[])
OBJ 50001a37 (sz=24, trace=300000, class=java.lang.String@5000016f)
	value		50001a38
ARR 50001a38 (sz=16, trace=300000, nelems=8, elem type=char[])
OBJ 50001a39 (sz=24, trace=300000, class=java.lang.String@5000016f)
	value		50001a3a
ARR 50001a3a (sz=48, trace=300000, nelems=24, elem type=char[])
OBJ 50001a3b (sz=24, trace=300000, class=java.lang.String@5000016f)
	value		50001a3c
ARR 50001a3c (sz=10, trace=300000, nelems=5, elem type=char[])
OBJ 50001a3d (sz=24, trace=300000, class=java.lang.String@5000016f)
	value		50001a3e
ARR 50001a3e (sz=14, trace=300000, nelems=7, elem type=char[])
OBJ 50001a3f (sz=24, trace=300000, class=java.lang.String@5000016f)
	value		50001a40
ARR 50001a40 (sz=30, trace=300000, nelems=15, elem type=char[])
OBJ 50001a41 (sz=24, trace=300000, class=java.lang.String@5000016f)
	value		50001a42
ARR 50001a42 (sz=14, trace=300000, nelems=7, elem type=char[])
OBJ 50001a43 (sz=24, trace=300000, class=java.lang.String@5000016f)
	value		50001a44
ARR 50001a44 (sz=20, trace=300000, nelems=10, elem type=char[])
OBJ 50001a45 (sz=24, trace=300000, class=java.lang.String@5000016f)
	value		50001a46
ARR 50001a46 (sz=12, trace=300000, nelems=6, elem type=char[])
OBJ 50001a47 (sz=24, trace=300000, class=java.lang.String@5000016f)
	value		50001a48
ARR 50001a48 (sz=14, trace=300000, nelems=7, elem type=char[])
OBJ 50001a49 (sz=24, trace=300000, class=java.lang.String@5000016f)
	value		50001a4a
ARR 50001a4a (sz=14, trace=300000, nelems=7, elem type=char[])
OBJ 50001a4b (sz=24, trace=300000, class=java.lang.String@5000016f)
	value		50001a4c
ARR 50001a4c (sz=20, trace=300000, nelems=10, elem type=char[])
OBJ 50001a4d (sz=24, trace=300000, class=java.lang.String@5000016f)
	value		50001a4e
ARR 50001a4e (sz=20, trace=300000, nelems=10, elem type=char[])
OBJ 50001a4f (sz=24, trace=300000, class=java.lang.String@5000016f)
	value		50001a50
ARR 50001a50 (sz=10, trace=300000, nelems=5, elem type=char[])
OBJ 50001a51 (sz=24, trace=300000, class=java.lang.String@5000016f)
	value		50001a52
ARR 50001a52 (sz=10, trace=300000, nelems=5, elem type=char[])
OBJ 50001a53 (sz=24, trace=300000, class=java.lang.String@5000016f)
	value		50001a54
ARR 50001a54 (sz=36, trace=300000, nelems=18, elem type=char[])
OBJ 50001a55 (sz=24, trace=300000, class=java.lang.String@5000016f)
	value		50001a56
ARR 50001a56 (sz=14, trace=300000, nelems=7, elem type=char[])
OBJ 50001a57 (sz=24, trace=300000, class=java.lang.String@5000016f)
	value		50001a58
ARR 50001a58 (sz=14, trace=300000, nelems=7, elem type=char[])
OBJ 50001a59 (sz=24, trace=300000, class=java.lang.String@5000016f)
	value		50001a5a
ARR 50001a5a (sz=14, trace=300000, nelems=7, elem type=char[])
OBJ 50001a5b (sz=24, trace=300000, class=java.lang.String@5000016f)
	value		50001a5c
ARR 50001a5c (sz=14, trace=300000, nelems=7, elem type=char[])
OBJ 50001a5d (sz=24, trace=300000, class=java.lang.String@5000016f)
	value		50001a5e
ARR 50001a5e (sz=14, trace=300000, nelems=7, elem type=char[])
OBJ 50001a5f (sz=24, trace=300000, class=java.lang.String@5000016f)
	value		50001a60
ARR 50001a60 (sz=16, trace=300000, nelems=8, elem type=char[])
OBJ 50001a61 (sz=24, trace=300000, class=java.lang.String@5000016f)
	value		50001a62
ARR 50001a62 (sz=12, trace=300000, nelems=6, elem type=char[])
OBJ 50001a63 (sz=24, trace=300000, class=java.lang.String@5000016f)
	value		50001a64
ARR 50001a64 (sz=20, trace=300000, nelems=10, elem type=char[])
OBJ 50001a65 (sz=24, trace=300000, class=java.lang.String@5000016f)
	value		50001a66
ARR 50001a66 (sz=10, trace=300000, nelems=5, elem type=char[])
OBJ 50001a67 (sz=24, trace=300000, class=java.lang.String@5000016f)
	value		50001a68
ARR 50001a68 (sz=24, trace=300000, nelems=12, elem type=char[])
OBJ 50001a69 (sz=24, trace=300000, class=java.lang.String@5000016f)
	value		50001a6a
ARR 50001a6a (sz=28, trace=300000, nelems=14, elem type=char[])
OBJ 50001a6b (sz=24, trace=300000, class=java.lang.String@5000016f)
	value		50001a6c
ARR 50001a6c (sz=12, trace=300000, nelems=6, elem type=char[])
OBJ 50001a6d (sz=24, trace=300000, class=java.lang.String@5000016f)
	value		50001a6e
ARR 50001a6e (sz=20, trace=300000, nelems=10, elem type=char[])
OBJ 50001a6f (sz=24, trace=300000, class=java.lang.String@5000016f)
	value		50001a70
ARR 50001a70 (sz=12, trace=300000, nelems=6, elem type=char[])
OBJ 50001a71 (sz=24, trace=300000, class=java.lang.String@5000016f)
	value		50001a72
ARR 50001a72 (sz=12, trace=300000, nelems=6, elem type=char[])
OBJ 50001a73 (sz=24, trace=300000, class=java.lang.String@5000016f)
	value		50001a74
ARR 50001a74 (sz=12, trace=300000, nelems=6, elem type=char[])
OBJ 50001a75 (sz=24, trace=300000, class=java.lang.String@5000016f)
	value		50001a76
ARR 50001a76 (sz=12, trace=300000, nelems=6, elem type=char[])
OBJ 50001a77 (sz=24, trace=300000, class=java.lang.String@5000016f)
	value		50001a78
ARR 50001a78 (sz=12, trace=300000, nelems=6, elem type=char[])
OBJ 50001a79 (sz=24, trace=300000, class=java.lang.String@5000016f)
	value		50001a7a
ARR 50001a7a (sz=6, trace=300000, nelems=3, elem type=char[])
OBJ 50001a7b (sz=24, trace=300000, class=java.lang.String@5000016f)
	value		50001a7c
ARR 50001a7c (sz=20, trace=300000, nelems=10, elem type=char[])
OBJ 50001a7d (sz=24, trace=300000, class=java.lang.String@5000016f)
	value		50001a7e
ARR 50001a7e (sz=20, trace=300000, nelems=10, elem type=char[])
OBJ 50001a7f (sz=24, trace=300000, class=java.lang.String@5000016f)
	value		50001a80
ARR 50001a80 (sz=10, trace=300000, nelems=5, elem type=char[])
OBJ 50001a81 (sz=24, trace=300000, class=java.lang.String@5000016f)
	value		50001a82
ARR 50001a82 (sz=14, trace=300000, nelems=7, elem type=char[])
OBJ 50001a83 (sz=24, trace=300000, class=java.lang.String@5000016f)
	value		50001a84
ARR 50001a84 (sz=14, trace=300000, nelems=7, elem type=char[])
OBJ 50001a85 (sz=24, trace=300000, class=java.lang.String@5000016f)
	value		50001a86
ARR 50001a86 (sz=28, trace=300000, nelems=14, elem type=char[])
OBJ 50001a87 (sz=24, trace=300000, class=java.lang.String@5000016f)
	value		50001a88
ARR 50001a88 (sz=12, trace=300000, nelems=6, elem type=char[])
OBJ 50001a89 (sz=24, trace=300000, class=java.lang.String@5000016f)
	value		50001a8a
ARR 50001a8a (sz=10, trace=300000, nelems=5, elem type=char[])
OBJ 50001a8b (sz=24, trace=300000, class=java.lang.String@5000016f)
	value		50001a8c
ARR 50001a8c (sz=10, trace=300000, nelems=5, elem type=char[])
OBJ 50001a8d (sz=24, trace=300000, class=java.lang.String@5000016f)
	value		50001a8e
ARR 50001a8e (sz=12, trace=300000, nelems=6, elem type=char[])
OBJ 50001a8f (sz=24, trace=300000, class=java.lang.String@5000016f)
	value		50001a90
ARR 50001a90 (sz=14, trace=300000, nelems=7, elem type=char[])
OBJ 50001a91 (sz=24, trace=300000, class=java.lang.String@5000016f)
	value		50001a92
ARR 50001a92 (sz=14, trace=300000, nelems=7, elem type=char[])
OBJ 50001a93 (sz=24, trace=300000, class=java.lang.String@5000016f)
	value		50001a94
ARR 50001a94 (sz=30, trace=300000, nelems=15, elem type=char[])
OBJ 50001a95 (sz=24, trace=300000, class=java.lang.String@5000016f)
	value		50001a96
ARR 50001a96 (sz=6, trace=300000, nelems=3, elem type=char[])
OBJ 50001a97 (sz=24, trace=300000, class=java.lang.String@5000016f)
	value		50001a98
ARR 50001a98 (sz=8, trace=300000, nelems=4, elem type=char[])
OBJ 50001a99 (sz=24, trace=300000, class=java.lang.String@5000016f)
	value		50001a9a
ARR 50001a9a (sz=20, trace=300000, nelems=10, elem type=char[])
OBJ 50001a9b (sz=24, trace=300000, class=java.lang.String@5000016f)
	value		50001a9f
ARR 50001a9c (sz=24, trace=300000, nelems=2, elem type=java.lang.Object[]@5000010a)
	[0]		50001a9d
	[1]		5000188b
OBJ 50001a9d (sz=24, trace=300000, class=java.lang.String@5000016f)
	value		50001a9e
ARR 50001a9e (sz=10, trace=300000, nelems=5, elem type=char[])
ARR 50001a9f (sz=10, trace=300000, nelems=5, elem type=char[])
OBJ 50001aa0 (sz=24, trace=300000, class=java.lang.String@5000016f)
	value		50001aa4
ARR 50001aa1 (sz=24, trace=300000, nelems=2, elem type=java.lang.Object[]@5000010a)
	[0]		50001aa2
	[1]		5000186d
OBJ 50001aa2 (sz=24, trace=300000, class=java.lang.String@5000016f)
	value		50001aa3
ARR 50001aa3 (sz=4, trace=300000, nelems=2, elem type=char[])
ARR 50001aa4 (sz=10, trace=300000, nelems=5, elem type=char[])
OBJ 50001aa5 (sz=24, trace=300000, class=java.lang.String@5000016f)
	value		50001aa6
ARR 50001aa6 (sz=10, trace=300000, nelems=5, elem type=char[])
OBJ 50001aa7 (sz=24, trace=300000, class=java.lang.String@5000016f)
	value		50001aa8
ARR 50001aa8 (sz=4, trace=300000, nelems=2, elem type=char[])
OBJ 50001aa9 (sz=24, trace=300000, class=java.lang.String@5000016f)
	value		50001aad
ARR 50001aaa (sz=24, trace=300000, nelems=2, elem type=java.lang.Object[]@5000010a)
	[0]		50001aab
	[1]		500018a0
OBJ 50001aab (sz=24, trace=300000, class=java.lang.String@5000016f)
	value		50001aac
ARR 50001aac (sz=4, trace=300000, nelems=2, elem type=char[])
ARR 50001aad (sz=10, trace=300000, nelems=5, elem type=char[])
OBJ 50001aae (sz=24, trace=300000, class=java.lang.String@5000016f)
	value		50001aaf
ARR 50001aaf (sz=16, trace=300000, nelems=8, elem type=char[])
OBJ 50001ab0 (sz=24, trace=300000, class=java.lang.String@5000016f)
	value		50001ab7
ARR 50001ab1 (sz=32, trace=300000, nelems=3, elem type=java.lang.Object[]@5000010a)
	[0]		50001ab2
	[1]		5000186d
	[2]		50001ab3
OBJ 50001ab2 (sz=24, trace=300000, class=java.lang.String@5000016f)
	value		50001ab6
ARR 50001ab3 (sz=24, trace=300000, nelems=2, elem type=java.lang.Object[]@5000010a)
	[0]		50001ab4
	[1]		500018a9
OBJ 50001ab4 (sz=24, trace=300000, class=java.lang.String@5000016f)
	value		50001ab5
ARR 50001ab5 (sz=4, trace=300000, nelems=2, elem type=char[])
ARR 50001ab6 (sz=12, trace=300000, nelems=6, elem type=char[])
ARR 50001ab7 (sz=10, trace=300000, nelems=5, elem type=char[])
OBJ 50001ab8 (sz=24, trace=300000, class=java.lang.String@5000016f)
	value		50001ab9
ARR 50001ab9 (sz=4, trace=300000, nelems=2, elem type=char[])
OBJ 50001aba (sz=24, trace=300000, class=java.lang.String@5000016f)
	value		50001abb
ARR 50001abb (sz=14, trace=300000, nelems=7, elem type=char[])
OBJ 50001abc (sz=24, trace=300000, class=java.lang.String@5000016f)
	value		50001ac0
ARR 50001abd (sz=24, trace=300000, nelems=2, elem type=java.lang.Object[]@5000010a)
	[0]		50001abe
	[1]		500018a0
OBJ 50001abe (sz=24, trace=300000, class=java.lang.String@5000016f)
	value		50001abf
ARR 50001abf (sz=14, trace=300000, nelems=7, elem type=char[])
ARR 50001ac0 (sz=12, trace=300000, nelems=6, elem type=char[])
OBJ 50001ac1 (sz=24, trace=300000, class=java.lang.String@5000016f)
	value		50001ac2
ARR 50001ac2 (sz=14, trace=300000, nelems=7, elem type=char[])
OBJ 50001ac3 (sz=24, trace=300000, class=java.lang.String@5000016f)
	value		50001ac7
ARR 50001ac4 (sz=24, trace=300000, nelems=2, elem type=java.lang.Object[]@5000010a)
	[0]		50001ac5
	[1]		50001878
OBJ 50001ac5 (sz=24, trace=300000, class=java.lang.String@5000016f)
	value		50001ac6
ARR 50001ac6 (sz=6, trace=300000, nelems=3, elem type=char[])
ARR 50001ac7 (sz=12, trace=300000, nelems=6, elem type=char[])
OBJ 50001ac8 (sz=24, trace=300000, class=java.lang.String@5000016f)
	value		50001ac9
ARR 50001ac9 (sz=22, trace=300000, nelems=11, elem type=char[])
OBJ 50001aca (sz=24, trace=300000, class=java.lang.String@5000016f)
	value		50001acb
ARR 50001acb (sz=22, trace=300000, nelems=11, elem type=char[])
OBJ 50001acc (sz=24, trace=300000, class=java.lang.String@5000016f)
	value		50001acd
ARR 50001acd (sz=12, trace=300000, nelems=6, elem type=char[])
OBJ 50001ace (sz=24, trace=300000, class=java.lang.String@5000016f)
	value		50001acf
ARR 50001acf (sz=12, trace=300000, nelems=6, elem type=char[])
OBJ 50001ad0 (sz=24, trace=300000, class=java.lang.String@5000016f)
	value		50001ad1
ARR 50001ad1 (sz=12, trace=300000, nelems=6, elem type=char[])
OBJ 50001ad2 (sz=24, trace=300000, class=java.lang.String@5000016f)
	value		50001ad3
ARR 50001ad3 (sz=18, trace=300000, nelems=9, elem type=char[])
OBJ 50001ad4 (sz=24, trace=300000, class=java.lang.String@5000016f)
	value		50001ad5
ARR 50001ad5 (sz=18, trace=300000, nelems=9, elem type=char[])
OBJ 50001ad6 (sz=24, trace=300000, class=java.lang.String@5000016f)
	value		50001ad7
ARR 50001ad7 (sz=18, trace=300000, nelems=9, elem type=char[])
OBJ 50001ad8 (sz=24, trace=300000, class=java.lang.String@5000016f)
	value		50001ad9
ARR 50001ad9 (sz=18, trace=300000, nelems=9, elem type=char[])
OBJ 50001ada (sz=24, trace=300000, class=java.lang.String@5000016f)
	value		50001adb
ARR 50001adb (sz=18, trace=300000, nelems=9, elem type=char[])
OBJ 50001adc (sz=24, trace=300000, class=java.lang.String@5000016f)
	value		50001add
ARR 50001add (sz=18, trace=300000, nelems=9, elem type=char[])
OBJ 50001ade (sz=24, trace=300000, class=java.lang.String@5000016f)
	value		50001adf
ARR 50001adf (sz=42, trace=300000, nelems=21, elem type=char[])
OBJ 50001ae0 (sz=24, trace=300000, class=java.lang.String@5000016f)
	value		50001ae1
ARR 50001ae1 (sz=6, trace=300000, nelems=3, elem type=char[])
OBJ 50001ae2 (sz=24, trace=300000, class=java.lang.String@5000016f)
	value		50001ae3
ARR 50001ae3 (sz=30, trace=300000, nelems=15, elem type=char[])
OBJ 50001ae4 (sz=24, trace=300000, class=java.lang.String@5000016f)
	value		50001ae5
ARR 50001ae5 (sz=20, trace=300000, nelems=10, elem type=char[])
OBJ 50001ae6 (sz=24, trace=300000, class=java.lang.String@5000016f)
	value		50001ae7
ARR 50001ae7 (sz=30, trace=300000, nelems=15, elem type=char[])
OBJ 50001ae8 (sz=24, trace=300000, class=java.lang.String@5000016f)
	value		50001ae9
ARR 50001ae9 (sz=20, trace=300000, nelems=10, elem type=char[])
OBJ 50001aea (sz=24, trace=300000, class=java.lang.String@5000016f)
	value		50001aeb
ARR 50001aeb (sz=6, trace=300000, nelems=3, elem type=char[])
OBJ 50001aec (sz=24, trace=300000, class=java.lang.String@5000016f)
	value		50001aed
ARR 50001aed (sz=6, trace=300000, nelems=3, elem type=char[])
OBJ 50001aee (sz=24, trace=300000, class=java.lang.String@5000016f)
	value		50001aef
ARR 50001aef (sz=14, trace=300000, nelems=7, elem type=char[])
OBJ 50001af0 (sz=24, trace=300000, class=java.lang.String@5000016f)
	value		50001af4
ARR 50001af1 (sz=24, trace=300000, nelems=2, elem type=java.lang.Object[]@5000010a)
	[0]		50001af2
	[1]		5000188b
OBJ 50001af2 (sz=24, trace=300000, class=java.lang.String@5000016f)
	value		50001af3
ARR 50001af3 (sz=6, trace=300000, nelems=3, elem type=char[])
ARR 50001af4 (sz=6, trace=300000, nelems=3, elem type=char[])
OBJ 50001af5 (sz=24, trace=300000, class=java.lang.String@5000016f)
	value		50001af9
ARR 50001af6 (sz=24, trace=300000, nelems=2, elem type=java.lang.Object[]@5000010a)
	[0]		50001af7
	[1]		50001878
OBJ 50001af7 (sz=24, trace=300000, class=java.lang.String@5000016f)
	value		50001af8
ARR 50001af8 (sz=16, trace=300000, nelems=8, elem type=char[])
ARR 50001af9 (sz=6, trace=300000, nelems=3, elem type=char[])
OBJ 50001afa (sz=24, trace=300000, class=java.lang.String@5000016f)
	value		50001afb
ARR 50001afb (sz=6, trace=300000, nelems=3, elem type=char[])
OBJ 50001afc (sz=24, trace=300000, class=java.lang.String@5000016f)
	value		50001afd
ARR 50001afd (sz=6, trace=300000, nelems=3, elem type=char[])
OBJ 50001afe (sz=24, trace=300000, class=java.lang.String@5000016f)
	value		50001b02
ARR 50001aff (sz=24, trace=300000, nelems=2, elem type=java.lang.Object[]@5000010a)
	[0]		50001b00
	[1]		500018ac
OBJ 50001b00 (sz=24, trace=300000, class=java.lang.String@5000016f)
	value		50001b01
ARR 50001b01 (sz=10, trace=300000, nelems=5, elem type=char[])
ARR 50001b02 (sz=6, trace=300000, nelems=3, elem type=char[])
OBJ 50001b03 (sz=24, trace=300000, class=java.lang.String@5000016f)
	value		50001b04
ARR 50001b04 (sz=10, trace=300000, nelems=5, elem type=char[])
OBJ 50001b05 (sz=24, trace=300000, class=java.lang.String@5000016f)
	value		50001b09
ARR 50001b06 (sz=24, trace=300000, nelems=2, elem type=java.lang.Object[]@5000010a)
	[0]		50001b07
	[1]		500018d1
OBJ 50001b07 (sz=24, trace=300000, class=java.lang.String@5000016f)
	value		50001b08
ARR 50001b08 (sz=18, trace=300000, nelems=9, elem type=char[])
ARR 50001b09 (sz=32, trace=300000, nelems=16, elem type=char[])
OBJ 50001b0a (sz=24, trace=300000, class=java.lang.String@5000016f)
	value		50001b0b
ARR 50001b0b (sz=16, trace=300000, nelems=8, elem type=char[])
OBJ 50001b0c (sz=24, trace=300000, class=java.lang.String@5000016f)
	value		50001b0d
ARR 50001b0d (sz=24, trace=300000, nelems=12, elem type=char[])
OBJ 50001b0e (sz=24, trace=300000, class=java.lang.String@5000016f)
	value		50001b0f
ARR 50001b0f (sz=10, trace=300000, nelems=5, elem type=char[])
OBJ 50001b10 (sz=24, trace=300000, class=java.lang.String@5000016f)
	value		50001b11
ARR 50001b11 (sz=10, trace=300000, nelems=5, elem type=char[])
OBJ 50001b12 (sz=24, trace=300000, class=java.lang.String@5000016f)
	value		50001b13
ARR 50001b13 (sz=10, trace=300000, nelems=5, elem type=char[])
OBJ 50001b14 (sz=24, trace=300000, class=java.lang.String@5000016f)
	value		50001b15
ARR 50001b15 (sz=10, trace=300000, nelems=5, elem type=char[])
OBJ 50001b16 (sz=24, trace=300000, class=java.lang.String@5000016f)
	value		50001b17
ARR 50001b17 (sz=10, trace=300000, nelems=5, elem type=char[])
OBJ 50001b18 (sz=24, trace=300000, class=java.lang.String@5000016f)
	value		50001b19
ARR 50001b19 (sz=12, trace=300000, nelems=6, elem type=char[])
OBJ 50001b1a (sz=24, trace=300000, class=java.lang.String@5000016f)
	value		50001b1b
ARR 50001b1b (sz=12, trace=300000, nelems=6, elem type=char[])
OBJ 50001b1c (sz=24, trace=300000, class=java.lang.String@5000016f)
	value		50001b1d
ARR 50001b1d (sz=16, trace=300000, nelems=8, elem type=char[])
OBJ 50001b1e (sz=24, trace=300000, class=java.lang.String@5000016f)
	value		50001b1f
ARR 50001b1f (sz=20, trace=300000, nelems=10, elem type=char[])
OBJ 50001b20 (sz=24, trace=300000, class=java.lang.String@5000016f)
	value		50001b21
ARR 50001b21 (sz=34, trace=300000, nelems=17, elem type=char[])
OBJ 50001b22 (sz=24, trace=300000, class=java.lang.String@5000016f)
	value		50001b23
ARR 50001b23 (sz=6, trace=300000, nelems=3, elem type=char[])
OBJ 50001b24 (sz=24, trace=300000, class=java.lang.String@5000016f)
	value		50001b25
ARR 50001b25 (sz=30, trace=300000, nelems=15, elem type=char[])
OBJ 50001b26 (sz=24, trace=300000, class=java.lang.String@5000016f)
	value		50001b27
ARR 50001b27 (sz=12, trace=300000, nelems=6, elem type=char[])
OBJ 50001b28 (sz=24, trace=300000, class=java.lang.String@5000016f)
	value		50001b29
ARR 50001b29 (sz=12, trace=300000, nelems=6, elem type=char[])
OBJ 50001b2a (sz=24, trace=300000, class=java.lang.String@5000016f)
	value		50001b2e
ARR 50001b2b (sz=24, trace=300000, nelems=2, elem type=java.lang.Object[]@5000010a)
	[0]		50001b2c
	[1]		5000189c
OBJ 50001b2c (sz=24, trace=300000, class=java.lang.String@5000016f)
	value		50001b2d
ARR 50001b2d (sz=12, trace=300000, nelems=6, elem type=char[])
ARR 50001b2e (sz=6, trace=300000, nelems=3, elem type=char[])
OBJ 50001b2f (sz=24, trace=300000, class=java.lang.String@5000016f)
	value		50001b30
ARR 50001b30 (sz=12, trace=300000, nelems=6, elem type=char[])
OBJ 50001b31 (sz=24, trace=300000, class=java.lang.String@5000016f)
	value		50001b32
ARR 50001b32 (sz=12, trace=300000, nelems=6, elem type=char[])
OBJ 50001b33 (sz=24, trace=300000, class=java.lang.String@5000016f)
	value		50001b37
ARR 50001b34 (sz=24, trace=300000, nelems=2, elem type=java.lang.Object[]@5000010a)
	[0]		50001b35
	[1]		500018ac
OBJ 50001b35 (sz=24, trace=300000, class=java.lang.String@5000016f)
	value		50001b36
ARR 50001b36 (sz=12, trace=300000, nelems=6, elem type=char[])
ARR 50001b37 (sz=36, trace=300000, nelems=18, elem type=char[])
OBJ 50001b38 (sz=24, trace=300000, class=java.lang.String@5000016f)
	value		50001b39
ARR 50001b39 (sz=6, trace=300000, nelems=3, elem type=char[])
OBJ 50001b3a (sz=24, trace=300000, class=java.lang.String@5000016f)
	value		50001b3b
ARR 50001b3b (sz=6, trace=300000, nelems=3, elem type=char[])
OBJ 50001b3c (sz=24, trace=300000, class=java.lang.String@5000016f)
	value		50001b3d
ARR 50001b3d (sz=6, trace=300000, nelems=3, elem type=char[])
OBJ 50001b3e (sz=24, trace=300000, class=java.lang.String@5000016f)
	value		50001b3f
ARR 50001b3f (sz=6, trace=300000, nelems=3, elem type=char[])
OBJ 50001b40 (sz=24, trace=300000, class=java.lang.String@5000016f)
	value		50001b41
ARR 50001b41 (sz=6, trace=300000, nelems=3, elem type=char[])
OBJ 50001b42 (sz=24, trace=300000, class=java.lang.String@5000016f)
	value		50001b43
ARR 50001b43 (sz=30, trace=300000, nelems=15, elem type=char[])
OBJ 50001b44 (sz=24, trace=300000, class=java.lang.String@5000016f)
	value		50001b45
ARR 50001b45 (sz=18, trace=300000, nelems=9, elem type=char[])
OBJ 50001b46 (sz=24, trace=300000, class=java.lang.String@5000016f)
	value		50001b47
ARR 50001b47 (sz=26, trace=300000, nelems=13, elem type=char[])
OBJ 50001b48 (sz=24, trace=300000, class=java.lang.String@5000016f)
	value		50001b49
ARR 50001b49 (sz=22, trace=300000, nelems=11, elem type=char[])
OBJ 50001b4a (sz=24, trace=300000, class=java.lang.String@5000016f)
	value		50001b4b
ARR 50001b4b (sz=22, trace=300000, nelems=11, elem type=char[])
OBJ 50001b4c (sz=24, trace=300000, class=java.lang.String@5000016f)
	value		50001b4d
ARR 50001b4d (sz=22, trace=300000, nelems=11, elem type=char[])
OBJ 50001b4e (sz=24, trace=300000, class=java.lang.String@5000016f)
	value		50001b4f
ARR 50001b4f (sz=22, trace=300000, nelems=11, elem type=char[])
OBJ 50001b50 (sz=24, trace=300000, class=java.lang.String@5000016f)
	value		50001b51
ARR 50001b51 (sz=22, trace=300000, nelems=11, elem type=char[])
OBJ 50001b52 (sz=24, trace=300000, class=java.lang.String@5000016f)
	value		50001b53
ARR 50001b53 (sz=22, trace=300000, nelems=11, elem type=char[])
ARR 50001b54 (sz=144, trace=300000, nelems=32, elem type=java.lang.Object[]@5000010a)
	[0]		50001b55
	[2]		50001b56
	[3]		50001b57
	[4]		50001b58
	[5]		50001b59
	[6]		50001b5a
	[7]		50001b5b
	[8]		50001b5c
	[9]		50001b5d
	[10]		50001b5e
	[11]		50001b5f
	[12]		50001b60
	[14]		50001b61
	[15]		50001b62
	[16]		50001b63
	[17]		50001b64
	[18]		50001b65
	[19]		50001b66
	[22]		50001b67
	[23]		50001b68
	[24]		50001b69
	[28]		50001b6a
	[29]		50001b6b
	[31]		50001b6c
ARR 50001b55 (sz=24, trace=300000, nelems=1, elem type=java.lang.Object[]@5000010a)
	[0]		500018e8
ARR 50001b56 (sz=32, trace=300000, nelems=3, elem type=java.lang.Object[]@5000010a)
	[0]		500018da
	[2]		50001c4e
ARR 50001b57 (sz=32, trace=300000, nelems=3, elem type=java.lang.Object[]@5000010a)
	[0]		500018d1
	[2]		50001c4d
ARR 50001b58 (sz=32, trace=300000, nelems=3, elem type=java.lang.Object[]@5000010a)
	[0]		500018c3
	[2]		50001c4b
ARR 50001b59 (sz=32, trace=300000, nelems=3, elem type=java.lang.Object[]@5000010a)
	[0]		500018ba
	[2]		50001c48
ARR 50001b5a (sz=24, trace=300000, nelems=1, elem type=java.lang.Object[]@5000010a)
	[0]		500018b6
ARR 50001b5b (sz=24, trace=300000, nelems=2, elem type=java.lang.Object[]@5000010a)
	[0]		500018b2
	[1]		5000038f
ARR 50001b5c (sz=32, trace=300000, nelems=3, elem type=java.lang.Object[]@5000010a)
	[0]		500018a9
	[2]		50001c43
ARR 50001b5d (sz=32, trace=300000, nelems=3, elem type=java.lang.Object[]@5000010a)
	[0]		500018a0
	[2]		50001c26
ARR 50001b5e (sz=24, trace=300000, nelems=1, elem type=java.lang.Object[]@5000010a)
	[0]		5000189c
ARR 50001b5f (sz=32, trace=300000, nelems=3, elem type=java.lang.Object[]@5000010a)
	[0]		50001893
	[2]		50001c25
ARR 50001b60 (sz=24, trace=300000, nelems=1, elem type=java.lang.Object[]@5000010a)
	[0]		5000188f
ARR 50001b61 (sz=24, trace=300000, nelems=1, elem type=java.lang.Object[]@5000010a)
	[0]		5000188b
ARR 50001b62 (sz=24, trace=300000, nelems=1, elem type=java.lang.Object[]@5000010a)
	[0]		50001887
ARR 50001b63 (sz=32, trace=300000, nelems=3, elem type=java.lang.Object[]@5000010a)
	[0]		5000187e
	[2]		50001c24
ARR 50001b64 (sz=32, trace=300000, nelems=3, elem type=java.lang.Object[]@5000010a)
	[0]		50001875
	[2]		50001b71
ARR 50001b65 (sz=32, trace=300000, nelems=3, elem type=java.lang.Object[]@5000010a)
	[0]		50001867
	[2]		50001b6f
ARR 50001b66 (sz=32, trace=300000, nelems=3, elem type=java.lang.Object[]@5000010a)
	[0]		50001859
	[2]		50001b6d
ARR 50001b67 (sz=24, trace=300000, nelems=1, elem type=java.lang.Object[]@5000010a)
	[0]		50001855
ARR 50001b68 (sz=24, trace=300000, nelems=1, elem type=java.lang.Object[]@5000010a)
	[0]		50001851
ARR 50001b69 (sz=24, trace=300000, nelems=1, elem type=java.lang.Object[]@5000010a)
	[0]		5000184d
ARR 50001b6a (sz=24, trace=300000, nelems=1, elem type=java.lang.Object[]@5000010a)
	[0]		50001849
ARR 50001b6b (sz=24, trace=300000, nelems=1, elem type=java.lang.Object[]@5000010a)
	[0]		50001845
ARR 50001b6c (sz=24, trace=300000, nelems=1, elem type=java.lang.Object[]@5000010a)
	[0]		50001841
ARR 50001b6d (sz=32, trace=300000, nelems=3, elem type=java.lang.Object[]@5000010a)
	[0]		5000185c
	[2]		50001b6e
ARR 50001b6e (sz=24, trace=300000, nelems=1, elem type=java.lang.Object[]@5000010a)
	[0]		5000185f
ARR 50001b6f (sz=32, trace=300000, nelems=3, elem type=java.lang.Object[]@5000010a)
	[0]		5000186a
	[2]		50001b70
ARR 50001b70 (sz=24, trace=300000, nelems=1, elem type=java.lang.Object[]@5000010a)
	[0]		5000186d
ARR 50001b71 (sz=24, trace=300000, nelems=2, elem type=java.lang.Object[]@5000010a)
	[0]		50001878
	[1]		50000367
ARR 50001b72 (sz=72, trace=300000, nelems=14, elem type=java.lang.String[]@500000cf)
	[0]		50001af7
	[1]		50001b75
	[2]		50001b76
	[3]		50001b77
	[4]		50001b78
	[5]		50001a0e
	[6]		50001b79
	[7]		50001a0a
	[8]		50001b7a
	[9]		50001a3d
	[10]		50001ac5
	[11]		500019c6
	[12]		50001b7b
	[13]		500019fa
OBJ 50001b73 (sz=24, trace=300000, class=java.lang.String@5000016f)
	value		50001b74
ARR 50001b74 (sz=16, trace=300000, nelems=8, elem type=char[])
OBJ 50001b75 (sz=24, trace=300000, class=java.lang.String@5000016f)
	value		50001b82
OBJ 50001b76 (sz=24, trace=300000, class=java.lang.String@5000016f)
	value		50001b81
OBJ 50001b77 (sz=24, trace=300000, class=java.lang.String@5000016f)
	value		50001b80
OBJ 50001b78 (sz=24, trace=300000, class=java.lang.String@5000016f)
	value		50001b7f
OBJ 50001b79 (sz=24, trace=300000, class=java.lang.String@5000016f)
	value		50001b7e
OBJ 50001b7a (sz=24, trace=300000, class=java.lang.String@5000016f)
	value		50001b7d
OBJ 50001b7b (sz=24, trace=300000, class=java.lang.String@5000016f)
	value		50001b7c
ARR 50001b7c (sz=28, trace=300000, nelems=14, elem type=char[])
ARR 50001b7d (sz=14, trace=300000, nelems=7, elem type=char[])
ARR 50001b7e (sz=12, trace=300000, nelems=6, elem type=char[])
ARR 50001b7f (sz=18, trace=300000, nelems=9, elem type=char[])
ARR 50001b80 (sz=10, trace=300000, nelems=5, elem type=char[])
ARR 50001b81 (sz=32, trace=300000, nelems=16, elem type=char[])
ARR 50001b82 (sz=28, trace=300000, nelems=14, elem type=char[])
OBJ 50001b83 (sz=24, trace=300000, class=java.lang.String@5000016f)
	value		50001be5
OBJ 50001b84 (sz=24, trace=300000, class=java.lang.String@5000016f)
	value		50001be7
OBJ 50001b85 (sz=24, trace=300000, class=java.lang.String@5000016f)
	value		50001be6
OBJ 50001b86 (sz=24, trace=300000, class=java.lang.String@5000016f)
	value		50001be8
OBJ 50001b87 (sz=24, trace=300000, class=java.lang.String@5000016f)
	value		50001beb
OBJ 50001b88 (sz=24, trace=300000, class=java.lang.String@5000016f)
	value		50001bea
OBJ 50001b89 (sz=24, trace=300000, class=java.lang.String@5000016f)
	value		50001be9
OBJ 50001b8a (sz=24, trace=300000, class=java.lang.String@5000016f)
	value		50001bed
OBJ 50001b8b (sz=24, trace=300000, class=java.lang.String@5000016f)
	value		50001bec
OBJ 50001b8c (sz=24, trace=300000, class=java.lang.String@5000016f)
	value		50001bee
OBJ 50001b8d (sz=24, trace=300000, class=java.lang.String@5000016f)
	value		50001bef
OBJ 50001b8e (sz=24, trace=300000, class=java.lang.String@5000016f)
	value		50001bf0
OBJ 50001b8f (sz=24, trace=300000, class=java.lang.String@5000016f)
	value		50001bf1
OBJ 50001b90 (sz=24, trace=300000, class=java.lang.String@5000016f)
	value		50001bf2
OBJ 50001b91 (sz=24, trace=300000, class=java.lang.String@5000016f)
	value		50001bf3
OBJ 50001b92 (sz=24, trace=300000, class=java.lang.String@5000016f)
	value		50001bfa
OBJ 50001b93 (sz=24, trace=300000, class=java.lang.String@5000016f)
	value		50001bf9
OBJ 50001b94 (sz=24, trace=300000, class=java.lang.String@5000016f)
	value		50001bf8
OBJ 50001b95 (sz=24, trace=300000, class=java.lang.String@5000016f)
	value		50001bf7
OBJ 50001b96 (sz=24, trace=300000, class=java.lang.String@5000016f)
	value		50001bf6
OBJ 50001b97 (sz=24, trace=300000, class=java.lang.String@5000016f)
	value		50001bf5
OBJ 50001b98 (sz=24, trace=300000, class=java.lang.String@5000016f)
	value		50001bf4
OBJ 50001b99 (sz=24, trace=300000, class=java.lang.String@5000016f)
	value		50001bfe
OBJ 50001b9a (sz=24, trace=300000, class=java.lang.String@5000016f)
	value		50001bfd
OBJ 50001b9b (sz=24, trace=300000, class=java.lang.String@5000016f)
	value		50001bfc
OBJ 50001b9c (sz=24, trace=300000, class=java.lang.String@5000016f)
	value		50001bfb
OBJ 50001b9d (sz=24, trace=300000, class=java.lang.String@5000016f)
	value		50001c01
OBJ 50001b9e (sz=24, trace=300000, class=java.lang.String@5000016f)
	value		50001c00
OBJ 50001b9f (sz=24, trace=300000, class=java.lang.String@5000016f)
	value		50001bff
OBJ 50001ba0 (sz=24, trace=300000, class=java.lang.String@5000016f)
	value		50001c05
OBJ 50001ba1 (sz=24, trace=300000, class=java.lang.String@5000016f)
	value		50001c04
OBJ 50001ba2 (sz=24, trace=300000, class=java.lang.String@5000016f)
	value		50001c03
OBJ 50001ba3 (sz=24, trace=300000, class=java.lang.String@5000016f)
	value		50001c02
OBJ 50001ba4 (sz=24, trace=300000, class=java.lang.String@5000016f)
	value		50001c0a
OBJ 50001ba5 (sz=24, trace=300000, class=java.lang.String@5000016f)
	value		50001c09
OBJ 50001ba6 (sz=24, trace=300000, class=java.lang.String@5000016f)
	value		50001c08
OBJ 50001ba7 (sz=24, trace=300000, class=java.lang.String@5000016f)
	value		50001c07
OBJ 50001ba8 (sz=24, trace=300000, class=java.lang.String@5000016f)
	value		50001c06
OBJ 50001ba9 (sz=24, trace=300000, class=java.lang.String@5000016f)
	value		50001c0e
OBJ 50001baa (sz=24, trace=300000, class=java.lang.String@5000016f)
	value		50001c0d
OBJ 50001bab (sz=24, trace=300000, class=java.lang.String@5000016f)
	value		50001c0c
OBJ 50001bac (sz=24, trace=300000, class=java.lang.String@5000016f)
	value		50001c0b
OBJ 50001bad (sz=24, trace=300000, class=java.lang.String@5000016f)
	value		50001c0f
OBJ 50001bae (sz=24, trace=300000, class=java.lang.String@5000016f)
	value		50001c1b
OBJ 50001baf (sz=24, trace=300000, class=java.lang.String@5000016f)
	value		50001c1a
OBJ 50001bb0 (sz=24, trace=300000, class=java.lang.String@5000016f)
	value		50001c19
OBJ 50001bb1 (sz=24, trace=300000, class=java.lang.String@5000016f)
	value		50001c18
OBJ 50001bb2 (sz=24, trace=300000, class=java.lang.String@5000016f)
	value		50001c17
OBJ 50001bb3 (sz=24, trace=300000, class=java.lang.String@5000016f)
	value		50001c16
OBJ 50001bb4 (sz=24, trace=300000, class=java.lang.String@5000016f)
	value		50001c15
OBJ 50001bb5 (sz=24, trace=300000, class=java.lang.String@5000016f)
	value		50001c14
OBJ 50001bb6 (sz=24, trace=300000, class=java.lang.String@5000016f)
	value		50001c13
OBJ 50001bb7 (sz=24, trace=300000, class=java.lang.String@5000016f)
	value		50001c12
OBJ 50001bb8 (sz=24, trace=300000, class=java.lang.String@5000016f)
	value		50001c11
OBJ 50001bb9 (sz=24, trace=300000, class=java.lang.String@5000016f)
	value		50001c10
OBJ 50001bba (sz=24, trace=300000, class=java.lang.String@5000016f)
	value		50001c1c
OBJ 50001bbb (sz=24, trace=300000, class=java.lang.String@5000016f)
	value		50001c1d
OBJ 50001bbc (sz=24, trace=300000, class=java.lang.String@5000016f)
	value		50001c1e
OBJ 50001bbd (sz=24, trace=300000, class=java.lang.String@5000016f)
	value		50001c1f
OBJ 50001bbe (sz=24, trace=300000, class=java.lang.String@5000016f)
	value		50001c20
ARR 50001bbf (sz=32, trace=300000, nelems=4, elem type=java.lang.String[]@500000cf)
	[0]		50001a7f
	[1]		50001a45
	[2]		50001a41
	[3]		50001ae0
ARR 50001bc0 (sz=40, trace=300000, nelems=5, elem type=java.lang.String[]@500000cf)
	[0]		50001a89
	[1]		500018da
	[2]		50001a47
	[3]		50001aea
	[4]		50001bbe
ARR 50001bc1 (sz=40, trace=300000, nelems=6, elem type=java.lang.String[]@500000cf)
	[0]		50001a8b
	[1]		500018e8
	[2]		50001a49
	[3]		50001aec
	[4]		50001bbd
	[5]		500019e8
ARR 50001bc2 (sz=40, trace=300000, nelems=5, elem type=java.lang.String[]@500000cf)
	[0]		50001a9b
	[1]		500019ea
	[2]		50001a12
	[3]		50001af0
	[4]		50001bbc
ARR 50001bc3 (sz=40, trace=300000, nelems=5, elem type=java.lang.String[]@500000cf)
	[0]		50001aa0
	[1]		5000185c
	[2]		50001a57
	[3]		50001af5
	[4]		50001bbb
ARR 50001bc4 (sz=40, trace=300000, nelems=5, elem type=java.lang.String[]@500000cf)
	[0]		50001aa5
	[1]		50001a59
	[2]		50001867
	[3]		50001afa
	[4]		500019d0
ARR 50001bc5 (sz=40, trace=300000, nelems=5, elem type=java.lang.String[]@500000cf)
	[0]		50001aa9
	[1]		5000187e
	[2]		50001a5b
	[3]		50001afc
	[4]		50001bba
ARR 50001bc6 (sz=40, trace=300000, nelems=5, elem type=java.lang.String[]@500000cf)
	[0]		50001ab0
	[1]		50001a5d
	[2]		50001887
	[3]		50001afe
	[4]		500019b2
ARR 50001bc7 (sz=32, trace=300000, nelems=4, elem type=java.lang.String[]@500000cf)
	[0]		50001a65
	[1]		50001881
	[2]		50001a14
	[3]		50001a95
ARR 50001bc8 (sz=32, trace=300000, nelems=4, elem type=java.lang.String[]@500000cf)
	[0]		50001a9d
	[1]		50001a61
	[2]		50001a55
	[3]		50001af2
ARR 50001bc9 (sz=40, trace=300000, nelems=6, elem type=java.lang.String[]@500000cf)
	[0]		50001a51
	[1]		5000186a
	[2]		50001a06
	[3]		50001a79
	[4]		50001b05
	[5]		500019ce
ARR 50001bca (sz=24, trace=300000, nelems=2, elem type=java.lang.String[]@500000cf)
	[0]		50001a26
	[1]		500019b8
ARR 50001bcb (sz=24, trace=300000, nelems=2, elem type=java.lang.String[]@500000cf)
	[0]		50001a29
	[1]		500019ba
ARR 50001bcc (sz=24, trace=300000, nelems=2, elem type=java.lang.String[]@500000cf)
	[0]		50001a2b
	[1]		500019be
ARR 50001bcd (sz=24, trace=300000, nelems=2, elem type=java.lang.String[]@500000cf)
	[0]		50001a2d
	[1]		500019c0
ARR 50001bce (sz=32, trace=300000, nelems=3, elem type=java.lang.String[]@500000cf)
	[0]		50001a2f
	[1]		500019c2
	[2]		50001b07
ARR 50001bcf (sz=24, trace=300000, nelems=2, elem type=java.lang.String[]@500000cf)
	[0]		50001a31
	[1]		500019c4
ARR 50001bd0 (sz=24, trace=300000, nelems=1, elem type=java.lang.String[]@500000cf)
	[0]		50001b18
ARR 50001bd1 (sz=32, trace=300000, nelems=3, elem type=java.lang.String[]@500000cf)
	[0]		50001b1a
	[1]		50001a97
	[2]		500019f4
ARR 50001bd2 (sz=80, trace=300000, nelems=15, elem type=java.lang.String[]@500000cf)
	[0]		50001bae
	[1]		50001a0c
	[2]		50001baf
	[3]		50001bb0
	[4]		50001bb1
	[5]		50001bb2
	[6]		50001bb3
	[7]		50001b0e
	[8]		50001b38
	[9]		50001bb4
	[10]		50001bb5
	[11]		50001bb6
	[12]		50001bb7
	[13]		50001bb8
	[14]		50001bb9
ARR 50001bd3 (sz=32, trace=300000, nelems=4, elem type=java.lang.String[]@500000cf)
	[0]		50001a1d
	[1]		50001a10
	[2]		50001aca
	[3]		50001bad
ARR 50001bd4 (sz=72, trace=300000, nelems=13, elem type=java.lang.String[]@500000cf)
	[0]		50001ad2
	[1]		50001b26
	[2]		50001a4b
	[3]		50001ba9
	[4]		50001baa
	[5]		50001bab
	[6]		50001a6f
	[7]		50001aa7
	[8]		50001abc
	[9]		50001a91
	[10]		50001b3a
	[11]		50001b10
	[12]		50001bac
ARR 50001bd5 (sz=80, trace=300000, nelems=16, elem type=java.lang.String[]@500000cf)
	[0]		50001ad4
	[1]		50001b28
	[2]		50001a63
	[3]		50001ba4
	[4]		50001ba5
	[5]		50001ba6
	[6]		50001ba7
	[7]		500019fc
	[8]		50001ac3
	[9]		50001ba8
	[10]		500019dd
	[11]		50001a8d
	[12]		50001a83
	[13]		50001b2a
	[14]		50001b03
	[15]		500019ee
ARR 50001bd6 (sz=64, trace=300000, nelems=12, elem type=java.lang.String[]@500000cf)
	[0]		50001ad6
	[1]		50001b2c
	[2]		50001a4d
	[3]		50001ba0
	[4]		50001ba1
	[5]		50001ba2
	[6]		50001aae
	[7]		50001acc
	[8]		50001aba
	[9]		50001b12
	[10]		50001b3c
	[11]		50001ba3
ARR 50001bd7 (sz=72, trace=300000, nelems=13, elem type=java.lang.String[]@500000cf)
	[0]		50001ad8
	[1]		500019f2
	[2]		50001b2f
	[3]		50001a6d
	[4]		50001b9d
	[5]		50001b9e
	[6]		50001a71
	[7]		50001aab
	[8]		50001ace
	[9]		50001abe
	[10]		50001b14
	[11]		50001b3e
	[12]		50001b9f
ARR 50001bd8 (sz=72, trace=300000, nelems=13, elem type=java.lang.String[]@500000cf)
	[0]		50001ada
	[1]		50001b31
	[2]		50001a7b
	[3]		50001b99
	[4]		50001b9a
	[5]		50001b9b
	[6]		50001a73
	[7]		50001ab4
	[8]		50001ad0
	[9]		50001ac1
	[10]		50001b16
	[11]		50001b40
	[12]		50001b9c
ARR 50001bd9 (sz=72, trace=300000, nelems=14, elem type=java.lang.String[]@500000cf)
	[0]		50001a7d
	[1]		50001b92
	[2]		50001a75
	[3]		50001ab8
	[4]		50001b93
	[5]		50001b00
	[6]		50001b94
	[7]		50001b22
	[8]		50001b95
	[9]		50001b96
	[10]		50001b97
	[11]		500018ad
	[12]		50001b35
	[13]		50001b98
ARR 50001bda (sz=24, trace=300000, nelems=2, elem type=java.lang.String[]@500000cf)
	[0]		5000184e
	[1]		50001b91
ARR 50001bdb (sz=24, trace=300000, nelems=2, elem type=java.lang.String[]@500000cf)
	[0]		50001860
	[1]		50001b90
ARR 50001bdc (sz=24, trace=300000, nelems=2, elem type=java.lang.String[]@500000cf)
	[0]		500018ca
	[1]		50001b8f
ARR 50001bdd (sz=24, trace=300000, nelems=2, elem type=java.lang.String[]@500000cf)
	[0]		50001842
	[1]		50001b8e
ARR 50001bde (sz=24, trace=300000, nelems=2, elem type=java.lang.String[]@500000cf)
	[0]		500018de
	[1]		50001b8d
ARR 50001bdf (sz=24, trace=300000, nelems=1, elem type=java.lang.String[]@500000cf)
	[0]		50001b8c
ARR 50001be0 (sz=32, trace=300000, nelems=3, elem type=java.lang.String[]@500000cf)
	[0]		500018e1
	[1]		50001b8a
	[2]		50001b8b
ARR 50001be1 (sz=32, trace=300000, nelems=4, elem type=java.lang.String[]@500000cf)
	[0]		500018b3
	[1]		50001b87
	[2]		50001b88
	[3]		50001b89
ARR 50001be2 (sz=32, trace=300000, nelems=4, elem type=java.lang.String[]@500000cf)
	[0]		500018be
	[1]		50001a4f
	[2]		500019fe
	[3]		50001b86
ARR 50001be3 (sz=24, trace=300000, nelems=2, elem type=java.lang.String[]@500000cf)
	[0]		50001b84
	[1]		50001b85
ARR 50001be4 (sz=24, trace=300000, nelems=2, elem type=java.lang.String[]@500000cf)
	[0]		50001b83
	[1]		50001b20
ARR 50001be5 (sz=8, trace=300000, nelems=4, elem type=char[])
ARR 50001be6 (sz=16, trace=300000, nelems=8, elem type=char[])
ARR 50001be7 (sz=10, trace=300000, nelems=5, elem type=char[])
ARR 50001be8 (sz=20, trace=300000, nelems=10, elem type=char[])
ARR 50001be9 (sz=36, trace=300000, nelems=18, elem type=char[])
ARR 50001bea (sz=20, trace=300000, nelems=10, elem type=char[])
ARR 50001beb (sz=30, trace=300000, nelems=15, elem type=char[])
ARR 50001bec (sz=42, trace=300000, nelems=21, elem type=char[])
ARR 50001bed (sz=20, trace=300000, nelems=10, elem type=char[])
ARR 50001bee (sz=26, trace=300000, nelems=13, elem type=char[])
ARR 50001bef (sz=10, trace=300000, nelems=5, elem type=char[])
ARR 50001bf0 (sz=20, trace=300000, nelems=10, elem type=char[])
ARR 50001bf1 (sz=20, trace=300000, nelems=10, elem type=char[])
ARR 50001bf2 (sz=24, trace=300000, nelems=12, elem type=char[])
ARR 50001bf3 (sz=24, trace=300000, nelems=12, elem type=char[])
ARR 50001bf4 (sz=18, trace=300000, nelems=9, elem type=char[])
ARR 50001bf5 (sz=30, trace=300000, nelems=15, elem type=char[])
ARR 50001bf6 (sz=18, trace=300000, nelems=9, elem type=char[])
ARR 50001bf7 (sz=14, trace=300000, nelems=7, elem type=char[])
ARR 50001bf8 (sz=22, trace=300000, nelems=11, elem type=char[])
ARR 50001bf9 (sz=12, trace=300000, nelems=6, elem type=char[])
ARR 50001bfa (sz=20, trace=300000, nelems=10, elem type=char[])
ARR 50001bfb (sz=22, trace=300000, nelems=11, elem type=char[])
ARR 50001bfc (sz=18, trace=300000, nelems=9, elem type=char[])
ARR 50001bfd (sz=30, trace=300000, nelems=15, elem type=char[])
ARR 50001bfe (sz=20, trace=300000, nelems=10, elem type=char[])
ARR 50001bff (sz=22, trace=300000, nelems=11, elem type=char[])
ARR 50001c00 (sz=30, trace=300000, nelems=15, elem type=char[])
ARR 50001c01 (sz=20, trace=300000, nelems=10, elem type=char[])
ARR 50001c02 (sz=36, trace=300000, nelems=18, elem type=char[])
ARR 50001c03 (sz=18, trace=300000, nelems=9, elem type=char[])
ARR 50001c04 (sz=30, trace=300000, nelems=15, elem type=char[])
ARR 50001c05 (sz=20, trace=300000, nelems=10, elem type=char[])
ARR 50001c06 (sz=30, trace=300000, nelems=15, elem type=char[])
ARR 50001c07 (sz=16, trace=300000, nelems=8, elem type=char[])
ARR 50001c08 (sz=16, trace=300000, nelems=8, elem type=char[])
ARR 50001c09 (sz=30, trace=300000, nelems=15, elem type=char[])
ARR 50001c0a (sz=20, trace=300000, nelems=10, elem type=char[])
ARR 50001c0b (sz=22, trace=300000, nelems=11, elem type=char[])
ARR 50001c0c (sz=18, trace=300000, nelems=9, elem type=char[])
ARR 50001c0d (sz=30, trace=300000, nelems=15, elem type=char[])
ARR 50001c0e (sz=20, trace=300000, nelems=10, elem type=char[])
ARR 50001c0f (sz=20, trace=300000, nelems=10, elem type=char[])
ARR 50001c10 (sz=30, trace=300000, nelems=15, elem type=char[])
ARR 50001c11 (sz=22, trace=300000, nelems=11, elem type=char[])
ARR 50001c12 (sz=22, trace=300000, nelems=11, elem type=char[])
ARR 50001c13 (sz=4, trace=300000, nelems=2, elem type=char[])
ARR 50001c14 (sz=12, trace=300000, nelems=6, elem type=char[])
ARR 50001c15 (sz=12, trace=300000, nelems=6, elem type=char[])
ARR 50001c16 (sz=14, trace=300000, nelems=7, elem type=char[])
ARR 50001c17 (sz=12, trace=300000, nelems=6, elem type=char[])
ARR 50001c18 (sz=20, trace=300000, nelems=10, elem type=char[])
ARR 50001c19 (sz=20, trace=300000, nelems=10, elem type=char[])
ARR 50001c1a (sz=22, trace=300000, nelems=11, elem type=char[])
ARR 50001c1b (sz=22, trace=300000, nelems=11, elem type=char[])
ARR 50001c1c (sz=16, trace=300000, nelems=8, elem type=char[])
ARR 50001c1d (sz=16, trace=300000, nelems=8, elem type=char[])
ARR 50001c1e (sz=48, trace=300000, nelems=24, elem type=char[])
ARR 50001c1f (sz=16, trace=300000, nelems=8, elem type=char[])
ARR 50001c20 (sz=16, trace=300000, nelems=8, elem type=char[])
OBJ 50001c21 (sz=24, trace=300000, class=java.lang.String@5000016f)
	value		50001c22
ARR 50001c22 (sz=2, trace=300000, nelems=1, elem type=char[])
ARR 50001c23 (sz=20, trace=300000, nelems=10, elem type=char[])
ARR 50001c24 (sz=24, trace=300000, nelems=1, elem type=java.lang.Object[]@5000010a)
	[0]		50001881
ARR 50001c25 (sz=24, trace=300000, nelems=1, elem type=java.lang.Object[]@5000010a)
	[0]		50001896
ARR 50001c26 (sz=24, trace=300000, nelems=2, elem type=java.lang.Object[]@5000010a)
	[0]		500018a3
	[1]		50001821
OBJ 50001c27 (sz=24, trace=300000, class=java.lang.String@5000016f)
	value		50001c28
ARR 50001c28 (sz=10, trace=300000, nelems=5, elem type=char[])
OBJ 50001c29 (sz=24, trace=300000, class=java.lang.String@5000016f)
	value		50001c35
OBJ 50001c2a (sz=24, trace=300000, class=java.lang.String@5000016f)
	value		50001c34
OBJ 50001c2b (sz=24, trace=300000, class=java.lang.String@5000016f)
	value		50001c33
OBJ 50001c2c (sz=24, trace=300000, class=java.lang.String@5000016f)
	value		50001c32
OBJ 50001c2d (sz=16, trace=300000, class=java.nio.charset.CoderResult$2@50000031)
OBJ 50001c2e (sz=16, trace=300000, class=java.nio.charset.CoderResult$1@50000032)
OBJ 50001c2f (sz=24, trace=300000, class=java.nio.charset.CoderResult@50000034)
OBJ 50001c30 (sz=24, trace=300000, class=java.nio.charset.CoderResult@50000034)
ARR 50001c31 (sz=32, trace=300000, nelems=4, elem type=java.lang.String[]@500000cf)
	[0]		50001c29
	[1]		50001c2a
	[2]		50001c2b
	[3]		50001c2c
ARR 50001c32 (sz=20, trace=300000, nelems=10, elem type=char[])
ARR 50001c33 (sz=18, trace=300000, nelems=9, elem type=char[])
ARR 50001c34 (sz=16, trace=300000, nelems=8, elem type=char[])
ARR 50001c35 (sz=18, trace=300000, nelems=9, elem type=char[])
OBJ 50001c36 (sz=24, trace=300000, class=java.lang.String@5000016f)
	value		50001c3e
OBJ 50001c37 (sz=24, trace=300000, class=java.lang.String@5000016f)
	value		50001c3d
OBJ 50001c38 (sz=24, trace=300000, class=java.lang.String@5000016f)
	value		50001c3c
OBJ 50001c39 (sz=24, trace=300000, class=java.lang.String@5000016f)
	value		50001c3b
ARR 50001c3a (sz=32, trace=300000, nelems=4, elem type=java.lang.String[]@500000cf)
	[0]		50001c36
	[1]		50001c37
	[2]		50001c38
	[3]		50001c39
ARR 50001c3b (sz=14, trace=300000, nelems=7, elem type=char[])
ARR 50001c3c (sz=20, trace=300000, nelems=10, elem type=char[])
ARR 50001c3d (sz=12, trace=300000, nelems=6, elem type=char[])
ARR 50001c3e (sz=10, trace=300000, nelems=5, elem type=char[])
ARR 50001c3f (sz=6, trace=300000, nelems=3, elem type=char[])
OBJ 50001c40 (sz=24, trace=300000, class=java.lang.String@5000016f)
	value		50001c42
ARR 50001c41 (sz=32, trace=300000, nelems=4, elem type=java.lang.String[]@500000cf)
	[0]		50001c36
	[1]		50001c37
	[2]		50001c38
	[3]		50001c39
ARR 50001c42 (sz=2, trace=300000, nelems=1, elem type=char[])
ARR 50001c43 (sz=24, trace=300000, nelems=2, elem type=java.lang.Object[]@5000010a)
	[0]		500018ac
	[1]		50000379
OBJ 50001c44 (sz=24, trace=300000, class=java.lang.String@5000016f)
	value		50001c45
ARR 50001c45 (sz=20, trace=300000, nelems=10, elem type=char[])
OBJ 50001c46 (sz=24, trace=300000, class=java.lang.String@5000016f)
	value		50001c47
ARR 50001c47 (sz=16, trace=300000, nelems=8, elem type=char[])
ARR 50001c48 (sz=24, trace=300000, nelems=2, elem type=java.lang.Object[]@5000010a)
	[0]		500018bd
	[1]		500003b3
OBJ 50001c49 (sz=24, trace=300000, class=java.lang.String@5000016f)
	value		50001c4a
ARR 50001c4a (sz=12, trace=300000, nelems=6, elem type=char[])
ARR 50001c4b (sz=32, trace=300000, nelems=3, elem type=java.lang.Object[]@5000010a)
	[0]		500018c6
	[2]		50001c4c
ARR 50001c4c (sz=24, trace=300000, nelems=1, elem type=java.lang.Object[]@5000010a)
	[0]		500018c9
ARR 50001c4d (sz=24, trace=300000, nelems=1, elem type=java.lang.Object[]@5000010a)
	[0]		500018d4
ARR 50001c4e (sz=32, trace=300000, nelems=3, elem type=java.lang.Object[]@5000010a)
	[0]		500018dd
	[2]		50001c4f
ARR 50001c4f (sz=24, trace=300000, nelems=2, elem type=java.lang.Object[]@5000010a)
	[0]		500018e0
	[1]		500003a1
OBJ 50001c50 (sz=24, trace=300000, class=java.lang.String@5000016f)
	value		50001c51
ARR 50001c51 (sz=16, trace=300000, nelems=8, elem type=char[])
OBJ 50001c52 (sz=16, trace=300000, class=java.util.concurrent.atomic.AtomicInteger@500000c8)
OBJ 50001c53 (sz=24, trace=300000, class=java.lang.String@5000016f)
	value		50001c56
OBJ 50001c54 (sz=24, trace=300000, class=java.lang.String@5000016f)
	value		50001c55
ARR 50001c55 (sz=12, trace=300000, nelems=6, elem type=char[])
ARR 50001c56 (sz=34, trace=300000, nelems=17, elem type=char[])
ARR 50001c57 (sz=26, trace=300000, nelems=13, elem type=char[])
ARR 50001c58 (sz=38, trace=300000, nelems=19, elem type=char[])
ARR 50001c59 (sz=56, trace=300000, nelems=28, elem type=char[])
OBJ 50001c5a (sz=16, trace=300000, class=java.lang.Object@50000173)
OBJ 50001c5b (sz=24, trace=300000, class=java.lang.String@5000016f)
	value		50001d41
OBJ 50001c5c (sz=24, trace=300000, class=java.lang.String@5000016f)
	value		50001d40
OBJ 50001c5d (sz=24, trace=300000, class=java.lang.String@5000016f)
	value		50001d38
OBJ 50001c5e (sz=24, trace=300000, class=java.lang.String@5000016f)
	value		50001d37
OBJ 50001c5f (sz=32, trace=300000, class=java.io.UnixFileSystem@50000067)
	javaHome	5000161a
	cache		50001c61
	javaHomePrefixCache	50001c60
OBJ 50001c60 (sz=40, trace=300000, class=java.io.ExpiringCache@50000066)
	map		50001d1a
OBJ 50001c61 (sz=40, trace=300000, class=java.io.ExpiringCache@50000066)
	map		50001c62
OBJ 50001c62 (sz=64, trace=300000, class=java.io.ExpiringCache$1@50000064)
	table		50001c64
	head		50001c63
	tail		50000e25
	this$0		50001c61
OBJ 50001c63 (sz=40, trace=300000, class=java.util.LinkedHashMap$Entry@5000005a)
	key		50001d16
	value		50001d15
	after		50001c77
ARR 50001c64 (sz=272, trace=300000, nelems=64, elem type=java.util.HashMap$Node[]@500000b8)
	[0]		50001c65
	[1]		50001c66
	[2]		50001c63
	[3]		50000bf5
	[4]		50000d83
	[11]		50001c67
	[13]		50001c68
	[16]		50000dbd
	[18]		50001c69
	[20]		50001c6a
	[21]		50001c6b
	[22]		50001c6c
	[28]		50001c6d
	[29]		50001c6e
	[30]		50001c6f
	[31]		50001c70
	[32]		50001c71
	[36]		50001c72
	[38]		50001c73
	[39]		50001c74
	[41]		50001c75
	[44]		50001c76
	[45]		50001c77
	[49]		50000b6c
	[50]		50001c78
	[51]		50001c79
	[54]		50001c7a
	[55]		50000dda
	[62]		50001c7b
	[63]		50001c7c
OBJ 50001c65 (sz=40, trace=300000, class=java.util.LinkedHashMap$Entry@5000005a)
	key		50001cf3
	value		50001cf2
	before		50001c71
	after		50001c73
OBJ 50001c66 (sz=40, trace=300000, class=java.util.LinkedHashMap$Entry@5000005a)
	key		50001ce4
	value		50001ce3
	before		50001c72
	after		50001c7b
OBJ 50001c67 (sz=40, trace=300000, class=java.util.LinkedHashMap$Entry@5000005a)
	key		50001cd0
	value		50001ccf
	before		50001c7d
	after		50001c75
OBJ 50001c68 (sz=40, trace=300000, class=java.util.LinkedHashMap$Entry@5000005a)
	key		50001c9b
	value		50001c9a
	before		50001c6c
	after		500001ea
OBJ 50001c69 (sz=40, trace=300000, class=java.util.LinkedHashMap$Entry@5000005a)
	key		50001c84
	value		50001c83
	before		50001c74
	after		50001c7c
OBJ 50001c6a (sz=40, trace=300000, class=java.util.LinkedHashMap$Entry@5000005a)
	key		50001d0c
	value		50001d0b
	before		50001c77
	after		50001c6d
OBJ 50001c6b (sz=40, trace=300000, class=java.util.LinkedHashMap$Entry@5000005a)
	key		50001cc6
	value		50001cc5
	before		50001c75
	after		50001c70
OBJ 50001c6c (sz=40, trace=300000, class=java.util.LinkedHashMap$Entry@5000005a)
	key		50001ca0
	value		50001c9f
	next		500001ea
	before		50001c8e
	after		50001c68
OBJ 50001c6d (sz=40, trace=300000, class=java.util.LinkedHashMap$Entry@5000005a)
	key		50001d07
	value		50001d06
	before		50001c6a
	after		50001c78
OBJ 50001c6e (sz=40, trace=300000, class=java.util.LinkedHashMap$Entry@5000005a)
	key		50001cb2
	value		50001cb1
	next		50000da0
	before		50001cb0
	after		50001c79
OBJ 50001c6f (sz=40, trace=300000, class=java.util.LinkedHashMap$Entry@5000005a)
	key		50001cfd
	value		50001cfc
	before		50001c78
	after		50001c71
OBJ 50001c70 (sz=40, trace=300000, class=java.util.LinkedHashMap$Entry@5000005a)
	key		50001cc1
	value		50001cc0
	before		50001c6b
	after		50001c76
OBJ 50001c71 (sz=40, trace=300000, class=java.util.LinkedHashMap$Entry@5000005a)
	key		50001cf8
	value		50001cf7
	next		50001c7d
	before		50001c6f
	after		50001c65
OBJ 50001c72 (sz=40, trace=300000, class=java.util.LinkedHashMap$Entry@5000005a)
	key		50001ce9
	value		50001ce8
	next		50000e25
	before		50001c73
	after		50001c66
OBJ 50001c73 (sz=40, trace=300000, class=java.util.LinkedHashMap$Entry@5000005a)
	key		50001cee
	value		50001ced
	before		50001c65
	after		50001c72
OBJ 50001c74 (sz=40, trace=300000, class=java.util.LinkedHashMap$Entry@5000005a)
	key		50001c8a
	value		50001c89
	next		50001c88
	before		50001c7a
	after		50001c69
OBJ 50001c75 (sz=40, trace=300000, class=java.util.LinkedHashMap$Entry@5000005a)
	key		50001ccb
	value		50001cca
	next		50001c8e
	before		50001c67
	after		50001c6b
OBJ 50001c76 (sz=40, trace=300000, class=java.util.LinkedHashMap$Entry@5000005a)
	key		50001cbc
	value		50001cbb
	before		50001c70
	after		50001cb0
OBJ 50001c77 (sz=40, trace=300000, class=java.util.LinkedHashMap$Entry@5000005a)
	key		50001d11
	value		50001d10
	next		50001cb0
	before		50001c63
	after		50001c6a
OBJ 50001c78 (sz=40, trace=300000, class=java.util.LinkedHashMap$Entry@5000005a)
	key		50001d02
	value		50001d01
	before		50001c6d
	after		50001c6f
OBJ 50001c79 (sz=40, trace=300000, class=java.util.LinkedHashMap$Entry@5000005a)
	key		50001cac
	value		50001cab
	next		50000d66
	before		50001c6e
	after		50001c88
OBJ 50001c7a (sz=40, trace=300000, class=java.util.LinkedHashMap$Entry@5000005a)
	key		50001cda
	value		50001cd9
	before		50001c7b
	after		50001c74
OBJ 50001c7b (sz=40, trace=300000, class=java.util.LinkedHashMap$Entry@5000005a)
	key		50001cdf
	value		50001cde
	before		50001c66
	after		50001c7a
OBJ 50001c7c (sz=40, trace=300000, class=java.util.LinkedHashMap$Entry@5000005a)
	key		50001c7f
	value		50001c7e
	before		50001c69
	after		50001c7d
OBJ 50001c7d (sz=40, trace=300000, class=java.util.LinkedHashMap$Entry@5000005a)
	key		50001cd5
	value		50001cd4
	before		50001c7c
	after		50001c67
OBJ 50001c7e (sz=24, trace=300000, class=java.io.ExpiringCache$Entry@5000005b)
	val		50001c81
OBJ 50001c7f (sz=24, trace=300000, class=java.lang.String@5000016f)
	value		50001c80
ARR 50001c80 (sz=86, trace=300000, nelems=43, elem type=char[])
OBJ 50001c81 (sz=24, trace=300000, class=java.lang.String@5000016f)
	value		50001c82
ARR 50001c82 (sz=86, trace=300000, nelems=43, elem type=char[])
OBJ 50001c83 (sz=24, trace=300000, class=java.io.ExpiringCache$Entry@5000005b)
	val		50001c86
OBJ 50001c84 (sz=24, trace=300000, class=java.lang.String@5000016f)
	value		50001c85
ARR 50001c85 (sz=88, trace=300000, nelems=44, elem type=char[])
OBJ 50001c86 (sz=24, trace=300000, class=java.lang.String@5000016f)
	value		50001c87
ARR 50001c87 (sz=88, trace=300000, nelems=44, elem type=char[])
OBJ 50001c88 (sz=40, trace=300000, class=java.util.LinkedHashMap$Entry@5000005a)
	key		50001c90
	value		50001c8f
	next		50000e14
	before		50001c79
	after		50001c8e
OBJ 50001c89 (sz=24, trace=300000, class=java.io.ExpiringCache$Entry@5000005b)
	val		50001c8c
OBJ 50001c8a (sz=24, trace=300000, class=java.lang.String@5000016f)
	value		50001c8b
ARR 50001c8b (sz=84, trace=300000, nelems=42, elem type=char[])
OBJ 50001c8c (sz=24, trace=300000, class=java.lang.String@5000016f)
	value		50001c8d
ARR 50001c8d (sz=84, trace=300000, nelems=42, elem type=char[])
OBJ 50001c8e (sz=40, trace=300000, class=java.util.LinkedHashMap$Entry@5000005a)
	key		50001ca5
	value		50001ca4
	before		50001c88
	after		50001c6c
OBJ 50001c8f (sz=24, trace=300000, class=java.io.ExpiringCache$Entry@5000005b)
	val		50001c92
OBJ 50001c90 (sz=24, trace=300000, class=java.lang.String@5000016f)
	value		50001c91
ARR 50001c91 (sz=92, trace=300000, nelems=46, elem type=char[])
OBJ 50001c92 (sz=24, trace=300000, class=java.lang.String@5000016f)
	value		50001c93
ARR 50001c93 (sz=92, trace=300000, nelems=46, elem type=char[])
OBJ 50001c94 (sz=24, trace=300000, class=java.lang.String@5000016f)
	value		50001c95
ARR 50001c95 (sz=142, trace=300000, nelems=71, elem type=char[])
OBJ 50001c96 (sz=24, trace=300000, class=java.lang.String@5000016f)
	value		50001c97
ARR 50001c97 (sz=142, trace=300000, nelems=71, elem type=char[])
OBJ 50001c98 (sz=24, trace=300000, class=java.lang.String@5000016f)
	value		50001c99
ARR 50001c99 (sz=134, trace=300000, nelems=67, elem type=char[])
OBJ 50001c9a (sz=24, trace=300000, class=java.io.ExpiringCache$Entry@5000005b)
	val		50001c9d
OBJ 50001c9b (sz=24, trace=300000, class=java.lang.String@5000016f)
	value		50001c9c
ARR 50001c9c (sz=146, trace=300000, nelems=73, elem type=char[])
OBJ 50001c9d (sz=24, trace=300000, class=java.lang.String@5000016f)
	value		50001c9e
ARR 50001c9e (sz=142, trace=300000, nelems=71, elem type=char[])
OBJ 50001c9f (sz=24, trace=300000, class=java.io.ExpiringCache$Entry@5000005b)
	val		50001ca2
OBJ 50001ca0 (sz=24, trace=300000, class=java.lang.String@5000016f)
	value		50001ca1
ARR 50001ca1 (sz=62, trace=300000, nelems=31, elem type=char[])
OBJ 50001ca2 (sz=24, trace=300000, class=java.lang.String@5000016f)
	value		50001ca3
ARR 50001ca3 (sz=62, trace=300000, nelems=31, elem type=char[])
OBJ 50001ca4 (sz=24, trace=300000, class=java.io.ExpiringCache$Entry@5000005b)
	val		50001ca7
OBJ 50001ca5 (sz=24, trace=300000, class=java.lang.String@5000016f)
	value		50001ca6
ARR 50001ca6 (sz=86, trace=300000, nelems=43, elem type=char[])
OBJ 50001ca7 (sz=24, trace=300000, class=java.lang.String@5000016f)
	value		50001ca8
ARR 50001ca8 (sz=86, trace=300000, nelems=43, elem type=char[])
OBJ 50001ca9 (sz=24, trace=300000, class=java.lang.String@5000016f)
	value		50001caa
ARR 50001caa (sz=150, trace=300000, nelems=75, elem type=char[])
OBJ 50001cab (sz=24, trace=300000, class=java.io.ExpiringCache$Entry@5000005b)
	val		50001cae
OBJ 50001cac (sz=24, trace=300000, class=java.lang.String@5000016f)
	value		50001cad
ARR 50001cad (sz=102, trace=300000, nelems=51, elem type=char[])
OBJ 50001cae (sz=24, trace=300000, class=java.lang.String@5000016f)
	value		50001caf
ARR 50001caf (sz=102, trace=300000, nelems=51, elem type=char[])
OBJ 50001cb0 (sz=40, trace=300000, class=java.util.LinkedHashMap$Entry@5000005a)
	key		50001cb7
	value		50001cb6
	before		50001c76
	after		50001c6e
OBJ 50001cb1 (sz=24, trace=300000, class=java.io.ExpiringCache$Entry@5000005b)
	val		50001cb4
OBJ 50001cb2 (sz=24, trace=300000, class=java.lang.String@5000016f)
	value		50001cb3
ARR 50001cb3 (sz=100, trace=300000, nelems=50, elem type=char[])
OBJ 50001cb4 (sz=24, trace=300000, class=java.lang.String@5000016f)
	value		50001cb5
ARR 50001cb5 (sz=100, trace=300000, nelems=50, elem type=char[])
OBJ 50001cb6 (sz=24, trace=300000, class=java.io.ExpiringCache$Entry@5000005b)
	val		50001cb9
OBJ 50001cb7 (sz=24, trace=300000, class=java.lang.String@5000016f)
	value		50001cb8
ARR 50001cb8 (sz=100, trace=300000, nelems=50, elem type=char[])
OBJ 50001cb9 (sz=24, trace=300000, class=java.lang.String@5000016f)
	value		50001cba
ARR 50001cba (sz=100, trace=300000, nelems=50, elem type=char[])
OBJ 50001cbb (sz=24, trace=300000, class=java.io.ExpiringCache$Entry@5000005b)
	val		50001cbe
OBJ 50001cbc (sz=24, trace=300000, class=java.lang.String@5000016f)
	value		50001cbd
ARR 50001cbd (sz=100, trace=300000, nelems=50, elem type=char[])
OBJ 50001cbe (sz=24, trace=300000, class=java.lang.String@5000016f)
	value		50001cbf
ARR 50001cbf (sz=100, trace=300000, nelems=50, elem type=char[])
OBJ 50001cc0 (sz=24, trace=300000, class=java.io.ExpiringCache$Entry@5000005b)
	val		50001cc3
OBJ 50001cc1 (sz=24, trace=300000, class=java.lang.String@5000016f)
	value		50001cc2
ARR 50001cc2 (sz=90, trace=300000, nelems=45, elem type=char[])
OBJ 50001cc3 (sz=24, trace=300000, class=java.lang.String@5000016f)
	value		50001cc4
ARR 50001cc4 (sz=90, trace=300000, nelems=45, elem type=char[])
OBJ 50001cc5 (sz=24, trace=300000, class=java.io.ExpiringCache$Entry@5000005b)
	val		50001cc8
OBJ 50001cc6 (sz=24, trace=300000, class=java.lang.String@5000016f)
	value		50001cc7
ARR 50001cc7 (sz=118, trace=300000, nelems=59, elem type=char[])
OBJ 50001cc8 (sz=24, trace=300000, class=java.lang.String@5000016f)
	value		50001cc9
ARR 50001cc9 (sz=118, trace=300000, nelems=59, elem type=char[])
OBJ 50001cca (sz=24, trace=300000, class=java.io.ExpiringCache$Entry@5000005b)
	val		50001ccd
OBJ 50001ccb (sz=24, trace=300000, class=java.lang.String@5000016f)
	value		50001ccc
ARR 50001ccc (sz=88, trace=300000, nelems=44, elem type=char[])
OBJ 50001ccd (sz=24, trace=300000, class=java.lang.String@5000016f)
	value		50001cce
ARR 50001cce (sz=88, trace=300000, nelems=44, elem type=char[])
OBJ 50001ccf (sz=24, trace=300000, class=java.io.ExpiringCache$Entry@5000005b)
	val		50001cd2
OBJ 50001cd0 (sz=24, trace=300000, class=java.lang.String@5000016f)
	value		50001cd1
ARR 50001cd1 (sz=90, trace=300000, nelems=45, elem type=char[])
OBJ 50001cd2 (sz=24, trace=300000, class=java.lang.String@5000016f)
	value		50001cd3
ARR 50001cd3 (sz=90, trace=300000, nelems=45, elem type=char[])
OBJ 50001cd4 (sz=24, trace=300000, class=java.io.ExpiringCache$Entry@5000005b)
	val		50001cd7
OBJ 50001cd5 (sz=24, trace=300000, class=java.lang.String@5000016f)
	value		50001cd6
ARR 50001cd6 (sz=88, trace=300000, nelems=44, elem type=char[])
OBJ 50001cd7 (sz=24, trace=300000, class=java.lang.String@5000016f)
	value		50001cd8
ARR 50001cd8 (sz=88, trace=300000, nelems=44, elem type=char[])
OBJ 50001cd9 (sz=24, trace=300000, class=java.io.ExpiringCache$Entry@5000005b)
	val		50001cdc
OBJ 50001cda (sz=24, trace=300000, class=java.lang.String@5000016f)
	value		50001cdb
ARR 50001cdb (sz=106, trace=300000, nelems=53, elem type=char[])
OBJ 50001cdc (sz=24, trace=300000, class=java.lang.String@5000016f)
	value		50001cdd
ARR 50001cdd (sz=106, trace=300000, nelems=53, elem type=char[])
OBJ 50001cde (sz=24, trace=300000, class=java.io.ExpiringCache$Entry@5000005b)
	val		50001ce1
OBJ 50001cdf (sz=24, trace=300000, class=java.lang.String@5000016f)
	value		50001ce0
ARR 50001ce0 (sz=170, trace=300000, nelems=85, elem type=char[])
OBJ 50001ce1 (sz=24, trace=300000, class=java.lang.String@5000016f)
	value		50001ce2
ARR 50001ce2 (sz=170, trace=300000, nelems=85, elem type=char[])
OBJ 50001ce3 (sz=24, trace=300000, class=java.io.ExpiringCache$Entry@5000005b)
	val		50001ce6
OBJ 50001ce4 (sz=24, trace=300000, class=java.lang.String@5000016f)
	value		50001ce5
ARR 50001ce5 (sz=178, trace=300000, nelems=89, elem type=char[])
OBJ 50001ce6 (sz=24, trace=300000, class=java.lang.String@5000016f)
	value		50001ce7
ARR 50001ce7 (sz=178, trace=300000, nelems=89, elem type=char[])
OBJ 50001ce8 (sz=24, trace=300000, class=java.io.ExpiringCache$Entry@5000005b)
	val		50001ceb
OBJ 50001ce9 (sz=24, trace=300000, class=java.lang.String@5000016f)
	value		50001cea
ARR 50001cea (sz=190, trace=300000, nelems=95, elem type=char[])
OBJ 50001ceb (sz=24, trace=300000, class=java.lang.String@5000016f)
	value		50001cec
ARR 50001cec (sz=190, trace=300000, nelems=95, elem type=char[])
OBJ 50001ced (sz=24, trace=300000, class=java.io.ExpiringCache$Entry@5000005b)
	val		50001cf0
OBJ 50001cee (sz=24, trace=300000, class=java.lang.String@5000016f)
	value		50001cef
ARR 50001cef (sz=170, trace=300000, nelems=85, elem type=char[])
OBJ 50001cf0 (sz=24, trace=300000, class=java.lang.String@5000016f)
	value		50001cf1
ARR 50001cf1 (sz=170, trace=300000, nelems=85, elem type=char[])
OBJ 50001cf2 (sz=24, trace=300000, class=java.io.ExpiringCache$Entry@5000005b)
	val		50001cf5
OBJ 50001cf3 (sz=24, trace=300000, class=java.lang.String@5000016f)
	value		50001cf4
ARR 50001cf4 (sz=174, trace=300000, nelems=87, elem type=char[])
OBJ 50001cf5 (sz=24, trace=300000, class=java.lang.String@5000016f)
	value		50001cf6
ARR 50001cf6 (sz=174, trace=300000, nelems=87, elem type=char[])
OBJ 50001cf7 (sz=24, trace=300000, class=java.io.ExpiringCache$Entry@5000005b)
	val		50001cfa
OBJ 50001cf8 (sz=24, trace=300000, class=java.lang.String@5000016f)
	value		50001cf9
ARR 50001cf9 (sz=180, trace=300000, nelems=90, elem type=char[])
OBJ 50001cfa (sz=24, trace=300000, class=java.lang.String@5000016f)
	value		50001cfb
ARR 50001cfb (sz=180, trace=300000, nelems=90, elem type=char[])
OBJ 50001cfc (sz=24, trace=300000, class=java.io.ExpiringCache$Entry@5000005b)
	val		50001cff
OBJ 50001cfd (sz=24, trace=300000, class=java.lang.String@5000016f)
	value		50001cfe
ARR 50001cfe (sz=170, trace=300000, nelems=85, elem type=char[])
OBJ 50001cff (sz=24, trace=300000, class=java.lang.String@5000016f)
	value		50001d00
ARR 50001d00 (sz=170, trace=300000, nelems=85, elem type=char[])
OBJ 50001d01 (sz=24, trace=300000, class=java.io.ExpiringCache$Entry@5000005b)
	val		50001d04
OBJ 50001d02 (sz=24, trace=300000, class=java.lang.String@5000016f)
	value		50001d03
ARR 50001d03 (sz=174, trace=300000, nelems=87, elem type=char[])
OBJ 50001d04 (sz=24, trace=300000, class=java.lang.String@5000016f)
	value		50001d05
ARR 50001d05 (sz=174, trace=300000, nelems=87, elem type=char[])
OBJ 50001d06 (sz=24, trace=300000, class=java.io.ExpiringCache$Entry@5000005b)
	val		50001d09
OBJ 50001d07 (sz=24, trace=300000, class=java.lang.String@5000016f)
	value		50001d08
ARR 50001d08 (sz=170, trace=300000, nelems=85, elem type=char[])
OBJ 50001d09 (sz=24, trace=300000, class=java.lang.String@5000016f)
	value		50001d0a
ARR 50001d0a (sz=170, trace=300000, nelems=85, elem type=char[])
OBJ 50001d0b (sz=24, trace=300000, class=java.io.ExpiringCache$Entry@5000005b)
	val		50001d0e
OBJ 50001d0c (sz=24, trace=300000, class=java.lang.String@5000016f)
	value		50001d0d
ARR 50001d0d (sz=176, trace=300000, nelems=88, elem type=char[])
OBJ 50001d0e (sz=24, trace=300000, class=java.lang.String@5000016f)
	value		50001d0f
ARR 50001d0f (sz=176, trace=300000, nelems=88, elem type=char[])
OBJ 50001d10 (sz=24, trace=300000, class=java.io.ExpiringCache$Entry@5000005b)
	val		50001d13
OBJ 50001d11 (sz=24, trace=300000, class=java.lang.String@5000016f)
	value		50001d12
ARR 50001d12 (sz=150, trace=300000, nelems=75, elem type=char[])
OBJ 50001d13 (sz=24, trace=300000, class=java.lang.String@5000016f)
	value		50001d14
ARR 50001d14 (sz=150, trace=300000, nelems=75, elem type=char[])
OBJ 50001d15 (sz=24, trace=300000, class=java.io.ExpiringCache$Entry@5000005b)
	val		50001d18
OBJ 50001d16 (sz=24, trace=300000, class=java.lang.String@5000016f)
	value		50001d17
ARR 50001d17 (sz=168, trace=300000, nelems=84, elem type=char[])
OBJ 50001d18 (sz=24, trace=300000, class=java.lang.String@5000016f)
	value		50001d19
ARR 50001d19 (sz=168, trace=300000, nelems=84, elem type=char[])
OBJ 50001d1a (sz=64, trace=300000, class=java.io.ExpiringCache$1@50000064)
	table		50001d1d
	head		50001d1c
	tail		50001d1b
	this$0		50001c60
OBJ 50001d1b (sz=40, trace=300000, class=java.util.LinkedHashMap$Entry@5000005a)
	key		50001d1f
	value		50001d1e
	before		50001d1c
OBJ 50001d1c (sz=40, trace=300000, class=java.util.LinkedHashMap$Entry@5000005a)
	key		50001d24
	value		50001d23
	after		50001d1b
ARR 50001d1d (sz=80, trace=300000, nelems=14, elem type=java.util.HashMap$Node[]@500000b8)
	[3]		50001d1c
	[13]		50001d1b
OBJ 50001d1e (sz=24, trace=300000, class=java.io.ExpiringCache$Entry@5000005b)
	val		50001d21
OBJ 50001d1f (sz=24, trace=300000, class=java.lang.String@5000016f)
	value		50001d20
ARR 50001d20 (sz=150, trace=300000, nelems=75, elem type=char[])
OBJ 50001d21 (sz=24, trace=300000, class=java.lang.String@5000016f)
	value		50001d22
ARR 50001d22 (sz=150, trace=300000, nelems=75, elem type=char[])
OBJ 50001d23 (sz=24, trace=300000, class=java.io.ExpiringCache$Entry@5000005b)
	val		50001d26
OBJ 50001d24 (sz=24, trace=300000, class=java.lang.String@5000016f)
	value		50001d25
ARR 50001d25 (sz=142, trace=300000, nelems=71, elem type=char[])
OBJ 50001d26 (sz=24, trace=300000, class=java.lang.String@5000016f)
	value		50001d27
ARR 50001d27 (sz=142, trace=300000, nelems=71, elem type=char[])
OBJ 50001d28 (sz=24, trace=300000, class=java.lang.String@5000016f)
	value		50001d36
OBJ 50001d29 (sz=24, trace=300000, class=java.lang.String@5000016f)
	value		50001d35
OBJ 50001d2a (sz=24, trace=300000, class=java.lang.String@5000016f)
	value		50001d2f
OBJ 50001d2b (sz=24, trace=300000, class=java.lang.String@5000016f)
	value		50001d2e
OBJ 50001d2c (sz=24, trace=300000, class=java.lang.String@5000016f)
	value		50001d2d
ARR 50001d2d (sz=52, trace=300000, nelems=26, elem type=char[])
ARR 50001d2e (sz=42, trace=300000, nelems=21, elem type=char[])
ARR 50001d2f (sz=16, trace=300000, nelems=8, elem type=char[])
OBJ 50001d30 (sz=24, trace=300000, class=java.lang.String@5000016f)
	value		50001d33
OBJ 50001d31 (sz=24, trace=300000, class=java.lang.String@5000016f)
	value		50001d32
ARR 50001d32 (sz=12, trace=300000, nelems=6, elem type=char[])
ARR 50001d33 (sz=10, trace=300000, nelems=5, elem type=char[])
ARR 50001d34 (sz=2, trace=300000, nelems=1, elem type=char[])
ARR 50001d35 (sz=28, trace=300000, nelems=14, elem type=char[])
ARR 50001d36 (sz=28, trace=300000, nelems=14, elem type=char[])
ARR 50001d37 (sz=2, trace=300000, nelems=1, elem type=char[])
ARR 50001d38 (sz=2, trace=300000, nelems=1, elem type=char[])
OBJ 50001d39 (sz=24, trace=300000, class=java.lang.String@5000016f)
	value		50001d3e
OBJ 50001d3a (sz=24, trace=300000, class=java.lang.String@5000016f)
	value		50001d3f
ARR 50001d3b (sz=24, trace=300000, nelems=2, elem type=java.io.File$PathStatus[]@5000005c)
	[0]		50001d3d
	[1]		50001d3c
OBJ 50001d3c (sz=24, trace=300000, class=java.io.File$PathStatus@50000062)
	name		50001d3a
OBJ 50001d3d (sz=24, trace=300000, class=java.io.File$PathStatus@50000062)
	name		50001d39
ARR 50001d3e (sz=14, trace=300000, nelems=7, elem type=char[])
ARR 50001d3f (sz=14, trace=300000, nelems=7, elem type=char[])
ARR 50001d40 (sz=24, trace=300000, nelems=12, elem type=char[])
ARR 50001d41 (sz=8, trace=300000, nelems=4, elem type=char[])
OBJ 50001d42 (sz=24, trace=300000, class=java.lang.String@5000016f)
	value		50001d43
ARR 50001d43 (sz=6, trace=300000, nelems=3, elem type=char[])
OBJ 50001d44 (sz=24, trace=300000, class=java.lang.String@5000016f)
	value		50001e6f
OBJ 50001d45 (sz=24, trace=300000, class=java.lang.String@5000016f)
	value		50001dab
OBJ 50001d46 (sz=24, trace=300000, class=java.lang.String@5000016f)
	value		50001daa
OBJ 50001d47 (sz=24, trace=300000, class=java.lang.String@5000016f)
	value		50001da9
OBJ 50001d48 (sz=24, trace=300000, class=java.lang.String@5000016f)
	value		50001da8
OBJ 50001d49 (sz=24, trace=300000, class=java.lang.String@5000016f)
	value		50001d4c
OBJ 50001d4a (sz=24, trace=300000, class=java.lang.String@5000016f)
	value		50001d4b
ARR 50001d4b (sz=30, trace=300000, nelems=15, elem type=char[])
ARR 50001d4c (sz=16, trace=300000, nelems=8, elem type=char[])
OBJ 50001d4d (sz=24, trace=300000, class=java.lang.String@5000016f)
	value		50001da6
OBJ 50001d4e (sz=24, trace=300000, class=java.lang.String@5000016f)
	value		50001da5
OBJ 50001d4f (sz=24, trace=300000, class=java.lang.String@5000016f)
	value		50001d5e
OBJ 50001d50 (sz=24, trace=300000, class=java.lang.String@5000016f)
	value		50001da4
OBJ 50001d51 (sz=24, trace=300000, class=java.lang.String@5000016f)
	value		50001d5d
OBJ 50001d52 (sz=24, trace=300000, class=java.lang.String@5000016f)
	value		50001da3
OBJ 50001d53 (sz=24, trace=300000, class=java.lang.String@5000016f)
	value		50001da2
OBJ 50001d54 (sz=24, trace=300000, class=java.lang.String@5000016f)
	value		50001da1
OBJ 50001d55 (sz=24, trace=300000, class=java.lang.String@5000016f)
	value		50001da0
OBJ 50001d56 (sz=24, trace=300000, class=java.lang.String@5000016f)
	value		50001d9f
OBJ 50001d57 (sz=24, trace=300000, class=java.lang.String@5000016f)
	value		50001d62
OBJ 50001d58 (sz=24, trace=300000, class=java.lang.String@5000016f)
	value		50001d9d
OBJ 50001d59 (sz=24, trace=300000, class=java.lang.String@5000016f)
	value		50001d9b
ARR 50001d5a (sz=48, trace=300000, nelems=7, elem type=java.io.ObjectStreamField[]@500000fc)
	[0]		50001d94
	[1]		50001d95
	[2]		50001d96
	[3]		50001d97
	[4]		50001d98
	[5]		50001d99
	[6]		50001d9a
OBJ 50001d5b (sz=16, trace=300000, class=java.lang.Object@50000173)
OBJ 50001d5c (sz=48, trace=300000, class=java.util.Hashtable@50000147)
	table		50001d5f
ARR 50001d5d (sz=40, trace=300000, nelems=20, elem type=char[])
ARR 50001d5e (sz=52, trace=300000, nelems=26, elem type=char[])
ARR 50001d5f (sz=64, trace=300000, nelems=7, elem type=java.util.Hashtable$Entry[]@500000d6)
	[6]		50001d60
OBJ 50001d60 (sz=32, trace=300000, class=java.util.Hashtable$Entry@500000d8)
	key		50001d57
	value		50001d61
OBJ 50001d61 (sz=16, trace=300000, class=sun.net.www.protocol.file.Handler@5000000e)
ARR 50001d62 (sz=8, trace=300000, nelems=4, elem type=char[])
OBJ 50001d63 (sz=24, trace=300000, class=java.lang.String@5000016f)
	value		50001d83
OBJ 50001d64 (sz=24, trace=300000, class=java.lang.String@5000016f)
	value		50001d82
OBJ 50001d65 (sz=24, trace=300000, class=java.lang.String@5000016f)
	value		50001d81
OBJ 50001d66 (sz=24, trace=300000, class=java.lang.String@5000016f)
	value		50001d80
OBJ 50001d67 (sz=24, trace=300000, class=java.lang.String@5000016f)
	value		50001d7f
OBJ 50001d68 (sz=24, trace=300000, class=java.lang.String@5000016f)
	value		50001d7e
OBJ 50001d69 (sz=24, trace=300000, class=java.lang.String@5000016f)
	value		50001d7d
OBJ 50001d6a (sz=24, trace=300000, class=java.lang.String@5000016f)
	value		50001d7c
OBJ 50001d6b (sz=24, trace=300000, class=java.lang.String@5000016f)
	value		50001d7b
OBJ 50001d6c (sz=24, trace=300000, class=java.lang.String@5000016f)
	value		50001d7a
OBJ 50001d6d (sz=24, trace=300000, class=java.lang.String@5000016f)
	value		50001d79
OBJ 50001d6e (sz=24, trace=300000, class=java.lang.String@5000016f)
	value		50001d78
ARR 50001d6f (sz=32, trace=300000, nelems=16, elem type=char[])
OBJ 50001d70 (sz=24, trace=300000, class=java.util.BitSet@5000002c)
	words		50001d71
ARR 50001d71 (sz=32, trace=300000, nelems=4, elem type=long[])
OBJ 50001d72 (sz=24, trace=300000, class=java.lang.String@5000016f)
	value		50001d76
ARR 50001d73 (sz=24, trace=300000, nelems=1, elem type=java.io.ObjectStreamField[]@500000fc)
	[0]		50001d74
OBJ 50001d74 (sz=40, trace=300000, class=java.io.ObjectStreamField@500000fe)
	name		50001d72
	signature	50001d75
	type		50000174
OBJ 50001d75 (sz=24, trace=300000, class=java.lang.String@5000016f)
	value		50001d77
ARR 50001d76 (sz=8, trace=300000, nelems=4, elem type=char[])
ARR 50001d77 (sz=4, trace=300000, nelems=2, elem type=char[])
ARR 50001d78 (sz=10, trace=300000, nelems=5, elem type=char[])
ARR 50001d79 (sz=16, trace=300000, nelems=8, elem type=char[])
ARR 50001d7a (sz=14, trace=300000, nelems=7, elem type=char[])
ARR 50001d7b (sz=4, trace=300000, nelems=2, elem type=char[])
ARR 50001d7c (sz=14, trace=300000, nelems=7, elem type=char[])
ARR 50001d7d (sz=2, trace=300000, nelems=1, elem type=char[])
ARR 50001d7e (sz=24, trace=300000, nelems=12, elem type=char[])
ARR 50001d7f (sz=18, trace=300000, nelems=9, elem type=char[])
ARR 50001d80 (sz=4, trace=300000, nelems=2, elem type=char[])
ARR 50001d81 (sz=6, trace=300000, nelems=3, elem type=char[])
ARR 50001d82 (sz=6, trace=300000, nelems=3, elem type=char[])
ARR 50001d83 (sz=8, trace=300000, nelems=4, elem type=char[])
OBJ 50001d84 (sz=24, trace=300000, class=java.lang.String@5000016f)
	value		50001d87
OBJ 50001d85 (sz=24, trace=300000, class=java.lang.String@5000016f)
	value		50001d86
ARR 50001d86 (sz=2, trace=300000, nelems=1, elem type=char[])
ARR 50001d87 (sz=4, trace=300000, nelems=2, elem type=char[])
OBJ 50001d88 (sz=24, trace=300000, class=java.lang.String@5000016f)
	value		50001d8c
OBJ 50001d89 (sz=24, trace=300000, class=java.lang.String@5000016f)
	value		50001d8d
OBJ 50001d8a (sz=24, trace=300000, class=java.lang.String@5000016f)
	value		50001d8e
OBJ 50001d8b (sz=24, trace=300000, class=java.lang.String@5000016f)
	value		50001d8f
ARR 50001d8c (sz=28, trace=300000, nelems=14, elem type=char[])
ARR 50001d8d (sz=24, trace=300000, nelems=12, elem type=char[])
ARR 50001d8e (sz=20, trace=300000, nelems=10, elem type=char[])
ARR 50001d8f (sz=26, trace=300000, nelems=13, elem type=char[])
OBJ 50001d90 (sz=24, trace=300000, class=java.lang.String@5000016f)
	value		50001d93
OBJ 50001d91 (sz=24, trace=300000, class=java.lang.String@5000016f)
	value		50001d92
ARR 50001d92 (sz=38, trace=300000, nelems=19, elem type=char[])
ARR 50001d93 (sz=50, trace=300000, nelems=25, elem type=char[])
OBJ 50001d94 (sz=40, trace=300000, class=java.io.ObjectStreamField@500000fe)
	name		50001d53
	signature	50001d9c
	type		5000016f
OBJ 50001d95 (sz=40, trace=300000, class=java.io.ObjectStreamField@500000fe)
	name		50001d54
	signature	50001d9c
	type		5000016f
OBJ 50001d96 (sz=40, trace=300000, class=java.io.ObjectStreamField@500000fe)
	name		50001d55
	signature	500016a2
	type		50001480
OBJ 50001d97 (sz=40, trace=300000, class=java.io.ObjectStreamField@500000fe)
	name		50001d56
	signature	50001d9c
	type		5000016f
OBJ 50001d98 (sz=40, trace=300000, class=java.io.ObjectStreamField@500000fe)
	name		50001d57
	signature	50001d9c
	type		5000016f
OBJ 50001d99 (sz=40, trace=300000, class=java.io.ObjectStreamField@500000fe)
	name		50001d58
	signature	50001d9c
	type		5000016f
OBJ 50001d9a (sz=40, trace=300000, class=java.io.ObjectStreamField@500000fe)
	name		50001d59
	signature	500016a2
	type		50001480
ARR 50001d9b (sz=16, trace=300000, nelems=8, elem type=char[])
OBJ 50001d9c (sz=24, trace=300000, class=java.lang.String@5000016f)
	value		50001d9e
ARR 50001d9d (sz=6, trace=300000, nelems=3, elem type=char[])
ARR 50001d9e (sz=36, trace=300000, nelems=18, elem type=char[])
ARR 50001d9f (sz=18, trace=300000, nelems=9, elem type=char[])
ARR 50001da0 (sz=8, trace=300000, nelems=4, elem type=char[])
ARR 50001da1 (sz=8, trace=300000, nelems=4, elem type=char[])
ARR 50001da2 (sz=16, trace=300000, nelems=8, elem type=char[])
ARR 50001da3 (sz=16, trace=300000, nelems=8, elem type=char[])
ARR 50001da4 (sz=2, trace=300000, nelems=1, elem type=char[])
ARR 50001da5 (sz=8, trace=300000, nelems=4, elem type=char[])
ARR 50001da6 (sz=6, trace=300000, nelems=3, elem type=char[])
ARR 50001da7 (sz=62, trace=300000, nelems=31, elem type=char[])
ARR 50001da8 (sz=80, trace=300000, nelems=40, elem type=char[])
ARR 50001da9 (sz=76, trace=300000, nelems=38, elem type=char[])
ARR 50001daa (sz=54, trace=300000, nelems=27, elem type=char[])
ARR 50001dab (sz=24, trace=300000, nelems=12, elem type=char[])
ARR 50001dac (sz=16, trace=300000, nelems=0, elem type=java.lang.Throwable[]@50000102)
OBJ 50001dad (sz=24, trace=300000, class=java.lang.String@5000016f)
	value		50001db9
OBJ 50001dae (sz=24, trace=300000, class=java.lang.String@5000016f)
	value		50001db8
OBJ 50001daf (sz=24, trace=300000, class=java.lang.String@5000016f)
	value		50001db7
OBJ 50001db0 (sz=24, trace=300000, class=java.lang.String@5000016f)
	value		50001db6
OBJ 50001db1 (sz=24, trace=300000, class=java.util.Collections$UnmodifiableRandomAccessList@500000bc)
	c		50001db3
	list		50001db3
ARR 50001db2 (sz=16, trace=300000, nelems=0, elem type=java.lang.StackTraceElement[]@500000f6)
OBJ 50001db3 (sz=24, trace=300000, class=java.util.ArrayList@500000c5)
	elementData	50001db4
ARR 50001db4 (sz=16, trace=300000, nelems=0, elem type=java.lang.Object[]@5000010a)
ARR 50001db5 (sz=16, trace=300000, nelems=0, elem type=java.lang.Object[]@5000010a)
ARR 50001db6 (sz=66, trace=300000, nelems=33, elem type=char[])
ARR 50001db7 (sz=60, trace=300000, nelems=30, elem type=char[])
ARR 50001db8 (sz=22, trace=300000, nelems=11, elem type=char[])
ARR 50001db9 (sz=24, trace=300000, nelems=12, elem type=char[])
OBJ 50001dba (sz=24, trace=300000, class=java.lang.String@5000016f)
	value		50001e6e
OBJ 50001dbb (sz=24, trace=300000, class=java.lang.String@5000016f)
	value		50001dbe
OBJ 50001dbc (sz=24, trace=300000, class=java.lang.String@5000016f)
	value		50001e6c
OBJ 50001dbd (sz=24, trace=300000, class=java.lang.String@5000016f)
	value		50001e6b
ARR 50001dbe (sz=38, trace=300000, nelems=19, elem type=char[])
OBJ 50001dbf (sz=24, trace=300000, class=java.lang.String@5000016f)
	value		50001e6a
OBJ 50001dc0 (sz=24, trace=300000, class=java.lang.String@5000016f)
	value		50001e68
OBJ 50001dc1 (sz=24, trace=300000, class=java.lang.String@5000016f)
	value		50001e67
OBJ 50001dc2 (sz=48, trace=300000, class=java.util.HashMap@500000ba)
	table		50000c4a
OBJ 50001dc3 (sz=32, trace=300000, class=java.util.HashMap$Node@500000b9)
	key		50001e5c
	value		50001e5b
OBJ 50001dc4 (sz=32, trace=300000, class=java.util.HashMap$Node@500000b9)
	key		50001e48
	value		50001e47
	next		50001e46
OBJ 50001dc5 (sz=32, trace=300000, class=java.util.HashMap$Node@500000b9)
	key		50001e3b
	value		50001e3a
OBJ 50001dc6 (sz=32, trace=300000, class=java.util.HashMap$Node@500000b9)
	key		50001e2f
	value		50001e2e
	next		50000d15
OBJ 50001dc7 (sz=32, trace=300000, class=java.util.HashMap$Node@500000b9)
	key		50001e27
	value		50001e26
OBJ 50001dc8 (sz=32, trace=300000, class=java.util.HashMap$Node@500000b9)
	key		50001e1c
	value		50001e1b
OBJ 50001dc9 (sz=32, trace=300000, class=java.util.HashMap$Node@500000b9)
	key		50001dd6
	value		50001dd5
	next		50001dd4
OBJ 50001dca (sz=32, trace=300000, class=java.util.HashMap$Node@500000b9)
	key		50001dcc
	value		50001dcb
OBJ 50001dcb (sz=24, trace=300000, class=sun.misc.MetaIndex@5000003d)
	contents	50001dcf
OBJ 50001dcc (sz=32, trace=300000, class=java.io.File@5000011d)
	path		50001dcd
OBJ 50001dcd (sz=24, trace=300000, class=java.lang.String@5000016f)
	value		50001dce
ARR 50001dce (sz=170, trace=300000, nelems=85, elem type=char[])
ARR 50001dcf (sz=24, trace=300000, nelems=2, elem type=java.lang.String[]@500000cf)
	[0]		50001dd0
	[1]		50001dd1
OBJ 50001dd0 (sz=24, trace=300000, class=java.lang.String@5000016f)
	value		50001dd3
OBJ 50001dd1 (sz=24, trace=300000, class=java.lang.String@5000016f)
	value		50001dd2
ARR 50001dd2 (sz=14, trace=300000, nelems=7, elem type=char[])
ARR 50001dd3 (sz=126, trace=300000, nelems=63, elem type=char[])
OBJ 50001dd4 (sz=32, trace=300000, class=java.util.HashMap$Node@500000b9)
	key		50001ddf
	value		50001dde
OBJ 50001dd5 (sz=24, trace=300000, class=sun.misc.MetaIndex@5000003d)
	contents	50001dd9
OBJ 50001dd6 (sz=32, trace=300000, class=java.io.File@5000011d)
	path		50001dd7
OBJ 50001dd7 (sz=24, trace=300000, class=java.lang.String@5000016f)
	value		50001dd8
ARR 50001dd8 (sz=170, trace=300000, nelems=85, elem type=char[])
ARR 50001dd9 (sz=24, trace=300000, nelems=2, elem type=java.lang.String[]@500000cf)
	[0]		50001dda
	[1]		50001ddb
OBJ 50001dda (sz=24, trace=300000, class=java.lang.String@5000016f)
	value		50001ddd
OBJ 50001ddb (sz=24, trace=300000, class=java.lang.String@5000016f)
	value		50001ddc
ARR 50001ddc (sz=24, trace=300000, nelems=12, elem type=char[])
ARR 50001ddd (sz=108, trace=300000, nelems=54, elem type=char[])
OBJ 50001dde (sz=24, trace=300000, class=sun.misc.MetaIndex@5000003d)
	contents	50001de2
OBJ 50001ddf (sz=32, trace=300000, class=java.io.File@5000011d)
	path		50001de0
OBJ 50001de0 (sz=24, trace=300000, class=java.lang.String@5000016f)
	value		50001de1
ARR 50001de1 (sz=170, trace=300000, nelems=85, elem type=char[])
ARR 50001de2 (sz=128, trace=300000, nelems=28, elem type=java.lang.String[]@500000cf)
	[0]		50001de3
	[1]		50001de4
	[2]		50001de5
	[3]		50001de6
	[4]		50001de7
	[5]		50001de8
	[6]		50001de9
	[7]		50001dea
	[8]		50001deb
	[9]		50001dec
	[10]		50001ded
	[11]		50001dee
	[12]		50001def
	[13]		50001df0
	[14]		50001df1
	[15]		50001df2
	[16]		50001df3
	[17]		50001df4
	[18]		50001df5
	[19]		50001df6
	[20]		50001df7
	[21]		50001df8
	[22]		50001df9
	[23]		50001dfa
	[24]		50001dfb
	[25]		50001dfc
	[26]		50001dfd
	[27]		50001dfe
OBJ 50001de3 (sz=24, trace=300000, class=java.lang.String@5000016f)
	value		50001e1a
OBJ 50001de4 (sz=24, trace=300000, class=java.lang.String@5000016f)
	value		50001e19
OBJ 50001de5 (sz=24, trace=300000, class=java.lang.String@5000016f)
	value		50001e18
OBJ 50001de6 (sz=24, trace=300000, class=java.lang.String@5000016f)
	value		50001e17
OBJ 50001de7 (sz=24, trace=300000, class=java.lang.String@5000016f)
	value		50001e16
OBJ 50001de8 (sz=24, trace=300000, class=java.lang.String@5000016f)
	value		50001e15
OBJ 50001de9 (sz=24, trace=300000, class=java.lang.String@5000016f)
	value		50001e14
OBJ 50001dea (sz=24, trace=300000, class=java.lang.String@5000016f)
	value		50001e13
OBJ 50001deb (sz=24, trace=300000, class=java.lang.String@5000016f)
	value		50001e12
OBJ 50001dec (sz=24, trace=300000, class=java.lang.String@5000016f)
	value		50001e11
OBJ 50001ded (sz=24, trace=300000, class=java.lang.String@5000016f)
	value		50001e10
OBJ 50001dee (sz=24, trace=300000, class=java.lang.String@5000016f)
	value		50001e0f
OBJ 50001def (sz=24, trace=300000, class=java.lang.String@5000016f)
	value		50001e0e
OBJ 50001df0 (sz=24, trace=300000, class=java.lang.String@5000016f)
	value		50001e0d
OBJ 50001df1 (sz=24, trace=300000, class=java.lang.String@5000016f)
	value		50001e0c
OBJ 50001df2 (sz=24, trace=300000, class=java.lang.String@5000016f)
	value		50001e0b
OBJ 50001df3 (sz=24, trace=300000, class=java.lang.String@5000016f)
	value		50001e0a
OBJ 50001df4 (sz=24, trace=300000, class=java.lang.String@5000016f)
	value		50001e09
OBJ 50001df5 (sz=24, trace=300000, class=java.lang.String@5000016f)
	value		50001e08
OBJ 50001df6 (sz=24, trace=300000, class=java.lang.String@5000016f)
	value		50001e07
OBJ 50001df7 (sz=24, trace=300000, class=java.lang.String@5000016f)
	value		50001e06
OBJ 50001df8 (sz=24, trace=300000, class=java.lang.String@5000016f)
	value		50001e05
OBJ 50001df9 (sz=24, trace=300000, class=java.lang.String@5000016f)
	value		50001e04
OBJ 50001dfa (sz=24, trace=300000, class=java.lang.String@5000016f)
	value		50001e03
OBJ 50001dfb (sz=24, trace=300000, class=java.lang.String@5000016f)
	value		50001e02
OBJ 50001dfc (sz=24, trace=300000, class=java.lang.String@5000016f)
	value		50001e01
OBJ 50001dfd (sz=24, trace=300000, class=java.lang.String@5000016f)
	value		50001e00
OBJ 50001dfe (sz=24, trace=300000, class=java.lang.String@5000016f)
	value		50001dff
ARR 50001dff (sz=40, trace=300000, nelems=20, elem type=char[])
ARR 50001e00 (sz=24, trace=300000, nelems=12, elem type=char[])
ARR 50001e01 (sz=26, trace=300000, nelems=13, elem type=char[])
ARR 50001e02 (sz=26, trace=300000, nelems=13, elem type=char[])
ARR 50001e03 (sz=26, trace=300000, nelems=13, elem type=char[])
ARR 50001e04 (sz=32, trace=300000, nelems=16, elem type=char[])
ARR 50001e05 (sz=24, trace=300000, nelems=12, elem type=char[])
ARR 50001e06 (sz=26, trace=300000, nelems=13, elem type=char[])
ARR 50001e07 (sz=38, trace=300000, nelems=19, elem type=char[])
ARR 50001e08 (sz=22, trace=300000, nelems=11, elem type=char[])
ARR 50001e09 (sz=36, trace=300000, nelems=18, elem type=char[])
ARR 50001e0a (sz=38, trace=300000, nelems=19, elem type=char[])
ARR 50001e0b (sz=26, trace=300000, nelems=13, elem type=char[])
ARR 50001e0c (sz=38, trace=300000, nelems=19, elem type=char[])
ARR 50001e0d (sz=34, trace=300000, nelems=17, elem type=char[])
ARR 50001e0e (sz=30, trace=300000, nelems=15, elem type=char[])
ARR 50001e0f (sz=34, trace=300000, nelems=17, elem type=char[])
ARR 50001e10 (sz=28, trace=300000, nelems=14, elem type=char[])
ARR 50001e11 (sz=30, trace=300000, nelems=15, elem type=char[])
ARR 50001e12 (sz=38, trace=300000, nelems=19, elem type=char[])
ARR 50001e13 (sz=54, trace=300000, nelems=27, elem type=char[])
ARR 50001e14 (sz=46, trace=300000, nelems=23, elem type=char[])
ARR 50001e15 (sz=30, trace=300000, nelems=15, elem type=char[])
ARR 50001e16 (sz=40, trace=300000, nelems=20, elem type=char[])
ARR 50001e17 (sz=34, trace=300000, nelems=17, elem type=char[])
ARR 50001e18 (sz=42, trace=300000, nelems=21, elem type=char[])
ARR 50001e19 (sz=66, trace=300000, nelems=33, elem type=char[])
ARR 50001e1a (sz=38, trace=300000, nelems=19, elem type=char[])
OBJ 50001e1b (sz=24, trace=300000, class=sun.misc.MetaIndex@5000003d)
	contents	50001e1f
OBJ 50001e1c (sz=32, trace=300000, class=java.io.File@5000011d)
	path		50001e1d
OBJ 50001e1d (sz=24, trace=300000, class=java.lang.String@5000016f)
	value		50001e1e
ARR 50001e1e (sz=176, trace=300000, nelems=88, elem type=char[])
ARR 50001e1f (sz=24, trace=300000, nelems=2, elem type=java.lang.String[]@500000cf)
	[0]		50001e20
	[1]		50001e21
OBJ 50001e20 (sz=24, trace=300000, class=java.lang.String@5000016f)
	value		50001e23
OBJ 50001e21 (sz=24, trace=300000, class=java.lang.String@5000016f)
	value		50001e22
ARR 50001e22 (sz=16, trace=300000, nelems=8, elem type=char[])
ARR 50001e23 (sz=16, trace=300000, nelems=8, elem type=char[])
ARR 50001e24 (sz=32, trace=300000, nelems=4, elem type=java.lang.String[]@500000cf)
	[0]		50000c22
	[1]		50000c24
	[2]		50000c26
	[3]		50000c28
ARR 50001e25 (sz=24, trace=300000, nelems=2, elem type=java.lang.String[]@500000cf)
	[0]		50000c4d
	[1]		50000c4f
OBJ 50001e26 (sz=24, trace=300000, class=sun.misc.MetaIndex@5000003d)
	contents	50001e2a
OBJ 50001e27 (sz=32, trace=300000, class=java.io.File@5000011d)
	path		50001e28
OBJ 50001e28 (sz=24, trace=300000, class=java.lang.String@5000016f)
	value		50001e29
ARR 50001e29 (sz=174, trace=300000, nelems=87, elem type=char[])
ARR 50001e2a (sz=24, trace=300000, nelems=1, elem type=java.lang.String[]@500000cf)
	[0]		50001e2b
OBJ 50001e2b (sz=24, trace=300000, class=java.lang.String@5000016f)
	value		50001e2c
ARR 50001e2c (sz=54, trace=300000, nelems=27, elem type=char[])
ARR 50001e2d (sz=152, trace=300000, nelems=33, elem type=java.lang.String[]@500000cf)
	[0]		50000c63
	[1]		50000c65
	[2]		50000c67
	[3]		50000c69
	[4]		50000c6b
	[5]		50000c6d
	[6]		50000c6f
	[7]		50000c71
	[8]		50000c73
	[9]		50000c75
	[10]		50000c77
	[11]		50000c7a
	[12]		50000c7c
	[13]		50000c7e
	[14]		50000c80
	[15]		50000c82
	[16]		50000c85
	[17]		50000c87
	[18]		50000c89
	[19]		50000c8b
	[20]		50000c8d
	[21]		50000c8f
	[22]		50000c91
	[23]		50000c94
	[24]		50000c96
	[25]		50000c98
	[26]		50000c9a
	[27]		50000c9c
	[28]		50000c9e
	[29]		50000ca0
	[30]		50000ca2
	[31]		50000ca4
	[32]		50000ca6
OBJ 50001e2e (sz=24, trace=300000, class=sun.misc.MetaIndex@5000003d)
	contents	50001e32
OBJ 50001e2f (sz=32, trace=300000, class=java.io.File@5000011d)
	path		50001e30
OBJ 50001e30 (sz=24, trace=300000, class=java.lang.String@5000016f)
	value		50001e31
ARR 50001e31 (sz=190, trace=300000, nelems=95, elem type=char[])
ARR 50001e32 (sz=32, trace=300000, nelems=3, elem type=java.lang.String[]@500000cf)
	[0]		50001e33
	[1]		50001e34
	[2]		50001e35
OBJ 50001e33 (sz=24, trace=300000, class=java.lang.String@5000016f)
	value		50001e38
OBJ 50001e34 (sz=24, trace=300000, class=java.lang.String@5000016f)
	value		50001e37
OBJ 50001e35 (sz=24, trace=300000, class=java.lang.String@5000016f)
	value		50001e36
ARR 50001e36 (sz=40, trace=300000, nelems=20, elem type=char[])
ARR 50001e37 (sz=42, trace=300000, nelems=21, elem type=char[])
ARR 50001e38 (sz=30, trace=300000, nelems=15, elem type=char[])
ARR 50001e39 (sz=184, trace=300000, nelems=42, elem type=java.lang.String[]@500000cf)
	[0]		50000cb6
	[1]		50000cb8
	[2]		50000cba
	[3]		50000cbc
	[4]		50000cbe
	[5]		50000cc0
	[6]		50000cc2
	[7]		50000cc4
	[8]		50000cc6
	[9]		50000cc8
	[10]		50000cca
	[11]		50000ccc
	[12]		50000cce
	[13]		50000cd0
	[14]		50000cd2
	[15]		50000cd4
	[16]		50000cd6
	[17]		50000cd8
	[18]		50000cda
	[19]		50000cdc
	[20]		50000cde
	[21]		50000ce0
	[22]		50000ce2
	[23]		50000ce4
	[24]		50000ce6
	[25]		50000ce8
	[26]		50000cea
	[27]		50000cec
	[28]		50000cee
	[29]		50000cf0
	[30]		50000cf2
	[31]		50000cf4
	[32]		50000cf6
	[33]		50000cf8
	[34]		50000cfb
	[35]		50000cfd
	[36]		50000cff
	[37]		50000d01
	[38]		50000d03
	[39]		50000d05
	[40]		50000d07
	[41]		50000d09
OBJ 50001e3a (sz=24, trace=300000, class=sun.misc.MetaIndex@5000003d)
	contents	50001e3e
OBJ 50001e3b (sz=32, trace=300000, class=java.io.File@5000011d)
	path		50001e3c
OBJ 50001e3c (sz=24, trace=300000, class=java.lang.String@5000016f)
	value		50001e3d
ARR 50001e3d (sz=170, trace=300000, nelems=85, elem type=char[])
ARR 50001e3e (sz=32, trace=300000, nelems=3, elem type=java.lang.String[]@500000cf)
	[0]		50001e3f
	[1]		50001e40
	[2]		50001e41
OBJ 50001e3f (sz=24, trace=300000, class=java.lang.String@5000016f)
	value		50001e44
OBJ 50001e40 (sz=24, trace=300000, class=java.lang.String@5000016f)
	value		50001e43
OBJ 50001e41 (sz=24, trace=300000, class=java.lang.String@5000016f)
	value		50001e42
ARR 50001e42 (sz=40, trace=300000, nelems=20, elem type=char[])
ARR 50001e43 (sz=42, trace=300000, nelems=21, elem type=char[])
ARR 50001e44 (sz=24, trace=300000, nelems=12, elem type=char[])
ARR 50001e45 (sz=32, trace=300000, nelems=3, elem type=java.lang.String[]@500000cf)
	[0]		50000c38
	[1]		50000c3a
	[2]		50000c3c
OBJ 50001e46 (sz=32, trace=300000, class=java.util.HashMap$Node@500000b9)
	key		50001e51
	value		50001e50
OBJ 50001e47 (sz=24, trace=300000, class=sun.misc.MetaIndex@5000003d)
	contents	50001e4b
OBJ 50001e48 (sz=32, trace=300000, class=java.io.File@5000011d)
	path		50001e49
OBJ 50001e49 (sz=24, trace=300000, class=java.lang.String@5000016f)
	value		50001e4a
ARR 50001e4a (sz=180, trace=300000, nelems=90, elem type=char[])
ARR 50001e4b (sz=24, trace=300000, nelems=2, elem type=java.lang.String[]@500000cf)
	[0]		50001e4c
	[1]		50001e4d
OBJ 50001e4c (sz=24, trace=300000, class=java.lang.String@5000016f)
	value		50001e4f
OBJ 50001e4d (sz=24, trace=300000, class=java.lang.String@5000016f)
	value		50001e4e
ARR 50001e4e (sz=16, trace=300000, nelems=8, elem type=char[])
ARR 50001e4f (sz=16, trace=300000, nelems=8, elem type=char[])
OBJ 50001e50 (sz=24, trace=300000, class=sun.misc.MetaIndex@5000003d)
	contents	50001e54
OBJ 50001e51 (sz=32, trace=300000, class=java.io.File@5000011d)
	path		50001e52
OBJ 50001e52 (sz=24, trace=300000, class=java.lang.String@5000016f)
	value		50001e53
ARR 50001e53 (sz=174, trace=300000, nelems=87, elem type=char[])
ARR 50001e54 (sz=32, trace=300000, nelems=3, elem type=java.lang.String[]@500000cf)
	[0]		50001e55
	[1]		50001e56
	[2]		50001e57
OBJ 50001e55 (sz=24, trace=300000, class=java.lang.String@5000016f)
	value		50001e5a
OBJ 50001e56 (sz=24, trace=300000, class=java.lang.String@5000016f)
	value		50001e59
OBJ 50001e57 (sz=24, trace=300000, class=java.lang.String@5000016f)
	value		50001e58
ARR 50001e58 (sz=24, trace=300000, nelems=12, elem type=char[])
ARR 50001e59 (sz=100, trace=300000, nelems=50, elem type=char[])
ARR 50001e5a (sz=22, trace=300000, nelems=11, elem type=char[])
OBJ 50001e5b (sz=24, trace=300000, class=sun.misc.MetaIndex@5000003d)
	contents	50001e5f
OBJ 50001e5c (sz=32, trace=300000, class=java.io.File@5000011d)
	path		50001e5d
OBJ 50001e5d (sz=24, trace=300000, class=java.lang.String@5000016f)
	value		50001e5e
ARR 50001e5e (sz=178, trace=300000, nelems=89, elem type=char[])
ARR 50001e5f (sz=32, trace=300000, nelems=3, elem type=java.lang.String[]@500000cf)
	[0]		50001e60
	[1]		50001e61
	[2]		50001e62
OBJ 50001e60 (sz=24, trace=300000, class=java.lang.String@5000016f)
	value		50001e65
OBJ 50001e61 (sz=24, trace=300000, class=java.lang.String@5000016f)
	value		50001e64
OBJ 50001e62 (sz=24, trace=300000, class=java.lang.String@5000016f)
	value		50001e63
ARR 50001e63 (sz=40, trace=300000, nelems=20, elem type=char[])
ARR 50001e64 (sz=42, trace=300000, nelems=21, elem type=char[])
ARR 50001e65 (sz=24, trace=300000, nelems=12, elem type=char[])
ARR 50001e66 (sz=24, trace=300000, nelems=2, elem type=java.lang.String[]@500000cf)
	[0]		50000c0f
	[1]		50000c12
ARR 50001e67 (sz=12, trace=300000, nelems=6, elem type=char[])
ARR 50001e68 (sz=22, trace=300000, nelems=11, elem type=char[])
ARR 50001e69 (sz=26, trace=300000, nelems=13, elem type=char[])
ARR 50001e6a (sz=20, trace=300000, nelems=10, elem type=char[])
ARR 50001e6b (sz=68, trace=300000, nelems=34, elem type=char[])
ARR 50001e6c (sz=8, trace=300000, nelems=4, elem type=char[])
OBJ 50001e6d (sz=16, trace=300000, class=java.lang.Object@50000173)
ARR 50001e6e (sz=4, trace=300000, nelems=2, elem type=char[])
ARR 50001e6f (sz=6, trace=300000, nelems=3, elem type=char[])
OBJ 50001e70 (sz=24, trace=300000, class=java.lang.String@5000016f)
	value		50001e71
ARR 50001e71 (sz=4, trace=300000, nelems=2, elem type=char[])
ARR 50001e72 (sz=12, trace=300000, nelems=6, elem type=char[])
OBJ 50001e73 (sz=16, trace=300000, class=java.util.HashSet@50000005)
	map		50001e74
OBJ 50001e74 (sz=48, trace=300000, class=java.util.HashMap@500000ba)
ARR 50001e75 (sz=56, trace=300000, nelems=0, elem type=java.lang.Object[]@5000010a)
OBJ 50001e76 (sz=16, trace=300000, class=sun.net.www.protocol.jar.Handler@50000003)
OBJ 50001e77 (sz=48, trace=300000, class=java.util.HashMap@500000ba)
	table		5000055b
OBJ 50001e78 (sz=24, trace=300000, class=java.util.ArrayList@500000c5)
	elementData	500007e0
OBJ 50001e79 (sz=32, trace=300000, class=java.util.Stack@500000e4)
	elementData	50001eca
OBJ 50001e7a (sz=24, trace=300000, class=java.util.ArrayList@500000c5)
	elementData	50001e7b
ARR 50001e7b (sz=152, trace=300000, nelems=26, elem type=java.lang.Object[]@5000010a)
	[0]		50001e7c
	[1]		50001e7d
	[2]		50001e7e
	[3]		50001e7f
	[4]		50001e80
	[5]		50001e81
	[6]		50001e82
	[7]		50001e83
	[8]		50001e84
	[9]		50001e85
	[10]		50001e86
	[11]		50001e87
	[12]		50001e88
	[13]		50001e89
	[14]		50001e8a
	[15]		50001e8b
	[16]		50001e8c
	[17]		50001e8d
	[18]		50001e8e
	[19]		50001e8f
	[20]		50001e90
	[21]		50001e91
	[22]		50001e92
	[23]		50001e93
	[24]		50001e94
	[25]		50001e95
OBJ 50001e7c (sz=64, trace=300000, class=java.net.URL@5000011b)
	protocol	50001d57
	host		5000149a
	file		50001ec8
	authority	5000149a
	path		50001ec8
	handler		50001d61
OBJ 50001e7d (sz=64, trace=300000, class=java.net.URL@5000011b)
	protocol	50001d57
	host		5000149a
	file		50001ec6
	authority	5000149a
	path		50001ec6
	handler		50001d61
OBJ 50001e7e (sz=64, trace=300000, class=java.net.URL@5000011b)
	protocol	50001d57
	host		5000149a
	file		50001ec4
	authority	5000149a
	path		50001ec4
	handler		50001d61
OBJ 50001e7f (sz=64, trace=300000, class=java.net.URL@5000011b)
	protocol	50001d57
	host		5000149a
	file		50001ec2
	authority	5000149a
	path		50001ec2
	handler		50001d61
OBJ 50001e80 (sz=64, trace=300000, class=java.net.URL@5000011b)
	protocol	50001d57
	host		5000149a
	file		50001ec0
	authority	5000149a
	path		50001ec0
	handler		50001d61
OBJ 50001e81 (sz=64, trace=300000, class=java.net.URL@5000011b)
	protocol	50001d57
	host		5000149a
	file		50001ebe
	authority	5000149a
	path		50001ebe
	handler		50001d61
OBJ 50001e82 (sz=64, trace=300000, class=java.net.URL@5000011b)
	protocol	50001d57
	host		5000149a
	file		50001ebc
	authority	5000149a
	path		50001ebc
	handler		50001d61
OBJ 50001e83 (sz=64, trace=300000, class=java.net.URL@5000011b)
	protocol	50001d57
	host		5000149a
	file		50001eba
	authority	5000149a
	path		50001eba
	handler		50001d61
OBJ 50001e84 (sz=64, trace=300000, class=java.net.URL@5000011b)
	protocol	50001d57
	host		5000149a
	file		50001eb8
	authority	5000149a
	path		50001eb8
	handler		50001d61
OBJ 50001e85 (sz=64, trace=300000, class=java.net.URL@5000011b)
	protocol	50001d57
	host		5000149a
	file		50001eb6
	authority	5000149a
	path		50001eb6
	handler		50001d61
OBJ 50001e86 (sz=64, trace=300000, class=java.net.URL@5000011b)
	protocol	50001d57
	host		5000149a
	file		50001eb4
	authority	5000149a
	path		50001eb4
	handler		50001d61
OBJ 50001e87 (sz=64, trace=300000, class=java.net.URL@5000011b)
	protocol	50001d57
	host		5000149a
	file		50001eb2
	authority	5000149a
	path		50001eb2
	handler		50001d61
OBJ 50001e88 (sz=64, trace=300000, class=java.net.URL@5000011b)
	protocol	50001d57
	host		5000149a
	file		50001eb0
	authority	5000149a
	path		50001eb0
	handler		50001d61
OBJ 50001e89 (sz=64, trace=300000, class=java.net.URL@5000011b)
	protocol	50001d57
	host		5000149a
	file		50001eae
	authority	5000149a
	path		50001eae
	handler		50001d61
OBJ 50001e8a (sz=64, trace=300000, class=java.net.URL@5000011b)
	protocol	50001d57
	host		5000149a
	file		50001eac
	authority	5000149a
	path		50001eac
	handler		50001d61
OBJ 50001e8b (sz=64, trace=300000, class=java.net.URL@5000011b)
	protocol	50001d57
	host		5000149a
	file		50001eaa
	authority	5000149a
	path		50001eaa
	handler		50001d61
OBJ 50001e8c (sz=64, trace=300000, class=java.net.URL@5000011b)
	protocol	50001d57
	host		5000149a
	file		50001ea8
	authority	5000149a
	path		50001ea8
	handler		50001d61
OBJ 50001e8d (sz=64, trace=300000, class=java.net.URL@5000011b)
	protocol	50001d57
	host		5000149a
	file		50001ea6
	authority	5000149a
	path		50001ea6
	handler		50001d61
OBJ 50001e8e (sz=64, trace=300000, class=java.net.URL@5000011b)
	protocol	50001d57
	host		5000149a
	file		50001ea4
	authority	5000149a
	path		50001ea4
	handler		50001d61
OBJ 50001e8f (sz=64, trace=300000, class=java.net.URL@5000011b)
	protocol	50001d57
	host		5000149a
	file		50001ea2
	authority	5000149a
	path		50001ea2
	handler		50001d61
OBJ 50001e90 (sz=64, trace=300000, class=java.net.URL@5000011b)
	protocol	50001d57
	host		5000149a
	file		50001ea0
	authority	5000149a
	path		50001ea0
	handler		50001d61
OBJ 50001e91 (sz=64, trace=300000, class=java.net.URL@5000011b)
	protocol	50001d57
	host		5000149a
	file		50001e9e
	authority	5000149a
	path		50001e9e
	handler		50001d61
OBJ 50001e92 (sz=64, trace=300000, class=java.net.URL@5000011b)
	protocol	50001d57
	host		5000149a
	file		50001e9c
	authority	5000149a
	path		50001e9c
	handler		50001d61
OBJ 50001e93 (sz=64, trace=300000, class=java.net.URL@5000011b)
	protocol	50001d57
	host		5000149a
	file		50001e9a
	authority	5000149a
	path		50001e9a
	handler		50001d61
OBJ 50001e94 (sz=64, trace=300000, class=java.net.URL@5000011b)
	protocol	50001d57
	host		5000149a
	file		50001e98
	authority	5000149a
	path		50001e98
	handler		50001d61
OBJ 50001e95 (sz=64, trace=300000, class=java.net.URL@5000011b)
	protocol	50001d57
	host		5000149a
	file		50001e96
	authority	5000149a
	path		50001e96
	handler		50001d61
OBJ 50001e96 (sz=24, trace=300000, class=java.lang.String@5000016f)
	value		50001e97
ARR 50001e97 (sz=62, trace=300000, nelems=31, elem type=char[])
OBJ 50001e98 (sz=24, trace=300000, class=java.lang.String@5000016f)
	value		50001e99
ARR 50001e99 (sz=86, trace=300000, nelems=43, elem type=char[])
OBJ 50001e9a (sz=24, trace=300000, class=java.lang.String@5000016f)
	value		50001e9b
ARR 50001e9b (sz=92, trace=300000, nelems=46, elem type=char[])
OBJ 50001e9c (sz=24, trace=300000, class=java.lang.String@5000016f)
	value		50001e9d
ARR 50001e9d (sz=102, trace=300000, nelems=51, elem type=char[])
OBJ 50001e9e (sz=24, trace=300000, class=java.lang.String@5000016f)
	value		50001e9f
ARR 50001e9f (sz=100, trace=300000, nelems=50, elem type=char[])
OBJ 50001ea0 (sz=24, trace=300000, class=java.lang.String@5000016f)
	value		50001ea1
ARR 50001ea1 (sz=100, trace=300000, nelems=50, elem type=char[])
OBJ 50001ea2 (sz=24, trace=300000, class=java.lang.String@5000016f)
	value		50001ea3
ARR 50001ea3 (sz=100, trace=300000, nelems=50, elem type=char[])
OBJ 50001ea4 (sz=24, trace=300000, class=java.lang.String@5000016f)
	value		50001ea5
ARR 50001ea5 (sz=90, trace=300000, nelems=45, elem type=char[])
OBJ 50001ea6 (sz=24, trace=300000, class=java.lang.String@5000016f)
	value		50001ea7
ARR 50001ea7 (sz=118, trace=300000, nelems=59, elem type=char[])
OBJ 50001ea8 (sz=24, trace=300000, class=java.lang.String@5000016f)
	value		50001ea9
ARR 50001ea9 (sz=88, trace=300000, nelems=44, elem type=char[])
OBJ 50001eaa (sz=24, trace=300000, class=java.lang.String@5000016f)
	value		50001eab
ARR 50001eab (sz=90, trace=300000, nelems=45, elem type=char[])
OBJ 50001eac (sz=24, trace=300000, class=java.lang.String@5000016f)
	value		50001ead
ARR 50001ead (sz=88, trace=300000, nelems=44, elem type=char[])
OBJ 50001eae (sz=24, trace=300000, class=java.lang.String@5000016f)
	value		50001eaf
ARR 50001eaf (sz=86, trace=300000, nelems=43, elem type=char[])
OBJ 50001eb0 (sz=24, trace=300000, class=java.lang.String@5000016f)
	value		50001eb1
ARR 50001eb1 (sz=88, trace=300000, nelems=44, elem type=char[])
OBJ 50001eb2 (sz=24, trace=300000, class=java.lang.String@5000016f)
	value		50001eb3
ARR 50001eb3 (sz=84, trace=300000, nelems=42, elem type=char[])
OBJ 50001eb4 (sz=24, trace=300000, class=java.lang.String@5000016f)
	value		50001eb5
ARR 50001eb5 (sz=106, trace=300000, nelems=53, elem type=char[])
OBJ 50001eb6 (sz=24, trace=300000, class=java.lang.String@5000016f)
	value		50001eb7
ARR 50001eb7 (sz=170, trace=300000, nelems=85, elem type=char[])
OBJ 50001eb8 (sz=24, trace=300000, class=java.lang.String@5000016f)
	value		50001eb9
ARR 50001eb9 (sz=178, trace=300000, nelems=89, elem type=char[])
OBJ 50001eba (sz=24, trace=300000, class=java.lang.String@5000016f)
	value		50001ebb
ARR 50001ebb (sz=190, trace=300000, nelems=95, elem type=char[])
OBJ 50001ebc (sz=24, trace=300000, class=java.lang.String@5000016f)
	value		50001ebd
ARR 50001ebd (sz=170, trace=300000, nelems=85, elem type=char[])
OBJ 50001ebe (sz=24, trace=300000, class=java.lang.String@5000016f)
	value		50001ebf
ARR 50001ebf (sz=174, trace=300000, nelems=87, elem type=char[])
OBJ 50001ec0 (sz=24, trace=300000, class=java.lang.String@5000016f)
	value		50001ec1
ARR 50001ec1 (sz=180, trace=300000, nelems=90, elem type=char[])
OBJ 50001ec2 (sz=24, trace=300000, class=java.lang.String@5000016f)
	value		50001ec3
ARR 50001ec3 (sz=170, trace=300000, nelems=85, elem type=char[])
OBJ 50001ec4 (sz=24, trace=300000, class=java.lang.String@5000016f)
	value		50001ec5
ARR 50001ec5 (sz=174, trace=300000, nelems=87, elem type=char[])
OBJ 50001ec6 (sz=24, trace=300000, class=java.lang.String@5000016f)
	value		50001ec7
ARR 50001ec7 (sz=170, trace=300000, nelems=85, elem type=char[])
OBJ 50001ec8 (sz=24, trace=300000, class=java.lang.String@5000016f)
	value		50001ec9
ARR 50001ec9 (sz=176, trace=300000, nelems=88, elem type=char[])
ARR 50001eca (sz=176, trace=300000, nelems=0, elem type=java.lang.Object[]@5000010a)
OBJ 50001ecb (sz=24, trace=300000, class=java.lang.String@5000016f)
	value		50001ecc
ARR 50001ecc (sz=8, trace=300000, nelems=4, elem type=char[])
OBJ 50001ecd (sz=32, trace=300000, class=java.lang.ref.ReferenceQueue@500000de)
	lock		50001ecf
ARR 50001ece (sz=80, trace=300000, nelems=0, elem type=java.util.WeakHashMap$Entry[]@50000045)
OBJ 50001ecf (sz=16, trace=300000, class=java.lang.ref.ReferenceQueue$Lock@500000dc)
OBJ 50001ed0 (sz=24, trace=300000, class=java.lang.String@5000016f)
	value		50001ed9
OBJ 50001ed1 (sz=24, trace=300000, class=java.lang.String@5000016f)
	value		50001ed8
OBJ 50001ed2 (sz=24, trace=300000, class=java.lang.String@5000016f)
	value		50001ed7
OBJ 50001ed3 (sz=16, trace=300000, class=sun.misc.Launcher@50000119)
	loader		5000139a
OBJ 50001ed4 (sz=16, trace=300000, class=sun.misc.Launcher$Factory@50000049)
OBJ 50001ed5 (sz=24, trace=300000, class=java.lang.String@5000016f)
	value		50001ed6
ARR 50001ed6 (sz=30, trace=300000, nelems=15, elem type=char[])
ARR 50001ed7 (sz=38, trace=300000, nelems=19, elem type=char[])
ARR 50001ed8 (sz=42, trace=300000, nelems=21, elem type=char[])
ARR 50001ed9 (sz=26, trace=300000, nelems=13, elem type=char[])
ARR 50001eda (sz=56, trace=300000, nelems=0, elem type=java.lang.Object[]@5000010a)
OBJ 50001edb (sz=16, trace=300000, class=java.security.ProtectionDomain$Key@50000008)
	this$0		50001684
ARR 50001edc (sz=16, trace=300000, nelems=0, elem type=java.security.Principal[]@50000006)
OBJ 50001edd (sz=32, trace=300000, class=java.security.CodeSource@50000116)
OBJ 50001ede (sz=16, trace=300000, class=java.util.HashSet@50000005)
	map		50001edf
OBJ 50001edf (sz=48, trace=300000, class=java.util.HashMap@500000ba)
ARR 50001ee0 (sz=56, trace=300000, nelems=0, elem type=java.lang.Object[]@5000010a)
OBJ 50001ee1 (sz=16, trace=300000, class=sun.net.www.protocol.jar.Handler@50000003)
OBJ 50001ee2 (sz=48, trace=300000, class=java.util.HashMap@500000ba)
	table		50000b6f
OBJ 50001ee3 (sz=24, trace=300000, class=java.util.ArrayList@500000c5)
	elementData	50000b6e
OBJ 50001ee4 (sz=32, trace=300000, class=java.util.Stack@500000e4)
	elementData	50001eea
OBJ 50001ee5 (sz=24, trace=300000, class=java.util.ArrayList@500000c5)
	elementData	50001ee6
ARR 50001ee6 (sz=56, trace=300000, nelems=1, elem type=java.lang.Object[]@5000010a)
	[0]		50001ee7
OBJ 50001ee7 (sz=64, trace=300000, class=java.net.URL@5000011b)
	protocol	50001d57
	host		5000149a
	file		50001ee8
	authority	5000149a
	path		50001ee8
	handler		50001d61
OBJ 50001ee8 (sz=24, trace=300000, class=java.lang.String@5000016f)
	value		50001ee9
ARR 50001ee9 (sz=148, trace=300000, nelems=74, elem type=char[])
ARR 50001eea (sz=56, trace=300000, nelems=0, elem type=java.lang.Object[]@5000010a)
OBJ 50001eeb (sz=32, trace=300000, class=java.lang.ref.ReferenceQueue@500000de)
	lock		50001eed
ARR 50001eec (sz=80, trace=300000, nelems=0, elem type=java.util.WeakHashMap$Entry[]@50000045)
OBJ 50001eed (sz=16, trace=300000, class=java.lang.ref.ReferenceQueue$Lock@500000dc)
ARR 50001eee (sz=56, trace=300000, nelems=1, elem type=java.lang.Object[]@5000010a)
	[0]		50001d18
ARR 50001eef (sz=56, trace=300000, nelems=1, elem type=java.lang.Object[]@5000010a)
	[0]		50001ef0
OBJ 50001ef0 (sz=40, trace=300000, class=java.lang.ClassLoader$NativeLibrary@50000059)
	fromClass	50000168
	name		50001d18
ARR 50001ef1 (sz=56, trace=300000, nelems=0, elem type=java.lang.Object[]@5000010a)
OBJ 50001ef2 (sz=24, trace=300000, class=java.lang.String@5000016f)
	value		50001efd
OBJ 50001ef3 (sz=24, trace=300000, class=java.lang.String@5000016f)
	value		50001efc
OBJ 50001ef4 (sz=24, trace=300000, class=java.lang.String@5000016f)
	value		50001efb
OBJ 50001ef5 (sz=24, trace=300000, class=java.lang.String@5000016f)
	value		50001efa
OBJ 50001ef6 (sz=24, trace=300000, class=java.lang.String@5000016f)
	value		50001ef9
OBJ 50001ef7 (sz=24, trace=300000, class=java.lang.String@5000016f)
	value		50001ef8
ARR 50001ef8 (sz=2, trace=300000, nelems=1, elem type=char[])
ARR 50001ef9 (sz=26, trace=300000, nelems=13, elem type=char[])
ARR 50001efa (sz=62, trace=300000, nelems=31, elem type=char[])
ARR 50001efb (sz=64, trace=300000, nelems=32, elem type=char[])
ARR 50001efc (sz=48, trace=300000, nelems=24, elem type=char[])
ARR 50001efd (sz=84, trace=300000, nelems=42, elem type=char[])
OBJ 50001efe (sz=24, trace=300000, class=java.util.Collections$SetFromMap@50000044)
	m		50001f00
	s		50001eff
OBJ 50001eff (sz=16, trace=300000, class=java.util.WeakHashMap$KeySet@50000043)
	this$0		50001f00
OBJ 50001f00 (sz=48, trace=300000, class=java.util.WeakHashMap@500000ac)
	keySet		50001eff
	table		50001f02
	queue		50001f01
OBJ 50001f01 (sz=32, trace=300000, class=java.lang.ref.ReferenceQueue@500000de)
	lock		50001f07
ARR 50001f02 (sz=80, trace=300000, nelems=10, elem type=java.util.WeakHashMap$Entry[]@50000045)
	[1]		50001f03
	[4]		50001f04
	[6]		50001f05
	[9]		50001f06
OBJ 50001f03 (sz=40, trace=300000, class=java.util.WeakHashMap$Entry@50000046)
	referent	50000118
	queue		50001f01
	value		5000166f
OBJ 50001f04 (sz=40, trace=300000, class=java.util.WeakHashMap$Entry@50000046)
	referent	50000117
	queue		50001f01
	value		5000166f
OBJ 50001f05 (sz=40, trace=300000, class=java.util.WeakHashMap$Entry@50000046)
	referent	5000011c
	queue		50001f01
	value		5000166f
	next		50001f08
OBJ 50001f06 (sz=40, trace=300000, class=java.util.WeakHashMap$Entry@50000046)
	referent	50000169
	queue		50001f01
	value		5000166f
OBJ 50001f07 (sz=16, trace=300000, class=java.lang.ref.ReferenceQueue$Lock@500000dc)
OBJ 50001f08 (sz=40, trace=300000, class=java.util.WeakHashMap$Entry@50000046)
	referent	5000015f
	queue		50001f01
	value		5000166f
ARR 50001f09 (sz=42, trace=300000, nelems=21, elem type=char[])
ARR 50001f0a (sz=34, trace=300000, nelems=17, elem type=char[])
OBJ 50001f0b (sz=24, trace=300000, class=java.lang.String@5000016f)
	value		50001f0c
ARR 50001f0c (sz=48, trace=300000, nelems=24, elem type=char[])
ARR 50001f0d (sz=44, trace=300000, nelems=22, elem type=char[])
ARR 50001f0e (sz=74, trace=300000, nelems=37, elem type=char[])
ARR 50001f0f (sz=58, trace=300000, nelems=29, elem type=char[])
ARR 50001f10 (sz=4, trace=300000, nelems=2, elem type=char[])
ARR 50001f11 (sz=54, trace=300000, nelems=27, elem type=char[])
ARR 50001f12 (sz=18, trace=300000, nelems=9, elem type=char[])
OBJ 50001f13 (sz=24, trace=300000, class=java.lang.String@5000016f)
	value		50001f16
OBJ 50001f14 (sz=24, trace=300000, class=java.lang.String@5000016f)
	value		50001f15
ARR 50001f15 (sz=60, trace=300000, nelems=30, elem type=char[])
ARR 50001f16 (sz=46, trace=300000, nelems=23, elem type=char[])
OBJ 50001f17 (sz=24, trace=300000, class=java.lang.String@5000016f)
	value		50001f1c
OBJ 50001f18 (sz=24, trace=300000, class=java.lang.String@5000016f)
	value		50001f1b
OBJ 50001f19 (sz=24, trace=300000, class=java.lang.String@5000016f)
	value		50001f1a
ARR 50001f1a (sz=28, trace=300000, nelems=14, elem type=char[])
ARR 50001f1b (sz=28, trace=300000, nelems=14, elem type=char[])
ARR 50001f1c (sz=28, trace=300000, nelems=14, elem type=char[])
OBJ 50001f1d (sz=24, trace=300000, class=java.lang.String@5000016f)
	value		50001f1e
ARR 50001f1e (sz=40, trace=300000, nelems=20, elem type=char[])
ARR 50001f1f (sz=4, trace=300000, nelems=2, elem type=char[])
OBJ 50001f20 (sz=32, trace=300000, class=sun.util.locale.BaseLocale@50000018)
	language	500014cd
	script		5000149a
	region		500014da
	variant		5000149a
OBJ 50001f21 (sz=16, trace=300000, class=java.lang.ref.ReferenceQueue$Lock@500000dc)
OBJ 50001f22 (sz=48, trace=300000, class=sun.util.locale.LocaleObjectCache$CacheEntry@50000015)
	referent	50001f2a
	queue		5000150f
	key		50001f23
OBJ 50001f23 (sz=40, trace=300000, class=sun.util.locale.BaseLocale$Key@50000016)
	lang		50001f27
	scrt		50001f26
	regn		50001f25
	vart		50001f24
OBJ 50001f24 (sz=40, trace=300000, class=java.lang.ref.SoftReference@50000153)
	referent	5000149a
	queue		50001524
OBJ 50001f25 (sz=40, trace=300000, class=java.lang.ref.SoftReference@50000153)
	referent	500014d7
	queue		50001524
OBJ 50001f26 (sz=40, trace=300000, class=java.lang.ref.SoftReference@50000153)
	referent	5000149a
	queue		50001524
OBJ 50001f27 (sz=40, trace=300000, class=java.lang.ref.SoftReference@50000153)
	referent	500014d0
	queue		50001524
ARR 50001f28 (sz=4, trace=300000, nelems=2, elem type=char[])
ARR 50001f29 (sz=4, trace=300000, nelems=2, elem type=char[])
OBJ 50001f2a (sz=32, trace=300000, class=sun.util.locale.BaseLocale@50000018)
	language	500014d0
	script		5000149a
	region		500014d7
	variant		5000149a
OBJ 50001f2b (sz=48, trace=300000, class=sun.util.locale.LocaleObjectCache$CacheEntry@50000015)
	referent	50001f32
	queue		5000150f
	key		50001f2c
OBJ 50001f2c (sz=40, trace=300000, class=sun.util.locale.BaseLocale$Key@50000016)
	lang		50001f30
	scrt		50001f2f
	regn		50001f2e
	vart		50001f2d
OBJ 50001f2d (sz=40, trace=300000, class=java.lang.ref.SoftReference@50000153)
	referent	5000149a
	queue		50001524
OBJ 50001f2e (sz=40, trace=300000, class=java.lang.ref.SoftReference@50000153)
	referent	5000149a
	queue		50001524
OBJ 50001f2f (sz=40, trace=300000, class=java.lang.ref.SoftReference@50000153)
	referent	5000149a
	queue		50001524
OBJ 50001f30 (sz=40, trace=300000, class=java.lang.ref.SoftReference@50000153)
	referent	500014ca
	queue		50001524
ARR 50001f31 (sz=4, trace=300000, nelems=2, elem type=char[])
OBJ 50001f32 (sz=32, trace=300000, class=sun.util.locale.BaseLocale@50000018)
	language	500014ca
	script		5000149a
	region		5000149a
	variant		5000149a
OBJ 50001f33 (sz=48, trace=300000, class=sun.util.locale.LocaleObjectCache$CacheEntry@50000015)
	referent	50001f3a
	queue		5000150f
	key		50001f34
OBJ 50001f34 (sz=40, trace=300000, class=sun.util.locale.BaseLocale$Key@50000016)
	lang		50001f38
	scrt		50001f37
	regn		50001f36
	vart		50001f35
OBJ 50001f35 (sz=40, trace=300000, class=java.lang.ref.SoftReference@50000153)
	referent	5000149a
	queue		50001524
OBJ 50001f36 (sz=40, trace=300000, class=java.lang.ref.SoftReference@50000153)
	referent	5000149a
	queue		50001524
OBJ 50001f37 (sz=40, trace=300000, class=java.lang.ref.SoftReference@50000153)
	referent	5000149a
	queue		50001524
OBJ 50001f38 (sz=40, trace=300000, class=java.lang.ref.SoftReference@50000153)
	referent	500014d1
	queue		50001524
ARR 50001f39 (sz=4, trace=300000, nelems=2, elem type=char[])
OBJ 50001f3a (sz=32, trace=300000, class=sun.util.locale.BaseLocale@50000018)
	language	500014d1
	script		5000149a
	region		5000149a
	variant		5000149a
OBJ 50001f3b (sz=32, trace=300000, class=java.util.concurrent.ConcurrentHashMap$Node@50000020)
	key		50001f45
	val		50001f44
	next		50001f43
OBJ 50001f3c (sz=48, trace=300000, class=sun.util.locale.LocaleObjectCache$CacheEntry@50000015)
	referent	50001f42
	queue		5000150f
	key		50001f3d
OBJ 50001f3d (sz=40, trace=300000, class=sun.util.locale.BaseLocale$Key@50000016)
	lang		50001f41
	scrt		50001f40
	regn		50001f3f
	vart		50001f3e
OBJ 50001f3e (sz=40, trace=300000, class=java.lang.ref.SoftReference@50000153)
	referent	5000149a
	queue		50001524
OBJ 50001f3f (sz=40, trace=300000, class=java.lang.ref.SoftReference@50000153)
	referent	5000149a
	queue		50001524
OBJ 50001f40 (sz=40, trace=300000, class=java.lang.ref.SoftReference@50000153)
	referent	5000149a
	queue		50001524
OBJ 50001f41 (sz=40, trace=300000, class=java.lang.ref.SoftReference@50000153)
	referent	500014cd
	queue		50001524
OBJ 50001f42 (sz=32, trace=300000, class=sun.util.locale.BaseLocale@50000018)
	language	500014cd
	script		5000149a
	region		5000149a
	variant		5000149a
OBJ 50001f43 (sz=32, trace=300000, class=java.util.concurrent.ConcurrentHashMap$Node@50000020)
	key		50001f4e
	val		50001f4d
OBJ 50001f44 (sz=48, trace=300000, class=sun.util.locale.LocaleObjectCache$CacheEntry@50000015)
	referent	50001f4c
	queue		5000150f
	key		50001f45
OBJ 50001f45 (sz=40, trace=300000, class=sun.util.locale.BaseLocale$Key@50000016)
	lang		50001f49
	scrt		50001f48
	regn		50001f47
	vart		50001f46
OBJ 50001f46 (sz=40, trace=300000, class=java.lang.ref.SoftReference@50000153)
	referent	5000149a
	queue		50001524
OBJ 50001f47 (sz=40, trace=300000, class=java.lang.ref.SoftReference@50000153)
	referent	500014d5
	queue		50001524
OBJ 50001f48 (sz=40, trace=300000, class=java.lang.ref.SoftReference@50000153)
	referent	5000149a
	queue		50001524
OBJ 50001f49 (sz=40, trace=300000, class=java.lang.ref.SoftReference@50000153)
	referent	500014ce
	queue		50001524
ARR 50001f4a (sz=4, trace=300000, nelems=2, elem type=char[])
ARR 50001f4b (sz=4, trace=300000, nelems=2, elem type=char[])
OBJ 50001f4c (sz=32, trace=300000, class=sun.util.locale.BaseLocale@50000018)
	language	500014ce
	script		5000149a
	region		500014d5
	variant		5000149a
OBJ 50001f4d (sz=48, trace=300000, class=sun.util.locale.LocaleObjectCache$CacheEntry@50000015)
	referent	50001f54
	queue		5000150f
	key		50001f4e
OBJ 50001f4e (sz=40, trace=300000, class=sun.util.locale.BaseLocale$Key@50000016)
	lang		50001f52
	scrt		50001f51
	regn		50001f50
	vart		50001f4f
OBJ 50001f4f (sz=40, trace=300000, class=java.lang.ref.SoftReference@50000153)
	referent	5000149a
	queue		50001524
OBJ 50001f50 (sz=40, trace=300000, class=java.lang.ref.SoftReference@50000153)
	referent	500014cb
	queue		50001524
OBJ 50001f51 (sz=40, trace=300000, class=java.lang.ref.SoftReference@50000153)
	referent	5000149a
	queue		50001524
OBJ 50001f52 (sz=40, trace=300000, class=java.lang.ref.SoftReference@50000153)
	referent	500014ca
	queue		50001524
ARR 50001f53 (sz=4, trace=300000, nelems=2, elem type=char[])
OBJ 50001f54 (sz=32, trace=300000, class=sun.util.locale.BaseLocale@50000018)
	language	500014ca
	script		5000149a
	region		500014cb
	variant		5000149a
OBJ 50001f55 (sz=32, trace=300000, class=java.util.concurrent.ConcurrentHashMap$Node@50000020)
	key		50001f5f
	val		50001f5e
OBJ 50001f56 (sz=48, trace=300000, class=sun.util.locale.LocaleObjectCache$CacheEntry@50000015)
	referent	50001f5d
	queue		5000150f
	key		50001f57
OBJ 50001f57 (sz=40, trace=300000, class=sun.util.locale.BaseLocale$Key@50000016)
	lang		50001f5b
	scrt		50001f5a
	regn		50001f59
	vart		50001f58
OBJ 50001f58 (sz=40, trace=300000, class=java.lang.ref.SoftReference@50000153)
	referent	5000149a
	queue		50001524
OBJ 50001f59 (sz=40, trace=300000, class=java.lang.ref.SoftReference@50000153)
	referent	5000149a
	queue		50001524
OBJ 50001f5a (sz=40, trace=300000, class=java.lang.ref.SoftReference@50000153)
	referent	5000149a
	queue		50001524
OBJ 50001f5b (sz=40, trace=300000, class=java.lang.ref.SoftReference@50000153)
	referent	500014cf
	queue		50001524
ARR 50001f5c (sz=4, trace=300000, nelems=2, elem type=char[])
OBJ 50001f5d (sz=32, trace=300000, class=sun.util.locale.BaseLocale@50000018)
	language	500014cf
	script		5000149a
	region		5000149a
	variant		5000149a
OBJ 50001f5e (sz=48, trace=300000, class=sun.util.locale.LocaleObjectCache$CacheEntry@50000015)
	referent	50001505
	queue		5000150f
	key		50001f5f
OBJ 50001f5f (sz=40, trace=300000, class=sun.util.locale.BaseLocale$Key@50000016)
	lang		50001f63
	scrt		50001f62
	regn		50001f61
	vart		50001f60
OBJ 50001f60 (sz=40, trace=300000, class=java.lang.ref.SoftReference@50000153)
	referent	5000149a
	queue		50001524
OBJ 50001f61 (sz=40, trace=300000, class=java.lang.ref.SoftReference@50000153)
	referent	500014d8
	queue		50001524
OBJ 50001f62 (sz=40, trace=300000, class=java.lang.ref.SoftReference@50000153)
	referent	5000149a
	queue		50001524
OBJ 50001f63 (sz=40, trace=300000, class=java.lang.ref.SoftReference@50000153)
	referent	500014bf
	queue		50001524
OBJ 50001f64 (sz=48, trace=300000, class=sun.util.locale.LocaleObjectCache$CacheEntry@50000015)
	referent	50001f6a
	queue		5000150f
	key		50001f65
OBJ 50001f65 (sz=40, trace=300000, class=sun.util.locale.BaseLocale$Key@50000016)
	lang		50001f69
	scrt		50001f68
	regn		50001f67
	vart		50001f66
OBJ 50001f66 (sz=40, trace=300000, class=java.lang.ref.SoftReference@50000153)
	referent	5000149a
	queue		50001524
OBJ 50001f67 (sz=40, trace=300000, class=java.lang.ref.SoftReference@50000153)
	referent	5000149a
	queue		50001524
OBJ 50001f68 (sz=40, trace=300000, class=java.lang.ref.SoftReference@50000153)
	referent	5000149a
	queue		50001524
OBJ 50001f69 (sz=40, trace=300000, class=java.lang.ref.SoftReference@50000153)
	referent	500014bf
	queue		50001524
OBJ 50001f6a (sz=32, trace=300000, class=sun.util.locale.BaseLocale@50000018)
	language	500014bf
	script		5000149a
	region		5000149a
	variant		5000149a
OBJ 50001f6b (sz=32, trace=300000, class=java.util.concurrent.ConcurrentHashMap$Node@50000020)
	key		50001f76
	val		50001f75
	next		50001f74
OBJ 50001f6c (sz=48, trace=300000, class=sun.util.locale.LocaleObjectCache$CacheEntry@50000015)
	referent	50001f73
	queue		5000150f
	key		50001f6d
OBJ 50001f6d (sz=40, trace=300000, class=sun.util.locale.BaseLocale$Key@50000016)
	lang		50001f71
	scrt		50001f70
	regn		50001f6f
	vart		50001f6e
OBJ 50001f6e (sz=40, trace=300000, class=java.lang.ref.SoftReference@50000153)
	referent	5000149a
	queue		50001524
OBJ 50001f6f (sz=40, trace=300000, class=java.lang.ref.SoftReference@50000153)
	referent	500014d3
	queue		50001524
OBJ 50001f70 (sz=40, trace=300000, class=java.lang.ref.SoftReference@50000153)
	referent	5000149a
	queue		50001524
OBJ 50001f71 (sz=40, trace=300000, class=java.lang.ref.SoftReference@50000153)
	referent	500014d1
	queue		50001524
ARR 50001f72 (sz=4, trace=300000, nelems=2, elem type=char[])
OBJ 50001f73 (sz=32, trace=300000, class=sun.util.locale.BaseLocale@50000018)
	language	500014d1
	script		5000149a
	region		500014d3
	variant		5000149a
OBJ 50001f74 (sz=32, trace=300000, class=java.util.concurrent.ConcurrentHashMap$Node@50000020)
	key		50001f7f
	val		50001f7e
	next		50001f7d
OBJ 50001f75 (sz=48, trace=300000, class=sun.util.locale.LocaleObjectCache$CacheEntry@50000015)
	referent	50001f7c
	queue		5000150f
	key		50001f76
OBJ 50001f76 (sz=40, trace=300000, class=sun.util.locale.BaseLocale$Key@50000016)
	lang		50001f7a
	scrt		50001f79
	regn		50001f78
	vart		50001f77
OBJ 50001f77 (sz=40, trace=300000, class=java.lang.ref.SoftReference@50000153)
	referent	5000149a
	queue		50001524
OBJ 50001f78 (sz=40, trace=300000, class=java.lang.ref.SoftReference@50000153)
	referent	500014d4
	queue		50001524
OBJ 50001f79 (sz=40, trace=300000, class=java.lang.ref.SoftReference@50000153)
	referent	5000149a
	queue		50001524
OBJ 50001f7a (sz=40, trace=300000, class=java.lang.ref.SoftReference@50000153)
	referent	500014cd
	queue		50001524
ARR 50001f7b (sz=4, trace=300000, nelems=2, elem type=char[])
OBJ 50001f7c (sz=32, trace=300000, class=sun.util.locale.BaseLocale@50000018)
	language	500014cd
	script		5000149a
	region		500014d4
	variant		5000149a
OBJ 50001f7d (sz=32, trace=300000, class=java.util.concurrent.ConcurrentHashMap$Node@50000020)
	key		50001f87
	val		50001f86
OBJ 50001f7e (sz=48, trace=300000, class=sun.util.locale.LocaleObjectCache$CacheEntry@50000015)
	referent	50001f85
	queue		5000150f
	key		50001f7f
OBJ 50001f7f (sz=40, trace=300000, class=sun.util.locale.BaseLocale$Key@50000016)
	lang		50001f83
	scrt		50001f82
	regn		50001f81
	vart		50001f80
OBJ 50001f80 (sz=40, trace=300000, class=java.lang.ref.SoftReference@50000153)
	referent	5000149a
	queue		50001524
OBJ 50001f81 (sz=40, trace=300000, class=java.lang.ref.SoftReference@50000153)
	referent	500014d9
	queue		50001524
OBJ 50001f82 (sz=40, trace=300000, class=java.lang.ref.SoftReference@50000153)
	referent	5000149a
	queue		50001524
OBJ 50001f83 (sz=40, trace=300000, class=java.lang.ref.SoftReference@50000153)
	referent	500014bf
	queue		50001524
ARR 50001f84 (sz=4, trace=300000, nelems=2, elem type=char[])
OBJ 50001f85 (sz=32, trace=300000, class=sun.util.locale.BaseLocale@50000018)
	language	500014bf
	script		5000149a
	region		500014d9
	variant		5000149a
OBJ 50001f86 (sz=48, trace=300000, class=sun.util.locale.LocaleObjectCache$CacheEntry@50000015)
	referent	50001f8c
	queue		5000150f
	key		50001f87
OBJ 50001f87 (sz=40, trace=300000, class=sun.util.locale.BaseLocale$Key@50000016)
	lang		50001f8b
	scrt		50001f8a
	regn		50001f89
	vart		50001f88
OBJ 50001f88 (sz=40, trace=300000, class=java.lang.ref.SoftReference@50000153)
	referent	5000149a
	queue		50001524
OBJ 50001f89 (sz=40, trace=300000, class=java.lang.ref.SoftReference@50000153)
	referent	500014da
	queue		50001524
OBJ 50001f8a (sz=40, trace=300000, class=java.lang.ref.SoftReference@50000153)
	referent	5000149a
	queue		50001524
OBJ 50001f8b (sz=40, trace=300000, class=java.lang.ref.SoftReference@50000153)
	referent	500014bf
	queue		50001524
OBJ 50001f8c (sz=32, trace=300000, class=sun.util.locale.BaseLocale@50000018)
	language	500014bf
	script		5000149a
	region		500014da
	variant		5000149a
OBJ 50001f8d (sz=48, trace=300000, class=sun.util.locale.LocaleObjectCache$CacheEntry@50000015)
	referent	50001f94
	queue		5000150f
	key		50001f8e
OBJ 50001f8e (sz=40, trace=300000, class=sun.util.locale.BaseLocale$Key@50000016)
	lang		50001f92
	scrt		50001f91
	regn		50001f90
	vart		50001f8f
OBJ 50001f8f (sz=40, trace=300000, class=java.lang.ref.SoftReference@50000153)
	referent	5000149a
	queue		50001524
OBJ 50001f90 (sz=40, trace=300000, class=java.lang.ref.SoftReference@50000153)
	referent	500014d6
	queue		50001524
OBJ 50001f91 (sz=40, trace=300000, class=java.lang.ref.SoftReference@50000153)
	referent	5000149a
	queue		50001524
OBJ 50001f92 (sz=40, trace=300000, class=java.lang.ref.SoftReference@50000153)
	referent	500014cf
	queue		50001524
ARR 50001f93 (sz=4, trace=300000, nelems=2, elem type=char[])
OBJ 50001f94 (sz=32, trace=300000, class=sun.util.locale.BaseLocale@50000018)
	language	500014cf
	script		5000149a
	region		500014d6
	variant		5000149a
OBJ 50001f95 (sz=48, trace=300000, class=sun.util.locale.LocaleObjectCache$CacheEntry@50000015)
	referent	50001f9b
	queue		5000150f
	key		50001f96
OBJ 50001f96 (sz=40, trace=300000, class=sun.util.locale.BaseLocale$Key@50000016)
	lang		50001f9a
	scrt		50001f99
	regn		50001f98
	vart		50001f97
OBJ 50001f97 (sz=40, trace=300000, class=java.lang.ref.SoftReference@50000153)
	referent	5000149a
	queue		50001524
OBJ 50001f98 (sz=40, trace=300000, class=java.lang.ref.SoftReference@50000153)
	referent	5000149a
	queue		50001524
OBJ 50001f99 (sz=40, trace=300000, class=java.lang.ref.SoftReference@50000153)
	referent	5000149a
	queue		50001524
OBJ 50001f9a (sz=40, trace=300000, class=java.lang.ref.SoftReference@50000153)
	referent	500014d0
	queue		50001524
OBJ 50001f9b (sz=32, trace=300000, class=sun.util.locale.BaseLocale@50000018)
	language	500014d0
	script		5000149a
	region		5000149a
	variant		5000149a
OBJ 50001f9c (sz=48, trace=300000, class=sun.util.locale.LocaleObjectCache$CacheEntry@50000015)
	referent	50001fa2
	queue		5000150f
	key		50001f9d
OBJ 50001f9d (sz=40, trace=300000, class=sun.util.locale.BaseLocale$Key@50000016)
	lang		50001fa1
	scrt		50001fa0
	regn		50001f9f
	vart		50001f9e
OBJ 50001f9e (sz=40, trace=300000, class=java.lang.ref.SoftReference@50000153)
	referent	5000149a
	queue		50001524
OBJ 50001f9f (sz=40, trace=300000, class=java.lang.ref.SoftReference@50000153)
	referent	5000149a
	queue		50001524
OBJ 50001fa0 (sz=40, trace=300000, class=java.lang.ref.SoftReference@50000153)
	referent	5000149a
	queue		50001524
OBJ 50001fa1 (sz=40, trace=300000, class=java.lang.ref.SoftReference@50000153)
	referent	500014ce
	queue		50001524
OBJ 50001fa2 (sz=32, trace=300000, class=sun.util.locale.BaseLocale@50000018)
	language	500014ce
	script		5000149a
	region		5000149a
	variant		5000149a
OBJ 50001fa3 (sz=32, trace=300000, class=java.util.concurrent.ConcurrentHashMap$Node@50000020)
	key		50001fad
	val		50001fac
OBJ 50001fa4 (sz=48, trace=300000, class=sun.util.locale.LocaleObjectCache$CacheEntry@50000015)
	referent	50001fab
	queue		5000150f
	key		50001fa5
OBJ 50001fa5 (sz=40, trace=300000, class=sun.util.locale.BaseLocale$Key@50000016)
	lang		50001fa9
	scrt		50001fa8
	regn		50001fa7
	vart		50001fa6
OBJ 50001fa6 (sz=40, trace=300000, class=java.lang.ref.SoftReference@50000153)
	referent	5000149a
	queue		50001524
OBJ 50001fa7 (sz=40, trace=300000, class=java.lang.ref.SoftReference@50000153)
	referent	500014d2
	queue		50001524
OBJ 50001fa8 (sz=40, trace=300000, class=java.lang.ref.SoftReference@50000153)
	referent	5000149a
	queue		50001524
OBJ 50001fa9 (sz=40, trace=300000, class=java.lang.ref.SoftReference@50000153)
	referent	500014d1
	queue		50001524
ARR 50001faa (sz=4, trace=300000, nelems=2, elem type=char[])
OBJ 50001fab (sz=32, trace=300000, class=sun.util.locale.BaseLocale@50000018)
	language	500014d1
	script		5000149a
	region		500014d2
	variant		5000149a
OBJ 50001fac (sz=48, trace=300000, class=sun.util.locale.LocaleObjectCache$CacheEntry@50000015)
	referent	50001fb2
	queue		5000150f
	key		50001fad
OBJ 50001fad (sz=40, trace=300000, class=sun.util.locale.BaseLocale$Key@50000016)
	lang		50001fb1
	scrt		50001fb0
	regn		50001faf
	vart		50001fae
OBJ 50001fae (sz=40, trace=300000, class=java.lang.ref.SoftReference@50000153)
	referent	5000149a
	queue		50001524
OBJ 50001faf (sz=40, trace=300000, class=java.lang.ref.SoftReference@50000153)
	referent	5000149a
	queue		50001524
OBJ 50001fb0 (sz=40, trace=300000, class=java.lang.ref.SoftReference@50000153)
	referent	5000149a
	queue		50001524
OBJ 50001fb1 (sz=40, trace=300000, class=java.lang.ref.SoftReference@50000153)
	referent	5000149a
	queue		50001524
OBJ 50001fb2 (sz=32, trace=300000, class=sun.util.locale.BaseLocale@50000018)
	language	5000149a
	script		5000149a
	region		5000149a
	variant		5000149a
ARR 50001fb3 (sz=4, trace=300000, nelems=2, elem type=char[])
ARR 50001fb4 (sz=4, trace=300000, nelems=2, elem type=char[])
ARR 50001fb5 (sz=4, trace=300000, nelems=2, elem type=char[])
OBJ 50001fb6 (sz=16, trace=300000, class=java.lang.ref.ReferenceQueue$Lock@500000dc)
OBJ 50001fb7 (sz=32, trace=300000, class=java.util.concurrent.ConcurrentHashMap$Node@50000020)
	key		50001fbb
	val		50001fba
OBJ 50001fb8 (sz=48, trace=300000, class=sun.util.locale.LocaleObjectCache$CacheEntry@50000015)
	referent	500014dc
	queue		500014f0
	key		50001fb9
OBJ 50001fb9 (sz=24, trace=300000, class=java.util.Locale$LocaleKey@50000014)
	base		50001f85
OBJ 50001fba (sz=48, trace=300000, class=sun.util.locale.LocaleObjectCache$CacheEntry@50000015)
	referent	500014df
	queue		500014f0
	key		50001fbb
OBJ 50001fbb (sz=24, trace=300000, class=java.util.Locale$LocaleKey@50000014)
	base		50001f8c
OBJ 50001fbc (sz=48, trace=300000, class=sun.util.locale.LocaleObjectCache$CacheEntry@50000015)
	referent	500014e7
	queue		500014f0
	key		50001fbd
OBJ 50001fbd (sz=24, trace=300000, class=java.util.Locale$LocaleKey@50000014)
	base		50001f7c
OBJ 50001fbe (sz=48, trace=300000, class=sun.util.locale.LocaleObjectCache$CacheEntry@50000015)
	referent	500014e5
	queue		500014f0
	key		50001fbf
OBJ 50001fbf (sz=24, trace=300000, class=java.util.Locale$LocaleKey@50000014)
	base		50001f94
OBJ 50001fc0 (sz=48, trace=300000, class=sun.util.locale.LocaleObjectCache$CacheEntry@50000015)
	referent	500014ee
	queue		500014f0
	key		50001fc1
OBJ 50001fc1 (sz=24, trace=300000, class=java.util.Locale$LocaleKey@50000014)
	base		50001f6a
OBJ 50001fc2 (sz=48, trace=300000, class=sun.util.locale.LocaleObjectCache$CacheEntry@50000015)
	referent	500014e8
	queue		500014f0
	key		50001fc3
OBJ 50001fc3 (sz=24, trace=300000, class=java.util.Locale$LocaleKey@50000014)
	base		50001f3a
OBJ 50001fc4 (sz=48, trace=300000, class=sun.util.locale.LocaleObjectCache$CacheEntry@50000015)
	referent	500014ec
	queue		500014f0
	key		50001fc5
OBJ 50001fc5 (sz=24, trace=300000, class=java.util.Locale$LocaleKey@50000014)
	base		50001fa2
OBJ 50001fc6 (sz=48, trace=300000, class=sun.util.locale.LocaleObjectCache$CacheEntry@50000015)
	referent	500014e6
	queue		500014f0
	key		50001fc7
OBJ 50001fc7 (sz=24, trace=300000, class=java.util.Locale$LocaleKey@50000014)
	base		50001f4c
OBJ 50001fc8 (sz=48, trace=300000, class=sun.util.locale.LocaleObjectCache$CacheEntry@50000015)
	referent	500014e9
	queue		500014f0
	key		50001fc9
OBJ 50001fc9 (sz=24, trace=300000, class=java.util.Locale$LocaleKey@50000014)
	base		50001f9b
OBJ 50001fca (sz=48, trace=300000, class=sun.util.locale.LocaleObjectCache$CacheEntry@50000015)
	referent	500014eb
	queue		500014f0
	key		50001fcb
OBJ 50001fcb (sz=24, trace=300000, class=java.util.Locale$LocaleKey@50000014)
	base		50001f5d
OBJ 50001fcc (sz=32, trace=300000, class=java.util.concurrent.ConcurrentHashMap$Node@50000020)
	key		50001fd0
	val		50001fcf
OBJ 50001fcd (sz=48, trace=300000, class=sun.util.locale.LocaleObjectCache$CacheEntry@50000015)
	referent	500014ea
	queue		500014f0
	key		50001fce
OBJ 50001fce (sz=24, trace=300000, class=java.util.Locale$LocaleKey@50000014)
	base		50001f32
OBJ 50001fcf (sz=48, trace=300000, class=sun.util.locale.LocaleObjectCache$CacheEntry@50000015)
	referent	500014e1
	queue		500014f0
	key		50001fd0
OBJ 50001fd0 (sz=24, trace=300000, class=java.util.Locale$LocaleKey@50000014)
	base		50001f73
OBJ 50001fd1 (sz=48, trace=300000, class=sun.util.locale.LocaleObjectCache$CacheEntry@50000015)
	referent	500014ed
	queue		500014f0
	key		50001fd2
OBJ 50001fd2 (sz=24, trace=300000, class=java.util.Locale$LocaleKey@50000014)
	base		50001f42
OBJ 50001fd3 (sz=48, trace=300000, class=sun.util.locale.LocaleObjectCache$CacheEntry@50000015)
	referent	500014de
	queue		500014f0
	key		50001fd4
OBJ 50001fd4 (sz=24, trace=300000, class=java.util.Locale$LocaleKey@50000014)
	base		50001f20
OBJ 50001fd5 (sz=48, trace=300000, class=sun.util.locale.LocaleObjectCache$CacheEntry@50000015)
	referent	500014e3
	queue		500014f0
	key		50001fd6
OBJ 50001fd6 (sz=24, trace=300000, class=java.util.Locale$LocaleKey@50000014)
	base		50001f2a
OBJ 50001fd7 (sz=48, trace=300000, class=sun.util.locale.LocaleObjectCache$CacheEntry@50000015)
	referent	500014e4
	queue		500014f0
	key		50001fd8
OBJ 50001fd8 (sz=24, trace=300000, class=java.util.Locale$LocaleKey@50000014)
	base		50001f54
OBJ 50001fd9 (sz=32, trace=300000, class=java.util.concurrent.ConcurrentHashMap$Node@50000020)
	key		50001fdd
	val		50001fdc
OBJ 50001fda (sz=48, trace=300000, class=sun.util.locale.LocaleObjectCache$CacheEntry@50000015)
	referent	500014e2
	queue		500014f0
	key		50001fdb
OBJ 50001fdb (sz=24, trace=300000, class=java.util.Locale$LocaleKey@50000014)
	base		50001fab
OBJ 50001fdc (sz=48, trace=300000, class=sun.util.locale.LocaleObjectCache$CacheEntry@50000015)
	referent	500014dd
	queue		500014f0
	key		50001fdd
OBJ 50001fdd (sz=24, trace=300000, class=java.util.Locale$LocaleKey@50000014)
	base		50001fb2
OBJ 50001fde (sz=40, trace=300000, class=java.io.ObjectStreamField@500000fe)
	name		500014c4
	signature	50001d9c
	type		5000016f
OBJ 50001fdf (sz=40, trace=300000, class=java.io.ObjectStreamField@500000fe)
	name		500014c6
	signature	50001d9c
	type		5000016f
OBJ 50001fe0 (sz=40, trace=300000, class=java.io.ObjectStreamField@500000fe)
	name		500014c7
	signature	50001d9c
	type		5000016f
OBJ 50001fe1 (sz=40, trace=300000, class=java.io.ObjectStreamField@500000fe)
	name		500014c9
	signature	500016a2
	type		50001480
OBJ 50001fe2 (sz=40, trace=300000, class=java.io.ObjectStreamField@500000fe)
	name		500014c5
	signature	50001d9c
	type		5000016f
OBJ 50001fe3 (sz=40, trace=300000, class=java.io.ObjectStreamField@500000fe)
	name		500014c8
	signature	50001d9c
	type		5000016f
ARR 50001fe4 (sz=20, trace=300000, nelems=10, elem type=char[])
ARR 50001fe5 (sz=12, trace=300000, nelems=6, elem type=char[])
ARR 50001fe6 (sz=16, trace=300000, nelems=8, elem type=char[])
ARR 50001fe7 (sz=14, trace=300000, nelems=7, elem type=char[])
ARR 50001fe8 (sz=14, trace=300000, nelems=7, elem type=char[])
ARR 50001fe9 (sz=16, trace=300000, nelems=8, elem type=char[])
OBJ 50001fea (sz=24, trace=300000, class=java.lang.String@5000016f)
	value		50001ff4
OBJ 50001feb (sz=24, trace=300000, class=java.lang.String@5000016f)
	value		50001ff5
OBJ 50001fec (sz=24, trace=300000, class=java.lang.String@5000016f)
	value		50001ff6
OBJ 50001fed (sz=24, trace=300000, class=java.lang.String@5000016f)
	value		50001ff7
OBJ 50001fee (sz=24, trace=300000, class=java.lang.String@5000016f)
	value		50001ff8
OBJ 50001fef (sz=24, trace=300000, class=java.lang.String@5000016f)
	value		50001ff9
OBJ 50001ff0 (sz=24, trace=300000, class=java.lang.String@5000016f)
	value		50001ffa
OBJ 50001ff1 (sz=24, trace=300000, class=java.lang.String@5000016f)
	value		50001ffb
OBJ 50001ff2 (sz=24, trace=300000, class=java.lang.String@5000016f)
	value		50001ffc
OBJ 50001ff3 (sz=24, trace=300000, class=java.lang.String@5000016f)
	value		50001ffd
ARR 50001ff4 (sz=14, trace=300000, nelems=7, elem type=char[])
ARR 50001ff5 (sz=42, trace=300000, nelems=21, elem type=char[])
ARR 50001ff6 (sz=38, trace=300000, nelems=19, elem type=char[])
ARR 50001ff7 (sz=40, trace=300000, nelems=20, elem type=char[])
ARR 50001ff8 (sz=40, trace=300000, nelems=20, elem type=char[])
ARR 50001ff9 (sz=12, trace=300000, nelems=6, elem type=char[])
ARR 50001ffa (sz=40, trace=300000, nelems=20, elem type=char[])
ARR 50001ffb (sz=36, trace=300000, nelems=18, elem type=char[])
ARR 50001ffc (sz=38, trace=300000, nelems=19, elem type=char[])
ARR 50001ffd (sz=38, trace=300000, nelems=19, elem type=char[])
ARR 50001ffe (sz=4, trace=300000, nelems=2, elem type=char[])
ARR 50001fff (sz=24, trace=300000, nelems=12, elem type=char[])
ARR 50002000 (sz=24, trace=300000, nelems=12, elem type=char[])
ARR 50002001 (sz=22, trace=300000, nelems=11, elem type=char[])
ARR 50002002 (sz=22, trace=300000, nelems=11, elem type=char[])
ARR 50002003 (sz=26, trace=300000, nelems=13, elem type=char[])
OBJ 50002004 (sz=16, trace=300000, class=java.lang.ThreadLocal@500000c9)
OBJ 50002005 (sz=16, trace=300000, class=java.lang.ThreadLocal@500000c9)
ARR 50002006 (sz=10, trace=300000, nelems=5, elem type=char[])
ARR 50002007 (sz=8, trace=300000, nelems=4, elem type=char[])
ARR 50002008 (sz=4, trace=300000, nelems=2, elem type=char[])
ARR 50002009 (sz=4, trace=300000, nelems=2, elem type=char[])
ARR 5000200a (sz=4, trace=300000, nelems=2, elem type=char[])
ARR 5000200b (sz=24, trace=300000, nelems=12, elem type=char[])
ARR 5000200c (sz=14, trace=300000, nelems=7, elem type=char[])
ARR 5000200d (sz=22, trace=300000, nelems=11, elem type=char[])
ARR 5000200e (sz=24, trace=300000, nelems=12, elem type=char[])
OBJ 5000200f (sz=32, trace=300000, class=java.io.FileOutputStream@50000082)
	fd		500014ac
	closeLock	50002010
OBJ 50002010 (sz=16, trace=300000, class=java.lang.Object@50000173)
OBJ 50002011 (sz=24, trace=300000, class=java.lang.String@5000016f)
	value		5000201b
OBJ 50002012 (sz=24, trace=300000, class=java.lang.String@5000016f)
	value		5000201a
OBJ 50002013 (sz=24, trace=300000, class=java.lang.String@5000016f)
	value		50002019
OBJ 50002014 (sz=24, trace=300000, class=java.lang.String@5000016f)
	value		50002018
OBJ 50002015 (sz=32, trace=300000, class=java.util.concurrent.atomic.AtomicReferenceFieldUpdater$AtomicReferenceFieldUpdaterImpl@5000007e)
	tclass		50000080
	vclass		50000177
OBJ 50002016 (sz=24, trace=300000, class=java.lang.String@5000016f)
	value		50002017
ARR 50002017 (sz=26, trace=300000, nelems=13, elem type=char[])
ARR 50002018 (sz=6, trace=300000, nelems=3, elem type=char[])
ARR 50002019 (sz=50, trace=300000, nelems=25, elem type=char[])
ARR 5000201a (sz=58, trace=300000, nelems=29, elem type=char[])
ARR 5000201b (sz=32, trace=300000, nelems=16, elem type=char[])
OBJ 5000201c (sz=24, trace=300000, class=java.io.OutputStreamWriter@50000076)
	lock		500014a6
	se		50002021
OBJ 5000201d (sz=40, trace=300000, class=java.io.BufferedWriter@5000006a)
	lock		5000201c
	out		5000201c
	cb		50002020
	lineSeparator	500014a3
OBJ 5000201e (sz=24, trace=300000, class=java.io.BufferedOutputStream@50000078)
	out		500014ae
	buf		5000201f
ARR 5000201f (sz=128, trace=300000, nelems=128, elem type=byte[])
ARR 50002020 (sz=16384, trace=300000, nelems=8192, elem type=char[])
OBJ 50002021 (sz=48, trace=300000, class=sun.nio.cs.StreamEncoder@50000075)
	lock		5000201c
	cs		50001821
	encoder		50002023
	bb		50002022
	out		500014a6
OBJ 50002022 (sz=48, trace=300000, class=java.nio.HeapByteBuffer@5000006f)
	hb		50002025
OBJ 50002023 (sz=56, trace=300000, class=sun.nio.cs.UTF_8$Encoder@50000071)
	charset		50001821
	replacement	50002024
	malformedInputAction	5000149b
	unmappableCharacterAction	5000149b
ARR 50002024 (sz=1, trace=300000, nelems=1, elem type=byte[])
ARR 50002025 (sz=8192, trace=300000, nelems=8192, elem type=byte[])
ARR 50002026 (sz=28, trace=300000, nelems=14, elem type=char[])
OBJ 50002027 (sz=24, trace=300000, class=java.lang.String@5000016f)
	value		50002028
ARR 50002028 (sz=36, trace=300000, nelems=18, elem type=char[])
OBJ 50002029 (sz=24, trace=300000, class=java.io.OutputStreamWriter@50000076)
	lock		500014a5
	se		5000202e
OBJ 5000202a (sz=40, trace=300000, class=java.io.BufferedWriter@5000006a)
	lock		50002029
	out		50002029
	cb		5000202d
	lineSeparator	500014a3
OBJ 5000202b (sz=24, trace=300000, class=java.io.BufferedOutputStream@50000078)
	out		5000200f
	buf		5000202c
ARR 5000202c (sz=128, trace=300000, nelems=128, elem type=byte[])
ARR 5000202d (sz=16384, trace=300000, nelems=8192, elem type=char[])
OBJ 5000202e (sz=48, trace=300000, class=sun.nio.cs.StreamEncoder@50000075)
	lock		50002029
	cs		50001821
	encoder		50002030
	bb		5000202f
	out		500014a5
OBJ 5000202f (sz=48, trace=300000, class=java.nio.HeapByteBuffer@5000006f)
	hb		50002032
OBJ 50002030 (sz=56, trace=300000, class=sun.nio.cs.UTF_8$Encoder@50000071)
	charset		50001821
	replacement	50002031
	malformedInputAction	5000149b
	unmappableCharacterAction	5000149b
ARR 50002031 (sz=1, trace=300000, nelems=1, elem type=byte[])
ARR 50002032 (sz=8192, trace=300000, nelems=8192, elem type=byte[])
OBJ 50002033 (sz=24, trace=300000, class=java.util.Collections$SynchronizedSet@50000090)
	c		50002076
	mutex		500014a4
ARR 50002034 (sz=400, trace=300000, nelems=92, elem type=java.util.Hashtable$Entry[]@500000d6)
	[0]		50002035
	[1]		50002036
	[4]		50002037
	[9]		50002038
	[11]		50002039
	[13]		5000203a
	[16]		5000203b
	[17]		5000203c
	[18]		5000203d
	[19]		5000203e
	[21]		5000203f
	[22]		50002040
	[24]		50002041
	[26]		50002042
	[27]		50002043
	[33]		50002044
	[38]		50002045
	[39]		50002046
	[40]		50002047
	[41]		50002048
	[42]		50002049
	[44]		5000204a
	[47]		5000204b
	[49]		5000204c
	[54]		5000204d
	[57]		5000204e
	[63]		5000204f
	[65]		50002050
	[67]		50002051
	[70]		50002052
	[72]		50002053
	[74]		50002054
	[76]		50002055
	[79]		50002056
	[80]		50002057
	[81]		50002058
	[82]		50002059
	[85]		5000205a
	[88]		5000205b
	[91]		5000205c
OBJ 50002035 (sz=32, trace=300000, class=java.util.Hashtable$Entry@500000d8)
	key		50001666
	value		50001665
OBJ 50002036 (sz=32, trace=300000, class=java.util.Hashtable$Entry@500000d8)
	key		50001662
	value		50001661
OBJ 50002037 (sz=32, trace=300000, class=java.util.Hashtable$Entry@500000d8)
	key		5000165e
	value		5000165d
OBJ 50002038 (sz=32, trace=300000, class=java.util.Hashtable$Entry@500000d8)
	key		5000165a
	value		50001659
	next		50002075
OBJ 50002039 (sz=32, trace=300000, class=java.util.Hashtable$Entry@500000d8)
	key		5000164d
	value		5000164c
OBJ 5000203a (sz=32, trace=300000, class=java.util.Hashtable$Entry@500000d8)
	key		50001649
	value		50001648
OBJ 5000203b (sz=32, trace=300000, class=java.util.Hashtable$Entry@500000d8)
	key		50001645
	value		50001644
OBJ 5000203c (sz=32, trace=300000, class=java.util.Hashtable$Entry@500000d8)
	key		50001641
	value		50001640
OBJ 5000203d (sz=32, trace=300000, class=java.util.Hashtable$Entry@500000d8)
	key		5000163d
	value		5000163c
OBJ 5000203e (sz=32, trace=300000, class=java.util.Hashtable$Entry@500000d8)
	key		50001639
	value		50001d49
OBJ 5000203f (sz=32, trace=300000, class=java.util.Hashtable$Entry@500000d8)
	key		50001631
	value		50002073
OBJ 50002040 (sz=32, trace=300000, class=java.util.Hashtable$Entry@500000d8)
	key		5000162c
	value		5000162b
OBJ 50002041 (sz=32, trace=300000, class=java.util.Hashtable$Entry@500000d8)
	key		50001628
	value		50001627
	next		50002072
OBJ 50002042 (sz=32, trace=300000, class=java.util.Hashtable$Entry@500000d8)
	key		5000161f
	value		5000161e
	next		50002070
OBJ 50002043 (sz=32, trace=300000, class=java.util.Hashtable$Entry@500000d8)
	key		50001611
	value		50001610
OBJ 50002044 (sz=32, trace=300000, class=java.util.Hashtable$Entry@500000d8)
	key		5000160d
	value		5000160c
	next		5000206f
OBJ 50002045 (sz=32, trace=300000, class=java.util.Hashtable$Entry@500000d8)
	key		50001600
	value		500015ff
	next		5000206e
OBJ 50002046 (sz=32, trace=300000, class=java.util.Hashtable$Entry@500000d8)
	key		500015fb
	value		500015fa
OBJ 50002047 (sz=32, trace=300000, class=java.util.Hashtable$Entry@500000d8)
	key		500015f7
	value		500015f6
OBJ 50002048 (sz=32, trace=300000, class=java.util.Hashtable$Entry@500000d8)
	key		500015f3
	value		500015f2
OBJ 50002049 (sz=32, trace=300000, class=java.util.Hashtable$Entry@500000d8)
	key		500015ef
	value		500015ee
OBJ 5000204a (sz=32, trace=300000, class=java.util.Hashtable$Entry@500000d8)
	key		500015eb
	value		500015ea
OBJ 5000204b (sz=32, trace=300000, class=java.util.Hashtable$Entry@500000d8)
	key		500015e7
	value		500015e6
OBJ 5000204c (sz=32, trace=300000, class=java.util.Hashtable$Entry@500000d8)
	key		500015df
	value		500015de
	next		5000206d
OBJ 5000204d (sz=32, trace=300000, class=java.util.Hashtable$Entry@500000d8)
	key		500015da
	value		500015d9
OBJ 5000204e (sz=32, trace=300000, class=java.util.Hashtable$Entry@500000d8)
	key		500015d6
	value		50001399
OBJ 5000204f (sz=32, trace=300000, class=java.util.Hashtable$Entry@500000d8)
	key		500015d3
	value		500015d2
OBJ 50002050 (sz=32, trace=300000, class=java.util.Hashtable$Entry@500000d8)
	key		500015cf
	value		500015ce
OBJ 50002051 (sz=32, trace=300000, class=java.util.Hashtable$Entry@500000d8)
	key		500015c8
	value		500015c7
	next		5000206c
OBJ 50002052 (sz=32, trace=300000, class=java.util.Hashtable$Entry@500000d8)
	key		500015bf
	value		500015be
	next		5000206b
OBJ 50002053 (sz=32, trace=300000, class=java.util.Hashtable$Entry@500000d8)
	key		500015ba
	value		500015b9
OBJ 50002054 (sz=32, trace=300000, class=java.util.Hashtable$Entry@500000d8)
	key		50002068
	value		50002067
OBJ 50002055 (sz=32, trace=300000, class=java.util.Hashtable$Entry@500000d8)
	key		500015b2
	value		500015b1
	next		50002066
OBJ 50002056 (sz=32, trace=300000, class=java.util.Hashtable$Entry@500000d8)
	key		500015a4
	value		500015a3
	next		50002064
OBJ 50002057 (sz=32, trace=300000, class=java.util.Hashtable$Entry@500000d8)
	key		5000159b
	value		5000159a
	next		50002063
OBJ 50002058 (sz=32, trace=300000, class=java.util.Hashtable$Entry@500000d8)
	key		50001596
	value		50001595
OBJ 50002059 (sz=32, trace=300000, class=java.util.Hashtable$Entry@500000d8)
	key		5000158e
	value		5000158d
	next		50002062
OBJ 5000205a (sz=32, trace=300000, class=java.util.Hashtable$Entry@500000d8)
	key		50001589
	value		50001588
OBJ 5000205b (sz=32, trace=300000, class=java.util.Hashtable$Entry@500000d8)
	key		50001581
	value		50001580
	next		50002061
OBJ 5000205c (sz=32, trace=300000, class=java.util.Hashtable$Entry@500000d8)
	key		5000205e
	value		5000205d
OBJ 5000205d (sz=24, trace=300000, class=java.lang.String@5000016f)
	value		50002060
OBJ 5000205e (sz=24, trace=300000, class=java.lang.String@5000016f)
	value		5000205f
ARR 5000205f (sz=34, trace=300000, nelems=17, elem type=char[])
ARR 50002060 (sz=62, trace=300000, nelems=31, elem type=char[])
OBJ 50002061 (sz=32, trace=300000, class=java.util.Hashtable$Entry@500000d8)
	key		50001585
	value		50001584
OBJ 50002062 (sz=32, trace=300000, class=java.util.Hashtable$Entry@500000d8)
	key		50001592
	value		50001591
OBJ 50002063 (sz=32, trace=300000, class=java.util.Hashtable$Entry@500000d8)
	key		5000159f
	value		5000159e
OBJ 50002064 (sz=32, trace=300000, class=java.util.Hashtable$Entry@500000d8)
	key		500015a9
	value		500015a8
	next		50002065
OBJ 50002065 (sz=32, trace=300000, class=java.util.Hashtable$Entry@500000d8)
	key		500015ad
	value		500015ac
OBJ 50002066 (sz=32, trace=300000, class=java.util.Hashtable$Entry@500000d8)
	key		500015b6
	value		500015b5
OBJ 50002067 (sz=24, trace=300000, class=java.lang.String@5000016f)
	value		5000206a
OBJ 50002068 (sz=24, trace=300000, class=java.lang.String@5000016f)
	value		50002069
ARR 50002069 (sz=40, trace=300000, nelems=20, elem type=char[])
ARR 5000206a (sz=24, trace=300000, nelems=12, elem type=char[])
OBJ 5000206b (sz=32, trace=300000, class=java.util.Hashtable$Entry@500000d8)
	key		500015c3
	value		500015c2
OBJ 5000206c (sz=32, trace=300000, class=java.util.Hashtable$Entry@500000d8)
	key		500015cb
	value		500014a3
OBJ 5000206d (sz=32, trace=300000, class=java.util.Hashtable$Entry@500000d8)
	key		500015e3
	value		500015e2
OBJ 5000206e (sz=32, trace=300000, class=java.util.Hashtable$Entry@500000d8)
	key		50001604
	value		50001603
OBJ 5000206f (sz=32, trace=300000, class=java.util.Hashtable$Entry@500000d8)
	key		50001609
	value		50001608
OBJ 50002070 (sz=32, trace=300000, class=java.util.Hashtable$Entry@500000d8)
	key		5000161b
	value		5000161a
	next		50002071
OBJ 50002071 (sz=32, trace=300000, class=java.util.Hashtable$Entry@500000d8)
	key		50001616
	value		50001615
OBJ 50002072 (sz=32, trace=300000, class=java.util.Hashtable$Entry@500000d8)
	key		50001624
	value		50001623
OBJ 50002073 (sz=24, trace=300000, class=java.lang.String@5000016f)
	value		50002074
ARR 50002074 (sz=20, trace=300000, nelems=10, elem type=char[])
OBJ 50002075 (sz=32, trace=300000, class=java.util.Hashtable$Entry@500000d8)
	key		50001656
	value		50001655
OBJ 50002076 (sz=16, trace=300000, class=java.util.Hashtable$EntrySet@50000092)
	this$0		500014a4
OBJ 50002077 (sz=24, trace=300000, class=java.lang.String@5000016f)
	value		5000207f
OBJ 50002078 (sz=24, trace=300000, class=java.lang.String@5000016f)
	value		5000207e
OBJ 50002079 (sz=24, trace=300000, class=java.lang.String@5000016f)
	value		5000207d
OBJ 5000207a (sz=16, trace=300000, class=java.lang.Terminator$1@50000056)
OBJ 5000207b (sz=24, trace=300000, class=sun.misc.NativeSignalHandler@50000054)
OBJ 5000207c (sz=24, trace=300000, class=sun.misc.NativeSignalHandler@50000054)
ARR 5000207d (sz=8, trace=300000, nelems=4, elem type=char[])
ARR 5000207e (sz=6, trace=300000, nelems=3, elem type=char[])
ARR 5000207f (sz=6, trace=300000, nelems=3, elem type=char[])
OBJ 50002080 (sz=48, trace=300000, class=java.util.Hashtable@50000147)
	table		50002089
OBJ 50002081 (sz=48, trace=300000, class=java.util.Hashtable@50000147)
	table		50002082
ARR 50002082 (sz=32, trace=300000, nelems=4, elem type=java.util.Hashtable$Entry[]@500000d6)
	[1]		50002083
	[2]		50002084
	[3]		50002085
OBJ 50002083 (sz=32, trace=300000, class=java.util.Hashtable$Entry@500000d8)
	key		50002088
	value		5000207a
OBJ 50002084 (sz=32, trace=300000, class=java.util.Hashtable$Entry@500000d8)
	key		50002087
	value		5000207a
OBJ 50002085 (sz=32, trace=300000, class=java.util.Hashtable$Entry@500000d8)
	key		50002086
	value		5000207a
OBJ 50002086 (sz=24, trace=300000, class=sun.misc.Signal@50000055)
	name		50002079
OBJ 50002087 (sz=24, trace=300000, class=sun.misc.Signal@50000055)
	name		50002078
OBJ 50002088 (sz=24, trace=300000, class=sun.misc.Signal@50000055)
	name		50002077
ARR 50002089 (sz=32, trace=300000, nelems=4, elem type=java.util.Hashtable$Entry[]@500000d6)
	[1]		5000208a
	[2]		5000208b
	[3]		5000208c
OBJ 5000208a (sz=32, trace=300000, class=java.util.Hashtable$Entry@500000d8)
	key		5000172f
	value		50002088
OBJ 5000208b (sz=32, trace=300000, class=java.util.Hashtable$Entry@500000d8)
	key		50001730
	value		50002087
OBJ 5000208c (sz=32, trace=300000, class=java.util.Hashtable$Entry@500000d8)
	key		5000173d
	value		50002086
OBJ 5000208d (sz=24, trace=300000, class=java.lang.String@5000016f)
	value		5000208e
ARR 5000208e (sz=8, trace=300000, nelems=4, elem type=char[])
ARR 5000208f (sz=6, trace=300000, nelems=3, elem type=char[])
ARR 50002090 (sz=38, trace=300000, nelems=19, elem type=char[])
ARR 50002091 (sz=38, trace=300000, nelems=19, elem type=char[])
ARR 50002092 (sz=32, trace=300000, nelems=1, elem type=java.lang.ThreadGroup[]@500000f7)
	[0]		50001495
ARR 50002093 (sz=32, trace=300000, nelems=3, elem type=java.lang.Thread[]@500000df)
	[0]		50001394
	[1]		50001390
	[2]		5000138f
OBJ 50002094 (sz=16, trace=300000, class=java.lang.Object@50000173)
OBJ 50002095 (sz=40, trace=300000, class=java.security.AccessControlContext@50000160)
ARR 50002096 (sz=34, trace=300000, nelems=17, elem type=char[])
OBJ 50002097 (sz=16, trace=300000, class=java.lang.Object@50000173)
OBJ 50002098 (sz=40, trace=300000, class=java.security.AccessControlContext@50000160)
ARR 50002099 (sz=18, trace=300000, nelems=9, elem type=char[])
OBJ 5000209a (sz=24, trace=300000, class=java.lang.String@5000016f)
	value		500020a6
OBJ 5000209b (sz=16, trace=300000, class=java.lang.Object@50000173)
OBJ 5000209c (sz=40, trace=300000, class=java.lang.ref.Finalizer@5000014e)
	referent	5000209e
	queue		50001391
	next		5000209d
	prev		50000204
OBJ 5000209d (sz=40, trace=300000, class=java.lang.ref.Finalizer@5000014e)
	referent	50001ef0
	queue		50001391
	next		500020a3
	prev		5000209c
OBJ 5000209e (sz=32, trace=300000, class=java.io.FileInputStream@50000089)
	fd		500020a1
	path		500020a0
	closeLock	5000209f
OBJ 5000209f (sz=16, trace=300000, class=java.lang.Object@50000173)
OBJ 500020a0 (sz=24, trace=300000, class=java.lang.String@5000016f)
	value		500020a2
OBJ 500020a1 (sz=32, trace=300000, class=java.io.FileDescriptor@50000088)
	parent		5000209e
ARR 500020a2 (sz=172, trace=300000, nelems=86, elem type=char[])
OBJ 500020a3 (sz=40, trace=300000, class=java.lang.ref.Finalizer@5000014e)
	referent	5000200f
	queue		50001391
	next		500020a4
	prev		5000209d
OBJ 500020a4 (sz=40, trace=300000, class=java.lang.ref.Finalizer@5000014e)
	referent	500014ae
	queue		50001391
	next		500020a5
	prev		500020a3
OBJ 500020a5 (sz=40, trace=300000, class=java.lang.ref.Finalizer@5000014e)
	referent	500014a9
	queue		50001391
	prev		500020a4
ARR 500020a6 (sz=18, trace=300000, nelems=9, elem type=char[])
OBJ 500020a7 (sz=16, trace=300000, class=java.lang.Object@50000173)
OBJ 500020a8 (sz=40, trace=300000, class=java.security.AccessControlContext@50000160)
ARR 500020a9 (sz=34, trace=300000, nelems=17, elem type=char[])
ARR 500020aa (sz=32, trace=300000, nelems=1, elem type=java.lang.Thread[]@500000df)
	[0]		50001396
OBJ 500020ab (sz=24, trace=300000, class=java.lang.String@5000016f)
	value		500020ac
ARR 500020ac (sz=8, trace=300000, nelems=4, elem type=char[])
OBJ 500020ad (sz=16, trace=300000, class=java.lang.Object@50000173)
OBJ 500020ae (sz=24, trace=300000, class=java.lang.ThreadLocal$ThreadLocalMap@5000009c)
	table		500020b1
OBJ 500020af (sz=40, trace=300000, class=java.security.AccessControlContext@50000160)
ARR 500020b0 (sz=8, trace=300000, nelems=4, elem type=char[])
ARR 500020b1 (sz=80, trace=300000, nelems=15, elem type=java.lang.ThreadLocal$ThreadLocalMap$Entry[]@50000098)
	[5]		50000b53
	[7]		500020b2
	[14]		500020b3
OBJ 500020b2 (sz=32, trace=300000, class=java.lang.ThreadLocal$ThreadLocalMap$Entry@5000009b)
	referent	50002005
	queue		50001524
	value		500020b8
OBJ 500020b3 (sz=32, trace=300000, class=java.lang.ThreadLocal$ThreadLocalMap$Entry@5000009b)
	referent	50002004
	queue		50001524
	value		500020b4
OBJ 500020b4 (sz=40, trace=300000, class=java.lang.ref.SoftReference@50000153)
	referent	500020b5
	queue		50001524
OBJ 500020b5 (sz=32, trace=300000, class=java.lang.StringCoding$StringEncoder@5000005f)
	cs		50001821
	ce		500020b6
	requestedCharsetName	50001399
OBJ 500020b6 (sz=56, trace=300000, class=sun.nio.cs.UTF_8$Encoder@50000071)
	charset		50001821
	replacement	500020b7
	malformedInputAction	5000149b
	unmappableCharacterAction	5000149b
ARR 500020b7 (sz=1, trace=300000, nelems=1, elem type=byte[])
OBJ 500020b8 (sz=40, trace=300000, class=java.lang.ref.SoftReference@50000153)
	referent	500020b9
	queue		50001524
OBJ 500020b9 (sz=32, trace=300000, class=java.lang.StringCoding$StringDecoder@50000097)
	requestedCharsetName	50001399
	cs		50001821
	cd		500020ba
OBJ 500020ba (sz=40, trace=300000, class=sun.nio.cs.UTF_8$Decoder@50000094)
	charset		50001821
	replacement	50001c40
	malformedInputAction	5000149b
	unmappableCharacterAction	5000149b
OBJ 500020bb (sz=24, trace=300000, class=java.lang.String@5000016f)
	value		500020bc
ARR 500020bc (sz=18, trace=300000, nelems=9, elem type=char[])
OBJ 500020bd (sz=32, trace=300000, class=java.lang.OutOfMemoryError@50000157)
OBJ 500020be (sz=32, trace=300000, class=java.lang.OutOfMemoryError@50000157)
OBJ 500020bf (sz=32, trace=300000, class=java.lang.OutOfMemoryError@50000157)
OBJ 500020c0 (sz=32, trace=300000, class=java.lang.OutOfMemoryError@50000157)
OBJ 500020c1 (sz=24, trace=300000, class=java.lang.String@5000016f)
	value		500020c2
ARR 500020c2 (sz=126, trace=300000, nelems=63, elem type=char[])
OBJ 500020c3 (sz=24, trace=300000, class=java.lang.String@5000016f)
	value		500020c4
ARR 500020c4 (sz=52, trace=300000, nelems=26, elem type=char[])
OBJ 500020c5 (sz=24, trace=300000, class=java.lang.String@5000016f)
	value		500020c6
ARR 500020c6 (sz=74, trace=300000, nelems=37, elem type=char[])
OBJ 500020c7 (sz=24, trace=300000, class=java.lang.String@5000016f)
	value		500020c8
ARR 500020c8 (sz=44, trace=300000, nelems=22, elem type=char[])
OBJ 500020c9 (sz=24, trace=300000, class=java.lang.String@5000016f)
	value		500020ca
ARR 500020ca (sz=18, trace=300000, nelems=9, elem type=char[])
OBJ 500020cb (sz=24, trace=300000, class=java.lang.String@5000016f)
	value		500020cc
ARR 500020cc (sz=30, trace=300000, nelems=15, elem type=char[])
ARR 500020cd (sz=22, trace=300000, nelems=11, elem type=char[])
OBJ 500020ce (sz=24, trace=300000, class=java.lang.String@5000016f)
	value		500020e5
OBJ 500020cf (sz=24, trace=300000, class=java.lang.String@5000016f)
	value		500020e0
OBJ 500020d0 (sz=24, trace=300000, class=java.lang.String@5000016f)
	value		500020df
OBJ 500020d1 (sz=24, trace=300000, class=java.lang.String@5000016f)
	value		500020de
OBJ 500020d2 (sz=24, trace=300000, class=java.lang.String@5000016f)
	value		500020dd
OBJ 500020d3 (sz=24, trace=300000, class=java.lang.String@5000016f)
	value		500020dc
OBJ 500020d4 (sz=24, trace=300000, class=java.lang.String@5000016f)
	value		500020db
OBJ 500020d5 (sz=24, trace=300000, class=java.lang.String@5000016f)
	value		500020da
OBJ 500020d6 (sz=24, trace=300000, class=java.lang.String@5000016f)
	value		500020d9
OBJ 500020d7 (sz=24, trace=300000, class=java.lang.String@5000016f)
	value		500020d8
ARR 500020d8 (sz=98, trace=300000, nelems=49, elem type=char[])
ARR 500020d9 (sz=82, trace=300000, nelems=41, elem type=char[])
ARR 500020da (sz=86, trace=300000, nelems=43, elem type=char[])
ARR 500020db (sz=102, trace=300000, nelems=51, elem type=char[])
ARR 500020dc (sz=94, trace=300000, nelems=47, elem type=char[])
ARR 500020dd (sz=100, trace=300000, nelems=50, elem type=char[])
ARR 500020de (sz=94, trace=300000, nelems=47, elem type=char[])
ARR 500020df (sz=92, trace=300000, nelems=46, elem type=char[])
ARR 500020e0 (sz=82, trace=300000, nelems=41, elem type=char[])
OBJ 500020e1 (sz=24, trace=300000, class=java.lang.String@5000016f)
	value		500020e2
ARR 500020e2 (sz=12, trace=300000, nelems=6, elem type=char[])
OBJ 500020e3 (sz=24, trace=300000, class=java.lang.String@5000016f)
	value		500020e4
ARR 500020e4 (sz=20, trace=300000, nelems=10, elem type=char[])
ARR 500020e5 (sz=8, trace=300000, nelems=4, elem type=char[])
OBJ 500020e6 (sz=24, trace=300000, class=java.lang.String@5000016f)
	value		500020eb
OBJ 500020e7 (sz=24, trace=300000, class=java.lang.String@5000016f)
	value		500020ea
OBJ 500020e8 (sz=24, trace=300000, class=java.lang.String@5000016f)
	value		500020e9
ARR 500020e9 (sz=14, trace=300000, nelems=7, elem type=char[])
ARR 500020ea (sz=24, trace=300000, nelems=12, elem type=char[])
ARR 500020eb (sz=26, trace=300000, nelems=13, elem type=char[])
OBJ 500020ec (sz=24, trace=300000, class=java.lang.String@5000016f)
	value		500020ef
OBJ 500020ed (sz=24, trace=300000, class=java.lang.String@5000016f)
	value		500020ee
ARR 500020ee (sz=32, trace=300000, nelems=16, elem type=char[])
ARR 500020ef (sz=16, trace=300000, nelems=8, elem type=char[])
OBJ 500020f0 (sz=24, trace=300000, class=java.lang.String@5000016f)
	value		50002111
OBJ 500020f1 (sz=24, trace=300000, class=java.lang.String@5000016f)
	value		5000212b
OBJ 500020f2 (sz=24, trace=300000, class=java.lang.String@5000016f)
	value		5000212a
OBJ 500020f3 (sz=24, trace=300000, class=java.lang.String@5000016f)
	value		5000210d
OBJ 500020f4 (sz=24, trace=300000, class=java.lang.String@5000016f)
	value		50002129
OBJ 500020f5 (sz=24, trace=300000, class=java.lang.String@5000016f)
	value		50002128
OBJ 500020f6 (sz=24, trace=300000, class=java.lang.String@5000016f)
	value		50002127
OBJ 500020f7 (sz=24, trace=300000, class=java.lang.String@5000016f)
	value		50002126
OBJ 500020f8 (sz=24, trace=300000, class=java.lang.String@5000016f)
	value		50002125
OBJ 500020f9 (sz=24, trace=300000, class=java.lang.String@5000016f)
	value		50002124
OBJ 500020fa (sz=24, trace=300000, class=java.lang.String@5000016f)
	value		50002123
OBJ 500020fb (sz=24, trace=300000, class=java.lang.String@5000016f)
	value		5000210e
OBJ 500020fc (sz=24, trace=300000, class=java.lang.String@5000016f)
	value		50002120
OBJ 500020fd (sz=24, trace=300000, class=java.lang.String@5000016f)
	value		5000211f
OBJ 500020fe (sz=24, trace=300000, class=java.lang.String@5000016f)
	value		5000211e
OBJ 500020ff (sz=24, trace=300000, class=java.lang.String@5000016f)
	value		5000211d
OBJ 50002100 (sz=24, trace=300000, class=java.lang.String@5000016f)
	value		5000211c
OBJ 50002101 (sz=24, trace=300000, class=java.lang.String@5000016f)
	value		5000211b
OBJ 50002102 (sz=24, trace=300000, class=java.lang.String@5000016f)
	value		5000211a
OBJ 50002103 (sz=24, trace=300000, class=java.lang.String@5000016f)
	value		50002119
OBJ 50002104 (sz=24, trace=300000, class=java.lang.String@5000016f)
	value		50002118
OBJ 50002105 (sz=24, trace=300000, class=java.lang.String@5000016f)
	value		50002117
OBJ 50002106 (sz=24, trace=300000, class=java.lang.String@5000016f)
	value		50002116
OBJ 50002107 (sz=24, trace=300000, class=java.lang.String@5000016f)
	value		50002115
OBJ 50002108 (sz=24, trace=300000, class=java.lang.String@5000016f)
	value		50002114
OBJ 50002109 (sz=24, trace=300000, class=java.lang.String@5000016f)
	value		50002113
OBJ 5000210a (sz=24, trace=300000, class=java.lang.String@5000016f)
	value		50002112
OBJ 5000210b (sz=24, trace=300000, class=java.lang.String@5000016f)
	value		50002110
OBJ 5000210c (sz=24, trace=300000, class=java.lang.String@5000016f)
	value		5000210f
ARR 5000210d (sz=46, trace=300000, nelems=23, elem type=char[])
ARR 5000210e (sz=34, trace=300000, nelems=17, elem type=char[])
ARR 5000210f (sz=48, trace=300000, nelems=24, elem type=char[])
ARR 50002110 (sz=78, trace=300000, nelems=39, elem type=char[])
ARR 50002111 (sz=70, trace=300000, nelems=35, elem type=char[])
ARR 50002112 (sz=66, trace=300000, nelems=33, elem type=char[])
ARR 50002113 (sz=76, trace=300000, nelems=38, elem type=char[])
ARR 50002114 (sz=64, trace=300000, nelems=32, elem type=char[])
ARR 50002115 (sz=80, trace=300000, nelems=40, elem type=char[])
ARR 50002116 (sz=62, trace=300000, nelems=31, elem type=char[])
ARR 50002117 (sz=58, trace=300000, nelems=29, elem type=char[])
ARR 50002118 (sz=88, trace=300000, nelems=44, elem type=char[])
ARR 50002119 (sz=66, trace=300000, nelems=33, elem type=char[])
ARR 5000211a (sz=58, trace=300000, nelems=29, elem type=char[])
ARR 5000211b (sz=68, trace=300000, nelems=34, elem type=char[])
ARR 5000211c (sz=2, trace=300000, nelems=1, elem type=char[])
ARR 5000211d (sz=2, trace=300000, nelems=1, elem type=char[])
ARR 5000211e (sz=2, trace=300000, nelems=1, elem type=char[])
ARR 5000211f (sz=24, trace=300000, nelems=12, elem type=char[])
ARR 50002120 (sz=20, trace=300000, nelems=10, elem type=char[])
OBJ 50002121 (sz=24, trace=300000, class=java.lang.String@5000016f)
	value		50002122
ARR 50002122 (sz=68, trace=300000, nelems=34, elem type=char[])
ARR 50002123 (sz=30, trace=300000, nelems=15, elem type=char[])
ARR 50002124 (sz=36, trace=300000, nelems=18, elem type=char[])
ARR 50002125 (sz=18, trace=300000, nelems=9, elem type=char[])
ARR 50002126 (sz=128, trace=300000, nelems=64, elem type=char[])
ARR 50002127 (sz=6, trace=300000, nelems=3, elem type=char[])
ARR 50002128 (sz=10, trace=300000, nelems=5, elem type=char[])
ARR 50002129 (sz=14, trace=300000, nelems=7, elem type=char[])
ARR 5000212a (sz=20, trace=300000, nelems=10, elem type=char[])
ARR 5000212b (sz=6, trace=300000, nelems=3, elem type=char[])
OBJ 5000212c (sz=24, trace=300000, class=java.lang.String@5000016f)
	value		500021c3
OBJ 5000212d (sz=24, trace=300000, class=java.lang.String@5000016f)
	value		5000213a
OBJ 5000212e (sz=24, trace=300000, class=java.lang.String@5000016f)
	value		50002134
OBJ 5000212f (sz=24, trace=300000, class=java.lang.String@5000016f)
	value		50002139
OBJ 50002130 (sz=24, trace=300000, class=java.lang.String@5000016f)
	value		50002138
OBJ 50002131 (sz=24, trace=300000, class=java.lang.String@5000016f)
	value		50002137
OBJ 50002132 (sz=24, trace=300000, class=java.lang.String@5000016f)
	value		50002136
OBJ 50002133 (sz=24, trace=300000, class=java.lang.String@5000016f)
	value		50002135
ARR 50002134 (sz=16, trace=300000, nelems=8, elem type=char[])
ARR 50002135 (sz=20, trace=300000, nelems=10, elem type=char[])
ARR 50002136 (sz=8, trace=300000, nelems=4, elem type=char[])
ARR 50002137 (sz=24, trace=300000, nelems=12, elem type=char[])
ARR 50002138 (sz=36, trace=300000, nelems=18, elem type=char[])
ARR 50002139 (sz=32, trace=300000, nelems=16, elem type=char[])
ARR 5000213a (sz=32, trace=300000, nelems=16, elem type=char[])
OBJ 5000213b (sz=24, trace=300000, class=java.lang.String@5000016f)
	value		5000213c
ARR 5000213c (sz=58, trace=300000, nelems=29, elem type=char[])
OBJ 5000213d (sz=24, trace=300000, class=java.lang.String@5000016f)
	value		50002140
OBJ 5000213e (sz=24, trace=300000, class=java.lang.String@5000016f)
	value		5000213f
ARR 5000213f (sz=56, trace=300000, nelems=28, elem type=char[])
ARR 50002140 (sz=82, trace=300000, nelems=41, elem type=char[])
OBJ 50002141 (sz=24, trace=300000, class=java.lang.String@5000016f)
	value		50002144
OBJ 50002142 (sz=24, trace=300000, class=java.lang.String@5000016f)
	value		50002143
ARR 50002143 (sz=82, trace=300000, nelems=41, elem type=char[])
ARR 50002144 (sz=194, trace=300000, nelems=97, elem type=char[])
OBJ 50002145 (sz=24, trace=300000, class=java.lang.String@5000016f)
	value		50002149
OBJ 50002146 (sz=24, trace=300000, class=java.lang.String@5000016f)
	value		5000214a
OBJ 50002147 (sz=24, trace=300000, class=java.lang.String@5000016f)
	value		5000214b
OBJ 50002148 (sz=24, trace=300000, class=java.lang.String@5000016f)
	value		5000214c
ARR 50002149 (sz=6, trace=300000, nelems=3, elem type=char[])
ARR 5000214a (sz=6, trace=300000, nelems=3, elem type=char[])
ARR 5000214b (sz=8, trace=300000, nelems=4, elem type=char[])
ARR 5000214c (sz=8, trace=300000, nelems=4, elem type=char[])
OBJ 5000214d (sz=24, trace=300000, class=java.lang.String@5000016f)
	value		50002159
OBJ 5000214e (sz=24, trace=300000, class=java.lang.String@5000016f)
	value		50002158
OBJ 5000214f (sz=24, trace=300000, class=java.lang.String@5000016f)
	value		50002157
OBJ 50002150 (sz=24, trace=300000, class=java.lang.String@5000016f)
	value		50002156
OBJ 50002151 (sz=24, trace=300000, class=java.lang.String@5000016f)
	value		5000215c
OBJ 50002152 (sz=24, trace=300000, class=java.lang.String@5000016f)
	value		5000215b
OBJ 50002153 (sz=24, trace=300000, class=java.lang.String@5000016f)
	value		5000215a
OBJ 50002154 (sz=24, trace=300000, class=java.lang.String@5000016f)
	value		5000215e
OBJ 50002155 (sz=24, trace=300000, class=java.lang.String@5000016f)
	value		5000215d
ARR 50002156 (sz=12, trace=300000, nelems=6, elem type=char[])
ARR 50002157 (sz=8, trace=300000, nelems=4, elem type=char[])
ARR 50002158 (sz=8, trace=300000, nelems=4, elem type=char[])
ARR 50002159 (sz=12, trace=300000, nelems=6, elem type=char[])
ARR 5000215a (sz=14, trace=300000, nelems=7, elem type=char[])
ARR 5000215b (sz=14, trace=300000, nelems=7, elem type=char[])
ARR 5000215c (sz=16, trace=300000, nelems=8, elem type=char[])
ARR 5000215d (sz=8, trace=300000, nelems=4, elem type=char[])
ARR 5000215e (sz=12, trace=300000, nelems=6, elem type=char[])
OBJ 5000215f (sz=24, trace=300000, class=java.lang.String@5000016f)
	value		50002160
ARR 50002160 (sz=44, trace=300000, nelems=22, elem type=char[])
OBJ 50002161 (sz=24, trace=300000, class=java.lang.String@5000016f)
	value		50002164
OBJ 50002162 (sz=24, trace=300000, class=java.lang.String@5000016f)
	value		50002163
ARR 50002163 (sz=40, trace=300000, nelems=20, elem type=char[])
ARR 50002164 (sz=14, trace=300000, nelems=7, elem type=char[])
OBJ 50002165 (sz=56, trace=300000, class=java.util.ResourceBundle$CacheKey@5000112a)
	name		50001694
	locale		500014dc
	loaderRef	50001315
	format		50002166
OBJ 50002166 (sz=24, trace=300000, class=java.lang.String@5000016f)
	value		50002167
ARR 50002167 (sz=20, trace=300000, nelems=10, elem type=char[])
OBJ 50002168 (sz=56, trace=300000, class=java.util.ResourceBundle$CacheKey@5000112a)
	name		50001694
	locale		500014dd
	loaderRef	50001153
	format		50002166
OBJ 50002169 (sz=24, trace=300000, class=java.lang.String@5000016f)
	value		5000216c
OBJ 5000216a (sz=24, trace=300000, class=java.lang.String@5000016f)
	value		5000216b
ARR 5000216b (sz=48, trace=300000, nelems=24, elem type=char[])
ARR 5000216c (sz=238, trace=300000, nelems=119, elem type=char[])
OBJ 5000216d (sz=24, trace=300000, class=java.lang.String@5000016f)
	value		50002170
OBJ 5000216e (sz=24, trace=300000, class=java.lang.String@5000016f)
	value		5000216f
ARR 5000216f (sz=48, trace=300000, nelems=24, elem type=char[])
ARR 50002170 (sz=68, trace=300000, nelems=34, elem type=char[])
OBJ 50002171 (sz=24, trace=300000, class=java.lang.String@5000016f)
	value		50002174
OBJ 50002172 (sz=24, trace=300000, class=java.lang.String@5000016f)
	value		50002173
ARR 50002173 (sz=48, trace=300000, nelems=24, elem type=char[])
ARR 50002174 (sz=284, trace=300000, nelems=142, elem type=char[])
OBJ 50002175 (sz=24, trace=300000, class=java.lang.String@5000016f)
	value		50002178
OBJ 50002176 (sz=24, trace=300000, class=java.lang.String@5000016f)
	value		50002177
ARR 50002177 (sz=48, trace=300000, nelems=24, elem type=char[])
ARR 50002178 (sz=328, trace=300000, nelems=164, elem type=char[])
OBJ 50002179 (sz=24, trace=300000, class=java.lang.String@5000016f)
	value		5000217c
OBJ 5000217a (sz=24, trace=300000, class=java.lang.String@5000016f)
	value		5000217b
ARR 5000217b (sz=48, trace=300000, nelems=24, elem type=char[])
ARR 5000217c (sz=172, trace=300000, nelems=86, elem type=char[])
OBJ 5000217d (sz=24, trace=300000, class=java.lang.String@5000016f)
	value		50002180
OBJ 5000217e (sz=24, trace=300000, class=java.lang.String@5000016f)
	value		5000217f
ARR 5000217f (sz=54, trace=300000, nelems=27, elem type=char[])
ARR 50002180 (sz=100, trace=300000, nelems=50, elem type=char[])
OBJ 50002181 (sz=24, trace=300000, class=java.lang.String@5000016f)
	value		50002184
OBJ 50002182 (sz=24, trace=300000, class=java.lang.String@5000016f)
	value		50002183
ARR 50002183 (sz=48, trace=300000, nelems=24, elem type=char[])
ARR 50002184 (sz=346, trace=300000, nelems=173, elem type=char[])
OBJ 50002185 (sz=24, trace=300000, class=java.lang.String@5000016f)
	value		50002188
OBJ 50002186 (sz=24, trace=300000, class=java.lang.String@5000016f)
	value		50002187
ARR 50002187 (sz=54, trace=300000, nelems=27, elem type=char[])
ARR 50002188 (sz=252, trace=300000, nelems=126, elem type=char[])
OBJ 50002189 (sz=24, trace=300000, class=java.lang.String@5000016f)
	value		5000218c
OBJ 5000218a (sz=24, trace=300000, class=java.lang.String@5000016f)
	value		5000218b
ARR 5000218b (sz=52, trace=300000, nelems=26, elem type=char[])
ARR 5000218c (sz=66, trace=300000, nelems=33, elem type=char[])
OBJ 5000218d (sz=24, trace=300000, class=java.lang.String@5000016f)
	value		50002190
OBJ 5000218e (sz=24, trace=300000, class=java.lang.String@5000016f)
	value		5000218f
ARR 5000218f (sz=54, trace=300000, nelems=27, elem type=char[])
ARR 50002190 (sz=138, trace=300000, nelems=69, elem type=char[])
OBJ 50002191 (sz=24, trace=300000, class=java.lang.String@5000016f)
	value		50002194
OBJ 50002192 (sz=24, trace=300000, class=java.lang.String@5000016f)
	value		50002193
ARR 50002193 (sz=56, trace=300000, nelems=28, elem type=char[])
ARR 50002194 (sz=706, trace=300000, nelems=353, elem type=char[])
OBJ 50002195 (sz=24, trace=300000, class=java.lang.String@5000016f)
	value		50002198
OBJ 50002196 (sz=24, trace=300000, class=java.lang.String@5000016f)
	value		50002197
ARR 50002197 (sz=54, trace=300000, nelems=27, elem type=char[])
ARR 50002198 (sz=78, trace=300000, nelems=39, elem type=char[])
OBJ 50002199 (sz=24, trace=300000, class=java.lang.String@5000016f)
	value		5000219c
OBJ 5000219a (sz=24, trace=300000, class=java.lang.String@5000016f)
	value		5000219b
ARR 5000219b (sz=42, trace=300000, nelems=21, elem type=char[])
ARR 5000219c (sz=3734, trace=300000, nelems=1867, elem type=char[])
OBJ 5000219d (sz=24, trace=300000, class=java.lang.String@5000016f)
	value		500021a0
OBJ 5000219e (sz=24, trace=300000, class=java.lang.String@5000016f)
	value		5000219f
ARR 5000219f (sz=48, trace=300000, nelems=24, elem type=char[])
ARR 500021a0 (sz=40, trace=300000, nelems=20, elem type=char[])
OBJ 500021a1 (sz=24, trace=300000, class=java.lang.String@5000016f)
	value		500021a4
OBJ 500021a2 (sz=24, trace=300000, class=java.lang.String@5000016f)
	value		500021a3
ARR 500021a3 (sz=50, trace=300000, nelems=25, elem type=char[])
ARR 500021a4 (sz=108, trace=300000, nelems=54, elem type=char[])
OBJ 500021a5 (sz=24, trace=300000, class=java.lang.String@5000016f)
	value		500021a8
OBJ 500021a6 (sz=24, trace=300000, class=java.lang.String@5000016f)
	value		500021a7
ARR 500021a7 (sz=48, trace=300000, nelems=24, elem type=char[])
ARR 500021a8 (sz=4126, trace=300000, nelems=2063, elem type=char[])
OBJ 500021a9 (sz=24, trace=300000, class=java.lang.String@5000016f)
	value		500021ac
OBJ 500021aa (sz=24, trace=300000, class=java.lang.String@5000016f)
	value		500021ab
ARR 500021ab (sz=48, trace=300000, nelems=24, elem type=char[])
ARR 500021ac (sz=130, trace=300000, nelems=65, elem type=char[])
OBJ 500021ad (sz=24, trace=300000, class=java.lang.String@5000016f)
	value		500021af
ARR 500021ae (sz=48, trace=300000, nelems=24, elem type=char[])
ARR 500021af (sz=88, trace=300000, nelems=44, elem type=char[])
OBJ 500021b0 (sz=24, trace=300000, class=java.lang.String@5000016f)
	value		500021b3
OBJ 500021b1 (sz=24, trace=300000, class=java.lang.String@5000016f)
	value		500021b2
ARR 500021b2 (sz=48, trace=300000, nelems=24, elem type=char[])
ARR 500021b3 (sz=50, trace=300000, nelems=25, elem type=char[])
OBJ 500021b4 (sz=56, trace=300000, class=java.util.ResourceBundle$CacheKey@5000112a)
	name		50001694
	locale		500014ee
	loaderRef	50001236
	format		50002166
OBJ 500021b5 (sz=24, trace=300000, class=java.lang.String@5000016f)
	value		500021b8
OBJ 500021b6 (sz=24, trace=300000, class=java.lang.String@5000016f)
	value		500021b7
ARR 500021b7 (sz=36, trace=300000, nelems=18, elem type=char[])
ARR 500021b8 (sz=64, trace=300000, nelems=32, elem type=char[])
OBJ 500021b9 (sz=24, trace=300000, class=java.lang.String@5000016f)
	value		500021bb
OBJ 500021ba (sz=24, trace=300000, class=java.lang.String@5000016f)
	value		500021c2
ARR 500021bb (sz=30, trace=300000, nelems=15, elem type=char[])
OBJ 500021bc (sz=24, trace=300000, class=java.lang.String@5000016f)
	value		500021c1
OBJ 500021bd (sz=24, trace=300000, class=java.lang.String@5000016f)
	value		500021c0
OBJ 500021be (sz=24, trace=300000, class=java.lang.String@5000016f)
	value		500021bf
ARR 500021bf (sz=4, trace=300000, nelems=2, elem type=char[])
ARR 500021c0 (sz=4, trace=300000, nelems=2, elem type=char[])
ARR 500021c1 (sz=4, trace=300000, nelems=2, elem type=char[])
ARR 500021c2 (sz=20, trace=300000, nelems=10, elem type=char[])
ARR 500021c3 (sz=8, trace=300000, nelems=4, elem type=char[])
OBJ 500021c4 (sz=16, trace=300000, class=java.lang.Object@50000173)
ARR 500021c5 (sz=46, trace=300000, nelems=23, elem type=char[])
CLS 50000173 (name=java.lang.Object, trace=300000)
	constant pool entry 79	500000f9
	constant pool entry 17	50000173
CLS 50000001 (name=java.lang.SystemClassLoaderAction, trace=300000)
	super		50000173
	constant pool entry 36	50000168
	constant pool entry 14	50000001
	constant pool entry 9	50000173
	constant pool entry 3	50001f0b
CLS 50000002 (name=sun.misc.Launcher$AppClassLoader$1, trace=300000)
	super		50000173
	constant pool entry 41	50000119
	constant pool entry 11	50000173
	constant pool entry 10	50000002
	constant pool entry 7	50000118
CLS 5000000f (name=java.net.URLStreamHandler, trace=300000)
	super		50000173
	constant pool entry 126	5000016f
	constant pool entry 117	5000011b
	constant pool entry 73	50000173
	constant pool entry 72	5000000f
	constant pool entry 64	50001d85
	constant pool entry 61	50000124
	constant pool entry 43	50001d66
	constant pool entry 41	50001d84
	constant pool entry 39	50001d65
	constant pool entry 36	50001d63
	constant pool entry 34	50001d64
	constant pool entry 29	5000149a
	constant pool entry 21	50000123
CLS 50000003 (name=sun.net.www.protocol.jar.Handler, trace=300000)
	super		5000000f
	static separator	50001dba
	constant pool entry 84	5000016f
	constant pool entry 50	5000000f
	constant pool entry 44	50001529
	constant pool entry 35	5000149a
	constant pool entry 31	50000123
	constant pool entry 28	5000002d
	constant pool entry 23	50001ecb
	constant pool entry 16	5000011b
	constant pool entry 11	50000003
	constant pool entry 8	50001d44
	constant pool entry 2	50000e9a
CLS 50000004 (name=sun.misc.URLClassPath, trace=300000)
	super		50000173
	static USER_AGENT_JAVA_VERSION	50001d4a
	static JAVA_VERSION	50001d49
	constant pool entry 397	500000da
	constant pool entry 346	500000f1
	constant pool entry 327	50000228
	constant pool entry 299	50000168
	constant pool entry 277	5000004a
	constant pool entry 138	50000173
	constant pool entry 137	50000004
	constant pool entry 135	50001554
	constant pool entry 133	500014ba
	constant pool entry 132	50001d48
	constant pool entry 131	50001d47
	constant pool entry 130	50001d46
	constant pool entry 128	5000016f
	constant pool entry 125	50001d45
	constant pool entry 124	50000074
	constant pool entry 90	5000090c
	constant pool entry 87	5000022e
	constant pool entry 54	50001004
	constant pool entry 51	50001008
	constant pool entry 38	5000011b
	constant pool entry 31	50000909
	constant pool entry 29	50000230
	constant pool entry 20	50001d44
	constant pool entry 14	500000ba
	constant pool entry 10	500000e4
	constant pool entry 7	500000c5
CLS 500000e7 (name=java.util.AbstractCollection, trace=300000)
	super		50000173
	constant pool entry 8	50000173
CLS 500000c2 (name=java.util.AbstractSet, trace=300000)
	super		500000e7
	constant pool entry 19	500000e7
CLS 50000005 (name=java.util.HashSet, trace=300000)
	super		500000c2
	static PRESENT	50001e6d
	constant pool entry 60	500000c2
	constant pool entry 58	50000173
	constant pool entry 23	50000005
	constant pool entry 2	500000ba
CLS 50000006 (name=java.security.Principal[], trace=300000)
	super		50000173
CLS 50000007 (name=java.security.Principal, trace=300000)
CLS 50000008 (name=java.security.ProtectionDomain$Key, trace=300000)
	super		50000173
	constant pool entry 4	50000173
	constant pool entry 3	50000008
CLS 50000009 (name=java.security.ProtectionDomain$2, trace=300000)
	super		50000173
	constant pool entry 5	50000173
CLS 5000000a (name=sun.misc.JavaSecurityProtectionDomainAccess, trace=300000)
CLS 5000000b (name=java.security.ProtectionDomain$JavaSecurityAccessImpl, trace=300000)
	super		50000173
	constant pool entry 16	50000173
	constant pool entry 15	5000000b
CLS 5000000c (name=sun.misc.JavaSecurityAccess, trace=300000)
CLS 5000000d (name=java.net.URL[], trace=300000)
	super		50000173
CLS 5000000e (name=sun.net.www.protocol.file.Handler, trace=300000)
	super		5000000f
	constant pool entry 78	5000002d
	constant pool entry 68	5000016f
	constant pool entry 37	5000000f
	constant pool entry 36	5000000e
	constant pool entry 33	50000eae
	constant pool entry 17	5000011b
	constant pool entry 12	5000011d
	constant pool entry 3	5000149a
CLS 50000010 (name=java.net.Parts, trace=300000)
	super		50000173
	constant pool entry 29	5000016f
	constant pool entry 10	50000173
	constant pool entry 9	50000010
CLS 50000012 (name=java.lang.CharacterData, trace=300000)
	super		50000173
	constant pool entry 49	50000011
	constant pool entry 11	50000173
CLS 50000011 (name=java.lang.CharacterDataLatin1, trace=300000)
	super		50000012
	static sharpsMap	500017b3
	static instance	5000149e
	static A	5000149c
	static A_DATA	500017b1
	static B	500017b2
	constant pool entry 99	500000f9
	constant pool entry 87	5000016f
	constant pool entry 82	5000016b
	constant pool entry 24	50000012
	constant pool entry 21	500017b1
	constant pool entry 19	500017b0
	constant pool entry 14	50000011
CLS 50000013 (name=sun.util.locale.LocaleUtils, trace=300000)
	super		50000173
	constant pool entry 18	50000013
	constant pool entry 9	5000016f
CLS 50000014 (name=java.util.Locale$LocaleKey, trace=300000)
	super		50000173
	constant pool entry 44	50000018
	constant pool entry 11	50000173
	constant pool entry 8	50000014
CLS 50000154 (name=java.lang.ref.Reference, trace=300000)
	super		50000173
	static lock	50001395
	constant pool entry 92	5000014a
	constant pool entry 82	500000de
	constant pool entry 24	50000173
	constant pool entry 23	50000154
	constant pool entry 19	5000014c
	constant pool entry 17	50001c53
	constant pool entry 16	500000e1
	constant pool entry 11	500000e2
CLS 50000153 (name=java.lang.ref.SoftReference, trace=300000)
	super		50000154
	constant pool entry 7	50000154
	constant pool entry 6	50000153
CLS 50000015 (name=sun.util.locale.LocaleObjectCache$CacheEntry, trace=300000)
	super		50000153
	constant pool entry 4	50000153
	constant pool entry 3	50000015
CLS 50000016 (name=sun.util.locale.BaseLocale$Key, trace=300000)
	super		50000173
	constant pool entry 102	5000016b
	constant pool entry 89	50000013
	constant pool entry 31	50000173
	constant pool entry 29	50000018
	constant pool entry 23	5000016f
	constant pool entry 21	50000016
	constant pool entry 13	5000149a
	constant pool entry 11	50000153
CLS 5000002a (name=sun.util.locale.LocaleObjectCache, trace=300000)
	super		50000173
	constant pool entry 61	50000028
	constant pool entry 23	50000173
	constant pool entry 22	5000002a
	constant pool entry 12	50000015
	constant pool entry 7	50000027
	constant pool entry 4	500000de
CLS 50000017 (name=sun.util.locale.BaseLocale$Cache, trace=300000)
	super		5000002a
	constant pool entry 55	5000016b
	constant pool entry 19	5000002a
	constant pool entry 18	50000017
	constant pool entry 11	50000018
CLS 50000018 (name=sun.util.locale.BaseLocale, trace=300000)
	super		50000173
	static SEP	5000150d
	static CACHE	5000150c
	constant pool entry 97	5000016f
	constant pool entry 95	50000013
	constant pool entry 42	50000173
	constant pool entry 40	50000017
	constant pool entry 24	5000150b
	constant pool entry 22	5000150a
	constant pool entry 19	50001509
	constant pool entry 16	50000016
	constant pool entry 13	50000018
	constant pool entry 5	5000149a
CLS 5000001c (name=java.util.concurrent.ConcurrentHashMap$CollectionView, trace=300000)
	super		50000173
CLS 50000019 (name=java.util.concurrent.ConcurrentHashMap$EntrySetView, trace=300000)
	super		5000001c
CLS 5000001a (name=java.util.concurrent.ConcurrentHashMap$ValuesView, trace=300000)
	super		5000001c
CLS 5000001b (name=java.util.concurrent.ConcurrentHashMap$KeySetView, trace=300000)
	super		5000001c
CLS 5000001d (name=java.util.concurrent.ConcurrentHashMap$CounterCell[], trace=300000)
	super		50000173
CLS 5000001e (name=java.util.concurrent.ConcurrentHashMap$CounterCell, trace=300000)
	super		50000173
CLS 5000001f (name=java.util.concurrent.ConcurrentHashMap$Node[], trace=300000)
	super		50000173
CLS 50000020 (name=java.util.concurrent.ConcurrentHashMap$Node, trace=300000)
	super		50000173
	constant pool entry 20	50000173
	constant pool entry 19	50000020
CLS 50000021 (name=java.util.concurrent.ConcurrentHashMap$Segment[], trace=300000)
	super		50000173
CLS 50000022 (name=java.util.concurrent.locks.ReentrantLock[], trace=300000)
	super		50000173
CLS 50000023 (name=java.util.concurrent.locks.Lock[], trace=300000)
	super		50000173
CLS 50000025 (name=java.util.concurrent.locks.ReentrantLock, trace=300000)
	super		50000173
CLS 50000024 (name=java.util.concurrent.ConcurrentHashMap$Segment, trace=300000)
	super		50000025
CLS 50000026 (name=java.util.concurrent.locks.Lock, trace=300000)
CLS 500000ce (name=java.util.AbstractMap, trace=300000)
	super		50000173
	constant pool entry 41	50000173
CLS 50000027 (name=java.util.concurrent.ConcurrentHashMap, trace=300000)
	super		500000ce
	static serialPersistentFields	5000169e
	static U	5000154c
	constant pool entry 1037	500000f9
	constant pool entry 861	5000008b
	constant pool entry 660	50000122
	constant pool entry 651	5000016b
	constant pool entry 648	50000173
	constant pool entry 286	500000ce
	constant pool entry 278	5000169d
	constant pool entry 277	5000169c
	constant pool entry 276	5000169b
	constant pool entry 275	5000169a
	constant pool entry 272	50001699
	constant pool entry 267	500000fe
	constant pool entry 156	5000001e
	constant pool entry 110	5000001f
	constant pool entry 103	50001698
	constant pool entry 101	50001697
	constant pool entry 99	50001696
	constant pool entry 95	50000021
	constant pool entry 17	50000020
	constant pool entry 2	50000027
	constant pool entry 1	5000010c
CLS 50000028 (name=java.util.concurrent.ConcurrentMap, trace=300000)
CLS 50000029 (name=java.util.Locale$Cache, trace=300000)
	super		5000002a
	constant pool entry 10	5000002a
	constant pool entry 9	50000029
	constant pool entry 7	50000014
	constant pool entry 3	5000002b
CLS 5000002b (name=java.util.Locale, trace=300000)
	super		50000173
	static LOCALECACHE	500014ef
	static ENGLISH	500014ee
	static FRENCH	500014ed
	static GERMAN	500014ec
	static ITALIAN	500014eb
	static JAPANESE	500014ea
	static KOREAN	500014e9
	static CHINESE	500014e8
	static SIMPLIFIED_CHINESE	500014e2
	static TRADITIONAL_CHINESE	500014e1
	static FRANCE	500014e7
	static GERMANY	500014e6
	static ITALY	500014e5
	static JAPAN	500014e4
	static KOREA	500014e3
	static CHINA	500014e2
	static PRC	500014e2
	static TAIWAN	500014e1
	static UK	500014e0
	static US	500014dc
	static CANADA	500014df
	static CANADA_FRENCH	500014de
	static ROOT	500014dd
	static defaultLocale	500014dc
	static defaultFormatLocale	500014dc
	static serialPersistentFields	500014db
	constant pool entry 915	500000f9
	constant pool entry 712	5000016b
	constant pool entry 668	50000013
	constant pool entry 526	500000f1
	constant pool entry 500	50000018
	constant pool entry 284	5000134d
	constant pool entry 276	50001352
	constant pool entry 270	500000fe
	constant pool entry 265	500014da
	constant pool entry 263	500014d9
	constant pool entry 261	500014d8
	constant pool entry 256	500014d7
	constant pool entry 253	500014d6
	constant pool entry 251	500014d5
	constant pool entry 249	500014d4
	constant pool entry 247	500014d3
	constant pool entry 245	500014d2
	constant pool entry 243	500014d1
	constant pool entry 241	500014d0
	constant pool entry 238	500014cf
	constant pool entry 236	500014ce
	constant pool entry 234	500014cd
	constant pool entry 230	50000029
	constant pool entry 219	500014cc
	constant pool entry 216	500014cb
	constant pool entry 213	500014ca
	constant pool entry 195	500014c9
	constant pool entry 194	500014c8
	constant pool entry 193	500014c7
	constant pool entry 192	500014c6
	constant pool entry 191	500014c5
	constant pool entry 189	500014c4
	constant pool entry 167	5000010c
	constant pool entry 144	50000173
	constant pool entry 45	500014c3
	constant pool entry 44	500014c2
	constant pool entry 43	500014c1
	constant pool entry 38	500014c0
	constant pool entry 37	5000016f
	constant pool entry 34	500014bf
	constant pool entry 33	500014be
	constant pool entry 32	50000074
	constant pool entry 20	5000002b
	constant pool entry 16	50000014
	constant pool entry 10	5000149a
CLS 5000002c (name=java.util.BitSet, trace=300000)
	super		50000173
	static serialPersistentFields	50001d73
	constant pool entry 401	500000f9
	constant pool entry 302	5000016b
	constant pool entry 97	50000173
	constant pool entry 94	500000fe
	constant pool entry 76	50001d72
	constant pool entry 71	50000174
	constant pool entry 1	5000002c
CLS 5000002d (name=sun.net.www.ParseUtil, trace=300000)
	super		50000173
	static encodedInPath	50001d70
	static hexDigits	50001d6f
	constant pool entry 520	500000f9
	constant pool entry 391	5000016b
	constant pool entry 388	500000d5
	constant pool entry 312	50000034
	constant pool entry 297	50000095
	constant pool entry 295	50000093
	constant pool entry 293	50000b4b
	constant pool entry 290	50000036
	constant pool entry 288	50000070
	constant pool entry 281	50000112
	constant pool entry 271	5000011d
	constant pool entry 157	50000173
	constant pool entry 156	50001d6e
	constant pool entry 155	50001d6d
	constant pool entry 154	50001d6c
	constant pool entry 153	50001d6b
	constant pool entry 150	50001d6a
	constant pool entry 147	50001d69
	constant pool entry 144	50001d68
	constant pool entry 137	50001d67
	constant pool entry 126	5000002c
	constant pool entry 67	5000149a
	constant pool entry 66	50001d57
	constant pool entry 65	5000011b
	constant pool entry 62	50001529
	constant pool entry 59	50001d66
	constant pool entry 57	50001d65
	constant pool entry 56	50001d64
	constant pool entry 51	50001d63
	constant pool entry 23	50001c27
	constant pool entry 19	50000123
	constant pool entry 13	5000016f
	constant pool entry 10	5000010c
	constant pool entry 1	5000002d
CLS 5000002e (name=java.io.FileInputStream$1, trace=300000)
	super		50000173
	constant pool entry 20	50000089
	constant pool entry 5	50000173
	constant pool entry 4	5000002e
CLS 500000b9 (name=java.util.HashMap$Node, trace=300000)
	super		50000173
	constant pool entry 18	50000173
	constant pool entry 17	500000b9
CLS 5000005a (name=java.util.LinkedHashMap$Entry, trace=300000)
	super		500000b9
	constant pool entry 3	500000b9
CLS 5000002f (name=java.util.HashMap$TreeNode, trace=300000)
	super		5000005a
CLS 50000030 (name=java.lang.reflect.Array, trace=300000)
	super		50000173
	constant pool entry 4	50000030
CLS 50000033 (name=java.nio.charset.CoderResult$Cache, trace=300000)
	super		50000173
	constant pool entry 20	50000173
	constant pool entry 19	50000033
CLS 50000031 (name=java.nio.charset.CoderResult$2, trace=300000)
	super		50000033
	constant pool entry 5	50000033
CLS 50000032 (name=java.nio.charset.CoderResult$1, trace=300000)
	super		50000033
	constant pool entry 5	50000033
CLS 50000034 (name=java.nio.charset.CoderResult, trace=300000)
	super		50000173
	static names	50001c31
	static UNDERFLOW	50001c30
	static OVERFLOW	50001c2f
	static malformedCache	50001c2e
	static unmappableCache	50001c2d
	constant pool entry 141	500000f9
	constant pool entry 120	5000016b
	constant pool entry 43	50000173
	constant pool entry 41	50000031
	constant pool entry 39	50000032
	constant pool entry 36	50001c2c
	constant pool entry 35	50001c2b
	constant pool entry 34	50001c2a
	constant pool entry 33	50001c29
	constant pool entry 32	5000016f
	constant pool entry 14	50000034
CLS 50000114 (name=java.nio.Buffer, trace=300000)
	super		50000173
	constant pool entry 30	50000173
	constant pool entry 29	50000114
CLS 50000036 (name=java.nio.CharBuffer, trace=300000)
	super		50000114
	constant pool entry 53	50000114
	constant pool entry 42	50000036
	constant pool entry 7	50000035
CLS 50000035 (name=java.nio.HeapCharBuffer, trace=300000)
	super		50000036
	constant pool entry 141	500000f9
	constant pool entry 40	50000036
	constant pool entry 32	5000016f
	constant pool entry 2	50000035
CLS 5000003b (name=java.io.Reader, trace=300000)
	super		50000173
	constant pool entry 20	50000173
	constant pool entry 12	5000003b
CLS 50000037 (name=sun.nio.cs.StreamDecoder, trace=300000)
	super		5000003b
	constant pool entry 246	5000016b
	constant pool entry 233	50000034
	constant pool entry 229	50000036
	constant pool entry 218	5000011f
	constant pool entry 207	50000070
	constant pool entry 198	50000095
	constant pool entry 196	50000093
	constant pool entry 164	500000d4
	constant pool entry 87	5000003b
	constant pool entry 8	50000037
CLS 50000039 (name=java.io.InputStreamReader, trace=300000)
	super		5000003b
	constant pool entry 53	50000037
	constant pool entry 21	5000003b
	constant pool entry 20	50000039
CLS 50000038 (name=java.io.FileReader, trace=300000)
	super		50000039
	constant pool entry 7	50000039
	constant pool entry 1	50000089
CLS 5000003a (name=java.io.BufferedReader, trace=300000)
	super		5000003b
	constant pool entry 185	500000f9
	constant pool entry 48	5000003b
	constant pool entry 31	5000016f
	constant pool entry 17	50001499
	constant pool entry 2	5000003a
CLS 5000003c (name=java.lang.Readable, trace=300000)
CLS 5000003d (name=sun.misc.MetaIndex, trace=300000)
	super		50000173
	static jarMap	50001dc2
	constant pool entry 160	500000f9
	constant pool entry 124	5000016b
	constant pool entry 104	500000e9
	constant pool entry 85	50000149
	constant pool entry 45	50000173
	constant pool entry 39	500000ba
	constant pool entry 37	500000cf
	constant pool entry 35	5000016f
	constant pool entry 28	50001dc1
	constant pool entry 16	50001dc0
	constant pool entry 12	500000c5
	constant pool entry 9	50000038
	constant pool entry 8	5000003a
	constant pool entry 5	50001dbf
	constant pool entry 4	5000011d
	constant pool entry 3	5000003d
CLS 5000003e (name=sun.misc.Launcher$ExtClassLoader$1, trace=300000)
	super		50000173
	constant pool entry 33	5000003d
	constant pool entry 8	50000173
	constant pool entry 7	5000003e
	constant pool entry 4	50000117
CLS 5000003f (name=java.io.File[], trace=300000)
	super		50000173
CLS 50000040 (name=java.util.StringTokenizer, trace=300000)
	super		50000173
	constant pool entry 81	5000016f
	constant pool entry 34	50000173
	constant pool entry 33	50000040
	constant pool entry 5	50000112
CLS 50000041 (name=java.net.URLClassLoader$7, trace=300000)
	super		50000173
	constant pool entry 19	5000011c
	constant pool entry 6	50000173
CLS 50000042 (name=sun.misc.JavaNetAccess, trace=300000)
CLS 50000043 (name=java.util.WeakHashMap$KeySet, trace=300000)
	super		500000c2
	constant pool entry 13	500000c2
	constant pool entry 12	50000043
CLS 50000044 (name=java.util.Collections$SetFromMap, trace=300000)
	super		500000c2
	constant pool entry 115	50000113
	constant pool entry 103	50000149
	constant pool entry 31	500000c2
	constant pool entry 30	50000044
CLS 50000045 (name=java.util.WeakHashMap$Entry[], trace=300000)
	super		50000173
CLS 50000152 (name=java.lang.ref.WeakReference, trace=300000)
	super		50000154
	constant pool entry 4	50000154
CLS 50000046 (name=java.util.WeakHashMap$Entry, trace=300000)
	super		50000152
	constant pool entry 21	50000152
	constant pool entry 20	50000046
CLS 50000047 (name=java.lang.ClassLoader$ParallelLoaders, trace=300000)
	super		50000173
	static loaderTypes	50001efe
	constant pool entry 39	500000c4
	constant pool entry 35	500000c3
	constant pool entry 33	5000016b
	constant pool entry 10	50000047
	constant pool entry 9	50000169
	constant pool entry 6	500000ac
CLS 50000048 (name=sun.security.util.Debug, trace=300000)
	super		50000173
	static hexDigits	500017cd
	constant pool entry 243	500000f1
	constant pool entry 108	500017cc
	constant pool entry 102	500017cb
	constant pool entry 101	5000016f
	constant pool entry 98	500017ca
	constant pool entry 97	50000074
	constant pool entry 47	50000048
CLS 50000049 (name=sun.misc.Launcher$Factory, trace=300000)
	super		50000173
	static PREFIX	50001d51
	constant pool entry 47	5000016b
	constant pool entry 20	50000173
	constant pool entry 19	50000049
	constant pool entry 18	50001d51
	constant pool entry 12	5000000f
	constant pool entry 8	50001d52
	constant pool entry 7	50001c21
	constant pool entry 3	50000123
CLS 5000004a (name=java.net.URLStreamHandlerFactory, trace=300000)
CLS 5000004b (name=java.lang.Compiler$1, trace=300000)
	super		50000173
	constant pool entry 45	50000168
	constant pool entry 24	50000173
	constant pool entry 23	5000004b
	constant pool entry 21	500020e8
	constant pool entry 18	500020e7
	constant pool entry 11	50000123
	constant pool entry 2	500020e6
CLS 5000004c (name=java.lang.Compiler, trace=300000)
	super		50000173
	constant pool entry 34	500000f1
	constant pool entry 7	5000004c
	constant pool entry 4	5000004b
CLS 50000167 (name=java.lang.Throwable, trace=300000)
	super		50000173
	static UNASSIGNED_STACK	50001db2
	static SUPPRESSED_SENTINEL	50001db1
	static NULL_CAUSE_MESSAGE	50001db0
	static SELF_SUPPRESSION_MESSAGE	50001daf
	static CAUSE_CAPTION	50001dae
	static SUPPRESSED_CAPTION	50001dad
	static EMPTY_THROWABLE_ARRAY	50001dac
	constant pool entry 341	500000f9
	constant pool entry 219	500000c4
	constant pool entry 208	5000016b
	constant pool entry 95	50000173
	constant pool entry 75	500000c5
	constant pool entry 67	50000115
	constant pool entry 42	50000167
CLS 50000164 (name=java.lang.Exception, trace=300000)
	super		50000167
	constant pool entry 7	50000167
CLS 50000163 (name=java.lang.RuntimeException, trace=300000)
	super		50000164
CLS 5000004d (name=java.lang.IllegalArgumentException, trace=300000)
	super		50000163
CLS 5000004e (name=java.lang.System$2, trace=300000)
	super		50000173
	constant pool entry 21	50000173
CLS 5000004f (name=sun.misc.JavaLangAccess, trace=300000)
CLS 50000050 (name=sun.misc.OSEnvironment, trace=300000)
	super		50000173
CLS 50000051 (name=java.lang.Integer[], trace=300000)
	super		50000173
CLS 50000052 (name=java.lang.Number[], trace=300000)
	super		50000173
CLS 50000053 (name=java.lang.Integer$IntegerCache, trace=300000)
	super		50000173
	static cache	500016ad
	constant pool entry 74	500000f9
	constant pool entry 44	500000da
	constant pool entry 40	5000016b
	constant pool entry 9	50000053
	constant pool entry 5	50001551
	constant pool entry 2	5000010c
CLS 50000054 (name=sun.misc.NativeSignalHandler, trace=300000)
	super		50000173
	constant pool entry 6	50000173
	constant pool entry 5	50000054
CLS 50000055 (name=sun.misc.Signal, trace=300000)
	super		50000173
	static handlers	50002081
	static signals	50002080
	constant pool entry 111	5000010c
	constant pool entry 44	50000173
	constant pool entry 42	50000147
	constant pool entry 29	50000057
	constant pool entry 15	50000054
	constant pool entry 3	50000055
CLS 50000056 (name=java.lang.Terminator$1, trace=300000)
	super		50000173
	constant pool entry 5	50000173
CLS 50000057 (name=sun.misc.SignalHandler, trace=300000)
	static SIG_DFL	5000207c
	static SIG_IGN	5000207b
	constant pool entry 5	50000057
	constant pool entry 1	50000054
CLS 50000058 (name=java.lang.Terminator, trace=300000)
	super		50000173
	static handler	5000207a
	constant pool entry 12	50000058
	constant pool entry 11	50002079
	constant pool entry 10	50002078
	constant pool entry 6	50002077
	constant pool entry 5	50000055
	constant pool entry 3	50000056
CLS 50000059 (name=java.lang.ClassLoader$NativeLibrary, trace=300000)
	super		50000173
	constant pool entry 72	500000e4
	constant pool entry 60	50000169
	constant pool entry 18	50000173
	constant pool entry 17	50000059
CLS 5000005b (name=java.io.ExpiringCache$Entry, trace=300000)
	super		50000173
	constant pool entry 5	50000173
	constant pool entry 4	5000005b
CLS 5000005c (name=java.io.File$PathStatus[], trace=300000)
	super		50000173
CLS 5000005d (name=java.lang.Enum[], trace=300000)
	super		50000173
CLS 5000005e (name=java.lang.ClassLoader$3, trace=300000)
	super		50000173
	constant pool entry 29	50000113
	constant pool entry 27	5000011d
	constant pool entry 6	50000173
	constant pool entry 5	5000005e
CLS 5000005f (name=java.lang.StringCoding$StringEncoder, trace=300000)
	super		50000173
	constant pool entry 152	500000f9
	constant pool entry 84	5000009d
	constant pool entry 77	5000016b
	constant pool entry 72	50000072
	constant pool entry 70	50000093
	constant pool entry 68	500000d4
	constant pool entry 33	50000173
	constant pool entry 32	5000005f
	constant pool entry 18	50000073
CLS 50000060 (name=java.nio.file.Path, trace=300000)
CLS 50000061 (name=java.nio.file.Watchable, trace=300000)
CLS 50000063 (name=java.lang.Enum, trace=300000)
	super		50000173
	constant pool entry 31	50000173
	constant pool entry 12	50000063
CLS 50000062 (name=java.io.File$PathStatus, trace=300000)
	super		50000063
	static INVALID	50001d3d
	static CHECKED	50001d3c
	static $VALUES	50001d3b
	constant pool entry 49	500000f9
	constant pool entry 12	50000063
	constant pool entry 10	50001d3a
	constant pool entry 7	50001d39
	constant pool entry 4	50000062
CLS 500000ba (name=java.util.HashMap, trace=300000)
	super		500000ce
	constant pool entry 482	500000f9
	constant pool entry 314	50000110
	constant pool entry 294	50000173
	constant pool entry 110	50000149
	constant pool entry 109	500000ce
	constant pool entry 61	500000b8
	constant pool entry 60	500000b9
	constant pool entry 50	5000002f
	constant pool entry 10	500000ba
CLS 50000065 (name=java.util.LinkedHashMap, trace=300000)
	super		500000ba
	constant pool entry 86	500000b9
	constant pool entry 46	500000ba
	constant pool entry 45	50000065
	constant pool entry 37	50000ff7
	constant pool entry 6	5000005a
CLS 50000064 (name=java.io.ExpiringCache$1, trace=300000)
	super		50000065
	constant pool entry 26	50000066
	constant pool entry 6	50000065
	constant pool entry 5	50000064
CLS 50000066 (name=java.io.ExpiringCache, trace=300000)
	super		50000173
	constant pool entry 86	50000149
	constant pool entry 80	50000168
	constant pool entry 32	50000173
	constant pool entry 31	50000066
	constant pool entry 18	5000005b
	constant pool entry 8	50000064
CLS 50000068 (name=java.io.FileSystem, trace=300000)
	super		50000173
	constant pool entry 89	50000168
	constant pool entry 11	50000173
	constant pool entry 10	50000068
	constant pool entry 9	50001d2c
	constant pool entry 7	50001d2b
CLS 50000067 (name=java.io.UnixFileSystem, trace=300000)
	super		50000068
	constant pool entry 176	50000168
	constant pool entry 148	500000f1
	constant pool entry 66	50000067
	constant pool entry 55	50000068
	constant pool entry 48	5000011d
	constant pool entry 37	50001d2a
	constant pool entry 28	50000123
	constant pool entry 26	5000149a
	constant pool entry 18	50000124
	constant pool entry 17	50001529
	constant pool entry 15	500017db
	constant pool entry 13	50001d29
	constant pool entry 10	5000016f
	constant pool entry 7	50001d28
	constant pool entry 6	50000074
	constant pool entry 2	50000066
CLS 50000069 (name=java.io.DefaultFileSystem, trace=300000)
	super		50000173
	constant pool entry 2	50000067
CLS 50000077 (name=java.io.Writer, trace=300000)
	super		50000173
	constant pool entry 68	5000016f
	constant pool entry 19	50000173
	constant pool entry 6	50000077
CLS 5000006a (name=java.io.BufferedWriter, trace=300000)
	super		50000077
	constant pool entry 123	500000f9
	constant pool entry 84	500000f1
	constant pool entry 35	50000077
	constant pool entry 34	5000006a
	constant pool entry 15	5000016f
	constant pool entry 12	5000149f
	constant pool entry 11	50000074
CLS 5000006b (name=java.nio.Bits$1, trace=300000)
	super		50000173
	constant pool entry 8	50000173
CLS 5000006c (name=sun.misc.JavaNioAccess, trace=300000)
CLS 5000006d (name=java.nio.ByteOrder, trace=300000)
	super		50000173
	static BIG_ENDIAN	500017fd
	static LITTLE_ENDIAN	500017fc
	constant pool entry 30	5000006e
	constant pool entry 10	50000173
	constant pool entry 8	500017fb
	constant pool entry 5	500017fa
	constant pool entry 4	5000006d
CLS 5000006e (name=java.nio.Bits, trace=300000)
	super		50000173
	static unsafe	5000154c
	static byteOrder	500017fc
	constant pool entry 484	50000085
	constant pool entry 479	5000006d
	constant pool entry 474	5000016b
	constant pool entry 456	500000da
	constant pool entry 446	500000f1
	constant pool entry 432	50000122
	constant pool entry 158	5000006b
	constant pool entry 122	5000006e
	constant pool entry 121	50001804
	constant pool entry 120	50001803
	constant pool entry 119	50001802
	constant pool entry 117	50001801
	constant pool entry 116	5000016f
	constant pool entry 113	50001800
	constant pool entry 112	50000074
CLS 50000070 (name=java.nio.ByteBuffer, trace=300000)
	super		50000114
	constant pool entry 175	5000006d
	constant pool entry 173	5000006e
	constant pool entry 58	50000114
	constant pool entry 50	50000070
	constant pool entry 13	5000006f
CLS 5000006f (name=java.nio.HeapByteBuffer, trace=300000)
	super		50000070
	constant pool entry 261	500000f9
	constant pool entry 174	50000168
	constant pool entry 72	50000070
	constant pool entry 2	5000006f
CLS 50000072 (name=java.nio.charset.CharsetEncoder, trace=300000)
	super		50000173
	static stateNames	50001c3a
	constant pool entry 369	500000f9
	constant pool entry 298	5000016b
	constant pool entry 242	50000034
	constant pool entry 219	500000a7
	constant pool entry 211	500000d4
	constant pool entry 198	50000093
	constant pool entry 110	50000173
	constant pool entry 109	50001c39
	constant pool entry 108	50001c38
	constant pool entry 107	50001c37
	constant pool entry 106	50001c36
	constant pool entry 105	5000016f
	constant pool entry 13	5000181f
	constant pool entry 5	50000072
CLS 50000071 (name=sun.nio.cs.UTF_8$Encoder, trace=300000)
	super		50000072
	constant pool entry 96	500000d5
	constant pool entry 94	50000070
	constant pool entry 88	50000036
	constant pool entry 86	50000034
	constant pool entry 84	500000a4
	constant pool entry 41	50000072
	constant pool entry 40	50000071
CLS 50000073 (name=sun.nio.cs.ArrayEncoder, trace=300000)
CLS 50000074 (name=sun.security.action.GetPropertyAction, trace=300000)
	super		50000173
	constant pool entry 29	50000168
	constant pool entry 7	50000173
	constant pool entry 6	50000074
CLS 50000075 (name=sun.nio.cs.StreamEncoder, trace=300000)
	super		50000077
	constant pool entry 228	5000016b
	constant pool entry 214	50000034
	constant pool entry 207	50000036
	constant pool entry 204	50000083
	constant pool entry 191	50000070
	constant pool entry 180	50000072
	constant pool entry 178	50000093
	constant pool entry 153	500000d4
	constant pool entry 78	50000077
	constant pool entry 8	50000075
CLS 50000076 (name=java.io.OutputStreamWriter, trace=300000)
	super		50000077
	constant pool entry 58	50000075
	constant pool entry 23	50000077
	constant pool entry 22	50000076
CLS 50000083 (name=java.io.OutputStream, trace=300000)
	super		50000173
	constant pool entry 9	50000173
CLS 5000007a (name=java.io.FilterOutputStream, trace=300000)
	super		50000083
	constant pool entry 14	50000083
	constant pool entry 13	5000007a
CLS 50000078 (name=java.io.BufferedOutputStream, trace=300000)
	super		5000007a
	constant pool entry 62	500000f9
	constant pool entry 48	50000168
	constant pool entry 45	50000083
	constant pool entry 14	5000007a
	constant pool entry 13	50000078
CLS 50000079 (name=java.io.PrintStream, trace=300000)
	super		5000007a
	constant pool entry 210	5000016f
	constant pool entry 87	5000007a
	constant pool entry 40	50000079
	constant pool entry 24	50000083
	constant pool entry 23	50002027
	constant pool entry 17	5000006a
	constant pool entry 14	50000076
CLS 5000007b (name=sun.reflect.misc.ReflectUtil, trace=300000)
	super		50000173
	static PROXY_PACKAGE	50002016
	constant pool entry 125	500000bb
	constant pool entry 7	500000aa
CLS 5000007c (name=java.util.concurrent.atomic.AtomicReferenceFieldUpdater$AtomicReferenceFieldUpdaterImpl$1, trace=300000)
	super		50000173
	constant pool entry 39	5000016b
	constant pool entry 8	50000173
	constant pool entry 7	5000007c
CLS 5000007d (name=java.security.PrivilegedExceptionAction, trace=300000)
CLS 5000007f (name=java.util.concurrent.atomic.AtomicReferenceFieldUpdater, trace=300000)
	super		50000173
	constant pool entry 50	500000bb
	constant pool entry 10	50000173
	constant pool entry 1	5000007e
CLS 5000007e (name=java.util.concurrent.atomic.AtomicReferenceFieldUpdater$AtomicReferenceFieldUpdaterImpl, trace=300000)
	super		5000007f
	static unsafe	5000154c
	constant pool entry 143	50000122
	constant pool entry 134	500000aa
	constant pool entry 119	5000016b
	constant pool entry 117	5000007b
	constant pool entry 113	500000f1
	constant pool entry 56	5000007f
	constant pool entry 55	5000007e
	constant pool entry 28	50000173
	constant pool entry 5	50000143
	constant pool entry 2	5000007c
CLS 5000011f (name=java.io.InputStream, trace=300000)
	super		50000173
	constant pool entry 15	50000173
CLS 50000081 (name=java.io.FilterInputStream, trace=300000)
	super		5000011f
	constant pool entry 13	5000011f
	constant pool entry 12	50000081
CLS 50000080 (name=java.io.BufferedInputStream, trace=300000)
	super		50000081
	static bufUpdater	50002015
	constant pool entry 137	500000f9
	constant pool entry 110	5000011f
	constant pool entry 106	5000007f
	constant pool entry 99	50000168
	constant pool entry 41	50000081
	constant pool entry 39	50002014
	constant pool entry 38	50000177
	constant pool entry 37	50000080
	constant pool entry 34	50002013
	constant pool entry 19	50002012
	constant pool entry 11	50002011
	constant pool entry 3	50001499
CLS 50000082 (name=java.io.FileOutputStream, trace=300000)
	super		50000083
	constant pool entry 106	50000168
	constant pool entry 44	50000083
	constant pool entry 43	50000082
	constant pool entry 32	50000211
	constant pool entry 19	50000088
	constant pool entry 6	50000173
	constant pool entry 2	5000011d
CLS 50000084 (name=java.io.Flushable, trace=300000)
CLS 50000085 (name=sun.misc.SharedSecrets, trace=300000)
	super		50000173
	static unsafe	5000154c
	static javaUtilJarAccess	5000035d
	static javaLangAccess	50001393
	static javaNetAccess	500017d5
	static javaNioAccess	500017d4
	static javaIOFileDescriptorAccess	500017d3
	static javaSecurityProtectionDomainAccess	500017d2
	static javaSecurityAccess	500017d1
	static javaUtilZipFileAccess	50000236
	constant pool entry 105	50000122
	constant pool entry 24	50000085
	constant pool entry 21	50000233
CLS 50000086 (name=java.io.FileDescriptor$1, trace=300000)
	super		50000173
	constant pool entry 7	50000173
CLS 50000087 (name=sun.misc.JavaIOFileDescriptorAccess, trace=300000)
CLS 50000088 (name=java.io.FileDescriptor, trace=300000)
	super		50000173
	static in	500014ab
	static out	500014ad
	static err	500014ac
	constant pool entry 94	50000085
	constant pool entry 27	50000173
	constant pool entry 24	50000086
	constant pool entry 18	50000088
	constant pool entry 12	50000120
CLS 50000089 (name=java.io.FileInputStream, trace=300000)
	super		5000011f
	constant pool entry 103	50000168
	constant pool entry 41	5000011f
	constant pool entry 40	50000089
	constant pool entry 31	5000002e
	constant pool entry 20	50000088
	constant pool entry 7	50000173
	constant pool entry 2	5000011d
CLS 5000008a (name=sun.misc.Version, trace=300000)
	super		50000173
	static launcher_name	5000208d
	static java_version	50001d49
	static java_runtime_name	5000205d
	static java_profile_name	5000149a
	static java_runtime_version	50002067
	constant pool entry 137	50000168
	constant pool entry 9	5000205d
	constant pool entry 8	5000205e
	constant pool entry 7	50002067
	constant pool entry 6	50002068
	constant pool entry 4	50001d49
	constant pool entry 3	5000008a
	constant pool entry 2	50001d45
CLS 5000008b (name=java.lang.Runtime, trace=300000)
	super		50000173
	static currentRuntime	50001397
	constant pool entry 162	50000169
	constant pool entry 123	50001385
	constant pool entry 119	50000168
	constant pool entry 55	50000173
	constant pool entry 53	5000008b
	constant pool entry 38	5000011d
	constant pool entry 25	5000016f
CLS 5000008c (name=java.util.Hashtable$Enumerator, trace=300000)
	super		50000173
	constant pool entry 36	500000d8
	constant pool entry 32	50000173
	constant pool entry 31	5000008c
	constant pool entry 1	50000147
CLS 5000008d (name=java.util.Iterator, trace=300000)
CLS 5000008e (name=java.util.Enumeration, trace=300000)
CLS 5000008f (name=java.util.Objects, trace=300000)
	super		50000173
CLS 50000091 (name=java.util.Collections$SynchronizedCollection, trace=300000)
	super		50000173
	constant pool entry 104	5000008f
	constant pool entry 27	50000173
	constant pool entry 26	50000091
	constant pool entry 3	500000ea
CLS 50000090 (name=java.util.Collections$SynchronizedSet, trace=300000)
	super		50000091
	constant pool entry 8	50000091
CLS 50000092 (name=java.util.Hashtable$EntrySet, trace=300000)
	super		500000c2
	constant pool entry 22	500000c2
	constant pool entry 21	50000092
	constant pool entry 1	50000147
CLS 50000093 (name=java.nio.charset.CodingErrorAction, trace=300000)
	super		50000173
	static IGNORE	5000181a
	static REPLACE	5000149b
	static REPORT	50001819
	constant pool entry 11	50000173
	constant pool entry 9	50001818
	constant pool entry 7	50001817
	constant pool entry 4	50001816
	constant pool entry 3	50000093
CLS 50000095 (name=java.nio.charset.CharsetDecoder, trace=300000)
	super		50000173
	static stateNames	50001c41
	constant pool entry 284	500000f9
	constant pool entry 234	5000016b
	constant pool entry 199	50000070
	constant pool entry 196	50000034
	constant pool entry 173	500000d4
	constant pool entry 161	50000093
	constant pool entry 83	50000173
	constant pool entry 82	50001c39
	constant pool entry 81	50001c38
	constant pool entry 80	50001c37
	constant pool entry 79	50001c36
	constant pool entry 78	5000016f
	constant pool entry 19	50001c40
	constant pool entry 12	5000181f
	constant pool entry 5	50000095
CLS 50000094 (name=sun.nio.cs.UTF_8$Decoder, trace=300000)
	super		50000095
	constant pool entry 162	5000016b
	constant pool entry 130	500000d5
	constant pool entry 128	50000036
	constant pool entry 112	50000034
	constant pool entry 109	50000070
	constant pool entry 58	50000095
	constant pool entry 57	50000094
	constant pool entry 55	500000a4
CLS 50000096 (name=sun.nio.cs.ArrayDecoder, trace=300000)
CLS 50000097 (name=java.lang.StringCoding$StringDecoder, trace=300000)
	super		50000173
	constant pool entry 152	500000f9
	constant pool entry 84	5000009d
	constant pool entry 77	5000016b
	constant pool entry 72	50000095
	constant pool entry 70	50000093
	constant pool entry 68	500000d4
	constant pool entry 33	50000173
	constant pool entry 32	50000097
	constant pool entry 18	50000096
CLS 50000098 (name=java.lang.ThreadLocal$ThreadLocalMap$Entry[], trace=300000)
	super		50000173
CLS 50000099 (name=java.lang.ref.WeakReference[], trace=300000)
	super		50000173
CLS 5000009a (name=java.lang.ref.Reference[], trace=300000)
	super		50000173
CLS 5000009b (name=java.lang.ThreadLocal$ThreadLocalMap$Entry, trace=300000)
	super		50000152
	constant pool entry 4	50000152
	constant pool entry 3	5000009b
CLS 5000009c (name=java.lang.ThreadLocal$ThreadLocalMap, trace=300000)
	super		50000173
	constant pool entry 128	500000f9
	constant pool entry 28	50000173
	constant pool entry 15	500000c9
	constant pool entry 9	5000009b
	constant pool entry 8	5000009c
CLS 5000009d (name=java.lang.StringCoding, trace=300000)
	super		50000173
	static decoder	50002005
	static encoder	50002004
	constant pool entry 183	5000016f
	constant pool entry 164	500000d4
	constant pool entry 161	500000a7
	constant pool entry 88	5000009d
	constant pool entry 86	500000c9
	constant pool entry 67	5000005f
	constant pool entry 28	50000097
	constant pool entry 6	50000153
CLS 5000013e (name=sun.reflect.MagicAccessorImpl, trace=300000)
	super		50000173
	constant pool entry 3	50000173
CLS 5000013a (name=sun.reflect.ConstructorAccessorImpl, trace=300000)
	super		5000013e
	constant pool entry 3	5000013e
CLS 5000009e (name=sun.reflect.DelegatingConstructorAccessorImpl, trace=300000)
	super		5000013a
	constant pool entry 6	5000013a
	constant pool entry 5	5000009e
CLS 5000009f (name=sun.reflect.NativeConstructorAccessorImpl, trace=300000)
	super		5000013a
	constant pool entry 48	500000e3
	constant pool entry 17	5000009f
	constant pool entry 13	5000013a
CLS 500000a0 (name=sun.reflect.ReflectionFactory$1, trace=300000)
	super		50000173
	constant pool entry 38	50000168
	constant pool entry 35	500000e3
	constant pool entry 18	50000173
	constant pool entry 17	500000a0
	constant pool entry 8	50001f14
	constant pool entry 3	50001f13
CLS 500000a1 (name=java.lang.Class$1, trace=300000)
	super		50000173
	constant pool entry 30	5000013f
	constant pool entry 7	50000173
	constant pool entry 6	500000a1
CLS 500000a2 (name=java.lang.reflect.Constructor[], trace=300000)
	super		50000173
CLS 500000a3 (name=java.lang.reflect.Executable[], trace=300000)
	super		50000173
CLS 500000d4 (name=java.nio.charset.Charset, trace=300000)
	super		50000173
	static bugLevel	5000149a
	static standardProvider	50001823
	static cache1	50000b58
	static cache2	50000411
	static gate	50001822
	static defaultCharset	50001821
	constant pool entry 325	500000f9
	constant pool entry 215	500000d3
	constant pool entry 194	500000f1
	constant pool entry 188	500000da
	constant pool entry 86	500000c9
	constant pool entry 84	500000d1
	constant pool entry 52	50001820
	constant pool entry 29	500000d4
	constant pool entry 21	50000173
	constant pool entry 14	5000181f
	constant pool entry 11	5000016f
	constant pool entry 8	5000149a
	constant pool entry 7	5000181e
	constant pool entry 6	50000074
CLS 500000a5 (name=sun.nio.cs.Unicode, trace=300000)
	super		500000d4
	constant pool entry 57	500000d4
CLS 500000a4 (name=sun.nio.cs.UTF_8, trace=300000)
	super		500000a5
	constant pool entry 42	50000114
	constant pool entry 35	500000d1
	constant pool entry 13	500000a5
	constant pool entry 12	500000a4
	constant pool entry 8	50000071
	constant pool entry 6	50000094
	constant pool entry 2	50001c27
CLS 500000a6 (name=sun.nio.cs.HistoricallyNamedCharset, trace=300000)
CLS 500000a7 (name=java.util.Arrays, trace=300000)
	super		50000173
	constant pool entry 811	500000f9
	constant pool entry 543	500000d5
	constant pool entry 502	50000168
	constant pool entry 485	50000030
	constant pool entry 483	5000016b
	constant pool entry 103	5000111b
	constant pool entry 102	5000149d
	constant pool entry 99	50000173
	constant pool entry 54	5000010a
	constant pool entry 22	500000a7
CLS 500000a8 (name=java.lang.reflect.ReflectAccess, trace=300000)
	super		50000173
	constant pool entry 21	50000173
	constant pool entry 6	5000013f
	constant pool entry 2	50000143
CLS 500000a9 (name=sun.reflect.LangReflectAccess, trace=300000)
CLS 500000aa (name=java.lang.reflect.Modifier, trace=300000)
	super		50000173
	constant pool entry 135	500000f1
	constant pool entry 27	500000a8
	constant pool entry 26	500000e3
	constant pool entry 23	500000ee
CLS 500000ac (name=java.util.WeakHashMap, trace=300000)
	super		500000ce
	static NULL_KEY	50001c5a
	constant pool entry 331	500000f9
	constant pool entry 214	50000110
	constant pool entry 80	500000ce
	constant pool entry 78	50000173
	constant pool entry 64	50000043
	constant pool entry 15	500000ac
	constant pool entry 4	500000de
	constant pool entry 2	50000045
	constant pool entry 1	50000046
CLS 500000ab (name=java.lang.ClassValue$ClassValueMap, trace=300000)
	super		500000ac
CLS 500000ad (name=sun.reflect.annotation.AnnotationType, trace=300000)
	super		50000173
CLS 500000ae (name=java.lang.Class$AnnotationData, trace=300000)
	super		50000173
CLS 500000b1 (name=sun.reflect.generics.repository.AbstractRepository, trace=300000)
	super		50000173
CLS 500000b0 (name=sun.reflect.generics.repository.GenericDeclRepository, trace=300000)
	super		500000b1
CLS 500000af (name=sun.reflect.generics.repository.ClassRepository, trace=300000)
	super		500000b0
CLS 500000b2 (name=java.lang.reflect.Field[], trace=300000)
	super		50000173
CLS 500000b3 (name=java.lang.reflect.Member[], trace=300000)
	super		50000173
CLS 500000b4 (name=java.lang.reflect.AccessibleObject[], trace=300000)
	super		50000173
CLS 500000b5 (name=java.lang.Class$Atomic, trace=300000)
	super		50000173
	static unsafe	5000154c
	constant pool entry 68	50000122
	constant pool entry 24	500000b5
	constant pool entry 23	50001f19
	constant pool entry 22	50001f18
	constant pool entry 20	50001f17
	constant pool entry 18	5000016b
CLS 500000b6 (name=java.lang.Class$ReflectionData, trace=300000)
	super		50000173
	constant pool entry 4	50000173
	constant pool entry 3	500000b6
CLS 500000b7 (name=java.lang.Class$3, trace=300000)
	super		50000173
	constant pool entry 30	50000168
	constant pool entry 27	5000016b
	constant pool entry 11	50000173
	constant pool entry 10	500000b7
	constant pool entry 3	50001f1d
CLS 500000b8 (name=java.util.HashMap$Node[], trace=300000)
	super		50000173
CLS 500000bb (name=sun.reflect.Reflection, trace=300000)
	super		50000173
	static fieldFilterMap	5000153a
	static methodFilterMap	50001539
	constant pool entry 237	500000f9
	constant pool entry 161	50000149
	constant pool entry 131	500000aa
	constant pool entry 65	50001538
	constant pool entry 64	5000016b
	constant pool entry 63	50001537
	constant pool entry 62	50000168
	constant pool entry 61	50001536
	constant pool entry 60	50001535
	constant pool entry 59	5000016f
	constant pool entry 58	500000bb
	constant pool entry 45	500000b2
	constant pool entry 40	500000ba
CLS 500000be (name=java.util.Collections$UnmodifiableCollection, trace=300000)
	super		50000173
	constant pool entry 22	500000ea
	constant pool entry 21	50000173
	constant pool entry 20	500000be
CLS 500000bd (name=java.util.Collections$UnmodifiableList, trace=300000)
	super		500000be
	constant pool entry 20	500000e9
	constant pool entry 19	500000be
	constant pool entry 13	500000bd
CLS 500000bc (name=java.util.Collections$UnmodifiableRandomAccessList, trace=300000)
	super		500000bd
	constant pool entry 6	500000bd
CLS 500000bf (name=java.util.Collections$EmptyMap, trace=300000)
	super		500000ce
	constant pool entry 11	500000ce
	constant pool entry 10	500000bf
CLS 500000e6 (name=java.util.AbstractList, trace=300000)
	super		500000e7
	constant pool entry 46	500000e7
	constant pool entry 45	500000e6
CLS 500000c0 (name=java.util.Collections$EmptyList, trace=300000)
	super		500000e6
	constant pool entry 21	500000e6
	constant pool entry 20	500000c0
CLS 500000c1 (name=java.util.Collections$EmptySet, trace=300000)
	super		500000c2
	constant pool entry 10	500000c2
	constant pool entry 9	500000c1
CLS 500000c3 (name=java.util.Set, trace=300000)
CLS 500000c4 (name=java.util.Collections, trace=300000)
	super		50000173
	static EMPTY_SET	5000166c
	static EMPTY_LIST	5000166b
	static EMPTY_MAP	5000166a
	constant pool entry 159	500000bf
	constant pool entry 157	500000c0
	constant pool entry 155	500000c1
	constant pool entry 151	50000044
	constant pool entry 66	50000090
	constant pool entry 53	500000bc
	constant pool entry 5	500000c4
	constant pool entry 3	500000e8
CLS 500000c5 (name=java.util.ArrayList, trace=300000)
	super		500000e6
	static EMPTY_ELEMENTDATA	50001db4
	static DEFAULTCAPACITY_EMPTY_ELEMENTDATA	50001db5
	constant pool entry 352	500000f9
	constant pool entry 238	500000d5
	constant pool entry 232	500000a7
	constant pool entry 229	500000ea
	constant pool entry 81	500000e6
	constant pool entry 22	500000c5
	constant pool entry 18	5000010a
	constant pool entry 4	50000173
CLS 50000166 (name=java.lang.Error, trace=300000)
	super		50000167
	constant pool entry 7	50000167
CLS 5000015c (name=java.lang.LinkageError, trace=300000)
	super		50000166
	constant pool entry 5	50000166
CLS 500000c7 (name=java.lang.IncompatibleClassChangeError, trace=300000)
	super		5000015c
	constant pool entry 4	5000015c
CLS 500000c6 (name=java.lang.NoSuchMethodError, trace=300000)
	super		500000c7
	constant pool entry 4	500000c7
CLS 50000111 (name=java.lang.Number, trace=300000)
	super		50000173
	constant pool entry 4	50000173
CLS 500000c8 (name=java.util.concurrent.atomic.AtomicInteger, trace=300000)
	super		50000111
	static unsafe	5000154c
	constant pool entry 93	5000016b
	constant pool entry 78	50000122
	constant pool entry 22	50000111
	constant pool entry 16	5000169d
	constant pool entry 15	500000c8
CLS 500000c9 (name=java.lang.ThreadLocal, trace=300000)
	super		50000173
	static nextHashCode	50001c52
	constant pool entry 88	5000009b
	constant pool entry 84	5000014c
	constant pool entry 27	50000173
	constant pool entry 25	500000c8
	constant pool entry 20	5000009c
	constant pool entry 3	500000c9
CLS 500000cd (name=sun.util.PreHashedMap, trace=300000)
	super		500000ce
	constant pool entry 94	500000f9
	constant pool entry 23	500000ce
	constant pool entry 22	500000cd
	constant pool entry 20	5000016f
	constant pool entry 10	5000010a
	constant pool entry 7	50000173
CLS 500000ca (name=sun.nio.cs.StandardCharsets$Cache, trace=300000)
	super		500000cd
	constant pool entry 118	500000f9
	constant pool entry 44	500000cd
	constant pool entry 43	50001841
	constant pool entry 42	50001845
	constant pool entry 41	50001849
	constant pool entry 40	5000184d
	constant pool entry 39	50001851
	constant pool entry 38	50001855
	constant pool entry 37	5000185f
	constant pool entry 36	5000185c
	constant pool entry 35	50001859
	constant pool entry 34	5000186d
	constant pool entry 33	5000186a
	constant pool entry 32	50001867
	constant pool entry 31	50001878
	constant pool entry 30	50001875
	constant pool entry 29	50001881
	constant pool entry 28	5000187e
	constant pool entry 27	50001887
	constant pool entry 26	5000188b
	constant pool entry 25	5000188f
	constant pool entry 24	50001896
	constant pool entry 23	50001893
	constant pool entry 22	5000189c
	constant pool entry 21	500018a3
	constant pool entry 20	500018a0
	constant pool entry 19	500018ac
	constant pool entry 18	500018a9
	constant pool entry 17	500018b2
	constant pool entry 16	500018b6
	constant pool entry 15	500018bd
	constant pool entry 14	500018ba
	constant pool entry 13	500018c9
	constant pool entry 12	500018c6
	constant pool entry 11	500018c3
	constant pool entry 10	500018d4
	constant pool entry 9	500018d1
	constant pool entry 8	500018e0
	constant pool entry 7	500018dd
	constant pool entry 6	500018da
	constant pool entry 5	500018e8
	constant pool entry 4	50000173
	constant pool entry 2	500000ca
CLS 500000cb (name=sun.nio.cs.StandardCharsets$Classes, trace=300000)
	super		500000cd
	constant pool entry 196	500000f9
	constant pool entry 83	500000cd
	constant pool entry 82	50001842
	constant pool entry 81	50001841
	constant pool entry 80	50001846
	constant pool entry 79	50001845
	constant pool entry 78	5000184a
	constant pool entry 77	50001849
	constant pool entry 76	5000184e
	constant pool entry 75	5000184d
	constant pool entry 74	50001852
	constant pool entry 73	50001851
	constant pool entry 72	50001856
	constant pool entry 71	50001855
	constant pool entry 70	50001860
	constant pool entry 69	5000185f
	constant pool entry 68	5000185d
	constant pool entry 67	5000185c
	constant pool entry 66	5000185a
	constant pool entry 65	50001859
	constant pool entry 64	5000186e
	constant pool entry 63	5000186d
	constant pool entry 62	5000186b
	constant pool entry 61	5000186a
	constant pool entry 60	50001868
	constant pool entry 59	50001867
	constant pool entry 58	50001879
	constant pool entry 57	50001878
	constant pool entry 56	50001876
	constant pool entry 55	50001875
	constant pool entry 54	50001882
	constant pool entry 53	50001881
	constant pool entry 52	5000187f
	constant pool entry 51	5000187e
	constant pool entry 50	50001888
	constant pool entry 49	50001887
	constant pool entry 48	5000188c
	constant pool entry 47	5000188b
	constant pool entry 46	50001890
	constant pool entry 45	5000188f
	constant pool entry 44	50001897
	constant pool entry 43	50001896
	constant pool entry 42	50001894
	constant pool entry 41	50001893
	constant pool entry 40	5000189d
	constant pool entry 39	5000189c
	constant pool entry 38	500018a4
	constant pool entry 37	500018a3
	constant pool entry 36	500018a1
	constant pool entry 35	500018a0
	constant pool entry 34	500018ad
	constant pool entry 33	500018ac
	constant pool entry 32	500018aa
	constant pool entry 31	500018a9
	constant pool entry 30	500018b3
	constant pool entry 29	500018b2
	constant pool entry 28	500018b7
	constant pool entry 27	500018b6
	constant pool entry 26	500018be
	constant pool entry 25	500018bd
	constant pool entry 24	500018bb
	constant pool entry 23	500018ba
	constant pool entry 22	500018ca
	constant pool entry 21	500018c9
	constant pool entry 20	500018c7
	constant pool entry 19	500018c6
	constant pool entry 18	500018c4
	constant pool entry 17	500018c3
	constant pool entry 16	500018d5
	constant pool entry 15	500018d4
	constant pool entry 14	500018d2
	constant pool entry 13	500018d1
	constant pool entry 12	500018e1
	constant pool entry 11	500018e0
	constant pool entry 10	500018de
	constant pool entry 9	500018dd
	constant pool entry 8	500018db
	constant pool entry 7	500018da
	constant pool entry 6	500018e9
	constant pool entry 5	500018e8
	constant pool entry 4	50000173
	constant pool entry 2	500000cb
CLS 500000cc (name=sun.nio.cs.StandardCharsets$Aliases, trace=300000)
	super		500000cd
	constant pool entry 522	500000f9
	constant pool entry 246	500000cd
	constant pool entry 245	500019ae
	constant pool entry 244	500019b0
	constant pool entry 243	500019b2
	constant pool entry 242	500019b4
	constant pool entry 241	500019b6
	constant pool entry 240	500019b8
	constant pool entry 239	500019ba
	constant pool entry 238	500019bc
	constant pool entry 237	500019be
	constant pool entry 236	500019c0
	constant pool entry 235	500019c2
	constant pool entry 234	500019c4
	constant pool entry 233	500019c6
	constant pool entry 232	500019c8
	constant pool entry 231	500019ca
	constant pool entry 230	500019cc
	constant pool entry 229	500019ce
	constant pool entry 228	500019d0
	constant pool entry 227	500019d2
	constant pool entry 226	500019d6
	constant pool entry 225	500019d4
	constant pool entry 224	500019d9
	constant pool entry 223	500019db
	constant pool entry 222	500019dd
	constant pool entry 221	500019e1
	constant pool entry 220	500019df
	constant pool entry 219	500019e4
	constant pool entry 218	500019e6
	constant pool entry 217	500019e8
	constant pool entry 216	500019ea
	constant pool entry 215	500019ec
	constant pool entry 214	500019ee
	constant pool entry 213	500019f0
	constant pool entry 212	500019f2
	constant pool entry 211	500019f4
	constant pool entry 210	500019f6
	constant pool entry 209	500019f8
	constant pool entry 208	500019fa
	constant pool entry 207	500019fc
	constant pool entry 206	500019fe
	constant pool entry 205	50001a00
	constant pool entry 204	50001a02
	constant pool entry 203	50001a04
	constant pool entry 202	50001a06
	constant pool entry 201	50001a08
	constant pool entry 200	50001a0a
	constant pool entry 199	50001a0c
	constant pool entry 198	50001a0e
	constant pool entry 197	50001a10
	constant pool entry 196	50001a12
	constant pool entry 195	50001a14
	constant pool entry 194	50001a16
	constant pool entry 193	50001a1a
	constant pool entry 192	50001a18
	constant pool entry 191	50001a1d
	constant pool entry 190	50001851
	constant pool entry 189	50001a21
	constant pool entry 188	50001a1f
	constant pool entry 187	500018b6
	constant pool entry 186	50001a26
	constant pool entry 185	50001a24
	constant pool entry 184	500018ba
	constant pool entry 183	50001a29
	constant pool entry 182	500018c3
	constant pool entry 181	50001a2b
	constant pool entry 180	500018c6
	constant pool entry 179	50001a2d
	constant pool entry 178	50001a2f
	constant pool entry 177	500018d4
	constant pool entry 176	50001a31
	constant pool entry 175	50001a33
	constant pool entry 174	50001a35
	constant pool entry 173	50001a37
	constant pool entry 172	50001a39
	constant pool entry 171	500018dd
	constant pool entry 170	50001a3b
	constant pool entry 169	50001a3d
	constant pool entry 168	50001a3f
	constant pool entry 167	50001a41
	constant pool entry 166	50001841
	constant pool entry 165	50001a43
	constant pool entry 164	50001a45
	constant pool entry 163	50001a47
	constant pool entry 162	50001a49
	constant pool entry 161	50001a4b
	constant pool entry 160	50001a4d
	constant pool entry 159	50001a4f
	constant pool entry 158	50001a51
	constant pool entry 157	50001a53
	constant pool entry 156	50001a55
	constant pool entry 155	50001a57
	constant pool entry 154	50001a59
	constant pool entry 153	50001a5b
	constant pool entry 152	50001a5d
	constant pool entry 151	50001a5f
	constant pool entry 150	50001a61
	constant pool entry 149	50001a63
	constant pool entry 148	50001a65
	constant pool entry 147	5000184d
	constant pool entry 146	50001a67
	constant pool entry 145	50001a69
	constant pool entry 144	50001a6b
	constant pool entry 143	50001a6d
	constant pool entry 142	50001a6f
	constant pool entry 141	50001a71
	constant pool entry 140	50001a73
	constant pool entry 139	50001a75
	constant pool entry 138	50001a77
	constant pool entry 137	50001a79
	constant pool entry 136	50001a7b
	constant pool entry 135	50001a7d
	constant pool entry 134	50001a7f
	constant pool entry 133	50001a81
	constant pool entry 132	50001a83
	constant pool entry 131	50001a85
	constant pool entry 130	50001a87
	constant pool entry 129	50001a89
	constant pool entry 128	50001a8b
	constant pool entry 127	50001a8d
	constant pool entry 126	50001a8f
	constant pool entry 125	50001a91
	constant pool entry 124	50001a93
	constant pool entry 123	50001881
	constant pool entry 122	50001a95
	constant pool entry 121	50001a97
	constant pool entry 120	50001a99
	constant pool entry 119	50001a9d
	constant pool entry 118	50001a9b
	constant pool entry 117	50001aa2
	constant pool entry 116	50001aa0
	constant pool entry 115	50001aa5
	constant pool entry 114	50001aa7
	constant pool entry 113	50001aab
	constant pool entry 112	50001aa9
	constant pool entry 111	50001aae
	constant pool entry 110	50001ab4
	constant pool entry 109	50001ab2
	constant pool entry 108	50001ab0
	constant pool entry 107	50001ab8
	constant pool entry 106	50001aba
	constant pool entry 105	50001abe
	constant pool entry 104	50001abc
	constant pool entry 103	50001ac1
	constant pool entry 102	50001ac5
	constant pool entry 101	50001ac3
	constant pool entry 100	50001ac8
	constant pool entry 99	50001875
	constant pool entry 98	50001aca
	constant pool entry 97	50001acc
	constant pool entry 96	50001ace
	constant pool entry 95	50001ad0
	constant pool entry 94	50001ad2
	constant pool entry 93	50001ad4
	constant pool entry 92	50001ad6
	constant pool entry 91	50001ad8
	constant pool entry 90	50001ada
	constant pool entry 89	50001adc
	constant pool entry 88	50001ade
	constant pool entry 87	50001893
	constant pool entry 86	50001ae0
	constant pool entry 85	50001ae2
	constant pool entry 84	500018bd
	constant pool entry 83	50001ae4
	constant pool entry 82	50001ae6
	constant pool entry 81	500018c9
	constant pool entry 80	50001ae8
	constant pool entry 79	500018da
	constant pool entry 78	50001aea
	constant pool entry 77	500018e8
	constant pool entry 76	50001aec
	constant pool entry 75	50001aee
	constant pool entry 74	5000188b
	constant pool entry 73	50001af2
	constant pool entry 72	50001859
	constant pool entry 71	50001af0
	constant pool entry 70	50001af7
	constant pool entry 69	5000185c
	constant pool entry 68	50001af5
	constant pool entry 67	50001867
	constant pool entry 66	50001afa
	constant pool entry 65	5000187e
	constant pool entry 64	50001afc
	constant pool entry 63	50001b00
	constant pool entry 62	50001887
	constant pool entry 61	50001afe
	constant pool entry 60	50001b03
	constant pool entry 59	500018d1
	constant pool entry 58	50001b07
	constant pool entry 57	5000186a
	constant pool entry 56	50001b05
	constant pool entry 55	500018b2
	constant pool entry 54	50001b0a
	constant pool entry 53	5000185f
	constant pool entry 52	50001b0c
	constant pool entry 51	50001b0e
	constant pool entry 50	50001b10
	constant pool entry 49	50001b12
	constant pool entry 48	50001b14
	constant pool entry 47	50001b16
	constant pool entry 46	50001845
	constant pool entry 45	50001b18
	constant pool entry 44	50001849
	constant pool entry 43	50001b1a
	constant pool entry 42	50001b1c
	constant pool entry 41	500018e0
	constant pool entry 40	50001b1e
	constant pool entry 39	500018a3
	constant pool entry 38	50001b20
	constant pool entry 37	50001b22
	constant pool entry 36	50001b24
	constant pool entry 35	50001b26
	constant pool entry 34	50001b28
	constant pool entry 33	50001b2c
	constant pool entry 32	50001b2a
	constant pool entry 31	50001b2f
	constant pool entry 30	50001b31
	constant pool entry 29	50001b35
	constant pool entry 28	50001b33
	constant pool entry 27	50001b38
	constant pool entry 26	50001b3a
	constant pool entry 25	5000189c
	constant pool entry 24	50001b3c
	constant pool entry 23	50001b3e
	constant pool entry 22	50001b40
	constant pool entry 21	50001896
	constant pool entry 20	50001b42
	constant pool entry 19	50001878
	constant pool entry 18	50001b44
	constant pool entry 17	50001855
	constant pool entry 16	50001b46
	constant pool entry 15	50001b48
	constant pool entry 14	5000188f
	constant pool entry 13	50001b4a
	constant pool entry 12	500018a0
	constant pool entry 11	50001b4c
	constant pool entry 10	500018a9
	constant pool entry 9	50001b4e
	constant pool entry 8	500018ac
	constant pool entry 7	50001b50
	constant pool entry 6	5000186d
	constant pool entry 5	50001b52
	constant pool entry 4	50000173
	constant pool entry 2	500000cc
CLS 500000cf (name=java.lang.String[], trace=300000)
	super		50000173
CLS 500000d0 (name=java.lang.CharSequence[], trace=300000)
	super		50000173
CLS 500000d3 (name=java.nio.charset.spi.CharsetProvider, trace=300000)
	super		50000173
	constant pool entry 25	50000168
	constant pool entry 8	50000173
CLS 500000d2 (name=sun.nio.cs.FastCharsetProvider, trace=300000)
	super		500000d3
	constant pool entry 142	500000f9
	constant pool entry 99	5000016b
	constant pool entry 97	50000173
	constant pool entry 80	50000149
	constant pool entry 35	500000d3
	constant pool entry 34	500000d2
	constant pool entry 23	50001c21
	constant pool entry 20	50000123
	constant pool entry 17	50000366
	constant pool entry 15	50001879
	constant pool entry 14	500000d4
	constant pool entry 8	5000016f
CLS 500000d1 (name=sun.nio.cs.StandardCharsets, trace=300000)
	super		500000d2
	static aliases_US_ASCII	50001b72
	static aliases_UTF_8	50001be4
	static aliases_CESU_8	50001be3
	static aliases_UTF_16	50001be2
	static aliases_UTF_16BE	50001be1
	static aliases_UTF_16LE	50001be0
	static aliases_UTF_16LE_BOM	50001bdf
	static aliases_UTF_32	50001bde
	static aliases_UTF_32LE	50001bdd
	static aliases_UTF_32BE	50001bdc
	static aliases_UTF_32LE_BOM	50001bdb
	static aliases_UTF_32BE_BOM	50001bda
	static aliases_ISO_8859_1	50001bd9
	static aliases_ISO_8859_2	50001bd8
	static aliases_ISO_8859_4	50001bd7
	static aliases_ISO_8859_5	50001bd6
	static aliases_ISO_8859_7	50001bd5
	static aliases_ISO_8859_9	50001bd4
	static aliases_ISO_8859_13	50001bd3
	static aliases_ISO_8859_15	50001bd2
	static aliases_KOI8_R	50001bd1
	static aliases_KOI8_U	50001bd0
	static aliases_MS1250	50001bcf
	static aliases_MS1251	50001bce
	static aliases_MS1252	50001bcd
	static aliases_MS1253	50001bcc
	static aliases_MS1254	50001bcb
	static aliases_MS1257	50001bca
	static aliases_IBM437	50001bc9
	static aliases_IBM737	50001bc8
	static aliases_IBM775	50001bc7
	static aliases_IBM850	50001bc6
	static aliases_IBM852	50001bc5
	static aliases_IBM855	50001bc4
	static aliases_IBM857	50001bc3
	static aliases_IBM858	50001bc2
	static aliases_IBM862	50001bc1
	static aliases_IBM866	50001bc0
	static aliases_IBM874	50001bbf
	constant pool entry 577	500000f9
	constant pool entry 261	500000d2
	constant pool entry 260	500000d1
	constant pool entry 258	50001ae0
	constant pool entry 257	50001a41
	constant pool entry 256	50001a45
	constant pool entry 255	50001a7f
	constant pool entry 253	50001bbe
	constant pool entry 252	50001aea
	constant pool entry 251	50001a47
	constant pool entry 250	500018da
	constant pool entry 249	50001a89
	constant pool entry 247	500019e8
	constant pool entry 246	50001bbd
	constant pool entry 245	50001aec
	constant pool entry 244	50001a49
	constant pool entry 243	500018e8
	constant pool entry 242	50001a8b
	constant pool entry 240	50001bbc
	constant pool entry 239	50001af0
	constant pool entry 238	50001a12
	constant pool entry 237	500019ea
	constant pool entry 236	50001a9b
	constant pool entry 234	50001bbb
	constant pool entry 233	50001af5
	constant pool entry 232	50001a57
	constant pool entry 231	5000185c
	constant pool entry 230	50001aa0
	constant pool entry 228	500019d0
	constant pool entry 227	50001afa
	constant pool entry 226	50001867
	constant pool entry 225	50001a59
	constant pool entry 224	50001aa5
	constant pool entry 222	50001bba
	constant pool entry 221	50001afc
	constant pool entry 220	50001a5b
	constant pool entry 219	5000187e
	constant pool entry 218	50001aa9
	constant pool entry 216	500019b2
	constant pool entry 215	50001afe
	constant pool entry 214	50001887
	constant pool entry 213	50001a5d
	constant pool entry 212	50001ab0
	constant pool entry 210	50001a95
	constant pool entry 209	50001a14
	constant pool entry 208	50001881
	constant pool entry 207	50001a65
	constant pool entry 205	50001af2
	constant pool entry 204	50001a55
	constant pool entry 203	50001a61
	constant pool entry 202	50001a9d
	constant pool entry 200	500019ce
	constant pool entry 199	50001b05
	constant pool entry 198	50001a79
	constant pool entry 197	50001a06
	constant pool entry 196	5000186a
	constant pool entry 195	50001a51
	constant pool entry 193	500019b8
	constant pool entry 192	50001a26
	constant pool entry 190	500019ba
	constant pool entry 189	50001a29
	constant pool entry 187	500019be
	constant pool entry 186	50001a2b
	constant pool entry 184	500019c0
	constant pool entry 183	50001a2d
	constant pool entry 181	50001b07
	constant pool entry 180	500019c2
	constant pool entry 179	50001a2f
	constant pool entry 177	500019c4
	constant pool entry 176	50001a31
	constant pool entry 174	50001b18
	constant pool entry 172	500019f4
	constant pool entry 171	50001a97
	constant pool entry 170	50001b1a
	constant pool entry 168	50001bb9
	constant pool entry 167	50001bb8
	constant pool entry 166	50001bb7
	constant pool entry 165	50001bb6
	constant pool entry 164	50001bb5
	constant pool entry 163	50001bb4
	constant pool entry 162	50001b38
	constant pool entry 161	50001b0e
	constant pool entry 160	50001bb3
	constant pool entry 159	50001bb2
	constant pool entry 158	50001bb1
	constant pool entry 157	50001bb0
	constant pool entry 156	50001baf
	constant pool entry 155	50001a0c
	constant pool entry 154	50001bae
	constant pool entry 152	50001bad
	constant pool entry 151	50001aca
	constant pool entry 150	50001a10
	constant pool entry 149	50001a1d
	constant pool entry 147	50001bac
	constant pool entry 146	50001b10
	constant pool entry 145	50001b3a
	constant pool entry 144	50001a91
	constant pool entry 143	50001abc
	constant pool entry 142	50001aa7
	constant pool entry 141	50001a6f
	constant pool entry 140	50001bab
	constant pool entry 139	50001baa
	constant pool entry 138	50001ba9
	constant pool entry 137	50001a4b
	constant pool entry 136	50001b26
	constant pool entry 135	50001ad2
	constant pool entry 133	500019ee
	constant pool entry 132	50001b03
	constant pool entry 131	50001b2a
	constant pool entry 130	50001a83
	constant pool entry 129	50001a8d
	constant pool entry 128	500019dd
	constant pool entry 127	50001ba8
	constant pool entry 126	50001ac3
	constant pool entry 125	500019fc
	constant pool entry 124	50001ba7
	constant pool entry 123	50001ba6
	constant pool entry 122	50001ba5
	constant pool entry 121	50001ba4
	constant pool entry 120	50001a63
	constant pool entry 119	50001b28
	constant pool entry 118	50001ad4
	constant pool entry 116	50001ba3
	constant pool entry 115	50001b3c
	constant pool entry 114	50001b12
	constant pool entry 113	50001aba
	constant pool entry 112	50001acc
	constant pool entry 111	50001aae
	constant pool entry 110	50001ba2
	constant pool entry 109	50001ba1
	constant pool entry 108	50001ba0
	constant pool entry 107	50001a4d
	constant pool entry 106	50001b2c
	constant pool entry 105	50001ad6
	constant pool entry 103	50001b9f
	constant pool entry 102	50001b3e
	constant pool entry 101	50001b14
	constant pool entry 100	50001abe
	constant pool entry 99	50001ace
	constant pool entry 98	50001aab
	constant pool entry 97	50001a71
	constant pool entry 96	50001b9e
	constant pool entry 95	50001b9d
	constant pool entry 94	50001a6d
	constant pool entry 93	50001b2f
	constant pool entry 92	500019f2
	constant pool entry 91	50001ad8
	constant pool entry 89	50001b9c
	constant pool entry 88	50001b40
	constant pool entry 87	50001b16
	constant pool entry 86	50001ac1
	constant pool entry 85	50001ad0
	constant pool entry 84	50001ab4
	constant pool entry 83	50001a73
	constant pool entry 82	50001b9b
	constant pool entry 81	50001b9a
	constant pool entry 80	50001b99
	constant pool entry 79	50001a7b
	constant pool entry 78	50001b31
	constant pool entry 77	50001ada
	constant pool entry 75	50001b98
	constant pool entry 74	50001b35
	constant pool entry 73	500018ad
	constant pool entry 72	50001b97
	constant pool entry 71	50001b96
	constant pool entry 70	50001b95
	constant pool entry 69	50001b22
	constant pool entry 68	50001b94
	constant pool entry 67	50001b00
	constant pool entry 66	50001b93
	constant pool entry 65	50001ab8
	constant pool entry 64	50001a75
	constant pool entry 63	50001b92
	constant pool entry 62	50001a7d
	constant pool entry 60	50001b91
	constant pool entry 59	5000184e
	constant pool entry 57	50001b90
	constant pool entry 56	50001860
	constant pool entry 54	50001b8f
	constant pool entry 53	500018ca
	constant pool entry 51	50001b8e
	constant pool entry 50	50001842
	constant pool entry 48	50001b8d
	constant pool entry 47	500018de
	constant pool entry 45	50001b8c
	constant pool entry 43	50001b8b
	constant pool entry 42	50001b8a
	constant pool entry 41	500018e1
	constant pool entry 39	50001b89
	constant pool entry 38	50001b88
	constant pool entry 37	50001b87
	constant pool entry 36	500018b3
	constant pool entry 34	50001b86
	constant pool entry 33	500019fe
	constant pool entry 32	50001a4f
	constant pool entry 31	500018be
	constant pool entry 29	50001b85
	constant pool entry 28	50001b84
	constant pool entry 26	50001b20
	constant pool entry 25	50001b83
	constant pool entry 23	500019fa
	constant pool entry 22	50001b7b
	constant pool entry 21	500019c6
	constant pool entry 20	50001ac5
	constant pool entry 19	50001a3d
	constant pool entry 18	50001b7a
	constant pool entry 17	50001a0a
	constant pool entry 16	50001b79
	constant pool entry 15	50001a0e
	constant pool entry 14	50001b78
	constant pool entry 13	50001b77
	constant pool entry 12	50001b76
	constant pool entry 11	50001b75
	constant pool entry 10	50001af7
	constant pool entry 9	5000016f
	constant pool entry 6	500000ca
	constant pool entry 4	500000cb
	constant pool entry 2	500000cc
	constant pool entry 1	50001824
CLS 500000d5 (name=java.lang.Math, trace=300000)
	super		50000173
	constant pool entry 268	5000016b
	constant pool entry 99	50000110
	constant pool entry 64	5000010f
	constant pool entry 10	500000d5
CLS 500000d6 (name=java.util.Hashtable$Entry[], trace=300000)
	super		50000173
CLS 500000d7 (name=java.util.Map$Entry[], trace=300000)
	super		50000173
CLS 500000d8 (name=java.util.Hashtable$Entry, trace=300000)
	super		50000173
	constant pool entry 22	50000173
	constant pool entry 6	500000d8
CLS 500000d9 (name=java.util.Map$Entry, trace=300000)
CLS 500000da (name=sun.misc.VM, trace=300000)
	super		50000173
	static lock	50001556
	static savedProps	50001555
	constant pool entry 180	50000050
	constant pool entry 165	5000008b
	constant pool entry 51	50000146
	constant pool entry 48	50000173
	constant pool entry 38	50001554
	constant pool entry 37	50001553
	constant pool entry 36	50001552
	constant pool entry 35	50001551
	constant pool entry 32	50001550
	constant pool entry 31	500014ba
	constant pool entry 30	5000154f
	constant pool entry 23	5000154e
	constant pool entry 22	5000016f
	constant pool entry 20	5000154d
	constant pool entry 4	500000da
CLS 5000014c (name=java.lang.Thread, trace=300000)
	super		50000173
	static EMPTY_STACK_TRACE	500014b2
	static SUBCLASS_IMPLEMENTATION_PERMISSION	500014b1
	constant pool entry 559	500000f9
	constant pool entry 374	500000f1
	constant pool entry 360	5000014a
	constant pool entry 356	50000168
	constant pool entry 145	500014b0
	constant pool entry 144	50000115
	constant pool entry 109	500000f2
	constant pool entry 88	5000016f
	constant pool entry 83	5000014c
	constant pool entry 50	50000173
CLS 500000db (name=java.lang.ref.Finalizer$FinalizerThread, trace=300000)
	super		5000014c
	constant pool entry 37	500000de
	constant pool entry 34	50000085
	constant pool entry 30	500000da
	constant pool entry 13	5000014c
	constant pool entry 12	500000db
	constant pool entry 10	5000014e
	constant pool entry 1	5000209a
CLS 500000dc (name=java.lang.ref.ReferenceQueue$Lock, trace=300000)
	super		50000173
	constant pool entry 4	50000173
	constant pool entry 3	500000dc
CLS 500000de (name=java.lang.ref.ReferenceQueue, trace=300000)
	super		50000173
	static NULL	50001524
	static ENQUEUED	50001527
	constant pool entry 100	5000016b
	constant pool entry 30	50000173
	constant pool entry 28	500000dd
	constant pool entry 26	500000de
	constant pool entry 2	500000dc
CLS 500000dd (name=java.lang.ref.ReferenceQueue$Null, trace=300000)
	super		500000de
	constant pool entry 4	500000de
	constant pool entry 3	500000dd
CLS 500000df (name=java.lang.Thread[], trace=300000)
	super		50000173
CLS 500000e0 (name=java.lang.Runnable[], trace=300000)
	super		50000173
CLS 500000e1 (name=java.lang.ref.Reference$ReferenceHandler, trace=300000)
	super		5000014c
	constant pool entry 39	50000173
	constant pool entry 33	50000154
	constant pool entry 16	5000014c
CLS 500000e2 (name=java.lang.ref.Reference$Lock, trace=300000)
	super		50000173
	constant pool entry 4	50000173
	constant pool entry 3	500000e2
CLS 500000e3 (name=sun.reflect.ReflectionFactory, trace=300000)
	super		50000173
	static reflectionFactoryAccessPerm	5000152e
	static soleInstance	5000152a
	static langReflectAccess	5000152d
	constant pool entry 214	500000f1
	constant pool entry 196	500000a9
	constant pool entry 186	500000bb
	constant pool entry 179	5000013f
	constant pool entry 153	50000168
	constant pool entry 76	50000173
	constant pool entry 74	500000e3
	constant pool entry 72	5000152c
	constant pool entry 71	500000f2
	constant pool entry 69	500000aa
	constant pool entry 66	500000a0
	constant pool entry 44	5000009e
	constant pool entry 42	5000009f
	constant pool entry 34	5000013a
	constant pool entry 32	5000016b
CLS 500000e5 (name=java.util.Vector, trace=300000)
	super		500000e6
	constant pool entry 366	500000f9
	constant pool entry 252	50000168
	constant pool entry 250	500000a7
	constant pool entry 90	500000e6
	constant pool entry 26	500000e5
	constant pool entry 11	50000173
CLS 500000e4 (name=java.util.Stack, trace=300000)
	super		500000e5
	constant pool entry 11	500000e5
	constant pool entry 10	500000e4
CLS 500000e8 (name=java.util.RandomAccess, trace=300000)
CLS 500000e9 (name=java.util.List, trace=300000)
CLS 500000ea (name=java.util.Collection, trace=300000)
CLS 500000eb (name=java.lang.Iterable, trace=300000)
CLS 500000ec (name=java.security.cert.Certificate[], trace=300000)
	super		50000173
CLS 500000ed (name=java.security.cert.Certificate, trace=300000)
	super		50000173
CLS 500000ee (name=sun.reflect.ReflectionFactory$GetReflectionFactoryAction, trace=300000)
	super		50000173
	constant pool entry 19	500000e3
	constant pool entry 5	50000173
	constant pool entry 4	500000ee
CLS 500000ef (name=java.security.PrivilegedAction, trace=300000)
CLS 500000f4 (name=java.security.Permission, trace=300000)
	super		50000173
	constant pool entry 17	50000173
	constant pool entry 16	500000f4
CLS 500000f3 (name=java.security.BasicPermission, trace=300000)
	super		500000f4
	constant pool entry 70	5000016f
	constant pool entry 28	500000f4
	constant pool entry 20	500000f3
	constant pool entry 13	50001530
CLS 500000f0 (name=java.lang.reflect.ReflectPermission, trace=300000)
	super		500000f3
	constant pool entry 4	500000f3
CLS 500000f1 (name=java.security.AccessController, trace=300000)
	super		50000173
	constant pool entry 48	500000f1
	constant pool entry 22	50000160
CLS 500000f2 (name=java.lang.RuntimePermission, trace=300000)
	super		500000f3
	constant pool entry 4	500000f3
CLS 500000f5 (name=java.security.Guard, trace=300000)
CLS 500000f6 (name=java.lang.StackTraceElement[], trace=300000)
	super		50000173
CLS 500000f7 (name=java.lang.ThreadGroup[], trace=300000)
	super		50000173
CLS 500000f8 (name=java.lang.Thread$UncaughtExceptionHandler[], trace=300000)
	super		50000173
CLS 500000f9 (name=com.sun.demo.jvmti.hprof.Tracker, trace=300000)
	super		50000173
	constant pool entry 42	5000014c
	constant pool entry 13	500000f9
	constant pool entry 4	50001498
CLS 500000fa (name=java.lang.String$CaseInsensitiveComparator, trace=300000)
	super		50000173
	constant pool entry 12	50000173
	constant pool entry 11	500000fa
CLS 500000fb (name=java.util.Comparator, trace=300000)
CLS 500000fc (name=java.io.ObjectStreamField[], trace=300000)
	super		50000173
CLS 500000fd (name=java.lang.Comparable[], trace=300000)
	super		50000173
CLS 500000fe (name=java.io.ObjectStreamField, trace=300000)
	super		50000173
	constant pool entry 136	5000016b
	constant pool entry 128	5000010f
	constant pool entry 127	50000110
	constant pool entry 126	5000010b
	constant pool entry 125	5000010c
	constant pool entry 124	5000010d
	constant pool entry 123	50000112
	constant pool entry 122	5000010e
	constant pool entry 120	50000113
	constant pool entry 115	5000016f
	constant pool entry 37	50000123
	constant pool entry 35	500000fe
	constant pool entry 22	50000173
CLS 500000ff (name=java.lang.OutOfMemoryError[], trace=300000)
	super		50000173
CLS 50000100 (name=java.lang.VirtualMachineError[], trace=300000)
	super		50000173
CLS 50000101 (name=java.lang.Error[], trace=300000)
	super		50000173
CLS 50000102 (name=java.lang.Throwable[], trace=300000)
	super		50000173
CLS 50000103 (name=java.lang.ArithmeticException, trace=300000)
	super		50000163
CLS 50000104 (name=java.lang.NullPointerException, trace=300000)
	super		50000163
CLS 50000105 (name=java.lang.Class[], trace=300000)
	super		50000173
CLS 50000106 (name=java.io.Serializable[], trace=300000)
	super		50000173
CLS 50000107 (name=java.lang.reflect.GenericDeclaration[], trace=300000)
	super		50000173
CLS 50000108 (name=java.lang.reflect.AnnotatedElement[], trace=300000)
	super		50000173
CLS 50000109 (name=java.lang.reflect.Type[], trace=300000)
	super		50000173
CLS 5000010a (name=java.lang.Object[], trace=300000)
	super		50000173
CLS 5000010b (name=java.lang.Long, trace=300000)
	super		50000111
	static TYPE	5000147f
	constant pool entry 362	500000f9
	constant pool entry 311	5000016b
	constant pool entry 250	500000d5
	constant pool entry 113	500016a5
	constant pool entry 38	5000010c
	constant pool entry 6	5000016f
	constant pool entry 1	5000010b
CLS 5000010c (name=java.lang.Integer, trace=300000)
	super		50000111
	static TYPE	50001480
	static digits	500016ab
	static DigitTens	500016aa
	static DigitOnes	500016a9
	static sizeTable	500016a8
	constant pool entry 315	500000f9
	constant pool entry 276	5000016b
	constant pool entry 256	50000168
	constant pool entry 94	50000111
	constant pool entry 85	500016a7
	constant pool entry 51	50000053
	constant pool entry 6	5000016f
	constant pool entry 3	50000112
	constant pool entry 1	5000010c
CLS 5000010d (name=java.lang.Short, trace=300000)
	super		50000111
	static TYPE	50001481
	constant pool entry 141	5000016b
	constant pool entry 34	500017b7
	constant pool entry 1	5000010d
CLS 5000010e (name=java.lang.Byte, trace=300000)
	super		50000111
	static TYPE	50001482
	constant pool entry 133	5000016b
	constant pool entry 30	500017b9
	constant pool entry 1	5000010e
CLS 5000010f (name=java.lang.Double, trace=300000)
	super		50000111
	static TYPE	50001483
	constant pool entry 201	5000016b
	constant pool entry 61	50001672
	constant pool entry 1	5000010f
CLS 50000110 (name=java.lang.Float, trace=300000)
	super		50000111
	static TYPE	50001484
	constant pool entry 154	5000016b
	constant pool entry 34	50001546
	constant pool entry 1	50000110
CLS 50000112 (name=java.lang.Character, trace=300000)
	super		50000173
	static TYPE	50001485
	constant pool entry 420	5000016b
	constant pool entry 372	50000012
	constant pool entry 103	500017af
	constant pool entry 1	50000112
CLS 50000113 (name=java.lang.Boolean, trace=300000)
	super		50000173
	static TRUE	5000166f
	static FALSE	5000166e
	static TYPE	50001486
	constant pool entry 97	5000016b
	constant pool entry 90	50000168
	constant pool entry 82	5000016f
	constant pool entry 21	50000173
	constant pool entry 18	5000166d
	constant pool entry 11	50000113
	constant pool entry 5	500014ba
CLS 50000115 (name=java.lang.StackTraceElement, trace=300000)
	super		50000173
CLS 50000116 (name=java.security.CodeSource, trace=300000)
	super		50000173
	constant pool entry 108	50000173
	constant pool entry 11	50000116
CLS 50000169 (name=java.lang.ClassLoader, trace=300000)
	super		50000173
	static nocerts	5000167b
	static scl	5000139a
	static loadedLibraryNames	5000167a
	static systemNativeLibraries	50001679
	static nativeLibraryContext	50001678
	static usr_paths	50001677
	static sys_paths	50001676
	constant pool entry 866	500000f9
	constant pool entry 602	50000119
	constant pool entry 598	50000e95
	constant pool entry 596	50000004
	constant pool entry 590	500000bb
	constant pool entry 563	500000da
	constant pool entry 545	5000011b
	constant pool entry 525	500000f1
	constant pool entry 516	5000016b
	constant pool entry 488	500000c4
	constant pool entry 464	50000168
	constant pool entry 253	50000047
	constant pool entry 249	500000e4
	constant pool entry 248	500000ed
	constant pool entry 219	50000059
	constant pool entry 212	5000005e
	constant pool entry 195	5000011d
	constant pool entry 194	50001675
	constant pool entry 191	50001674
	constant pool entry 187	5000016f
	constant pool entry 152	50000001
	constant pool entry 137	50001006
	constant pool entry 130	50000169
	constant pool entry 126	5000100c
	constant pool entry 122	50001002
	constant pool entry 121	5000008e
	constant pool entry 106	5000149a
	constant pool entry 46	5000015d
	constant pool entry 36	50000147
	constant pool entry 34	50000173
	constant pool entry 30	50000005
	constant pool entry 26	50000027
	constant pool entry 16	500000ba
	constant pool entry 11	50000116
	constant pool entry 10	50000161
	constant pool entry 8	500000e5
CLS 5000015f (name=java.security.SecureClassLoader, trace=300000)
	super		50000169
	constant pool entry 96	50000048
	constant pool entry 74	50000168
	constant pool entry 36	50000169
	constant pool entry 35	5000015f
	constant pool entry 32	50001d42
	constant pool entry 2	500000ba
CLS 5000011c (name=java.net.URLClassLoader, trace=300000)
	super		5000015f
	constant pool entry 390	50000169
	constant pool entry 388	50000085
	constant pool entry 248	500000f1
	constant pool entry 242	50000168
	constant pool entry 146	5000015f
	constant pool entry 142	50000041
	constant pool entry 139	5000011c
	constant pool entry 108	5000100a
	constant pool entry 102	500011d6
	constant pool entry 49	5000015d
	constant pool entry 43	50000222
	constant pool entry 10	50000004
	constant pool entry 5	500000ac
CLS 50000117 (name=sun.misc.Launcher$ExtClassLoader, trace=300000)
	super		5000011c
	constant pool entry 215	500000f9
	constant pool entry 149	50000169
	constant pool entry 123	5000016f
	constant pool entry 110	50000168
	constant pool entry 107	50000004
	constant pool entry 105	50000042
	constant pool entry 103	50000085
	constant pool entry 94	50000119
	constant pool entry 92	500000f1
	constant pool entry 56	5000011c
	constant pool entry 34	5000011b
	constant pool entry 28	50001dbf
	constant pool entry 25	500000e5
	constant pool entry 22	5000011d
	constant pool entry 18	50000040
	constant pool entry 16	50001ed0
	constant pool entry 5	50000117
	constant pool entry 2	5000003e
CLS 50000118 (name=sun.misc.Launcher$AppClassLoader, trace=300000)
	super		5000011c
	constant pool entry 139	5000016b
	constant pool entry 104	5000016f
	constant pool entry 102	50000004
	constant pool entry 99	50000042
	constant pool entry 97	50000085
	constant pool entry 92	500000f1
	constant pool entry 86	50000168
	constant pool entry 51	5000011c
	constant pool entry 50	50000118
	constant pool entry 47	50000119
	constant pool entry 8	50000169
	constant pool entry 5	50000002
	constant pool entry 1	50001ed5
CLS 50000119 (name=sun.misc.Launcher, trace=300000)
	super		50000173
	static factory	50001ed4
	static launcher	50001ed3
	static bootClassPath	50001640
	constant pool entry 229	500000f9
	constant pool entry 167	5000002d
	constant pool entry 137	5000016f
	constant pool entry 134	50000168
	constant pool entry 130	5000014c
	constant pool entry 66	50000117
	constant pool entry 64	50000118
	constant pool entry 62	50000bb0
	constant pool entry 58	50000173
	constant pool entry 57	50001ed2
	constant pool entry 55	50000119
	constant pool entry 53	50000049
	constant pool entry 42	5000011d
	constant pool entry 38	5000011b
	constant pool entry 17	50001ed1
CLS 5000011a (name=java.util.jar.Manifest, trace=300000)
	super		50000173
CLS 5000011b (name=java.net.URL, trace=300000)
	super		50000173
	static BUILTIN_HANDLERS_PREFIX	50001d51
	static protocolPathProp	50001d4f
	static handlers	50001d5c
	static streamHandlerLock	50001d5b
	static serialPersistentFields	50001d5a
	constant pool entry 567	500000f9
	constant pool entry 450	5000010c
	constant pool entry 412	5000016b
	constant pool entry 401	500000f1
	constant pool entry 382	50000e98
	constant pool entry 343	50000112
	constant pool entry 295	50000168
	constant pool entry 164	500000fe
	constant pool entry 163	50000173
	constant pool entry 161	50000147
	constant pool entry 137	50001d59
	constant pool entry 136	50001d58
	constant pool entry 135	50001d57
	constant pool entry 134	50001d56
	constant pool entry 132	50001d55
	constant pool entry 131	50001d54
	constant pool entry 127	50001d53
	constant pool entry 118	50001d52
	constant pool entry 117	50001c21
	constant pool entry 112	50000040
	constant pool entry 111	50001d51
	constant pool entry 110	50001d50
	constant pool entry 109	5000016f
	constant pool entry 106	5000149a
	constant pool entry 105	50001d4f
	constant pool entry 104	50000074
	constant pool entry 102	5000000f
	constant pool entry 63	5000011b
	constant pool entry 47	50001529
	constant pool entry 42	50001d4e
	constant pool entry 25	50000010
	constant pool entry 13	50000123
CLS 5000011d (name=java.io.File, trace=300000)
	super		50000173
	static fs	50001c5f
	static separator	50001c5e
	static pathSeparator	50001c5d
	static UNSAFE	5000154c
	constant pool entry 462	50000069
	constant pool entry 460	5000016b
	constant pool entry 451	50000122
	constant pool entry 381	50000168
	constant pool entry 171	50000062
	constant pool entry 165	50000173
	constant pool entry 163	50001c5c
	constant pool entry 141	50001c5b
	constant pool entry 97	5000016f
	constant pool entry 80	50000068
	constant pool entry 59	50000123
	constant pool entry 46	5000011d
	constant pool entry 11	5000149a
CLS 5000011e (name=java.io.ByteArrayInputStream, trace=300000)
	super		5000011f
	constant pool entry 13	5000011f
	constant pool entry 12	5000011e
CLS 50000120 (name=java.io.Closeable, trace=300000)
CLS 50000121 (name=java.lang.AutoCloseable, trace=300000)
CLS 50000122 (name=sun.misc.Unsafe, trace=300000)
	super		50000173
	static theUnsafe	5000154c
	constant pool entry 391	500000f9
	constant pool entry 292	500000da
	constant pool entry 290	5000016b
	constant pool entry 288	500000bb
	constant pool entry 80	50000173
	constant pool entry 66	5000010a
	constant pool entry 64	50000178
	constant pool entry 62	50000179
	constant pool entry 60	50000174
	constant pool entry 58	50000175
	constant pool entry 56	5000017a
	constant pool entry 54	50000176
	constant pool entry 52	50000177
	constant pool entry 49	5000017b
	constant pool entry 46	5000154b
	constant pool entry 45	5000016f
	constant pool entry 44	50000122
CLS 50000125 (name=java.lang.AbstractStringBuilder, trace=300000)
	super		50000173
	constant pool entry 313	500000f9
	constant pool entry 189	500000a7
	constant pool entry 92	50000173
	constant pool entry 52	5000010b
	constant pool entry 33	50000125
	constant pool entry 32	5000016f
CLS 50000123 (name=java.lang.StringBuilder, trace=300000)
	super		50000125
	constant pool entry 96	50000125
	constant pool entry 95	50000123
	constant pool entry 41	5000016f
CLS 50000124 (name=java.lang.StringBuffer, trace=300000)
	super		50000125
	static serialPersistentFields	50000239
	constant pool entry 373	500000f9
	constant pool entry 333	50000113
	constant pool entry 331	5000010c
	constant pool entry 281	500000a7
	constant pool entry 106	50000125
	constant pool entry 105	50000124
	constant pool entry 100	500000fe
	constant pool entry 69	5000017a
	constant pool entry 64	50001d31
	constant pool entry 62	50001d30
	constant pool entry 60	5000169d
	constant pool entry 57	5000016f
CLS 50000126 (name=java.lang.Appendable, trace=300000)
CLS 5000012a (name=java.lang.invoke.CallSite, trace=300000)
	super		50000173
CLS 50000127 (name=java.lang.invoke.VolatileCallSite, trace=300000)
	super		5000012a
CLS 50000128 (name=java.lang.invoke.MutableCallSite, trace=300000)
	super		5000012a
CLS 50000129 (name=java.lang.invoke.ConstantCallSite, trace=300000)
	super		5000012a
CLS 5000012b (name=java.lang.BootstrapMethodError, trace=300000)
	super		5000015c
CLS 5000012c (name=java.lang.invoke.MethodType, trace=300000)
	super		50000173
CLS 5000012d (name=java.lang.invoke.LambdaForm, trace=300000)
	super		50000173
CLS 5000012e (name=java.lang.invoke.MethodHandleNatives, trace=300000)
	super		50000173
	constant pool entry 354	50000186
	constant pool entry 124	5000012e
	constant pool entry 43	5000016b
CLS 5000012f (name=java.lang.invoke.MemberName, trace=300000)
	super		50000173
	static CONSTRUCTOR_NAME	500020e1
	constant pool entry 37	5000016b
	constant pool entry 2	5000012f
CLS 50000131 (name=java.lang.invoke.MethodHandle, trace=300000)
	super		50000173
	constant pool entry 325	50000122
	constant pool entry 264	500001ab
	constant pool entry 249	50000186
	constant pool entry 105	500020ce
	constant pool entry 102	50000131
	constant pool entry 34	5000016b
CLS 50000130 (name=java.lang.invoke.DirectMethodHandle, trace=300000)
	super		50000131
CLS 50000132 (name=sun.reflect.CallerSensitive, trace=300000)
CLS 50000133 (name=java.lang.annotation.Annotation, trace=300000)
CLS 50000136 (name=sun.reflect.FieldAccessorImpl, trace=300000)
	super		5000013e
CLS 50000135 (name=sun.reflect.UnsafeFieldAccessorImpl, trace=300000)
	super		50000136
CLS 50000134 (name=sun.reflect.UnsafeStaticFieldAccessorImpl, trace=300000)
	super		50000135
CLS 50000137 (name=sun.reflect.FieldAccessor, trace=300000)
CLS 50000138 (name=sun.reflect.ConstantPool, trace=300000)
	super		50000173
CLS 50000139 (name=sun.reflect.DelegatingClassLoader, trace=300000)
	super		50000169
CLS 5000013b (name=sun.reflect.ConstructorAccessor, trace=300000)
CLS 5000013c (name=sun.reflect.MethodAccessorImpl, trace=300000)
	super		5000013e
CLS 5000013d (name=sun.reflect.MethodAccessor, trace=300000)
CLS 50000145 (name=java.lang.reflect.AccessibleObject, trace=300000)
	super		50000173
	static ACCESS_PERMISSION	50001533
	static reflectionFactory	5000152a
	constant pool entry 120	500000f1
	constant pool entry 86	50000168
	constant pool entry 35	50000173
	constant pool entry 34	50000145
	constant pool entry 32	500000e3
	constant pool entry 29	500000ee
	constant pool entry 27	50001532
	constant pool entry 26	500000f0
	constant pool entry 7	5000016b
	constant pool entry 5	5000013f
CLS 50000141 (name=java.lang.reflect.Executable, trace=300000)
	super		50000145
	constant pool entry 102	50000145
CLS 5000013f (name=java.lang.reflect.Constructor, trace=300000)
	super		50000141
	constant pool entry 243	500000e3
	constant pool entry 237	5000013b
	constant pool entry 213	50000105
	constant pool entry 207	5000016b
	constant pool entry 75	50000141
	constant pool entry 30	50000105
	constant pool entry 20	5000013f
CLS 50000140 (name=java.lang.reflect.Method, trace=300000)
	super		50000141
CLS 50000142 (name=java.lang.reflect.Parameter, trace=300000)
	super		50000173
CLS 50000143 (name=java.lang.reflect.Field, trace=300000)
	super		50000145
	constant pool entry 86	50000145
	constant pool entry 20	50000143
CLS 50000144 (name=java.lang.reflect.Member, trace=300000)
CLS 50000148 (name=java.util.Dictionary, trace=300000)
	super		50000173
	constant pool entry 3	50000173
CLS 50000147 (name=java.util.Hashtable, trace=300000)
	super		50000148
	constant pool entry 413	500000f9
	constant pool entry 315	500000c4
	constant pool entry 297	5000008d
	constant pool entry 295	500000c3
	constant pool entry 284	50000173
	constant pool entry 274	500000d5
	constant pool entry 267	50000110
	constant pool entry 102	50000148
	constant pool entry 79	50000149
	constant pool entry 74	50000092
	constant pool entry 68	5000008c
	constant pool entry 48	500000d9
	constant pool entry 20	50000147
	constant pool entry 19	500000d8
CLS 50000146 (name=java.util.Properties, trace=300000)
	super		50000147
	static hexDigit	50001669
	constant pool entry 274	500000f9
	constant pool entry 75	50000146
	constant pool entry 64	50000147
	constant pool entry 17	5000016f
CLS 50000149 (name=java.util.Map, trace=300000)
CLS 5000014a (name=java.lang.ThreadGroup, trace=300000)
	super		50000173
	constant pool entry 276	500000f9
	constant pool entry 185	50000168
	constant pool entry 75	50000173
	constant pool entry 45	5000014a
	constant pool entry 5	5000014c
	constant pool entry 3	50001c54
CLS 5000014b (name=java.lang.Thread$UncaughtExceptionHandler, trace=300000)
CLS 5000014d (name=java.lang.Runnable, trace=300000)
CLS 50000151 (name=java.lang.ref.FinalReference, trace=300000)
	super		50000154
	constant pool entry 3	50000154
CLS 5000014e (name=java.lang.ref.Finalizer, trace=300000)
	super		50000151
	static queue	50001391
	static unfinalized	50000f1e
	static lock	5000209b
	constant pool entry 120	5000014a
	constant pool entry 40	50000151
	constant pool entry 36	5000014c
	constant pool entry 34	500000db
	constant pool entry 29	50000173
	constant pool entry 27	500000de
	constant pool entry 9	5000014e
CLS 50000150 (name=java.lang.ref.PhantomReference, trace=300000)
	super		50000154
CLS 5000014f (name=sun.misc.Cleaner, trace=300000)
	super		50000150
CLS 50000155 (name=java.lang.IllegalMonitorStateException, trace=300000)
	super		50000163
CLS 50000158 (name=java.lang.VirtualMachineError, trace=300000)
	super		50000166
CLS 50000156 (name=java.lang.StackOverflowError, trace=300000)
	super		50000158
CLS 50000157 (name=java.lang.OutOfMemoryError, trace=300000)
	super		50000158
CLS 50000159 (name=java.lang.ArrayStoreException, trace=300000)
	super		50000163
CLS 5000015a (name=java.lang.ClassCastException, trace=300000)
	super		50000163
CLS 5000015b (name=java.lang.NoClassDefFoundError, trace=300000)
	super		5000015c
CLS 5000015e (name=java.lang.ReflectiveOperationException, trace=300000)
	super		50000164
	constant pool entry 6	50000164
CLS 5000015d (name=java.lang.ClassNotFoundException, trace=300000)
	super		5000015e
	constant pool entry 6	5000015e
CLS 50000160 (name=java.security.AccessControlContext, trace=300000)
	super		50000173
	constant pool entry 207	500000f1
	constant pool entry 89	50000173
	constant pool entry 80	50000160
CLS 50000161 (name=java.security.ProtectionDomain, trace=300000)
	super		50000173
	constant pool entry 286	500000f9
	constant pool entry 218	50000048
	constant pool entry 215	50000085
	constant pool entry 80	50000173
	constant pool entry 79	50000161
	constant pool entry 76	50000009
	constant pool entry 74	500017c9
	constant pool entry 71	5000000b
	constant pool entry 12	50000007
	constant pool entry 3	50000008
CLS 50000162 (name=java.lang.SecurityManager, trace=300000)
	super		50000173
CLS 50000165 (name=java.lang.ThreadDeath, trace=300000)
	super		50000166
CLS 50000168 (name=java.lang.System, trace=300000)
	super		50000173
	static in	500014a7
	static out	500014a6
	static err	500014a5
	static props	500014a4
	static lineSeparator	500014a3
	constant pool entry 300	5000014a
	constant pool entry 297	5000014c
	constant pool entry 294	50000058
	constant pool entry 281	50000088
	constant pool entry 278	5000008a
	constant pool entry 275	500000da
	constant pool entry 265	500000bb
	constant pool entry 259	5000008b
	constant pool entry 204	50000085
	constant pool entry 99	5000004e
	constant pool entry 90	500014a2
	constant pool entry 89	500014a1
	constant pool entry 87	500014a0
	constant pool entry 85	50000080
	constant pool entry 81	50000082
	constant pool entry 78	50000089
	constant pool entry 76	5000149f
	constant pool entry 70	50000078
	constant pool entry 69	50000079
	constant pool entry 48	5000149a
	constant pool entry 43	5000016f
	constant pool entry 31	50000146
	constant pool entry 7	50000168
CLS 5000016a (name=java.lang.Cloneable, trace=300000)
CLS 5000016b (name=java.lang.Class, trace=300000)
	super		50000173
	static serialPersistentFields	5000152b
	static reflectionFactory	5000152a
	constant pool entry 1225	500000f9
	constant pool entry 774	5000016f
	constant pool entry 729	500000f1
	constant pool entry 711	50000168
	constant pool entry 708	50000169
	constant pool entry 706	500000bb
	constant pool entry 341	500000b5
	constant pool entry 331	500000fe
	constant pool entry 267	500000b7
	constant pool entry 266	500000e3
	constant pool entry 264	500000ee
	constant pool entry 216	5000013f
	constant pool entry 211	50000143
	constant pool entry 187	50000153
	constant pool entry 183	500000b6
	constant pool entry 178	50001529
	constant pool entry 48	500000a1
	constant pool entry 43	5000016b
CLS 5000016c (name=java.lang.reflect.Type, trace=300000)
CLS 5000016d (name=java.lang.reflect.GenericDeclaration, trace=300000)
CLS 5000016e (name=java.lang.reflect.AnnotatedElement, trace=300000)
CLS 5000016f (name=java.lang.String, trace=300000)
	super		50000173
	static serialPersistentFields	500014bd
	static CASE_INSENSITIVE_ORDER	500014bc
	constant pool entry 549	500000f9
	constant pool entry 412	5000002b
	constant pool entry 354	500000d5
	constant pool entry 339	50000168
	constant pool entry 323	5000009d
	constant pool entry 307	500000a7
	constant pool entry 147	50000173
	constant pool entry 145	500000fa
	constant pool entry 143	500000fe
	constant pool entry 138	500014bb
	constant pool entry 137	500014ba
	constant pool entry 134	50001489
	constant pool entry 117	500014b9
	constant pool entry 116	500014b8
	constant pool entry 115	500014b7
	constant pool entry 109	50000170
	constant pool entry 87	500014b6
	constant pool entry 61	50000112
	constant pool entry 43	5000016f
	constant pool entry 21	500014b5
	constant pool entry 18	500014b4
	constant pool entry 2	5000149a
CLS 50000170 (name=java.lang.CharSequence, trace=300000)
CLS 50000171 (name=java.lang.Comparable, trace=300000)
CLS 50000172 (name=java.io.Serializable, trace=300000)
CLS 50000174 (name=long[], trace=300000)
	super		50000173
CLS 50000175 (name=int[], trace=300000)
	super		50000173
CLS 50000176 (name=short[], trace=300000)
	super		50000173
CLS 50000177 (name=byte[], trace=300000)
	super		50000173
CLS 50000178 (name=double[], trace=300000)
	super		50000173
CLS 50000179 (name=float[], trace=300000)
	super		50000173
CLS 5000017a (name=char[], trace=300000)
	super		50000173
CLS 5000017b (name=boolean[], trace=300000)
	super		50000173
CLS 50000186 (name=java.lang.invoke.MethodHandleImpl, trace=300004)
	super		50000173
	static PRODUCE_BLOCK_INLINING_FORM	50000194
	static PRODUCE_REINVOKER_FORM	50000196
	static FAKE_METHOD_HANDLE_INVOKE	50000198
	static NO_ARGS_ARRAY	50000199
	static FILL_ARRAY_TO_RIGHT	5000019a
	static TYPED_COLLECTORS	500001a2
	constant pool entry 985	500000f9
	constant pool entry 710	500000f1
	constant pool entry 453	500001a9
	constant pool entry 257	5000019c
	constant pool entry 255	50000195
	constant pool entry 253	50000193
	constant pool entry 250	50000189
	constant pool entry 213	5000010c
	constant pool entry 44	50000131
	constant pool entry 41	5000016b
	constant pool entry 30	50000173
	constant pool entry 1	50000186
CLS 50000189 (name=java.lang.invoke.MethodHandleImpl$1, trace=300007)
	super		50000173
	constant pool entry 38	5000010c
	constant pool entry 33	5000016b
	constant pool entry 13	50000173
	constant pool entry 12	50000189
	constant pool entry 8	500020e3
	constant pool entry 5	50000186
	constant pool entry 3	50000123
CLS 50000192 (name=java.util.function.Function, trace=300015)
CLS 50000193 (name=java.lang.invoke.MethodHandleImpl$2, trace=300015)
	super		50000173
	constant pool entry 11	50000173
CLS 50000195 (name=java.lang.invoke.MethodHandleImpl$3, trace=300017)
	super		50000173
	constant pool entry 9	50000173
CLS 50000197 (name=java.lang.invoke.MethodHandle[], trace=300019)
	super		50000173
CLS 5000019b (name=java.lang.ClassValue, trace=300022)
	super		50000173
	static EMPTY_CACHE	5000019f
	static nextHashCode	500001a0
	static CRITICAL_SECTION	500001a1
	constant pool entry 178	500000f9
	constant pool entry 42	50000173
	constant pool entry 40	500000c8
	constant pool entry 38	5000019d
	constant pool entry 11	500001a5
	constant pool entry 8	500001a3
	constant pool entry 3	5000019b
CLS 5000019c (name=java.lang.invoke.MethodHandleImpl$4, trace=300022)
	super		5000019b
	constant pool entry 5	5000019b
CLS 5000019d (name=java.lang.ClassValue$Entry, trace=300023)
	super		50000152
	static DEAD_ENTRY	500001a7
	constant pool entry 77	5000016b
	constant pool entry 19	50000152
	constant pool entry 16	5000019b
	constant pool entry 14	5000019d
CLS 5000019e (name=java.lang.ClassValue$Entry[], trace=300024)
	super		50000173
CLS 500001a3 (name=java.lang.ClassValue$Identity, trace=300028)
	super		50000173
	constant pool entry 3	50000173
CLS 500001a5 (name=java.lang.ClassValue$Version, trace=300030)
	super		50000173
	constant pool entry 8	50000173
	constant pool entry 7	500001a5
	constant pool entry 2	5000019d
CLS 500001a9 (name=java.lang.invoke.MemberName$Factory, trace=300034)
	super		50000173
	static INSTANCE	500001aa
	constant pool entry 159	5000016b
	constant pool entry 59	50000173
	constant pool entry 55	500001a9
	constant pool entry 1	5000012f
CLS 500001ab (name=java.lang.invoke.MethodHandleStatics, trace=300036)
	super		50000173
	static UNSAFE	5000154c
	constant pool entry 200	500000f9
	constant pool entry 151	500000f1
	constant pool entry 145	50000122
	constant pool entry 56	500001ab
	constant pool entry 47	5000010c
	constant pool entry 45	50000113
	constant pool entry 42	500001ad
	constant pool entry 41	50000173
CLS 500001ad (name=java.lang.invoke.MethodHandleStatics$1, trace=300038)
	super		50000173
	constant pool entry 53	50000168
	constant pool entry 47	5000010c
	constant pool entry 40	50000113
	constant pool entry 20	50000173
	constant pool entry 19	500001ad
	constant pool entry 17	500020d7
	constant pool entry 14	500014ba
	constant pool entry 13	500020d6
	constant pool entry 12	500020d5
	constant pool entry 11	500020d4
	constant pool entry 9	500020d3
	constant pool entry 8	500020d2
	constant pool entry 7	500020d1
	constant pool entry 6	500020d0
	constant pool entry 3	500020cf
CLS 500001b5 (name=sun.misc.PostVMInitHook, trace=300000)
	super		50000173
	constant pool entry 24	50000168
	constant pool entry 9	500001b5
	constant pool entry 6	500020ed
	constant pool entry 5	500020ec
	constant pool entry 3	500001b6
CLS 500001b6 (name=sun.usagetracker.UsageTrackerClient, trace=300043)
	super		50000173
	static LOCK	500001b7
	static ORCL_UT_CONFIG_FILE_NAME	500020f3
	static ORCL_UT_USAGE_DIR	500020fb
	static ORCL_UT_PROPERTY_NAME	5000210c
	static ORCL_UT_PROPERTY_RUN_SYNCHRONOUSLY	5000210b
	static ORCL_UT_PROPERTY_CONFIG_FILE_NAME	500020f0
	static ORCL_UT_LOGTOFILE	5000210a
	static ORCL_UT_LOGFILEMAXSIZE	50002109
	static ORCL_UT_LOGTOUDP	50002108
	static ORCL_UT_TRACK_LAST_USAGE	50002107
	static ORCL_UT_VERBOSE	50002106
	static ORCL_UT_DEBUG	50002105
	static ORCL_UT_ADDITIONALPROPERTIES	50002104
	static ORCL_UT_SEPARATOR	50002103
	static ORCL_UT_QUOTE	50002102
	static ORCL_UT_QUOTE_INNER	50002101
	static DEFAULT_SEP	50002100
	static DEFAULT_QUOTE	500020ff
	static DEFAULT_QUOTE_INNER	500020fe
	static isFirstRun	500001bc
	static javaHome	5000161a
	static userHomeKeyword	500020fd
	constant pool entry 482	500000f9
	constant pool entry 354	50000168
	constant pool entry 339	5000010b
	constant pool entry 299	500000f1
	constant pool entry 150	500001b8
	constant pool entry 149	50000173
	constant pool entry 140	50001c27
	constant pool entry 136	50000082
	constant pool entry 130	500020fc
	constant pool entry 128	500020fb
	constant pool entry 125	500017db
	constant pool entry 92	500001c6
	constant pool entry 91	500020fa
	constant pool entry 90	500020f9
	constant pool entry 57	500020f8
	constant pool entry 45	500020f7
	constant pool entry 44	500020f6
	constant pool entry 41	500020f5
	constant pool entry 39	500020f4
	constant pool entry 38	5000011d
	constant pool entry 36	500001d7
	constant pool entry 34	500020f3
	constant pool entry 33	500020f2
	constant pool entry 32	500020f1
	constant pool entry 28	50000123
	constant pool entry 26	500020f0
	constant pool entry 23	5000016f
	constant pool entry 20	500001bd
	constant pool entry 1	500001b6
CLS 500001b8 (name=java.util.concurrent.atomic.AtomicBoolean, trace=300045)
	super		50000173
	static unsafe	5000154c
	constant pool entry 65	5000016b
	constant pool entry 56	50000122
	constant pool entry 18	50000173
	constant pool entry 12	5000169d
	constant pool entry 11	500001b8
CLS 500001bd (name=sun.usagetracker.UsageTrackerClient$1, trace=300047)
	super		50000173
	constant pool entry 29	50000168
	constant pool entry 7	50000173
	constant pool entry 6	500001bd
CLS 500001c6 (name=sun.usagetracker.UsageTrackerClient$4, trace=300054)
	super		50000173
	constant pool entry 63	50000113
	constant pool entry 58	50000168
	constant pool entry 27	50000173
	constant pool entry 26	500001c6
	constant pool entry 12	50002121
	constant pool entry 8	500014ba
	constant pool entry 7	5000210b
	constant pool entry 1	500001b6
CLS 500001d7 (name=sun.usagetracker.UsageTrackerClient$3, trace=300068)
	super		50000173
	constant pool entry 8	50000173
	constant pool entry 7	500001d7
	constant pool entry 3	5000011d
CLS 50000211 (name=java.io.FileOutputStream$1, trace=300107)
	super		50000173
	constant pool entry 20	50000082
	constant pool entry 5	50000173
	constant pool entry 4	50000211
CLS 50000214 (name=sun.launcher.LauncherHelper, trace=300000)
	super		50000063
	static INSTANCE	50000215
	static MAIN_CLASS	50002133
	static outBuf	50000218
	static INDENT	50002132
	static VM_SETTINGS	50002131
	static PROP_SETTINGS	50002130
	static LOCALE_SETTINGS	5000212f
	static diagprop	50001553
	static defaultBundleName	50001694
	static ostream	500014a5
	static scloader	5000139a
	static encprop	5000212d
	static encoding	50001399
	static $VALUES	50000217
	constant pool entry 721	500000f9
	constant pool entry 564	500000da
	constant pool entry 534	500000d4
	constant pool entry 505	50000b98
	constant pool entry 503	50000b91
	constant pool entry 498	50000169
	constant pool entry 443	50001343
	constant pool entry 441	50000fe9
	constant pool entry 385	50000168
	constant pool entry 366	50000079
	constant pool entry 222	50000fe8
	constant pool entry 216	50000063
	constant pool entry 213	50001553
	constant pool entry 210	5000212e
	constant pool entry 176	5000212d
	constant pool entry 154	50001398
	constant pool entry 148	5000015d
	constant pool entry 147	5000015b
	constant pool entry 141	5000149a
	constant pool entry 111	5000212c
	constant pool entry 110	500020f4
	constant pool entry 67	50000173
	constant pool entry 53	5000016f
	constant pool entry 25	50000123
	constant pool entry 6	50000214
CLS 50000216 (name=sun.launcher.LauncherHelper[], trace=300110)
	super		50000173
CLS 50000222 (name=java.net.URLClassLoader$1, trace=300119)
	super		50000173
	constant pool entry 51	50000004
	constant pool entry 46	5000016f
	constant pool entry 41	5000011c
	constant pool entry 15	50000173
	constant pool entry 14	50000222
	constant pool entry 5	50001dc1
CLS 50000228 (name=sun.net.util.URLUtil, trace=300125)
	super		50000173
	constant pool entry 56	5000016f
	constant pool entry 26	5000011b
	constant pool entry 7	50001d4d
	constant pool entry 2	50000123
CLS 5000022e (name=sun.misc.URLClassPath$3, trace=300130)
	super		50000173
	constant pool entry 53	5000016f
	constant pool entry 50	5000011b
	constant pool entry 45	50000004
	constant pool entry 20	50000173
	constant pool entry 19	5000022e
	constant pool entry 14	50000231
	constant pool entry 10	50000b43
	constant pool entry 7	50001d57
	constant pool entry 5	50001529
CLS 50000230 (name=sun.misc.URLClassPath$Loader, trace=300132)
	super		50000173
	constant pool entry 29	50000173
	constant pool entry 28	50000230
CLS 50000231 (name=sun.misc.URLClassPath$JarLoader, trace=300132)
	super		50000230
	static zipAccess	50000236
	constant pool entry 339	5000047c
	constant pool entry 329	5000035b
	constant pool entry 327	50000085
	constant pool entry 304	500003e4
	constant pool entry 257	50000168
	constant pool entry 252	500000f1
	constant pool entry 243	5000003d
	constant pool entry 239	5000002d
	constant pool entry 120	50000230
	constant pool entry 94	50000231
	constant pool entry 89	5000016f
	constant pool entry 84	50000005
	constant pool entry 69	50000e96
	constant pool entry 52	5000035a
	constant pool entry 49	50001042
	constant pool entry 46	50000353
	constant pool entry 38	50000909
	constant pool entry 36	5000090c
	constant pool entry 33	50000351
	constant pool entry 30	50001d57
	constant pool entry 25	5000011d
	constant pool entry 15	50001dba
	constant pool entry 12	50000123
	constant pool entry 11	5000149a
	constant pool entry 10	50001d44
	constant pool entry 9	5000011b
	constant pool entry 1	50000004
CLS 50000232 (name=java.util.zip.ZipConstants, trace=300133)
CLS 50000233 (name=java.util.zip.ZipFile, trace=300133)
	super		50000173
	constant pool entry 425	50000085
	constant pool entry 418	500000da
	constant pool entry 367	500003bc
	constant pool entry 360	50000149
	constant pool entry 341	500003c6
	constant pool entry 334	500003c0
	constant pool entry 327	50000168
	constant pool entry 312	50000362
	constant pool entry 142	50000173
	constant pool entry 139	50000235
	constant pool entry 134	50001552
	constant pool entry 88	500003fc
	constant pool entry 82	50000403
	constant pool entry 69	500003f9
	constant pool entry 28	500003bd
	constant pool entry 26	500000ac
	constant pool entry 21	50000233
	constant pool entry 19	5000011d
	constant pool entry 1	500003eb
CLS 50000234 (name=sun.misc.JavaUtilZipFileAccess, trace=300134)
CLS 50000235 (name=java.util.zip.ZipFile$1, trace=300134)
	super		50000173
	constant pool entry 4	50000173
CLS 50000351 (name=sun.misc.URLClassPath$JarLoader$1, trace=300160)
	super		50000173
	constant pool entry 87	500000ba
	constant pool entry 84	50000228
	constant pool entry 77	500003e4
	constant pool entry 59	50000004
	constant pool entry 34	50000231
	constant pool entry 31	50000173
	constant pool entry 30	50000351
	constant pool entry 22	5000011b
CLS 50000353 (name=sun.misc.FileURLMapper, trace=300162)
	super		50000173
	constant pool entry 44	5000002d
	constant pool entry 39	5000016f
	constant pool entry 36	5000011b
	constant pool entry 16	50000173
	constant pool entry 15	50000353
	constant pool entry 12	5000011d
	constant pool entry 5	5000149a
CLS 5000035a (name=java.util.jar.JarFile, trace=300165)
	super		50000233
	static MANIFEST_NAME	500017da
	static CLASSPATH_CHARS	5000035e
	static CLASSPATH_LASTOCC	5000035f
	static CLASSPATH_OPTOSFT	50000360
	static javaHome	5000161a
	static jarNames	5000047e
	constant pool entry 464	500000f9
	constant pool entry 383	50000085
	constant pool entry 338	500000f1
	constant pool entry 327	500000d5
	constant pool entry 315	5000011f
	constant pool entry 313	500004bd
	constant pool entry 311	500003eb
	constant pool entry 280	5000002b
	constant pool entry 135	5000035c
	constant pool entry 107	500017e6
	constant pool entry 106	500017e5
	constant pool entry 105	500017e4
	constant pool entry 104	500017e3
	constant pool entry 103	500017e2
	constant pool entry 102	500017e1
	constant pool entry 101	500017e0
	constant pool entry 100	500017df
	constant pool entry 99	500017de
	constant pool entry 98	500017dd
	constant pool entry 96	500017dc
	constant pool entry 93	50000123
	constant pool entry 90	5000016f
	constant pool entry 87	500017db
	constant pool entry 86	50000074
	constant pool entry 46	500017da
	constant pool entry 45	5000035a
	constant pool entry 43	500017d9
	constant pool entry 42	500017d8
	constant pool entry 41	500017d7
	constant pool entry 39	500017d6
	constant pool entry 28	500003ee
	constant pool entry 26	500003ed
	constant pool entry 6	50000233
	constant pool entry 4	5000011d
CLS 5000035b (name=sun.misc.JavaUtilJarAccess, trace=300166)
CLS 5000035c (name=java.util.jar.JavaUtilJarAccessImpl, trace=300166)
	super		50000173
	constant pool entry 39	5000035a
	constant pool entry 10	50000173
CLS 50000362 (name=java.nio.charset.StandardCharsets, trace=300172)
	super		50000173
	static US_ASCII	50000367
	static ISO_8859_1	50000379
	static UTF_8	50001821
	static UTF_16BE	5000038f
	static UTF_16LE	500003a1
	static UTF_16	500003b3
	constant pool entry 39	500000d4
	constant pool entry 18	50000362
	constant pool entry 16	50001c49
	constant pool entry 14	50001c50
	constant pool entry 12	50001c46
	constant pool entry 10	50001c27
	constant pool entry 8	50001c44
	constant pool entry 5	50001b73
CLS 50000366 (name=sun.nio.cs.US_ASCII, trace=300176)
	super		500000d4
	constant pool entry 31	500000d1
	constant pool entry 10	500000d4
	constant pool entry 1	50001b73
CLS 50000371 (name=sun.nio.cs.ISO_8859_1, trace=300183)
	super		500000d4
	constant pool entry 33	500000d1
	constant pool entry 11	500000d4
	constant pool entry 1	50001c44
CLS 50000387 (name=sun.nio.cs.UTF_16BE, trace=300183)
	super		500000a5
	constant pool entry 27	500000d1
	constant pool entry 10	500000a5
	constant pool entry 1	50001c46
CLS 50000399 (name=sun.nio.cs.UTF_16LE, trace=300183)
	super		500000a5
	constant pool entry 27	500000d1
	constant pool entry 10	500000a5
	constant pool entry 1	50001c50
CLS 500003ab (name=sun.nio.cs.UTF_16, trace=300183)
	super		500000a5
	constant pool entry 26	500000d1
	constant pool entry 9	500000a5
	constant pool entry 1	50001c49
CLS 500003bb (name=java.util.Queue, trace=300199)
CLS 500003bc (name=java.util.Deque, trace=300199)
CLS 500003bd (name=java.util.ArrayDeque, trace=300199)
	super		500000e7
	constant pool entry 254	500000f9
	constant pool entry 199	5000016b
	constant pool entry 59	500000e7
	constant pool entry 3	50000173
	constant pool entry 2	500003bd
CLS 500003c0 (name=java.util.zip.ZipCoder, trace=300202)
	super		50000173
	constant pool entry 202	500000f9
	constant pool entry 140	50000093
	constant pool entry 135	500000d4
	constant pool entry 130	50000362
	constant pool entry 122	500000a7
	constant pool entry 116	50000072
	constant pool entry 50	50000173
	constant pool entry 34	500003c0
	constant pool entry 25	50000073
	constant pool entry 4	5000016f
CLS 500003c6 (name=sun.misc.PerfCounter, trace=300206)
	super		50000173
	static perf	500003ca
	constant pool entry 116	500000f1
	constant pool entry 100	50000168
	constant pool entry 95	500003d2
	constant pool entry 90	50000070
	constant pool entry 88	5000006d
	constant pool entry 37	500003cb
	constant pool entry 33	50000173
	constant pool entry 32	500003c9
	constant pool entry 29	500003c7
	constant pool entry 4	500003c6
CLS 500003c7 (name=sun.misc.Perf$GetPerfAction, trace=300207)
	super		50000173
	constant pool entry 19	500003c9
	constant pool entry 5	50000173
	constant pool entry 4	500003c7
CLS 500003c9 (name=sun.misc.Perf, trace=300209)
	super		50000173
	static instance	500003ca
	constant pool entry 86	50000168
	constant pool entry 31	50000173
	constant pool entry 11	500003c9
CLS 500003cb (name=sun.misc.PerfCounter$CoreCounters, trace=300211)
	super		50000173
	static pdt	500003cc
	static lc	500003d5
	static lct	500003d8
	static rcbt	500003db
	static zfc	500003de
	static zfot	500003e1
	constant pool entry 33	500003c6
	constant pool entry 15	500003cb
	constant pool entry 13	5000180f
	constant pool entry 11	5000180e
	constant pool entry 9	5000180d
	constant pool entry 7	5000180c
	constant pool entry 5	5000180b
	constant pool entry 2	5000180a
CLS 500003cd (name=sun.nio.ch.DirectBuffer, trace=300213)
CLS 500003ce (name=java.nio.MappedByteBuffer, trace=300213)
	super		50000070
	constant pool entry 20	50000070
	constant pool entry 19	500003ce
CLS 500003cf (name=java.nio.DirectByteBuffer, trace=300213)
	super		500003ce
	static unsafe	5000154c
	constant pool entry 415	5000016b
	constant pool entry 300	50000122
	constant pool entry 167	500003ce
	constant pool entry 164	50000177
	constant pool entry 130	500003d3
	constant pool entry 34	5000006e
	constant pool entry 24	500003cf
CLS 500003d2 (name=java.nio.LongBuffer, trace=300216)
	super		50000114
	constant pool entry 51	50000114
	constant pool entry 44	500003d2
CLS 500003d3 (name=java.nio.DirectLongBufferU, trace=300216)
	super		500003d2
	static unsafe	5000154c
	constant pool entry 154	5000016b
	constant pool entry 125	50000122
	constant pool entry 62	500003cd
	constant pool entry 61	500003d2
	constant pool entry 57	50000174
	constant pool entry 21	5000006e
	constant pool entry 10	500003d3
CLS 500003e4 (name=sun.misc.JarIndex, trace=300223)
	super		50000173
	static INDEX_NAME	50001dbb
	constant pool entry 300	500000f9
	constant pool entry 228	50000168
	constant pool entry 154	5000003d
	constant pool entry 86	50000173
	constant pool entry 84	50001dbd
	constant pool entry 83	500014ba
	constant pool entry 76	500000cf
	constant pool entry 70	50001dbc
	constant pool entry 67	500000e5
	constant pool entry 64	50000039
	constant pool entry 63	5000003a
	constant pool entry 61	5000016f
	constant pool entry 48	50001b83
	constant pool entry 39	5000035a
	constant pool entry 23	50001529
	constant pool entry 18	50000423
	constant pool entry 12	50001dbb
	constant pool entry 11	500003e4
	constant pool entry 2	500000ba
CLS 500003eb (name=java.util.zip.ZipEntry, trace=300230)
	super		50000173
	constant pool entry 149	5000008f
	constant pool entry 64	50000173
	constant pool entry 26	500003eb
	constant pool entry 19	500017e9
CLS 500003ed (name=java.util.jar.JarEntry, trace=300232)
	super		500003eb
	constant pool entry 12	500003eb
	constant pool entry 11	500003ed
CLS 500003ee (name=java.util.jar.JarFile$JarFileEntry, trace=300232)
	super		500003ed
	constant pool entry 20	500003ed
	constant pool entry 19	500003ee
CLS 500003f9 (name=java.util.zip.ZipFile$ZipFileInputStream, trace=300240)
	super		5000011f
	constant pool entry 74	50000149
	constant pool entry 60	50000233
	constant pool entry 23	5000011f
	constant pool entry 22	500003f9
CLS 500003fc (name=java.util.zip.Inflater, trace=300242)
	super		50000173
	static defaultBuf	500003fd
	constant pool entry 156	500000f9
	constant pool entry 141	5000016b
	constant pool entry 42	50000173
	constant pool entry 39	500003fc
	constant pool entry 4	50000400
CLS 50000400 (name=java.util.zip.ZStreamRef, trace=300245)
	super		50000173
	constant pool entry 4	50000173
	constant pool entry 3	50000400
CLS 50000402 (name=java.util.zip.InflaterInputStream, trace=300247)
	super		50000081
	constant pool entry 164	500000f9
	constant pool entry 134	5000011f
	constant pool entry 52	50000081
	constant pool entry 51	50000402
	constant pool entry 18	500003fc
CLS 50000403 (name=java.util.zip.ZipFile$ZipFileInflaterInputStream, trace=300247)
	super		50000402
	constant pool entry 76	5000011f
	constant pool entry 67	50000149
	constant pool entry 65	50000233
	constant pool entry 33	500003f9
	constant pool entry 28	50000402
	constant pool entry 27	50000403
	constant pool entry 9	500003fc
CLS 50000422 (name=java.util.AbstractSequentialList, trace=300270)
	super		500000e6
	constant pool entry 21	500000e6
CLS 50000423 (name=java.util.LinkedList, trace=300270)
	super		50000422
	constant pool entry 309	500000f9
	constant pool entry 69	50000422
	constant pool entry 56	50000173
	constant pool entry 51	50000423
	constant pool entry 6	50000425
CLS 50000425 (name=java.util.LinkedList$Node, trace=300272)
	super		50000173
	constant pool entry 6	50000173
	constant pool entry 5	50000425
CLS 5000047c (name=sun.misc.ExtensionDependency, trace=300291)
	super		50000173
	constant pool entry 1	5000047c
CLS 500004bd (name=sun.misc.IOUtils, trace=300342)
	super		50000173
	constant pool entry 50	500000f9
	constant pool entry 30	5000011f
	constant pool entry 28	500000a7
	constant pool entry 26	500000d5
CLS 50000909 (name=java.io.IOException, trace=300348)
	super		50000164
	constant pool entry 6	50000164
CLS 5000090a (name=java.util.zip.ZipException, trace=300348)
	super		50000909
	constant pool entry 4	50000909
CLS 5000090c (name=java.security.PrivilegedActionException, trace=300350)
	super		50000164
	constant pool entry 13	50000164
	constant pool entry 12	5000090c
CLS 50000b43 (name=sun.misc.URLClassPath$FileLoader, trace=300354)
	super		50000230
	constant pool entry 83	50000004
	constant pool entry 69	5000002d
	constant pool entry 61	5000016f
	constant pool entry 34	50000230
	constant pool entry 33	50000b43
	constant pool entry 25	50001e70
	constant pool entry 20	50001c21
	constant pool entry 18	5000011b
	constant pool entry 12	5000011d
	constant pool entry 2	50001d57
CLS 50000b4b (name=sun.nio.cs.ThreadLocalCoders, trace=300361)
	super		50000173
	static decoderCache	50000b4e
	static encoderCache	50000b51
	constant pool entry 15	50000b4c
	constant pool entry 12	50000b50
	constant pool entry 10	50000b4b
	constant pool entry 9	50000b4d
	constant pool entry 4	50000095
CLS 50000b4c (name=sun.nio.cs.ThreadLocalCoders$Cache, trace=300362)
	super		50000173
	constant pool entry 57	500000f9
	constant pool entry 13	50000b4c
	constant pool entry 8	50000173
	constant pool entry 2	500000c9
CLS 50000b4d (name=sun.nio.cs.ThreadLocalCoders$1, trace=300362)
	super		50000b4c
	constant pool entry 47	5000016b
	constant pool entry 17	50000b4c
	constant pool entry 16	50000b4d
	constant pool entry 14	50000b4b
	constant pool entry 7	500000d4
	constant pool entry 2	5000016f
CLS 50000b50 (name=sun.nio.cs.ThreadLocalCoders$2, trace=300365)
	super		50000b4c
	constant pool entry 47	5000016b
	constant pool entry 17	50000b4c
	constant pool entry 16	50000b50
	constant pool entry 14	50000b4b
CLS 50000b91 (name=java.text.Normalizer$Form, trace=300397)
	super		50000063
	static NFD	50000b92
	static NFC	50000b93
	static NFKD	50000b94
	static NFKC	50000b95
	static $VALUES	50000b97
	constant pool entry 57	500000f9
	constant pool entry 41	50000b96
	constant pool entry 16	50000063
	constant pool entry 14	50002148
	constant pool entry 12	50002147
	constant pool entry 10	50002146
	constant pool entry 7	50002145
	constant pool entry 4	50000b91
	constant pool entry 3	50000b96
CLS 50000b96 (name=java.text.Normalizer$Form[], trace=300402)
	super		50000173
CLS 50000b98 (name=java.text.Normalizer, trace=300403)
	super		50000173
	constant pool entry 23	50000b99
	constant pool entry 21	50000170
CLS 50000b99 (name=sun.text.normalizer.NormalizerBase, trace=300404)
	super		50000173
	static NONE	50000b9b
	static NFD	50000b9d
	static NFKD	50000b9f
	static NFC	50000ba1
	static NFKC	50000ba3
	static NO	50000ba5
	static YES	50000ba6
	static MAYBE	50000ba7
	constant pool entry 239	50000b91
	constant pool entry 118	50000ba8
	constant pool entry 112	50000ba4
	constant pool entry 110	50000ba2
	constant pool entry 108	50000ba0
	constant pool entry 106	50000b9e
	constant pool entry 104	50000b9c
	constant pool entry 101	50000b9a
	constant pool entry 33	5000016f
	constant pool entry 3	50000bab
	constant pool entry 2	50000b99
CLS 50000b9a (name=sun.text.normalizer.NormalizerBase$Mode, trace=300405)
	super		50000173
	constant pool entry 10	50000173
	constant pool entry 9	50000b9a
CLS 50000b9c (name=sun.text.normalizer.NormalizerBase$NFDMode, trace=300407)
	super		50000b9a
	constant pool entry 17	50000b9a
	constant pool entry 16	50000b9c
	constant pool entry 5	50000bab
CLS 50000b9e (name=sun.text.normalizer.NormalizerBase$NFKDMode, trace=300409)
	super		50000b9a
	constant pool entry 17	50000b9a
	constant pool entry 16	50000b9e
CLS 50000ba0 (name=sun.text.normalizer.NormalizerBase$NFCMode, trace=300411)
	super		50000b9a
	constant pool entry 17	50000b9a
	constant pool entry 16	50000ba0
CLS 50000ba2 (name=sun.text.normalizer.NormalizerBase$NFKCMode, trace=300413)
	super		50000b9a
	constant pool entry 17	50000b9a
	constant pool entry 16	50000ba2
CLS 50000ba4 (name=sun.text.normalizer.NormalizerBase$QuickCheckResult, trace=300415)
	super		50000173
	constant pool entry 5	50000173
	constant pool entry 4	50000ba4
CLS 50000ba8 (name=sun.text.normalizer.NormalizerBase$1, trace=300419)
	super		50000173
	static $SwitchMap$java$text$Normalizer$Form	50000ba9
	constant pool entry 50	500000f9
	constant pool entry 23	50000b91
	constant pool entry 9	50000ba8
CLS 50000bab (name=sun.text.normalizer.NormalizerImpl, trace=300422)
	super		50000173
	static IMPL	50000bac
	static DATA_FILE_NAME	5000213b
	static fcdTrieImpl	50000f3e
	static normTrieImpl	50000f40
	static auxTrieImpl	50000f42
	static indexes	50000f36
	static combiningTable	50000f38
	static extraData	50000f39
	static unicodeVersion	50000f31
	static nxCache	50000f72
	static corrigendum4MappingTable	50000f74
	constant pool entry 744	500000f9
	constant pool entry 561	50000b99
	constant pool entry 491	50000bad
	constant pool entry 218	50000173
	constant pool entry 215	5000017a
	constant pool entry 167	50000f70
	constant pool entry 97	50000f7a
	constant pool entry 30	50000f55
	constant pool entry 26	5000011e
	constant pool entry 25	50000f44
	constant pool entry 21	50000f41
	constant pool entry 18	50000f3f
	constant pool entry 15	50000f3d
	constant pool entry 10	50000f24
	constant pool entry 8	50000080
	constant pool entry 6	5000213b
	constant pool entry 1	50000bab
CLS 50000bad (name=sun.text.normalizer.ICUData, trace=300424)
	super		50000173
	constant pool entry 39	5000016b
	constant pool entry 32	50000168
	constant pool entry 13	50000bad
CLS 50000bb0 (name=sun.misc.Launcher$BootClassPathHolder, trace=300427)
	super		50000173
	static bcp	50000e38
	constant pool entry 31	500000f1
	constant pool entry 28	50000119
	constant pool entry 13	50000bb0
	constant pool entry 8	50000004
	constant pool entry 6	5000000d
	constant pool entry 3	50000bb1
CLS 50000bb1 (name=sun.misc.Launcher$BootClassPathHolder$1, trace=300428)
	super		50000173
	constant pool entry 43	5000003d
	constant pool entry 41	500000c3
	constant pool entry 38	5000011d
	constant pool entry 34	50000119
	constant pool entry 13	50000173
	constant pool entry 12	50000bb1
	constant pool entry 4	50000005
CLS 50000e95 (name=sun.misc.Resource, trace=300517)
	super		50000173
	constant pool entry 23	50000173
CLS 50000e96 (name=sun.misc.URLClassPath$JarLoader$2, trace=300517)
	super		50000e95
	constant pool entry 14	50000e95
	constant pool entry 13	50000e96
CLS 50000e98 (name=java.net.URLConnection, trace=300519)
	super		50000173
	static handlers	50000e9b
	static contentClassPrefix	50001d91
	static contentPathProp	50001d90
	constant pool entry 154	50000173
	constant pool entry 152	50000147
	constant pool entry 110	50000e98
CLS 50000e99 (name=java.net.JarURLConnection, trace=300519)
	super		50000e98
	constant pool entry 84	5000002d
	constant pool entry 70	5000016f
	constant pool entry 29	50000e98
	constant pool entry 28	50000e99
	constant pool entry 13	5000011b
	constant pool entry 4	50001dba
CLS 50000e9a (name=sun.net.www.protocol.jar.JarURLConnection, trace=300519)
	super		50000e99
	static factory	50000ea1
	constant pool entry 163	5000035a
	constant pool entry 160	50000e9e
	constant pool entry 155	50000e98
	constant pool entry 148	5000011b
	constant pool entry 68	50000e99
	constant pool entry 67	50000e9a
	constant pool entry 33	50000ee6
	constant pool entry 18	500003ed
CLS 50000e9d (name=sun.net.www.protocol.jar.URLJarFile$URLJarFileCloseController, trace=300522)
CLS 50000e9e (name=sun.net.www.protocol.jar.JarFileFactory, trace=300522)
	super		50000173
	static fileCache	50000e9f
	static urlCache	50000ea0
	static instance	50000ea1
	constant pool entry 136	5000016b
	constant pool entry 99	50000228
	constant pool entry 96	50000eba
	constant pool entry 46	50000173
	constant pool entry 43	500000ba
	constant pool entry 41	50000e9e
	constant pool entry 5	5000011b
CLS 50000ead (name=sun.net.www.URLConnection, trace=300537)
	super		50000e98
	static proxiedHosts	50000eaf
	constant pool entry 53	50000e98
	constant pool entry 52	50000ead
	constant pool entry 50	500000ba
	constant pool entry 3	50000eb1
CLS 50000eae (name=sun.net.www.protocol.file.FileURLConnection, trace=300537)
	super		50000ead
	static CONTENT_LENGTH	50001d88
	static CONTENT_TYPE	50001d89
	static TEXT_PLAIN	50001d8a
	static LAST_MODIFIED	50001d8b
	constant pool entry 96	50000ead
	constant pool entry 95	50000eae
	constant pool entry 94	50001d8b
	constant pool entry 93	50001d8a
	constant pool entry 92	50001d89
	constant pool entry 91	50001d88
CLS 50000eb1 (name=sun.net.www.MessageHeader, trace=300540)
	super		50000173
	constant pool entry 261	500000f9
	constant pool entry 66	50000173
	constant pool entry 65	50000eb1
	constant pool entry 40	5000016f
CLS 50000eba (name=sun.net.www.protocol.jar.URLJarFile, trace=300547)
	super		5000035a
	constant pool entry 148	5000002d
	constant pool entry 146	5000011b
	constant pool entry 64	5000035a
	constant pool entry 49	5000016f
	constant pool entry 26	50000ee4
	constant pool entry 25	500003ed
	constant pool entry 19	5000149a
	constant pool entry 16	50001d57
	constant pool entry 5	50000eba
CLS 50000ee4 (name=sun.net.www.protocol.jar.URLJarFile$URLJarFileEntry, trace=300555)
	super		500003ed
	constant pool entry 17	500003ed
	constant pool entry 16	50000ee4
CLS 50000ee6 (name=sun.net.www.protocol.jar.JarURLConnection$JarURLInputStream, trace=300557)
	super		50000081
	constant pool entry 26	50000e9a
	constant pool entry 8	50000081
	constant pool entry 7	50000ee6
CLS 50000f23 (name=sun.text.normalizer.ICUBinary$Authenticate, trace=300563)
CLS 50000f24 (name=sun.text.normalizer.NormalizerDataReader, trace=300563)
	super		50000173
	static DATA_FORMAT_ID	50000f25
	static DATA_FORMAT_VERSION	50000f26
	constant pool entry 71	500000f9
	constant pool entry 44	50000f28
	constant pool entry 13	50000173
	constant pool entry 12	50000f24
	constant pool entry 5	50000f2a
CLS 50000f28 (name=sun.text.normalizer.ICUBinary, trace=300567)
	super		50000173
	static MAGIC_NUMBER_AUTHENTICATION_FAILED_	50002142
	static HEADER_AUTHENTICATION_FAILED_	50002141
	constant pool entry 85	500000f9
	constant pool entry 61	500000a7
	constant pool entry 17	50000f23
	constant pool entry 2	50000f2a
CLS 50000f29 (name=java.io.DataInput, trace=300568)
CLS 50000f2a (name=java.io.DataInputStream, trace=300568)
	super		50000081
	constant pool entry 160	500000f9
	constant pool entry 98	5000011f
	constant pool entry 39	50000081
	constant pool entry 33	5000213e
	constant pool entry 29	5000213d
	constant pool entry 26	50000f2a
CLS 50000f3c (name=sun.text.normalizer.Trie$DataManipulate, trace=300586)
CLS 50000f3d (name=sun.text.normalizer.NormalizerImpl$FCDTrieImpl, trace=300586)
	super		50000173
	static fcdTrie	50000f57
	constant pool entry 4	50000173
	constant pool entry 3	50000f3d
CLS 50000f3f (name=sun.text.normalizer.NormalizerImpl$NormTrieImpl, trace=300588)
	super		50000173
	static normTrie	50000f46
	constant pool entry 5	50000173
	constant pool entry 4	50000f3f
CLS 50000f41 (name=sun.text.normalizer.NormalizerImpl$AuxTrieImpl, trace=300590)
	super		50000173
	static auxTrie	50000f64
	constant pool entry 5	50000173
	constant pool entry 4	50000f41
CLS 50000f43 (name=sun.text.normalizer.Trie, trace=300592)
	super		50000173
	constant pool entry 146	500000f9
	constant pool entry 31	50000173
	constant pool entry 3	50000f2a
	constant pool entry 1	50000f43
CLS 50000f44 (name=sun.text.normalizer.IntTrie, trace=300592)
	super		50000f43
	constant pool entry 98	500000f9
	constant pool entry 24	50000f44
	constant pool entry 19	50000f2a
	constant pool entry 15	50000f43
CLS 50000f55 (name=sun.text.normalizer.CharTrie, trace=300609)
	super		50000f43
	constant pool entry 136	500000f9
	constant pool entry 32	50000f55
	constant pool entry 27	50000f2a
	constant pool entry 9	50000f61
	constant pool entry 1	50000f43
CLS 50000f61 (name=sun.text.normalizer.CharTrie$FriendAgent, trace=300620)
	super		50000173
	constant pool entry 7	50000173
	constant pool entry 6	50000f61
CLS 50000f6f (name=sun.text.normalizer.UnicodeMatcher, trace=300629)
CLS 50000f70 (name=sun.text.normalizer.UnicodeSet, trace=300629)
	super		50000173
CLS 50000f71 (name=sun.text.normalizer.UnicodeSet[], trace=300630)
	super		50000173
CLS 50000f73 (name=char[][], trace=300631)
	super		50000173
CLS 50000f7a (name=sun.text.normalizer.NormalizerImpl$ComposePartArgs, trace=300637)
	super		50000173
	constant pool entry 4	50000173
	constant pool entry 3	50000f7a
CLS 50000fe8 (name=sun.launcher.LauncherHelper$ResourceBundleHolder, trace=300640)
	super		50000173
	static RB	50001152
	constant pool entry 23	50000fe9
	constant pool entry 6	50000fe8
	constant pool entry 4	50001694
CLS 50000fe9 (name=java.util.ResourceBundle, trace=300641)
	super		50000173
	static NONEXISTENT_BUNDLE	50000feb
	static cacheList	50000fec
	static referenceQueue	50000fed
	constant pool entry 405	50000ff0
	constant pool entry 314	50000028
	constant pool entry 305	5000008d
	constant pool entry 303	500000e9
	constant pool entry 296	500000bb
	constant pool entry 285	5000016b
	constant pool entry 155	50001108
	constant pool entry 144	50000173
	constant pool entry 137	500000de
	constant pool entry 135	50000027
	constant pool entry 133	50000fea
	constant pool entry 104	50001119
	constant pool entry 66	5000002b
	constant pool entry 46	50000fe9
	constant pool entry 44	50001154
	constant pool entry 40	5000112a
	constant pool entry 37	50000fef
	constant pool entry 7	5000016f
CLS 50000fea (name=java.util.ResourceBundle$1, trace=300642)
	super		50000fe9
	constant pool entry 4	50000fe9
CLS 50000fef (name=java.util.spi.ResourceBundleControlProvider, trace=300647)
CLS 50000ff0 (name=java.util.ServiceLoader, trace=300648)
	super		50000173
	static PREFIX	500021b6
	constant pool entry 172	50000168
	constant pool entry 170	50000169
	constant pool entry 167	5000008f
	constant pool entry 74	50000173
	constant pool entry 66	50000ff0
	constant pool entry 64	50000ff5
	constant pool entry 17	5000016b
	constant pool entry 15	500021b5
	constant pool entry 13	50000065
	constant pool entry 8	50000ff3
CLS 50000ff3 (name=java.util.ServiceLoader$LazyIterator, trace=300651)
	super		50000173
	constant pool entry 132	5000008e
	constant pool entry 125	50000169
	constant pool entry 122	5000016b
	constant pool entry 58	50000173
	constant pool entry 57	50000ff3
	constant pool entry 14	500021b6
	constant pool entry 12	50000123
	constant pool entry 1	50000ff0
CLS 50000ff5 (name=java.util.ServiceLoader$1, trace=300653)
	super		50000173
	constant pool entry 54	50000ff3
	constant pool entry 50	500000c3
	constant pool entry 48	50000065
	constant pool entry 43	50000ff0
	constant pool entry 18	5000008d
	constant pool entry 17	50000173
	constant pool entry 16	50000ff5
CLS 50000ff7 (name=java.util.LinkedHashMap$LinkedEntrySet, trace=300655)
	super		500000c2
	constant pool entry 25	500000c2
	constant pool entry 24	50000ff7
	constant pool entry 5	50000ffa
CLS 50000ff9 (name=java.util.LinkedHashMap$LinkedHashIterator, trace=300657)
	super		50000173
	constant pool entry 50	50000065
	constant pool entry 19	50000173
	constant pool entry 18	50000ff9
CLS 50000ffa (name=java.util.LinkedHashMap$LinkedEntryIterator, trace=300657)
	super		50000ff9
	constant pool entry 6	50000ff9
	constant pool entry 5	50000ffa
CLS 50001002 (name=java.util.Enumeration[], trace=300663)
	super		50000173
CLS 50001004 (name=sun.misc.URLClassPath$2, trace=300664)
	super		50000173
	constant pool entry 58	50000230
	constant pool entry 47	50000004
	constant pool entry 16	50000173
	constant pool entry 15	50001004
CLS 50001006 (name=java.lang.ClassLoader$2, trace=300666)
	super		50000173
	constant pool entry 10	5000008e
	constant pool entry 9	50000173
	constant pool entry 8	50001006
CLS 50001008 (name=sun.misc.URLClassPath$1, trace=300668)
	super		50000173
	constant pool entry 58	50000230
	constant pool entry 47	50000004
	constant pool entry 16	50000173
	constant pool entry 15	50001008
CLS 5000100a (name=java.net.URLClassLoader$3, trace=300670)
	super		50000173
	constant pool entry 52	500000f1
	constant pool entry 43	5000011c
	constant pool entry 17	50000173
	constant pool entry 16	5000100a
	constant pool entry 5	500010c8
CLS 5000100c (name=sun.misc.CompoundEnumeration, trace=300672)
	super		50000173
	constant pool entry 11	5000008e
	constant pool entry 10	50000173
	constant pool entry 9	5000100c
CLS 50001042 (name=java.io.FileNotFoundException, trace=300674)
	super		50000909
	constant pool entry 11	50000909
CLS 500010c8 (name=java.net.URLClassLoader$3$1, trace=300676)
	super		50000173
	constant pool entry 32	5000008e
	constant pool entry 12	5000100a
	constant pool entry 9	50000173
	constant pool entry 8	500010c8
CLS 50001108 (name=java.util.ResourceBundle$RBClassLoader, trace=300678)
	super		50000169
	static INSTANCE	5000110b
	static loader	5000139a
	constant pool entry 56	500000f1
	constant pool entry 16	50000169
	constant pool entry 14	50001108
	constant pool entry 11	50001109
CLS 50001109 (name=java.util.ResourceBundle$RBClassLoader$1, trace=300679)
	super		50000173
	constant pool entry 6	50000173
	constant pool entry 5	50001109
	constant pool entry 2	50001108
CLS 50001119 (name=java.util.ResourceBundle$Control, trace=300693)
	super		50000173
	static FORMAT_DEFAULT	5000111d
	static FORMAT_CLASS	50001120
	static FORMAT_PROPERTIES	50001123
	static INSTANCE	50001124
	static CANDIDATES_CACHE	50001126
	constant pool entry 332	500000f9
	constant pool entry 242	500000c4
	constant pool entry 240	500000a7
	constant pool entry 203	500000f1
	constant pool entry 187	5000016b
	constant pool entry 184	50000169
	constant pool entry 176	5000002b
	constant pool entry 89	50000173
	constant pool entry 87	50001125
	constant pool entry 83	5000016f
	constant pool entry 80	50001d4d
	constant pool entry 74	5000149a
	constant pool entry 55	50001119
	constant pool entry 43	500011d4
	constant pool entry 41	500021ba
	constant pool entry 40	500021b9
	constant pool entry 39	5000015d
	constant pool entry 32	50000123
	constant pool entry 28	50000fe9
	constant pool entry 25	50002166
	constant pool entry 20	500000ea
	constant pool entry 16	500000c5
CLS 5000111b (name=java.util.Arrays$ArrayList, trace=300695)
	super		500000e6
	constant pool entry 68	5000008f
	constant pool entry 18	500000e6
	constant pool entry 17	5000111b
	constant pool entry 3	5000010a
CLS 50001125 (name=java.util.ResourceBundle$Control$CandidateListCache, trace=300701)
	super		5000002a
	constant pool entry 86	500000e9
	constant pool entry 47	5000002a
	constant pool entry 46	50001125
	constant pool entry 44	50000018
	constant pool entry 42	5000016f
	constant pool entry 31	500014d1
	constant pool entry 27	500021be
	constant pool entry 19	5000002b
	constant pool entry 14	50000423
	constant pool entry 12	500021bd
	constant pool entry 11	5000149a
	constant pool entry 7	500021bc
CLS 5000112a (name=java.util.ResourceBundle$CacheKey, trace=300706)
	super		50000173
	constant pool entry 131	5000002b
	constant pool entry 129	5000016f
	constant pool entry 124	50000fe9
	constant pool entry 47	50000173
	constant pool entry 17	5000112a
	constant pool entry 16	50000169
	constant pool entry 9	5000112d
CLS 5000112c (name=java.util.ResourceBundle$CacheKeyReference, trace=300708)
CLS 5000112d (name=java.util.ResourceBundle$LoaderReference, trace=300708)
	super		50000152
	constant pool entry 4	50000152
	constant pool entry 3	5000112d
CLS 50001149 (name=java.util.ListResourceBundle, trace=300725)
	super		50000fe9
	constant pool entry 53	50000149
	constant pool entry 18	50000fe9
	constant pool entry 17	50001149
	constant pool entry 15	5000016f
	constant pool entry 13	500000ba
CLS 5000114a (name=sun.launcher.resources.launcher, trace=300725)
	super		50001149
	constant pool entry 96	500000f9
	constant pool entry 43	50001149
	constant pool entry 41	50002189
	constant pool entry 40	5000218a
	constant pool entry 39	500021a1
	constant pool entry 38	500021a2
	constant pool entry 37	50002181
	constant pool entry 36	50002182
	constant pool entry 35	500021a5
	constant pool entry 34	500021a6
	constant pool entry 33	5000217d
	constant pool entry 32	5000217e
	constant pool entry 31	50002185
	constant pool entry 30	50002186
	constant pool entry 29	5000216d
	constant pool entry 28	5000216e
	constant pool entry 27	500021b0
	constant pool entry 26	500021b1
	constant pool entry 25	500021a9
	constant pool entry 24	500021aa
	constant pool entry 23	5000219d
	constant pool entry 22	5000219e
	constant pool entry 21	5000218d
	constant pool entry 20	5000218e
	constant pool entry 19	50002195
	constant pool entry 18	50002196
	constant pool entry 17	50002179
	constant pool entry 16	5000217a
	constant pool entry 15	50002175
	constant pool entry 14	50002176
	constant pool entry 13	50002171
	constant pool entry 12	50002172
	constant pool entry 11	50002169
	constant pool entry 10	5000216a
	constant pool entry 9	500021ad
	constant pool entry 8	50001398
	constant pool entry 7	50002199
	constant pool entry 6	5000219a
	constant pool entry 5	50002191
	constant pool entry 4	50002192
	constant pool entry 3	50000173
	constant pool entry 2	5000010a
CLS 50001154 (name=java.util.ResourceBundle$BundleReference, trace=300729)
	super		50000153
	constant pool entry 4	50000153
	constant pool entry 3	50001154
CLS 500011d4 (name=java.util.ResourceBundle$Control$1, trace=300743)
	super		50000173
	constant pool entry 49	50000169
	constant pool entry 13	50000173
	constant pool entry 12	500011d4
CLS 500011d6 (name=java.net.URLClassLoader$2, trace=300745)
	super		50000173
	constant pool entry 32	50000004
	constant pool entry 26	5000011c
	constant pool entry 8	50000173
	constant pool entry 7	500011d6
CLS 50001318 (name=java.lang.Object[][], trace=300755)
	super		50000173
CLS 50001342 (name=java.text.Format, trace=300777)
	super		50000173
	constant pool entry 29	50000173
	constant pool entry 28	50001342
	constant pool entry 4	5000136f
	constant pool entry 2	50000124
CLS 50001343 (name=java.text.MessageFormat, trace=300777)
	super		50001342
	static TYPE_KEYWORDS	50001344
	static NUMBER_MODIFIER_KEYWORDS	50001345
	static DATE_TIME_MODIFIER_KEYWORDS	50001346
	static DATE_TIME_MODIFIERS	50001347
	constant pool entry 530	500000f9
	constant pool entry 397	5000136f
	constant pool entry 393	5000010c
	constant pool entry 298	5000002b
	constant pool entry 296	5000134d
	constant pool entry 162	50001376
	constant pool entry 161	50002155
	constant pool entry 160	500016a5
	constant pool entry 159	50002154
	constant pool entry 158	500017b7
	constant pool entry 157	50002153
	constant pool entry 156	50002152
	constant pool entry 155	50002151
	constant pool entry 154	50002150
	constant pool entry 153	5000214f
	constant pool entry 152	5000214e
	constant pool entry 151	5000214d
	constant pool entry 110	5000016f
	constant pool entry 108	50001372
	constant pool entry 107	50000111
	constant pool entry 59	50000124
	constant pool entry 58	5000010a
	constant pool entry 14	50000123
	constant pool entry 5	50001342
	constant pool entry 4	50001343
	constant pool entry 2	5000149a
CLS 50001349 (name=java.text.Format[], trace=300783)
	super		50000173
CLS 5000134d (name=java.util.Locale$Category, trace=300786)
	super		50000063
	static DISPLAY	5000134e
	static FORMAT	5000134f
	static $VALUES	50001351
	constant pool entry 81	500000f9
	constant pool entry 53	50001350
	constant pool entry 24	50000063
	constant pool entry 22	50001ff3
	constant pool entry 21	50001ff2
	constant pool entry 20	50001ff1
	constant pool entry 19	50001ff0
	constant pool entry 18	50001fef
	constant pool entry 15	50001fee
	constant pool entry 14	50001fed
	constant pool entry 13	50001fec
	constant pool entry 12	50001feb
	constant pool entry 11	50001fea
	constant pool entry 4	5000134d
	constant pool entry 3	50001350
CLS 50001350 (name=java.util.Locale$Category[], trace=300789)
	super		50000173
CLS 50001352 (name=java.util.Locale$1, trace=300790)
	super		50000173
	static $SwitchMap$java$util$Locale$Category	50001353
	constant pool entry 42	500000f9
	constant pool entry 21	5000134d
	constant pool entry 7	50001352
CLS 5000135e (name=java.lang.StringBuilder[], trace=300796)
	super		50000173
CLS 5000136f (name=java.text.FieldPosition, trace=300808)
	super		50000173
	constant pool entry 26	50000173
	constant pool entry 11	5000136f
CLS 50001372 (name=java.util.Date, trace=300810)
	super		50000173
CLS 50001374 (name=java.text.AttributedCharacterIterator$Attribute, trace=300811)
	super		50000173
	static instanceMap	50001377
	static LANGUAGE	50001378
	static READING	5000137b
	static INPUT_METHOD_SEGMENT	5000137d
	constant pool entry 77	50000149
	constant pool entry 31	50000173
	constant pool entry 29	50002162
	constant pool entry 27	50002161
	constant pool entry 24	500014c4
	constant pool entry 22	500000ba
	constant pool entry 4	50001374
CLS 50001375 (name=java.text.Format$Field, trace=300811)
	super		50001374
	constant pool entry 3	50001374
CLS 50001376 (name=java.text.MessageFormat$Field, trace=300811)
	super		50001375
	static ARGUMENT	5000137f
	constant pool entry 10	50001375
	constant pool entry 8	5000215f
	constant pool entry 3	50001376
CLS 50001385 (name=java.lang.Shutdown, trace=300821)
	super		50000173
	static hooks	50001386
	static lock	50001388
	static haltLock	50001389
	constant pool entry 118	500000f9
	constant pool entry 30	50001387
	constant pool entry 29	5000014d
	constant pool entry 18	50001385
CLS 50001387 (name=java.lang.Shutdown$Lock, trace=300823)
	super		50000173
	constant pool entry 4	50000173
	constant pool entry 3	50001387
CLS 5000138a (name=java.lang.AbstractStringBuilder[], trace=300000)
	super		50000173
CLS 5000138b (name=java.lang.Appendable[], trace=300000)
	super		50000173
CLS 5000138c (name=java.lang.Cloneable[], trace=300000)
	super		50000173
CLS 5000138d (name=sun.text.normalizer.UnicodeMatcher[], trace=300000)
	super		50000173
HEAP DUMP END
SITES BEGIN (ordered by live bytes) Tue Apr 19 17:55:59 2016
          percent          live          alloc'ed  stack class
 rank   self  accum     bytes objs     bytes  objs trace name
    1 10.49% 10.49%    131200    8    131200     8 300263 char[]
    2  8.36% 18.85%    104528 1021    104528  1021 300000 char[]
    3  5.91% 24.76%     73872    9     73872     9 300260 byte[]
    4  3.77% 28.54%     47184    1     47184     1 300581 byte[]
    5  3.39% 31.93%     42432    1     42432     1 300604 int[]
    6  3.19% 35.13%     39928  210     39928   210 300011 char[]
    7  2.70% 37.82%     33696    1     33696     1 300583 char[]
    8  2.13% 39.95%     26640  532     26640   532 300000 java.lang.Object[]
    9  2.04% 41.99%     25528    9     25528     9 300000 byte[]
   10  2.00% 43.99%     25016    1     25016     1 300562 byte[]
   11  1.97% 45.97%     24664 1006     24664  1006 300000 java.lang.String
   12  1.31% 47.28%     16400    1     16400     1 300450 char[]
   13  1.28% 48.55%     15944   65     15944    65 300071 byte[]
   14  1.07% 49.62%     13328    1     13328     1 300585 byte[]
   15  1.06% 50.68%     13312    1     13312     1 300627 char[]
   16  1.04% 51.73%     13016  202     13016   202 300268 char[]
   17  1.03% 52.76%     12920    1     12920     1 300584 byte[]
   18  1.03% 53.79%     12904    1     12904     1 300619 char[]
   19  0.85% 54.64%     10664   83     10664    83 300228 byte[]
   20  0.75% 55.39%      9320  108      9320   108 300072 byte[]
   21  0.71% 56.10%      8912   31      8912    31 300094 char[]
   22  0.62% 56.72%      7776   84      7776    84 300227 char[]
   23  0.59% 57.32%      7416   46      7416    46 300129 char[]
   24  0.45% 57.77%      5648   34      5648    34 300151 char[]
   25  0.44% 58.21%      5496   34      5496    34 300147 char[]
   26  0.44% 58.65%      5496   34      5496    34 300148 char[]
   27  0.38% 59.03%      4752    1      4752     1 300599 char[]
   28  0.37% 59.40%      4656   84      4656    84 300229 byte[]
   29  0.37% 59.77%      4640  257      4640   257 300000 java.lang.Integer
   30  0.34% 60.11%      4288  118      4288   118 300000 java.util.Hashtable$Entry
   31  0.34% 60.45%      4224    8      4224     8 300250 byte[]
   32  0.32% 60.77%      3968    1      3968     1 300582 char[]
   33  0.29% 61.06%      3664   79      3664    79 300000 java.lang.ref.SoftReference
   34  0.29% 61.35%      3616  113      3616   113 300158 java.util.HashMap$Node
   35  0.27% 61.62%      3320   20      3320    20 300283 char[]
   36  0.25% 61.87%      3152   65      3152    65 300000 java.lang.String[]
   37  0.25% 62.12%      3136   98      3136    98 300271 java.util.LinkedList
   38  0.25% 62.37%      3136   56      3136    56 300290 char[]
   39  0.25% 62.62%      3080   18      3080    18 300204 byte[]
   40  0.25% 62.86%      3080   18      3080    18 300205 byte[]
   41  0.24% 63.10%      3000   15      3000    15 300096 char[]
   42  0.24% 63.34%      2984    8      2984     8 300480 char[]
   43  0.23% 63.57%      2872    8      2872     8 300251 byte[]
   44  0.23% 63.80%      2856   65      2856    65 300074 char[]
   45  0.22% 64.02%      2688   56      2688    56 300288 java.util.HashMap
   46  0.19% 64.21%      2424    6      2424     6 300000 java.lang.Thread
   47  0.19% 64.40%      2368   39      2368    39 300000 sun.util.locale.LocaleObjectCache$CacheEntry
   48  0.19% 64.59%      2344   20      2344    20 300236 char[]
   49  0.19% 64.77%      2328   97      2328    97 300273 java.util.LinkedList$Node
   50  0.19% 64.96%      2328   97      2328    97 300269 java.lang.String
   51  0.18% 65.14%      2304   96      2304    96 300456 java.lang.String
   52  0.18% 65.33%      2272   28      2272    28 300000 java.net.URL
   53  0.17% 65.50%      2176   34      2176    34 300152 java.net.URL
   54  0.17% 65.66%      2064   17      2064    17 300558 char[]
   55  0.16% 65.83%      2040   51      2040    51 300098 java.lang.ref.Finalizer
   56  0.16% 65.99%      2024   13      2024    13 300077 char[]
   57  0.16% 66.15%      1944   81      1944    81 300275 java.util.LinkedList$Node
   58  0.14% 66.29%      1784   32      1784    32 300000 java.util.LinkedHashMap$Entry
   59  0.14% 66.43%      1760   39      1760    39 300000 java.util.concurrent.ConcurrentHashMap$Node
   60  0.13% 66.56%      1680   35      1680    35 300127 char[]
   61  0.13% 66.70%      1656    4      1656     4 300000 int[]
   62  0.13% 66.83%      1632   34      1632    34 300137 char[]
   63  0.13% 66.96%      1632   34      1632    34 300154 sun.misc.URLClassPath$JarLoader
   64  0.13% 67.08%      1584    2      1584     2 300000 java.lang.Integer[]
   65  0.13% 67.21%      1584    2      1584     2 300630 sun.text.normalizer.UnicodeSet[]
   66  0.12% 67.33%      1560   65      1560    65 300073 java.lang.String
   67  0.12% 67.46%      1504    4      1504     4 300001 java.lang.Thread
   68  0.12% 67.57%      1480   10      1480    10 300000 java.lang.Class
   69  0.12% 67.69%      1472    6      1472     6 300000 java.util.Hashtable$Entry[]
   70  0.12% 67.81%      1440   18      1440    18 300201 java.lang.Object[]
   71  0.12% 67.92%      1440    8      1440     8 300481 char[]
   72  0.12% 68.04%      1440   18      1440    18 300198 java.util.WeakHashMap$Entry[]
   73  0.12% 68.15%      1440    8      1440     8 300483 char[]
   74  0.11% 68.26%      1376   43      1376    43 300159 java.util.HashMap$Node
   75  0.11% 68.37%      1344   56      1344    56 300289 java.lang.String
   76  0.10% 68.47%      1304   20      1304    20 300000 sun.util.locale.BaseLocale$Key
   77  0.10% 68.58%      1288   32      1288    32 300000 java.io.ExpiringCache$Entry
   78  0.10% 68.68%      1280   16      1280    16 300274 java.util.HashMap$Node[]
   79  0.10% 68.78%      1272    7      1272     7 300477 char[]
   80  0.10% 68.88%      1272    7      1272     7 300432 char[]
   81  0.10% 68.98%      1272    8      1272     8 300440 char[]
   82  0.10% 69.09%      1272    7      1272     7 300473 char[]
   83  0.10% 69.18%      1224   18      1224    18 300000 java.io.ObjectStreamField
   84  0.09% 69.28%      1152   20      1152    20 300000 sun.util.locale.BaseLocale
   85  0.09% 69.37%      1152   12      1152    12 300233 java.util.jar.JarFile$JarFileEntry
   86  0.09% 69.46%      1152   20      1152    20 300000 java.util.Locale
   87  0.09% 69.55%      1088   17      1088    17 300194 java.util.jar.JarFile
   88  0.09% 69.63%      1088   34      1088    34 300155 java.io.File
   89  0.09% 69.72%      1072   12      1072    12 300000 java.util.HashMap
   90  0.08% 69.80%      1056    5      1056     5 300000 java.util.HashMap$Node[]
   91  0.08% 69.89%      1056    2      1056     2 300340 byte[]
   92  0.08% 69.97%      1040    1      1040     1 300021 java.lang.invoke.MethodHandle[]
   93  0.08% 70.05%      1016   11      1016    11 300156 java.lang.Object[]
   94  0.08% 70.13%      1008    6      1008     6 300387 char[]
   95  0.08% 70.21%      1000   20      1000    20 300000 java.util.Locale$LocaleKey
   96  0.08% 70.29%       992   15       992    15 300000 java.util.HashMap$Node
   97  0.08% 70.37%       960   12       960    12 300231 java.util.zip.ZipEntry
   98  0.08% 70.45%       960   20       960    20 300266 java.nio.HeapCharBuffer
   99  0.08% 70.52%       960   20       960    20 300279 char[]
  100  0.07% 70.60%       936    4       936     4 300078 byte[]
  101  0.07% 70.67%       928    2       928     2 300000 java.lang.ref.Finalizer$FinalizerThread
  102  0.07% 70.75%       928    7       928     7 300000 java.util.concurrent.ConcurrentHashMap
  103  0.07% 70.82%       920    2       920     2 300000 java.lang.ref.Reference$ReferenceHandler
  104  0.07% 70.89%       896   56       896    56 300287 java.util.HashSet
  105  0.07% 70.96%       864   11       864    11 300000 java.lang.OutOfMemoryError
  106  0.07% 71.03%       864   18       864    18 300195 java.util.WeakHashMap
  107  0.07% 71.10%       864   11       864    11 300000 java.io.File
  108  0.07% 71.17%       840   35       840    35 300128 java.lang.String
  109  0.07% 71.23%       840   35       840    35 300131 sun.misc.URLClassPath$3
  110  0.07% 71.30%       840   35       840    35 300126 java.lang.StringBuilder
  111  0.07% 71.37%       832    3       832     3 300000 java.util.concurrent.ConcurrentHashMap$Node[]
  112  0.07% 71.43%       816   34       816    34 300136 java.lang.StringBuilder
  113  0.07% 71.50%       816   34       816    34 300150 java.lang.String
  114  0.07% 71.56%       816   34       816    34 300153 java.net.Parts
  115  0.07% 71.63%       816   34       816    34 300146 java.lang.StringBuffer
  116  0.07% 71.69%       816   34       816    34 300149 java.lang.String
  117  0.06% 71.76%       800   17       800    17 300000 java.lang.Object
  118  0.06% 71.82%       784    4       784     4 300000 java.util.WeakHashMap$Entry[]
  119  0.06% 71.88%       784    7       784     7 300000 java.security.AccessControlContext
  120  0.06% 71.95%       784   11       784    11 300000 sun.misc.MetaIndex
  121  0.06% 72.01%       744    6       744     6 300000 java.util.WeakHashMap$Entry
  122  0.06% 72.07%       744    6       744     6 300000 java.lang.ref.Finalizer
  123  0.06% 72.12%       736    7       736     7 300000 java.util.Vector
  124  0.06% 72.18%       736    7       736     7 300000 java.lang.ref.ReferenceQueue
  125  0.06% 72.24%       720    7       720     7 300000 java.io.ObjectStreamField[]
  126  0.06% 72.30%       712    4       712     4 300000 sun.nio.cs.UTF_8$Encoder
  127  0.06% 72.35%       704    4       704     4 300388 char[]
  128  0.06% 72.41%       688    4       688     4 300000 java.util.Hashtable
  129  0.06% 72.46%       688    4       688     4 300000 java.util.WeakHashMap
  130  0.05% 72.52%       672    5       672     5 300000 java.io.FileDescriptor
  131  0.05% 72.57%       672    9       672     9 300000 java.lang.ref.ReferenceQueue$Lock
  132  0.05% 72.63%       672   12       672    12 300225 sun.nio.cs.UTF_8$Encoder
  133  0.05% 72.68%       672   14       672    14 300395 char[]
  134  0.05% 72.73%       672    3       672     3 300000 java.io.ExpiringCache$1
  135  0.05% 72.79%       664    6       664     6 300000 java.util.ArrayList
  136  0.05% 72.84%       656    8       656     8 300123 char[]
  137  0.05% 72.89%       640    3       640     3 300000 java.nio.HeapByteBuffer
  138  0.05% 72.94%       640    2       640     2 300755 java.lang.Object[][]
  139  0.05% 72.99%       640    8       640     8 300281 char[]
  140  0.05% 73.04%       640    2       640     2 300000 sun.misc.Launcher$AppClassLoader
  141  0.05% 73.09%       640    8       640     8 300238 byte[]
  142  0.05% 73.15%       640    4       640     4 300000 java.util.Stack
  143  0.05% 73.20%       640   16       640    16 300351 java.security.PrivilegedActionException
  144  0.05% 73.25%       640    3       640     3 300000 sun.nio.cs.StreamEncoder
  145  0.05% 73.30%       640    3       640     3 300000 java.lang.ThreadGroup
  146  0.05% 73.35%       640    3       640     3 300000 sun.misc.URLClassPath
  147  0.05% 73.40%       640    3       640     3 300000 java.util.Properties
  148  0.05% 73.45%       632    2       632     2 300000 sun.misc.Launcher$ExtClassLoader
  149  0.05% 73.50%       624    3       624     3 300000 java.io.BufferedWriter
  150  0.05% 73.55%       624    2       624     2 300000 java.lang.ThreadLocal$ThreadLocalMap$Entry[]
  151  0.05% 73.60%       624    3       624     3 300000 java.security.ProtectionDomain
  152  0.05% 73.65%       624    3       624     3 300000 java.io.ExpiringCache
  153  0.05% 73.70%       616    4       616     4 300000 java.util.Collections$SynchronizedSet
  154  0.05% 73.75%       616    4       616     4 300000 sun.misc.Signal
  155  0.05% 73.80%       608    3       608     3 300000 java.lang.ref.ReferenceQueue$Null
  156  0.05% 73.85%       608    3       608     3 300000 java.lang.ThreadLocal$ThreadLocalMap$Entry
  157  0.05% 73.90%       608    3       608     3 300000 java.io.FileInputStream
  158  0.05% 73.94%       608    3       608     3 300000 java.io.PrintStream
  159  0.05% 73.99%       608    3       608     3 300000 java.io.FileOutputStream
  160  0.05% 74.04%       608   19       608    19 300164 java.io.File
  161  0.05% 74.09%       608    3       608     3 300000 java.lang.Thread[]
  162  0.05% 74.14%       608    3       608     3 300000 java.lang.VirtualMachineError
  163  0.05% 74.19%       608    3       608     3 300000 java.security.CodeSource
  164  0.05% 74.24%       600    2       600     2 300783 java.text.Format[]
  165  0.05% 74.28%       592    3       592     3 300000 java.io.BufferedOutputStream
  166  0.05% 74.33%       592    3       592     3 300000 sun.misc.NativeSignalHandler
  167  0.05% 74.38%       592    3       592     3 300000 java.nio.charset.CoderResult
  168  0.05% 74.43%       592    2       592     2 300000 long[]
  169  0.05% 74.47%       592    4       592     4 300000 java.nio.charset.CodingErrorAction
  170  0.05% 74.52%       592    3       592     3 300000 java.lang.RuntimePermission
  171  0.05% 74.57%       592    3       592     3 300000 java.io.File$PathStatus
  172  0.05% 74.61%       592    4       592     4 300000 java.lang.ThreadLocal
  173  0.05% 74.66%       592    3       592     3 300000 java.io.OutputStreamWriter
  174  0.05% 74.71%       584    2       584     2 300000 sun.nio.cs.StandardCharsets$Classes
  175  0.05% 74.76%       584    2       584     2 300631 char[][]
  176  0.05% 74.80%       584    2       584     2 300000 sun.nio.cs.StandardCharsets$Cache
  177  0.05% 74.85%       584    2       584     2 300000 sun.nio.cs.StandardCharsets$Aliases
  178  0.05% 74.90%       584    2       584     2 300000 java.io.BufferedInputStream
  179  0.05% 74.94%       584    2       584     2 300000 sun.nio.cs.UTF_8$Decoder
  180  0.05% 74.99%       584    2       584     2 300000 java.lang.ClassLoader$NativeLibrary
  181  0.05% 75.04%       576    3       576     3 300000 java.lang.Boolean
  182  0.05% 75.08%       576    3       576     3 300000 java.security.ProtectionDomain$Key
  183  0.05% 75.13%       576    2       576     2 300000 java.util.concurrent.atomic.AtomicReferenceFieldUpdater$AtomicReferenceFieldUpdaterImpl
  184  0.05% 75.17%       576    3       576     3 300000 java.security.Principal[]
  185  0.05% 75.22%       576    3       576     3 300000 java.util.HashSet
  186  0.05% 75.27%       576    2       576     2 300000 java.io.UnixFileSystem
  187  0.05% 75.31%       576   24       576    24 300267 java.lang.String
  188  0.05% 75.36%       576    2       576     2 300000 java.lang.StringCoding$StringEncoder
  189  0.05% 75.40%       576   18       576    18 300196 java.lang.ref.ReferenceQueue
  190  0.05% 75.45%       576   18       576    18 300203 java.util.zip.ZipCoder
  191  0.05% 75.50%       576    2       576     2 300000 sun.nio.cs.StandardCharsets
  192  0.05% 75.54%       576    2       576     2 300000 java.lang.NullPointerException
  193  0.05% 75.59%       576    3       576     3 300000 java.lang.StackTraceElement[]
  194  0.05% 75.63%       576    2       576     2 300000 java.lang.ThreadGroup[]
  195  0.05% 75.68%       576    2       576     2 300402 java.text.Normalizer$Form[]
  196  0.05% 75.73%       576    2       576     2 300000 java.lang.ArithmeticException
  197  0.05% 75.77%       576    3       576     3 300000 java.nio.ByteOrder
  198  0.05% 75.82%       576    2       576     2 300000 java.lang.StringCoding$StringDecoder
  199  0.05% 75.86%       576    3       576     3 300000 sun.net.www.protocol.jar.Handler
  200  0.05% 75.91%       576    2       576     2 300796 java.lang.StringBuilder[]
  201  0.05% 75.96%       576    2       576     2 300000 java.lang.OutOfMemoryError[]
  202  0.05% 76.00%       568    2       568     2 300000 java.lang.reflect.ReflectPermission
  203  0.05% 76.05%       568    2       568     2 300000 java.util.Collections$EmptyMap
  204  0.05% 76.09%       568    2       568     2 300000 java.lang.ThreadLocal$ThreadLocalMap
  205  0.05% 76.14%       568    2       568     2 300000 java.util.Collections$UnmodifiableRandomAccessList
  206  0.05% 76.18%       568    2       568     2 300789 java.util.Locale$Category[]
  207  0.05% 76.23%       568    2       568     2 300024 java.lang.ClassValue$Entry[]
  208  0.05% 76.27%       568    2       568     2 300019 java.lang.invoke.MethodHandle[]
  209  0.05% 76.32%       568    2       568     2 300000 java.util.Locale$Cache
  210  0.05% 76.37%       568    2       568     2 300663 java.util.Enumeration[]
  211  0.05% 76.41%       568    2       568     2 300000 java.util.Collections$SetFromMap
  212  0.05% 76.46%       568    2       568     2 300000 sun.nio.cs.UTF_8
  213  0.05% 76.50%       568    2       568     2 300000 java.util.BitSet
  214  0.05% 76.55%       568    2       568     2 300000 java.io.File$PathStatus[]
  215  0.05% 76.59%       568    2       568     2 300110 sun.launcher.LauncherHelper[]
  216  0.05% 76.64%       568    2       568     2 300000 sun.util.locale.BaseLocale$Cache
  217  0.04% 76.68%       560    2       560     2 300000 java.lang.String$CaseInsensitiveComparator
  218  0.04% 76.73%       560    2       560     2 300000 java.util.WeakHashMap$KeySet
  219  0.04% 76.77%       560    8       560     8 300121 char[]
  220  0.04% 76.82%       560    2       560     2 300000 java.util.concurrent.atomic.AtomicInteger
  221  0.04% 76.86%       560    2       560     2 300000 java.net.URLClassLoader$7
  222  0.04% 76.91%       560    2       560     2 300000 java.util.Collections$EmptySet
  223  0.04% 76.95%       560    2       560     2 300000 java.util.Collections$EmptyList
  224  0.04% 77.00%       560    3       560     3 300346 java.util.HashMap$Node[]
  225  0.04% 77.04%       560    2       560     2 300000 java.lang.CharacterDataLatin1
  226  0.04% 77.09%       560    2       560     2 300000 java.lang.ref.Reference$Lock
  227  0.04% 77.13%       560    2       560     2 300000 sun.reflect.ReflectionFactory
  228  0.04% 77.18%       560    2       560     2 300000 java.nio.Bits$1
  229  0.04% 77.22%       560    2       560     2 300000 sun.misc.Launcher$Factory
  230  0.04% 77.27%       560    2       560     2 300000 sun.net.www.protocol.file.Handler
  231  0.04% 77.31%       560    2       560     2 300000 java.lang.reflect.ReflectAccess
  232  0.04% 77.35%       560    2       560     2 300000 sun.misc.Unsafe
  233  0.04% 77.40%       560    2       560     2 300000 java.io.FileDescriptor$1
  234  0.04% 77.44%       560    2       560     2 300000 sun.misc.Launcher
  235  0.04% 77.49%       560    2       560     2 300000 java.security.cert.Certificate[]
  236  0.04% 77.53%       560    2       560     2 300000 java.security.ProtectionDomain$JavaSecurityAccessImpl
  237  0.04% 77.58%       560    2       560     2 300000 java.lang.Runtime
  238  0.04% 77.62%       560    2       560     2 300000 java.lang.System$2
  239  0.04% 77.67%       560    2       560     2 300000 java.nio.charset.CoderResult$1
  240  0.04% 77.71%       560    2       560     2 300000 java.lang.Terminator$1
  241  0.04% 77.76%       560    2       560     2 300000 java.security.ProtectionDomain$2
  242  0.04% 77.80%       560    2       560     2 300000 java.nio.charset.CoderResult$2
  243  0.04% 77.85%       560    2       560     2 300000 java.lang.Class[]
  244  0.04% 77.89%       560    2       560     2 300000 java.lang.Throwable[]
  245  0.04% 77.94%       560   10       560    10 300248 java.util.zip.ZipFile$ZipFileInflaterInputStream
  246  0.04% 77.98%       560    2       560     2 300000 java.util.Hashtable$EntrySet
  247  0.04% 78.03%       552    6       552     6 300391 char[]
  248  0.04% 78.07%       544    1       544     1 300821 java.lang.Shutdown
  249  0.04% 78.11%       544    1       544     1 300811 java.text.MessageFormat$Field
  250  0.04% 78.16%       544    1       544     1 300811 java.text.Format$Field
  251  0.04% 78.20%       544    1       544     1 300811 java.text.AttributedCharacterIterator$Attribute
  252  0.04% 78.24%       544    1       544     1 300810 java.util.Date
  253  0.04% 78.29%       544    1       544     1 300015 java.util.function.Function
  254  0.04% 78.33%       544    1       544     1 300015 java.lang.invoke.MethodHandleImpl$2
  255  0.04% 78.37%       544    1       544     1 300808 java.text.FieldPosition
  256  0.04% 78.42%       544    1       544     1 300017 java.lang.invoke.MethodHandleImpl$3
  257  0.04% 78.46%       544    1       544     1 300790 java.util.Locale$1
  258  0.04% 78.50%       544    1       544     1 300022 java.lang.ClassValue
  259  0.04% 78.55%       544    1       544     1 300022 java.lang.invoke.MethodHandleImpl$4
  260  0.04% 78.59%       544    1       544     1 300023 java.lang.ClassValue$Entry
  261  0.04% 78.64%       544    1       544     1 300786 java.util.Locale$Category
  262  0.04% 78.68%       544    1       544     1 300028 java.lang.ClassValue$Identity
  263  0.04% 78.72%       544    1       544     1 300777 java.text.MessageFormat
  264  0.04% 78.77%       544    1       544     1 300030 java.lang.ClassValue$Version
  265  0.04% 78.81%       544    1       544     1 300777 java.text.Format
  266  0.04% 78.85%       544    1       544     1 300034 java.lang.invoke.MemberName$Factory
  267  0.04% 78.90%       544    1       544     1 300745 java.net.URLClassLoader$2
  268  0.04% 78.94%       544    1       544     1 300036 java.lang.invoke.MethodHandleStatics
  269  0.04% 78.98%       544    1       544     1 300743 java.util.ResourceBundle$Control$1
  270  0.04% 79.03%       544    1       544     1 300038 java.lang.invoke.MethodHandleStatics$1
  271  0.04% 79.07%       544    1       544     1 300000 java.lang.SystemClassLoaderAction
  272  0.04% 79.11%       544    1       544     1 300729 java.util.ResourceBundle$BundleReference
  273  0.04% 79.16%       544    1       544     1 300000 sun.misc.PostVMInitHook
  274  0.04% 79.20%       544    1       544     1 300043 sun.usagetracker.UsageTrackerClient
  275  0.04% 79.24%       544    1       544     1 300725 sun.launcher.resources.launcher
  276  0.04% 79.29%       544    1       544     1 300045 java.util.concurrent.atomic.AtomicBoolean
  277  0.04% 79.33%       544    1       544     1 300725 java.util.ListResourceBundle
  278  0.04% 79.37%       544    1       544     1 300047 sun.usagetracker.UsageTrackerClient$1
  279  0.04% 79.42%       544    1       544     1 300708 java.util.ResourceBundle$LoaderReference
  280  0.04% 79.46%       544    1       544     1 300708 java.util.ResourceBundle$CacheKeyReference
  281  0.04% 79.51%       544    1       544     1 300706 java.util.ResourceBundle$CacheKey
  282  0.04% 79.55%       544    1       544     1 300701 java.util.ResourceBundle$Control$CandidateListCache
  283  0.04% 79.59%       544    1       544     1 300342 sun.misc.IOUtils
  284  0.04% 79.64%       544    1       544     1 300693 java.util.ResourceBundle$Control
  285  0.04% 79.68%       544    1       544     1 300054 sun.usagetracker.UsageTrackerClient$4
  286  0.04% 79.72%       544    1       544     1 300679 java.util.ResourceBundle$RBClassLoader$1
  287  0.04% 79.77%       544    1       544     1 300678 java.util.ResourceBundle$RBClassLoader
  288  0.04% 79.81%       544    1       544     1 300676 java.net.URLClassLoader$3$1
  289  0.04% 79.85%       544    1       544     1 300674 java.io.FileNotFoundException
  290  0.04% 79.90%       544    1       544     1 300672 sun.misc.CompoundEnumeration
  291  0.04% 79.94%       544    1       544     1 300670 java.net.URLClassLoader$3
  292  0.04% 79.98%       544    1       544     1 300668 sun.misc.URLClassPath$1
  293  0.04% 80.03%       544    1       544     1 300666 java.lang.ClassLoader$2
  294  0.04% 80.07%       544    1       544     1 300664 sun.misc.URLClassPath$2
  295  0.04% 80.11%       544    1       544     1 300657 java.util.LinkedHashMap$LinkedEntryIterator
  296  0.04% 80.16%       544    1       544     1 300657 java.util.LinkedHashMap$LinkedHashIterator
  297  0.04% 80.20%       544    1       544     1 300655 java.util.LinkedHashMap$LinkedEntrySet
  298  0.04% 80.24%       544    1       544     1 300068 sun.usagetracker.UsageTrackerClient$3
  299  0.04% 80.29%       544    1       544     1 300653 java.util.ServiceLoader$1
  300  0.04% 80.33%       544    1       544     1 300651 java.util.ServiceLoader$LazyIterator
  301  0.04% 80.38%       544    1       544     1 300648 java.util.ServiceLoader
  302  0.04% 80.42%       544    1       544     1 300647 java.util.spi.ResourceBundleControlProvider
  303  0.04% 80.46%       544    1       544     1 300642 java.util.ResourceBundle$1
  304  0.04% 80.51%       544    1       544     1 300641 java.util.ResourceBundle
  305  0.04% 80.55%       544    1       544     1 300640 sun.launcher.LauncherHelper$ResourceBundleHolder
  306  0.04% 80.59%       544    1       544     1 300637 sun.text.normalizer.NormalizerImpl$ComposePartArgs
  307  0.04% 80.64%       544    1       544     1 300629 sun.text.normalizer.UnicodeSet
  308  0.04% 80.68%       544    1       544     1 300629 sun.text.normalizer.UnicodeMatcher
  309  0.04% 80.72%       544    1       544     1 300620 sun.text.normalizer.CharTrie$FriendAgent
  310  0.04% 80.77%       544    1       544     1 300609 sun.text.normalizer.CharTrie
  311  0.04% 80.81%       544    1       544     1 300592 sun.text.normalizer.IntTrie
  312  0.04% 80.85%       544    1       544     1 300592 sun.text.normalizer.Trie
  313  0.04% 80.90%       544    1       544     1 300590 sun.text.normalizer.NormalizerImpl$AuxTrieImpl
  314  0.04% 80.94%       544    1       544     1 300588 sun.text.normalizer.NormalizerImpl$NormTrieImpl
  315  0.04% 80.98%       544    1       544     1 300586 sun.text.normalizer.NormalizerImpl$FCDTrieImpl
  316  0.04% 81.03%       544    1       544     1 300586 sun.text.normalizer.Trie$DataManipulate
  317  0.04% 81.07%       544    1       544     1 300107 java.io.FileOutputStream$1
  318  0.04% 81.12%       544    1       544     1 300000 sun.launcher.LauncherHelper
  319  0.04% 81.16%       544    1       544     1 300568 java.io.DataInputStream
  320  0.04% 81.20%       544    1       544     1 300568 java.io.DataInput
  321  0.04% 81.25%       544    1       544     1 300567 sun.text.normalizer.ICUBinary
  322  0.04% 81.29%       544    1       544     1 300563 sun.text.normalizer.NormalizerDataReader
  323  0.04% 81.33%       544    1       544     1 300563 sun.text.normalizer.ICUBinary$Authenticate
  324  0.04% 81.38%       544    1       544     1 300557 sun.net.www.protocol.jar.JarURLConnection$JarURLInputStream
  325  0.04% 81.42%       544    1       544     1 300119 java.net.URLClassLoader$1
  326  0.04% 81.46%       544    1       544     1 300555 sun.net.www.protocol.jar.URLJarFile$URLJarFileEntry
  327  0.04% 81.51%       544    1       544     1 300547 sun.net.www.protocol.jar.URLJarFile
  328  0.04% 81.55%       544    1       544     1 300540 sun.net.www.MessageHeader
  329  0.04% 81.59%       544    1       544     1 300125 sun.net.util.URLUtil
  330  0.04% 81.64%       544    1       544     1 300130 sun.misc.URLClassPath$3
  331  0.04% 81.68%       544    1       544     1 300132 sun.misc.URLClassPath$Loader
  332  0.04% 81.72%       544    1       544     1 300132 sun.misc.URLClassPath$JarLoader
  333  0.04% 81.77%       544    1       544     1 300133 java.util.zip.ZipConstants
  334  0.04% 81.81%       544    1       544     1 300133 java.util.zip.ZipFile
  335  0.04% 81.85%       544    1       544     1 300134 sun.misc.JavaUtilZipFileAccess
  336  0.04% 81.90%       544    1       544     1 300134 java.util.zip.ZipFile$1
  337  0.04% 81.94%       544    1       544     1 300537 sun.net.www.protocol.file.FileURLConnection
  338  0.04% 81.99%       544    1       544     1 300537 sun.net.www.URLConnection
  339  0.04% 82.03%       544    1       544     1 300522 sun.net.www.protocol.jar.JarFileFactory
  340  0.04% 82.07%       544    1       544     1 300522 sun.net.www.protocol.jar.URLJarFile$URLJarFileCloseController
  341  0.04% 82.12%       544    1       544     1 300519 sun.net.www.protocol.jar.JarURLConnection
  342  0.04% 82.16%       544    1       544     1 300519 java.net.JarURLConnection
  343  0.04% 82.20%       544    1       544     1 300519 java.net.URLConnection
  344  0.04% 82.25%       544    1       544     1 300517 sun.misc.URLClassPath$JarLoader$2
  345  0.04% 82.29%       544    1       544     1 300517 sun.misc.Resource
  346  0.04% 82.33%       544    1       544     1 300160 sun.misc.URLClassPath$JarLoader$1
  347  0.04% 82.38%       544    1       544     1 300162 sun.misc.FileURLMapper
  348  0.04% 82.42%       544    1       544     1 300165 java.util.jar.JarFile
  349  0.04% 82.46%       544    1       544     1 300166 sun.misc.JavaUtilJarAccess
  350  0.04% 82.51%       544    1       544     1 300166 java.util.jar.JavaUtilJarAccessImpl
  351  0.04% 82.55%       544   17       544    17 300171 java.io.File
  352  0.04% 82.59%       544    1       544     1 300172 java.nio.charset.StandardCharsets
  353  0.04% 82.64%       544    1       544     1 300176 sun.nio.cs.US_ASCII
  354  0.04% 82.68%       544    1       544     1 300428 sun.misc.Launcher$BootClassPathHolder$1
  355  0.04% 82.73%       544    1       544     1 300183 sun.nio.cs.ISO_8859_1
  356  0.04% 82.77%       544    1       544     1 300427 sun.misc.Launcher$BootClassPathHolder
  357  0.04% 82.81%       544    1       544     1 300000 sun.misc.Launcher$AppClassLoader$1
  358  0.04% 82.86%       544    1       544     1 300424 sun.text.normalizer.ICUData
  359  0.04% 82.90%       544    1       544     1 300422 sun.text.normalizer.NormalizerImpl
  360  0.04% 82.94%       544    1       544     1 300419 sun.text.normalizer.NormalizerBase$1
  361  0.04% 82.99%       544    1       544     1 300415 sun.text.normalizer.NormalizerBase$QuickCheckResult
  362  0.04% 83.03%       544    1       544     1 300183 sun.nio.cs.UTF_16BE
  363  0.04% 83.07%       544    1       544     1 300413 sun.text.normalizer.NormalizerBase$NFKCMode
  364  0.04% 83.12%       544    1       544     1 300183 sun.nio.cs.UTF_16LE
  365  0.04% 83.16%       544    1       544     1 300411 sun.text.normalizer.NormalizerBase$NFCMode
  366  0.04% 83.20%       544    1       544     1 300183 sun.nio.cs.UTF_16
  367  0.04% 83.25%       544    1       544     1 300409 sun.text.normalizer.NormalizerBase$NFKDMode
  368  0.04% 83.29%       544    1       544     1 300199 java.util.Queue
  369  0.04% 83.33%       544    1       544     1 300199 java.util.Deque
  370  0.04% 83.38%       544    1       544     1 300199 java.util.ArrayDeque
  371  0.04% 83.42%       544    1       544     1 300202 java.util.zip.ZipCoder
  372  0.04% 83.46%       544    1       544     1 300206 sun.misc.PerfCounter
  373  0.04% 83.51%       544    1       544     1 300207 sun.misc.Perf$GetPerfAction
  374  0.04% 83.55%       544    1       544     1 300407 sun.text.normalizer.NormalizerBase$NFDMode
  375  0.04% 83.60%       544    1       544     1 300209 sun.misc.Perf
  376  0.04% 83.64%       544    1       544     1 300405 sun.text.normalizer.NormalizerBase$Mode
  377  0.04% 83.68%       544    1       544     1 300211 sun.misc.PerfCounter$CoreCounters
  378  0.04% 83.73%       544    1       544     1 300404 sun.text.normalizer.NormalizerBase
  379  0.04% 83.77%       544    1       544     1 300213 sun.nio.ch.DirectBuffer
  380  0.04% 83.81%       544    1       544     1 300213 java.nio.MappedByteBuffer
  381  0.04% 83.86%       544    1       544     1 300213 java.nio.DirectByteBuffer
  382  0.04% 83.90%       544    1       544     1 300403 java.text.Normalizer
  383  0.04% 83.94%       544    1       544     1 300216 java.nio.LongBuffer
  384  0.04% 83.99%       544    1       544     1 300216 java.nio.DirectLongBufferU
  385  0.04% 84.03%       544    1       544     1 300397 java.text.Normalizer$Form
  386  0.04% 84.07%       544    1       544     1 300223 sun.misc.JarIndex
  387  0.04% 84.12%       544    1       544     1 300230 java.util.zip.ZipEntry
  388  0.04% 84.16%       544    1       544     1 300232 java.util.jar.JarEntry
  389  0.04% 84.20%       544    1       544     1 300232 java.util.jar.JarFile$JarFileEntry
  390  0.04% 84.25%       544    1       544     1 300240 java.util.zip.ZipFile$ZipFileInputStream
  391  0.04% 84.29%       544    1       544     1 300242 java.util.zip.Inflater
  392  0.04% 84.34%       544    1       544     1 300695 java.util.Arrays$ArrayList
  393  0.04% 84.38%       544    1       544     1 300000 java.security.Principal
  394  0.04% 84.42%       544    1       544     1 300000 sun.misc.JavaSecurityProtectionDomainAccess
  395  0.04% 84.47%       544    1       544     1 300000 sun.misc.JavaSecurityAccess
  396  0.04% 84.51%       544    1       544     1 300000 java.net.URL[]
  397  0.04% 84.55%       544    1       544     1 300000 java.net.URLStreamHandler
  398  0.04% 84.60%       544    1       544     1 300000 java.net.Parts
  399  0.04% 84.64%       544    1       544     1 300000 java.lang.CharacterData
  400  0.04% 84.68%       544    1       544     1 300000 sun.util.locale.LocaleUtils
  401  0.04% 84.73%       544    1       544     1 300000 java.util.concurrent.ConcurrentHashMap$EntrySetView
  402  0.04% 84.77%       544    1       544     1 300000 java.util.concurrent.ConcurrentHashMap$ValuesView
  403  0.04% 84.81%       544    1       544     1 300000 java.util.concurrent.ConcurrentHashMap$KeySetView
  404  0.04% 84.86%       544    1       544     1 300000 java.util.concurrent.ConcurrentHashMap$CollectionView
  405  0.04% 84.90%       544    1       544     1 300000 java.util.concurrent.ConcurrentHashMap$CounterCell[]
  406  0.04% 84.94%       544    1       544     1 300000 java.util.concurrent.ConcurrentHashMap$CounterCell
  407  0.04% 84.99%       544    1       544     1 300000 java.util.concurrent.ConcurrentHashMap$Segment[]
  408  0.04% 85.03%       544    1       544     1 300000 java.util.concurrent.locks.ReentrantLock[]
  409  0.04% 85.07%       544    1       544     1 300000 java.util.concurrent.locks.Lock[]
  410  0.04% 85.12%       544    1       544     1 300000 java.util.concurrent.ConcurrentHashMap$Segment
  411  0.04% 85.16%       544    1       544     1 300000 java.util.concurrent.locks.ReentrantLock
  412  0.04% 85.21%       544    1       544     1 300000 java.util.concurrent.locks.Lock
  413  0.04% 85.25%       544    1       544     1 300000 java.util.concurrent.ConcurrentMap
  414  0.04% 85.29%       544    1       544     1 300000 sun.util.locale.LocaleObjectCache
  415  0.04% 85.34%       544    1       544     1 300000 sun.net.www.ParseUtil
  416  0.04% 85.38%       544    1       544     1 300000 java.io.FileInputStream$1
  417  0.04% 85.42%       544    1       544     1 300000 java.util.HashMap$TreeNode
  418  0.04% 85.47%       544    1       544     1 300000 java.lang.reflect.Array
  419  0.04% 85.51%       544    1       544     1 300000 java.nio.charset.CoderResult$Cache
  420  0.04% 85.55%       544    1       544     1 300000 java.nio.HeapCharBuffer
  421  0.04% 85.60%       544    1       544     1 300000 java.nio.CharBuffer
  422  0.04% 85.64%       544    1       544     1 300000 sun.nio.cs.StreamDecoder
  423  0.04% 85.68%       544    1       544     1 300000 java.io.FileReader
  424  0.04% 85.73%       544    1       544     1 300000 java.io.InputStreamReader
  425  0.04% 85.77%       544    1       544     1 300000 java.io.BufferedReader
  426  0.04% 85.81%       544    1       544     1 300000 java.io.Reader
  427  0.04% 85.86%       544    1       544     1 300000 java.lang.Readable
  428  0.04% 85.90%       544    1       544     1 300000 sun.misc.Launcher$ExtClassLoader$1
  429  0.04% 85.95%       544    1       544     1 300000 java.io.File[]
  430  0.04% 85.99%       544    1       544     1 300000 java.util.StringTokenizer
  431  0.04% 86.03%       544    1       544     1 300000 sun.misc.JavaNetAccess
  432  0.04% 86.08%       544    1       544     1 300000 java.lang.ClassLoader$ParallelLoaders
  433  0.04% 86.12%       544    1       544     1 300000 sun.security.util.Debug
  434  0.04% 86.16%       544    1       544     1 300000 java.net.URLStreamHandlerFactory
  435  0.04% 86.21%       544    1       544     1 300000 java.lang.Compiler$1
  436  0.04% 86.25%       544    1       544     1 300000 java.lang.Compiler
  437  0.04% 86.29%       544    1       544     1 300000 java.lang.IllegalArgumentException
  438  0.04% 86.34%       544    1       544     1 300000 sun.misc.JavaLangAccess
  439  0.04% 86.38%       544    1       544     1 300000 sun.misc.OSEnvironment
  440  0.04% 86.42%       544    1       544     1 300000 java.lang.Number[]
  441  0.04% 86.47%       544    1       544     1 300000 java.lang.Integer$IntegerCache
  442  0.04% 86.51%       544    1       544     1 300000 sun.misc.SignalHandler
  443  0.04% 86.55%       544    1       544     1 300000 java.lang.Terminator
  444  0.04% 86.60%       544    1       544     1 300000 java.lang.Enum[]
  445  0.04% 86.64%       544    1       544     1 300000 java.lang.ClassLoader$3
  446  0.04% 86.68%       544    1       544     1 300000 java.nio.file.Path
  447  0.04% 86.73%       544    1       544     1 300000 java.nio.file.Watchable
  448  0.04% 86.77%       544    1       544     1 300000 java.lang.Enum
  449  0.04% 86.82%       544    1       544     1 300000 java.util.LinkedHashMap
  450  0.04% 86.86%       544    1       544     1 300000 java.io.FileSystem
  451  0.04% 86.90%       544    1       544     1 300000 java.io.DefaultFileSystem
  452  0.04% 86.95%       544    1       544     1 300000 sun.misc.JavaNioAccess
  453  0.04% 86.99%       544    1       544     1 300000 java.nio.Bits
  454  0.04% 87.03%       544    1       544     1 300000 java.nio.ByteBuffer
  455  0.04% 87.08%       544    1       544     1 300000 java.nio.charset.CharsetEncoder
  456  0.04% 87.12%       544    1       544     1 300000 sun.nio.cs.ArrayEncoder
  457  0.04% 87.16%       544    1       544     1 300000 sun.security.action.GetPropertyAction
  458  0.04% 87.21%       544    1       544     1 300000 java.io.Writer
  459  0.04% 87.25%       544    1       544     1 300000 java.io.FilterOutputStream
  460  0.04% 87.29%       544    1       544     1 300000 sun.reflect.misc.ReflectUtil
  461  0.04% 87.34%       544    1       544     1 300000 java.util.concurrent.atomic.AtomicReferenceFieldUpdater$AtomicReferenceFieldUpdaterImpl$1
  462  0.04% 87.38%       544    1       544     1 300000 java.security.PrivilegedExceptionAction
  463  0.04% 87.42%       544    1       544     1 300000 java.util.concurrent.atomic.AtomicReferenceFieldUpdater
  464  0.04% 87.47%       544    1       544     1 300000 java.io.FilterInputStream
  465  0.04% 87.51%       544    1       544     1 300000 java.io.OutputStream
  466  0.04% 87.55%       544    1       544     1 300000 java.io.Flushable
  467  0.04% 87.60%       544    1       544     1 300000 sun.misc.SharedSecrets
  468  0.04% 87.64%       544    1       544     1 300000 sun.misc.JavaIOFileDescriptorAccess
  469  0.04% 87.69%       544    1       544     1 300000 sun.misc.Version
  470  0.04% 87.73%       544    1       544     1 300000 java.util.Hashtable$Enumerator
  471  0.04% 87.77%       544    1       544     1 300000 java.util.Iterator
  472  0.04% 87.82%       544    1       544     1 300000 java.util.Enumeration
  473  0.04% 87.86%       544    1       544     1 300000 java.util.Objects
  474  0.04% 87.90%       544    1       544     1 300000 java.util.Collections$SynchronizedCollection
  475  0.04% 87.95%       544    1       544     1 300000 java.nio.charset.CharsetDecoder
  476  0.04% 87.99%       544    1       544     1 300000 sun.nio.cs.ArrayDecoder
  477  0.04% 88.03%       544    1       544     1 300000 java.lang.ref.WeakReference[]
  478  0.04% 88.08%       544    1       544     1 300000 java.lang.ref.Reference[]
  479  0.04% 88.12%       544    1       544     1 300000 java.lang.StringCoding
  480  0.04% 88.16%       544    1       544     1 300000 sun.reflect.DelegatingConstructorAccessorImpl
  481  0.04% 88.21%       544    1       544     1 300000 sun.reflect.NativeConstructorAccessorImpl
  482  0.04% 88.25%       544    1       544     1 300000 sun.reflect.ReflectionFactory$1
  483  0.04% 88.29%       544    1       544     1 300000 java.lang.Class$1
  484  0.04% 88.34%       544    1       544     1 300000 java.lang.reflect.Constructor[]
  485  0.04% 88.38%       544    1       544     1 300000 java.lang.reflect.Executable[]
  486  0.04% 88.43%       544    1       544     1 300000 sun.nio.cs.Unicode
  487  0.04% 88.47%       544    1       544     1 300000 sun.nio.cs.HistoricallyNamedCharset
  488  0.04% 88.51%       544    1       544     1 300000 java.util.Arrays
  489  0.04% 88.56%       544    1       544     1 300000 sun.reflect.LangReflectAccess
  490  0.04% 88.60%       544    1       544     1 300000 java.lang.reflect.Modifier
  491  0.04% 88.64%       544    1       544     1 300000 java.lang.ClassValue$ClassValueMap
  492  0.04% 88.69%       544    1       544     1 300000 sun.reflect.annotation.AnnotationType
  493  0.04% 88.73%       544    1       544     1 300000 java.lang.Class$AnnotationData
  494  0.04% 88.77%       544    1       544     1 300000 sun.reflect.generics.repository.ClassRepository
  495  0.04% 88.82%       544    1       544     1 300000 sun.reflect.generics.repository.GenericDeclRepository
  496  0.04% 88.86%       544    1       544     1 300000 sun.reflect.generics.repository.AbstractRepository
  497  0.04% 88.90%       544    1       544     1 300000 java.lang.reflect.Field[]
  498  0.04% 88.95%       544    1       544     1 300000 java.lang.reflect.Member[]
  499  0.04% 88.99%       544    1       544     1 300000 java.lang.reflect.AccessibleObject[]
  500  0.04% 89.03%       544    1       544     1 300000 java.lang.Class$Atomic
  501  0.04% 89.08%       544    1       544     1 300000 java.lang.Class$ReflectionData
  502  0.04% 89.12%       544    1       544     1 300000 java.lang.Class$3
  503  0.04% 89.16%       544    1       544     1 300000 sun.reflect.Reflection
  504  0.04% 89.21%       544    1       544     1 300000 java.util.Collections$UnmodifiableList
  505  0.04% 89.25%       544    1       544     1 300000 java.util.Collections$UnmodifiableCollection
  506  0.04% 89.30%       544    1       544     1 300000 java.util.AbstractSet
  507  0.04% 89.34%       544    1       544     1 300000 java.util.Set
  508  0.04% 89.38%       544    1       544     1 300000 java.util.Collections
  509  0.04% 89.43%       544    1       544     1 300000 java.lang.NoSuchMethodError
  510  0.04% 89.47%       544    1       544     1 300000 java.lang.IncompatibleClassChangeError
  511  0.04% 89.51%       544    1       544     1 300000 sun.util.PreHashedMap
  512  0.04% 89.56%       544    1       544     1 300000 java.util.AbstractMap
  513  0.04% 89.60%       544    1       544     1 300000 java.lang.CharSequence[]
  514  0.04% 89.64%       544    1       544     1 300000 sun.nio.cs.FastCharsetProvider
  515  0.04% 89.69%       544    1       544     1 300000 java.nio.charset.spi.CharsetProvider
  516  0.04% 89.73%       544    1       544     1 300000 java.nio.charset.Charset
  517  0.04% 89.77%       544    1       544     1 300000 java.lang.Math
  518  0.04% 89.82%       544    1       544     1 300000 java.util.Map$Entry[]
  519  0.04% 89.86%       544    1       544     1 300000 java.util.Map$Entry
  520  0.04% 89.90%       544    1       544     1 300000 sun.misc.VM
  521  0.04% 89.95%       544    1       544     1 300000 java.lang.Runnable[]
  522  0.04% 89.99%       544    1       544     1 300000 java.util.AbstractList
  523  0.04% 90.04%       544    1       544     1 300000 java.util.AbstractCollection
  524  0.04% 90.08%       544    1       544     1 300000 java.util.RandomAccess
  525  0.04% 90.12%       544    1       544     1 300000 java.util.List
  526  0.04% 90.17%       544    1       544     1 300000 java.util.Collection
  527  0.04% 90.21%       544    1       544     1 300000 java.lang.Iterable
  528  0.04% 90.25%       544    1       544     1 300000 java.security.cert.Certificate
  529  0.04% 90.30%       544    1       544     1 300000 sun.reflect.ReflectionFactory$GetReflectionFactoryAction
  530  0.04% 90.34%       544    1       544     1 300000 java.security.PrivilegedAction
  531  0.04% 90.38%       544    1       544     1 300000 java.security.AccessController
  532  0.04% 90.43%       544    1       544     1 300000 java.security.BasicPermission
  533  0.04% 90.47%       544    1       544     1 300000 java.security.Permission
  534  0.04% 90.51%       544    1       544     1 300000 java.security.Guard
  535  0.04% 90.56%       544    1       544     1 300000 java.lang.Thread$UncaughtExceptionHandler[]
  536  0.04% 90.60%       544    1       544     1 300000 com.sun.demo.jvmti.hprof.Tracker
  537  0.04% 90.64%       544    1       544     1 300000 java.util.Comparator
  538  0.04% 90.69%       544    1       544     1 300000 java.lang.Comparable[]
  539  0.04% 90.73%       544    1       544     1 300000 java.lang.VirtualMachineError[]
  540  0.04% 90.77%       544    1       544     1 300000 java.lang.Error[]
  541  0.04% 90.82%       544    1       544     1 300000 java.io.Serializable[]
  542  0.04% 90.86%       544    1       544     1 300000 java.lang.reflect.GenericDeclaration[]
  543  0.04% 90.91%       544    1       544     1 300000 java.lang.reflect.AnnotatedElement[]
  544  0.04% 90.95%       544    1       544     1 300000 java.lang.reflect.Type[]
  545  0.04% 90.99%       544    1       544     1 300000 java.lang.Long
  546  0.04% 91.04%       544    1       544     1 300000 java.lang.Short
  547  0.04% 91.08%       544    1       544     1 300000 java.lang.Byte
  548  0.04% 91.12%       544    1       544     1 300000 java.lang.Double
  549  0.04% 91.17%       544    1       544     1 300000 java.lang.Float
  550  0.04% 91.21%       544    1       544     1 300000 java.lang.Number
  551  0.04% 91.25%       544    1       544     1 300000 java.lang.Character
  552  0.04% 91.30%       544    1       544     1 300000 java.nio.Buffer
  553  0.04% 91.34%       544    1       544     1 300000 java.lang.StackTraceElement
  554  0.04% 91.38%       544    1       544     1 300000 java.util.jar.Manifest
  555  0.04% 91.43%       544    1       544     1 300000 java.net.URLClassLoader
  556  0.04% 91.47%       544    1       544     1 300000 java.io.ByteArrayInputStream
  557  0.04% 91.51%       544    1       544     1 300000 java.io.InputStream
  558  0.04% 91.56%       544    1       544     1 300000 java.io.Closeable
  559  0.04% 91.60%       544    1       544     1 300000 java.lang.AutoCloseable
  560  0.04% 91.65%       544    1       544     1 300000 java.lang.StringBuilder
  561  0.04% 91.69%       544    1       544     1 300000 java.lang.StringBuffer
  562  0.04% 91.73%       544    1       544     1 300000 java.lang.AbstractStringBuilder
  563  0.04% 91.78%       544    1       544     1 300000 java.lang.Appendable
  564  0.04% 91.82%       544    1       544     1 300000 java.lang.invoke.VolatileCallSite
  565  0.04% 91.86%       544    1       544     1 300000 java.lang.invoke.MutableCallSite
  566  0.04% 91.91%       544    1       544     1 300000 java.lang.invoke.ConstantCallSite
  567  0.04% 91.95%       544    1       544     1 300000 java.lang.invoke.CallSite
  568  0.04% 91.99%       544    1       544     1 300000 java.lang.BootstrapMethodError
  569  0.04% 92.04%       544    1       544     1 300000 java.lang.invoke.MethodType
  570  0.04% 92.08%       544    1       544     1 300000 java.lang.invoke.LambdaForm
  571  0.04% 92.12%       544    1       544     1 300000 java.lang.invoke.MethodHandleNatives
  572  0.04% 92.17%       544    1       544     1 300000 java.lang.invoke.MemberName
  573  0.04% 92.21%       544    1       544     1 300000 java.lang.invoke.DirectMethodHandle
  574  0.04% 92.25%       544    1       544     1 300000 java.lang.invoke.MethodHandle
  575  0.04% 92.30%       544    1       544     1 300000 sun.reflect.CallerSensitive
  576  0.04% 92.34%       544    1       544     1 300000 java.lang.annotation.Annotation
  577  0.04% 92.38%       544    1       544     1 300000 sun.reflect.UnsafeStaticFieldAccessorImpl
  578  0.04% 92.43%       544    1       544     1 300000 sun.reflect.UnsafeFieldAccessorImpl
  579  0.04% 92.47%       544    1       544     1 300000 sun.reflect.FieldAccessorImpl
  580  0.04% 92.52%       544    1       544     1 300000 sun.reflect.FieldAccessor
  581  0.04% 92.56%       544    1       544     1 300000 sun.reflect.ConstantPool
  582  0.04% 92.60%       544    1       544     1 300000 sun.reflect.DelegatingClassLoader
  583  0.04% 92.65%       544    1       544     1 300000 sun.reflect.ConstructorAccessorImpl
  584  0.04% 92.69%       544    1       544     1 300000 sun.reflect.ConstructorAccessor
  585  0.04% 92.73%       544    1       544     1 300000 sun.reflect.MethodAccessorImpl
  586  0.04% 92.78%       544    1       544     1 300000 sun.reflect.MethodAccessor
  587  0.04% 92.82%       544    1       544     1 300000 sun.reflect.MagicAccessorImpl
  588  0.04% 92.86%       544    1       544     1 300000 java.lang.reflect.Constructor
  589  0.04% 92.91%       544    1       544     1 300000 java.lang.reflect.Method
  590  0.04% 92.95%       544    1       544     1 300000 java.lang.reflect.Executable
  591  0.04% 92.99%       544    1       544     1 300000 java.lang.reflect.Parameter
  592  0.04% 93.04%       544    1       544     1 300000 java.lang.reflect.Field
  593  0.04% 93.08%       544    1       544     1 300000 java.lang.reflect.Member
  594  0.04% 93.12%       544    1       544     1 300000 java.lang.reflect.AccessibleObject
  595  0.04% 93.17%       544    1       544     1 300000 java.util.Dictionary
  596  0.04% 93.21%       544    1       544     1 300000 java.util.Map
  597  0.04% 93.26%       544    1       544     1 300000 java.lang.Thread$UncaughtExceptionHandler
  598  0.04% 93.30%       544    1       544     1 300000 java.lang.Runnable
  599  0.04% 93.34%       544    1       544     1 300000 sun.misc.Cleaner
  600  0.04% 93.39%       544    1       544     1 300000 java.lang.ref.PhantomReference
  601  0.04% 93.43%       544    1       544     1 300000 java.lang.ref.FinalReference
  602  0.04% 93.47%       544    1       544     1 300000 java.lang.ref.WeakReference
  603  0.04% 93.52%       544    1       544     1 300000 java.lang.ref.Reference
  604  0.04% 93.56%       544    1       544     1 300000 java.lang.IllegalMonitorStateException
  605  0.04% 93.60%       544    1       544     1 300000 java.lang.StackOverflowError
  606  0.04% 93.65%       544    1       544     1 300000 java.lang.ArrayStoreException
  607  0.04% 93.69%       544    1       544     1 300000 java.lang.ClassCastException
  608  0.04% 93.73%       544    1       544     1 300000 java.lang.NoClassDefFoundError
  609  0.04% 93.78%       544    1       544     1 300000 java.lang.LinkageError
  610  0.04% 93.82%       544    1       544     1 300000 java.lang.ClassNotFoundException
  611  0.04% 93.86%       544    1       544     1 300000 java.lang.ReflectiveOperationException
  612  0.04% 93.91%       544    1       544     1 300000 java.security.SecureClassLoader
  613  0.04% 93.95%       544    1       544     1 300000 java.lang.SecurityManager
  614  0.04% 93.99%       544    1       544     1 300000 java.lang.RuntimeException
  615  0.04% 94.04%       544    1       544     1 300000 java.lang.Exception
  616  0.04% 94.08%       544    1       544     1 300000 java.lang.ThreadDeath
  617  0.04% 94.13%       544    1       544     1 300000 java.lang.Error
  618  0.04% 94.17%       544    1       544     1 300000 java.lang.Throwable
  619  0.04% 94.21%       544    1       544     1 300000 java.lang.System
  620  0.04% 94.26%       544    1       544     1 300000 java.lang.ClassLoader
  621  0.04% 94.30%       544    1       544     1 300000 java.lang.Cloneable
  622  0.04% 94.34%       544    1       544     1 300000 java.lang.reflect.Type
  623  0.04% 94.39%       544    1       544     1 300000 java.lang.reflect.GenericDeclaration
  624  0.04% 94.43%       544    1       544     1 300000 java.lang.reflect.AnnotatedElement
  625  0.04% 94.47%       544    1       544     1 300000 java.lang.CharSequence
  626  0.04% 94.52%       544    1       544     1 300000 java.lang.Comparable
  627  0.04% 94.56%       544    1       544     1 300000 java.io.Serializable
  628  0.04% 94.60%       544    1       544     1 300000 short[]
  629  0.04% 94.65%       544    1       544     1 300000 double[]
  630  0.04% 94.69%       544    1       544     1 300000 float[]
  631  0.04% 94.73%       544    1       544     1 300000 boolean[]
  632  0.04% 94.78%       544    1       544     1 300000 sun.text.normalizer.UnicodeMatcher[]
  633  0.04% 94.82%       544    1       544     1 300000 java.lang.Cloneable[]
  634  0.04% 94.86%       544    1       544     1 300004 java.lang.invoke.MethodHandleImpl
  635  0.04% 94.91%       544    1       544     1 300000 java.lang.Appendable[]
  636  0.04% 94.95%       544    1       544     1 300000 java.lang.AbstractStringBuilder[]
  637  0.04% 95.00%       544    1       544     1 300007 java.lang.invoke.MethodHandleImpl$1
  638  0.04% 95.04%       544    1       544     1 300823 java.lang.Shutdown$Lock
  639  0.04% 95.08%       544    1       544     1 300245 java.util.zip.ZStreamRef
  640  0.04% 95.13%       544    1       544     1 300247 java.util.zip.InflaterInputStream
  641  0.04% 95.17%       544    1       544     1 300247 java.util.zip.ZipFile$ZipFileInflaterInputStream
  642  0.04% 95.21%       544    1       544     1 300365 sun.nio.cs.ThreadLocalCoders$2
  643  0.04% 95.26%       544    1       544     1 300362 sun.nio.cs.ThreadLocalCoders$1
  644  0.04% 95.30%       544    1       544     1 300270 java.util.AbstractSequentialList
  645  0.04% 95.34%       544    1       544     1 300270 java.util.LinkedList
  646  0.04% 95.39%       544    1       544     1 300272 java.util.LinkedList$Node
  647  0.04% 95.43%       544    1       544     1 300362 sun.nio.cs.ThreadLocalCoders$Cache
  648  0.04% 95.47%       544    1       544     1 300361 sun.nio.cs.ThreadLocalCoders
  649  0.04% 95.52%       544    1       544     1 300354 sun.misc.URLClassPath$FileLoader
  650  0.04% 95.56%       544    1       544     1 300291 sun.misc.ExtensionDependency
  651  0.04% 95.60%       544    1       544     1 300350 java.security.PrivilegedActionException
  652  0.04% 95.65%       544    1       544     1 300348 java.util.zip.ZipException
  653  0.04% 95.69%       544    1       544     1 300348 java.io.IOException
  654  0.04% 95.73%       528    1       528     1 300169 int[]
  655  0.04% 95.78%       520    9       520     9 300237 char[]
  656  0.04% 95.82%       512    8       512     8 300484 java.net.URL
  657  0.04% 95.86%       512    8       512     8 300277 java.net.URL
  658  0.04% 95.90%       504    9       504     9 300241 java.util.zip.ZipFile$ZipFileInputStream
  659  0.04% 95.94%       480    7       480     7 300114 char[]
  660  0.04% 95.97%       480   20       480    20 300278 java.lang.StringBuilder
  661  0.04% 96.01%       480   10       480    10 300261 java.nio.HeapByteBuffer
  662  0.04% 96.05%       480   20       480    20 300235 java.lang.String
  663  0.04% 96.09%       480   20       480    20 300282 java.lang.String
  664  0.04% 96.13%       472    2       472     2 300749 char[]
  665  0.04% 96.16%       456   19       456    19 300163 sun.misc.FileURLMapper
  666  0.04% 96.20%       448    8       448     8 300265 java.lang.Object[]
  667  0.04% 96.24%       448    4       448     4 300734 char[]
  668  0.04% 96.27%       440   11       440    11 300252 java.util.WeakHashMap$Entry
  669  0.03% 96.31%       432   18       432    18 300200 java.util.ArrayDeque
  670  0.03% 96.34%       432    9       432     9 300259 sun.nio.cs.StreamDecoder
  671  0.03% 96.37%       408    2       408     2 300341 byte[]
  672  0.03% 96.40%       400    2       400     2 300344 byte[]
  673  0.03% 96.44%       400   10       400    10 300258 sun.nio.cs.UTF_8$Decoder
  674  0.03% 96.47%       400    5       400     5 300186 java.lang.reflect.Constructor
  675  0.03% 96.50%       384    6       384     6 300215 java.nio.DirectByteBuffer
  676  0.03% 96.53%       384    8       384     8 300262 java.io.BufferedReader
  677  0.03% 96.56%       384    8       384     8 300244 java.util.zip.Inflater
  678  0.03% 96.59%       384    8       384     8 300285 char[]
  679  0.03% 96.62%       384    8       384     8 300254 java.util.HashMap
  680  0.03% 96.65%       384    8       384     8 300255 java.util.HashMap
  681  0.03% 96.68%       368    9       368     9 300239 byte[]
  682  0.03% 96.71%       368    4       368     4 300736 char[]
  683  0.03% 96.74%       352    2       352     2 300617 char[]
  684  0.03% 96.77%       336    7       336     7 300475 char[]
  685  0.03% 96.79%       336    7       336     7 300471 char[]
  686  0.03% 96.82%       336    6       336     6 300217 java.nio.DirectLongBufferU
  687  0.03% 96.85%       336   14       336    14 300396 java.lang.String
  688  0.03% 96.87%       336   14       336    14 300394 java.lang.StringBuilder
  689  0.03% 96.90%       328    4       328     4 300389 char[]
  690  0.03% 96.93%       320    8       320     8 300352 java.lang.ClassNotFoundException
  691  0.03% 96.95%       320   10       320    10 300264 java.util.Vector
  692  0.02% 96.97%       288   12       288    12 300224 byte[]
  693  0.02% 97.00%       288   18       288    18 300197 java.lang.ref.ReferenceQueue$Lock
  694  0.02% 97.02%       288   12       288    12 300226 byte[]
  695  0.02% 97.04%       288   18       288    18 300161 sun.misc.URLClassPath$JarLoader$1
  696  0.02% 97.07%       280    3       280     3 300234 char[]
  697  0.02% 97.09%       280    7       280     7 300041 java.lang.ref.SoftReference
  698  0.02% 97.11%       280    5       280     5 300185 java.lang.Class$ReflectionData
  699  0.02% 97.13%       272    7       272     7 300458 char[]
  700  0.02% 97.15%       272    1       272     1 300731 java.util.concurrent.ConcurrentHashMap$Node[]
  701  0.02% 97.18%       264   11       264    11 300076 java.lang.String
  702  0.02% 97.20%       264    1       264     1 300106 byte[]
  703  0.02% 97.22%       264    7       264     7 300469 char[]
  704  0.02% 97.24%       264    1       264     1 300447 byte[]
  705  0.02% 97.26%       256    8       256     8 300479 java.io.File
  706  0.02% 97.28%       256    4       256     4 300392 java.net.URL
  707  0.02% 97.30%       256    1       256     1 300507 char[]
  708  0.02% 97.32%       256    4       256     4 300385 java.net.URL
  709  0.02% 97.34%       256    1       256     1 300516 char[]
  710  0.02% 97.36%       256    8       256     8 300175 char[]
  711  0.02% 97.38%       256    8       256     8 300441 java.io.File
  712  0.02% 97.40%       256    8       256     8 300173 char[]
  713  0.02% 97.42%       240    6       240     6 300080 java.util.LinkedHashMap$Entry
  714  0.02% 97.44%       240   10       240    10 300246 java.util.zip.ZStreamRef
  715  0.02% 97.46%       240    3       240     3 300157 java.util.HashMap$Node[]
  716  0.02% 97.48%       232    1       232     1 300067 char[]
  717  0.02% 97.50%       232    4       232     4 300182 char[]
  718  0.02% 97.52%       224    7       224     7 300433 java.io.File
  719  0.02% 97.53%       224    2       224     2 300742 char[]
  720  0.02% 97.55%       224    2       224     2 300750 char[]
  721  0.02% 97.57%       224    2       224     2 300738 char[]
  722  0.02% 97.59%       216    4       216     4 300003 char[]
  723  0.02% 97.60%       208    2       208     2 300539 sun.net.www.protocol.file.FileURLConnection
  724  0.02% 97.62%       208    1       208     1 300101 byte[]
  725  0.02% 97.64%       200    5       200     5 300383 java.util.LinkedHashMap$Entry
  726  0.02% 97.65%       200    1       200     1 300528 char[]
  727  0.02% 97.67%       200    1       200     1 300509 char[]
  728  0.02% 97.68%       192    8       192     8 300284 java.lang.StringBuilder
  729  0.02% 97.70%       192    8       192     8 300124 java.lang.String
  730  0.02% 97.71%       192    6       192     6 300117 java.util.concurrent.ConcurrentHashMap$Node
  731  0.02% 97.73%       192    1       192     1 300533 char[]
  732  0.02% 97.74%       192    8       192     8 300122 java.lang.String
  733  0.02% 97.76%       192    6       192     6 300349 java.util.zip.ZipException
  734  0.02% 97.78%       192    8       192     8 300286 java.lang.String
  735  0.02% 97.79%       192    8       192     8 300280 java.lang.String
  736  0.02% 97.81%       192    8       192     8 300276 java.lang.String[]
  737  0.02% 97.82%       192    8       192     8 300256 java.io.InputStreamReader
  738  0.02% 97.84%       192    6       192     6 300724 java.util.ResourceBundle$LoaderReference
  739  0.02% 97.85%       192    8       192     8 300253 sun.misc.JarIndex
  740  0.02% 97.87%       192    8       192     8 300249 byte[]
  741  0.02% 97.88%       192    8       192     8 300485 java.net.Parts
  742  0.02% 97.90%       192    8       192     8 300482 java.lang.String
  743  0.02% 97.91%       192    8       192     8 300174 java.lang.String
  744  0.02% 97.93%       192    2       192     2 300616 byte[]
  745  0.02% 97.94%       192    8       192     8 300439 java.lang.String
  746  0.02% 97.96%       192    4       192     4 300180 char[]
  747  0.01% 97.97%       184    2       184     2 300739 char[]
  748  0.01% 97.99%       184    1       184     1 300105 char[]
  749  0.01% 98.00%       176    1       176     1 300578 char[]
  750  0.01% 98.02%       176    1       176     1 300571 char[]
  751  0.01% 98.03%       176    1       176     1 300613 char[]
  752  0.01% 98.05%       176    1       176     1 300607 char[]
  753  0.01% 98.06%       176    1       176     1 300625 char[]
  754  0.01% 98.07%       176    1       176     1 300597 char[]
  755  0.01% 98.09%       176    1       176     1 300602 char[]
  756  0.01% 98.10%       168    7       168     7 300468 java.lang.String
  757  0.01% 98.11%       168    7       168     7 300478 java.io.ExpiringCache$Entry
  758  0.01% 98.13%       168    1       168     1 300359 char[]
  759  0.01% 98.14%       168    7       168     7 300178 java.lang.Object[]
  760  0.01% 98.15%       168    7       168     7 300476 java.lang.String
  761  0.01% 98.17%       168    7       168     7 300472 java.lang.String
  762  0.01% 98.18%       168    7       168     7 300431 java.lang.String
  763  0.01% 98.19%       168    7       168     7 300474 java.lang.StringBuilder
  764  0.01% 98.21%       168    7       168     7 300470 java.lang.StringBuilder
  765  0.01% 98.22%       168    3       168     3 300000 java.util.ResourceBundle$CacheKey
  766  0.01% 98.24%       168    7       168     7 300457 java.lang.String
  767  0.01% 98.25%       168    1       168     1 300435 char[]
  768  0.01% 98.26%       168    1       168     1 300357 char[]
  769  0.01% 98.27%       160    5       160     5 300459 java.io.File
  770  0.01% 98.29%       160    1       160     1 300497 char[]
  771  0.01% 98.30%       160    1       160     1 300375 char[]
  772  0.01% 98.31%       160    1       160     1 300378 char[]
  773  0.01% 98.33%       160    1       160     1 300380 char[]
  774  0.01% 98.34%       160    1       160     1 300381 char[]
  775  0.01% 98.35%       160    2       160     2 300116 java.util.concurrent.ConcurrentHashMap$Node[]
  776  0.01% 98.36%       160    2       160     2 300335 byte[]
  777  0.01% 98.38%       144    1       144     1 300776 java.util.HashMap$Node[]
  778  0.01% 98.39%       144    1       144     1 300345 java.util.HashMap$Node[]
  779  0.01% 98.40%       144    3       144     3 300730 java.util.ResourceBundle$BundleReference
  780  0.01% 98.41%       144    1       144     1 300580 int[]
  781  0.01% 98.42%       144    6       144     6 300386 java.lang.String
  782  0.01% 98.43%       144    1       144     1 300662 char[]
  783  0.01% 98.45%       144    3       144     3 300141 char[]
  784  0.01% 98.46%       144    1       144     1 300462 java.util.HashMap$Node[]
  785  0.01% 98.47%       144    6       144     6 300347 java.lang.String
  786  0.01% 98.48%       144    1       144     1 300720 java.util.concurrent.ConcurrentHashMap$Node[]
  787  0.01% 98.49%       144    2       144     2 300042 java.lang.reflect.Field
  788  0.01% 98.50%       128    4       128     4 300393 java.io.File
  789  0.01% 98.51%       128    1       128     1 300819 char[]
  790  0.01% 98.52%       128    1       128     1 300053 char[]
  791  0.01% 98.53%       128    2       128     2 300752 java.net.URL
  792  0.01% 98.54%       128    2       128     2 300748 java.net.URL
  793  0.01% 98.55%       128    2       128     2 300803 char[]
SITES END
